Microchip MPLAB XC8 Compiler V2.40

Linker command line:

-W-3 \
  --edf=C:/Users/DJMik/.mchp_packs/Microchip/PIC18F-K_DFP/1.8.249/xc8\pic\dat\20230209213641_en.msgs \
  -cn -h+dist/Config_1/production\Team205_FinalBoard.X.production.sym \
  --cmf=dist/Config_1/production\Team205_FinalBoard.X.production.cmf -z \
  -Q18LF26K40 -oC:\Users\DJMik\AppData\Local\Temp\xcAsito.4 \
  --defsym=__MPLAB_BUILD=1 --fixupoverflow=error \
  -Mdist/Config_1/production/Team205_FinalBoard.X.production.map \
  --md=C:\Users\DJMik\AppData\Local\Temp\xcAsito.dat -E1 -ver=XC8 Compiler \
  --acfsm=1493 -ACODE=00h-0FFFFh -ACONST=00h-0FFFFh \
  -ASMALLCONST=0F00h-0FFFhx241 -AMEDIUMCONST=0F00h-0FFFFh -ACOMRAM=01h-05Fh \
  -AABS1=00h-0E87h -ABIGRAM=01h-0E87h \
  -ARAM=060h-0FFh,0100h-01FFhx13,0E00h-0E87h -ABANK0=060h-0FFh \
  -ABANK1=0100h-01FFh -ABANK2=0200h-02FFh -ABANK3=0300h-03FFh \
  -ABANK4=0400h-04FFh -ABANK5=0500h-05FFh -ABANK6=0600h-06FFh \
  -ABANK7=0700h-07FFh -ABANK8=0800h-08FFh -ABANK9=0900h-09FFh \
  -ABANK10=0A00h-0AFFh -ABANK11=0B00h-0BFFh -ABANK12=0C00h-0CFFh \
  -ABANK13=0D00h-0DFFh -ABANK14=0E00h-0E87h \
  -ASFR=0E8Dh-0EFFh,0F00h-0F5Fh,0F60h-0FFFh -ABIGSFR=0E8Dh-0FFFh \
  -ACONFIG=0300000h-030000Bh -AIDLOC=0200000h-020000Fh \
  -AEEDATA=0310000h-03103FFh -peeprom_data=EEDATA \
  -preset_vec=00h,intcode=08h,intcodelo,powerup,init -pramtop=0F00h \
  -psmallconst=SMALLCONST -pmediumconst=MEDIUMCONST -pconst=CONST \
  -AFARRAM=00h-00h \
  -prdata=COMRAM,nvrram=COMRAM,nvbit=COMRAM,rbss=COMRAM,rbit=COMRAM \
  -pfarbss=FARRAM,fardata=FARRAM,nvFARRAM=FARRAM \
  -pintsave_regs=BIGRAM,bigbss=BIGRAM,bigdata=BIGRAM -pbss=RAM \
  -pidata=CODE,irdata=CODE,ibigdata=CODE,ifardata=CODE -prparam=COMRAM \
  C:\Users\DJMik\AppData\Local\Temp\xcAsito.o \
  dist/Config_1/production\Team205_FinalBoard.X.production.o 

Object code version is 3.11

Machine type is 18LF26K40



                Name                               Link     Load   Length Selector   Space Scale
C:\Users\DJMik\AppData\Local\Temp\xcAsito.o
                idloc                            200000   200000       10        0       5
                config                           300000   300000        C        0       4
                init                                 EE       EE        4        4       0
                reset_vec                             0        0        4        0       0
dist/Config_1/production\Team205_FinalBoard.X.production.o
                intcode                               8        8       E6        4       0
                idloc                            200000   200000       10        0       5
                config                           300000   300000        C        0       4
                temp                                 5F       5F        1        1       1
                smallconst                          F00      F00       DA      780       0
                text208                            C772     C772       32      7ED       0
                text207                            D01C     D01C        4      7ED       0
                text206                            D018     D018        4      7ED       0
                text205                            CCF6     CCF6       1A      7ED       0
                text204                            BCDA     BCDA       6E      7ED       0
                text203                            CDD0     CDD0       18      7ED       0
                text202                            C914     C914       2C      7ED       0
                text201                            C8E8     C8E8       2C      7ED       0
                text200                            C8BC     C8BC       2C      7ED       0
                text199                            C890     C890       2C      7ED       0
                text198                            C50C     C50C       40      7ED       0
                text197                            D014     D014        4      7ED       0
                text196                            D010     D010        4      7ED       0
                text195                            D00C     D00C        4      7ED       0
                text194                            CFE6     CFE6        6      7ED       0
                text193                            D008     D008        4      7ED       0
                text192                            CFE0     CFE0        6      7ED       0
                text191                            CF9C     CF9C        8      7ED       0
                text190                            CED2     CED2        C      7ED       0
                text189                            CFDA     CFDA        6      7ED       0
                text188                            BEDE     BEDE       60      7ED       0
                text187                            CEC6     CEC6        C      7ED       0
                text186                            CE6A     CE6A       10      7ED       0
                text185                            CE5A     CE5A       10      7ED       0
                text184                            B654     B654       90      7ED       0
                text183                            BB10     BB10       7C      7ED       0
                text182                            CEBA     CEBA        C      7ED       0
                text181                            CF94     CF94        8      7ED       0
                text180                            CF8C     CF8C        8      7ED       0
                text179                            CF84     CF84        8      7ED       0
                text178                            CF7C     CF7C        8      7ED       0
                text177                            CF74     CF74        8      7ED       0
                text176                            CF6C     CF6C        8      7ED       0
                text175                            CF64     CF64        8      7ED       0
                text174                            CEAE     CEAE        C      7ED       0
                text173                            C1FA     C1FA       50      7ED       0
                text172                            CFD4     CFD4        6      7ED       0
                text171                            BFF6     BFF6       5A      7ED       0
                text170                            CFCE     CFCE        6      7ED       0
                text169                            D004     D004        4      7ED       0
                text168                            CDFE     CDFE       16      7ED       0
                text167                            CC02     CC02       22      7ED       0
                text166                            CBE0     CBE0       22      7ED       0
                text165                            CC84     CC84       20      7ED       0
                text164                            CDE8     CDE8       16      7ED       0
                text163                            D02C     D02C        2      7ED       0
                text162                            CAA2     CAA2       26      7ED       0
                text161                            CEA2     CEA2        C      7ED       0
                text160                            C370     C370       48      7ED       0
                text159                            CBBE     CBBE       22      7ED       0
                text158                            CFC8     CFC8        6      7ED       0
                text157                            D02A     D02A        2      7ED       0
                text156                            CFC2     CFC2        6      7ED       0
                text155                            CE4A     CE4A       10      7ED       0
                text154                            C66A     C66A       38      7ED       0
                text153                            B400     B400       9A      7ED       0
                text152                            CC64     CC64       20      7ED       0
                text151                            D028     D028        2      7ED       0
                text150                            CB34     CB34       24      7ED       0
                text149                            CCC0     CCC0       1C      7ED       0
                text148                            A694     A694      140      7ED       0
                text147                            CA7C     CA7C       26      7ED       0
                text146                            D026     D026        2      7ED       0
                text145                            CA56     CA56       26      7ED       0
                text144                            A8EE     A8EE      116      7ED       0
                text143                            D024     D024        2      7ED       0
                text142                            BD48     BD48       6C      7ED       0
                text141                            B5C2     B5C2       92      7ED       0
                text140                            9324     9324      28A      7ED       0
                text139                            B7FC     B7FC       8A      7ED       0
                text138                            AD56     AD56       D0      7ED       0
                text137                            872E     872E      352      7ED       0
                text136                            C862     C862       2E      7ED       0
                text135                            8D8E     8D8E      30C      7ED       0
                text134                            C3FE     C3FE       46      7ED       0
                text133                            B14A     B14A       BA      7ED       0
                text132                            AFC2     AFC2       CC      7ED       0
                text131                            9D36     9D36      1BA      7ED       0
                text130                            C050     C050       58      7ED       0
                text129                            C444     C444       44      7ED       0
                text128                            C632     C632       38      7ED       0
                text127                            BA10     BA10       82      7ED       0
                text126                            C5FA     C5FA       38      7ED       0
                text125                            5FCE     5FCE      90A      7ED       0
                text124                            AEF4     AEF4       CE      7ED       0
                text123                            B2B4     B2B4       AE      7ED       0
                text122                            A09C     A09C      1AA      7ED       0
                text121                            71DA     71DA      4D6      7ED       0
                text120                            C328     C328       48      7ED       0
                text119                            C9E2     C9E2       28      7ED       0
                text118                            AADC     AADC       D8      7ED       0
                text117                            BA92     BA92       7E      7ED       0
                text116                            D000     D000        4      7ED       0
                text115                            CFBC     CFBC        6      7ED       0
                text114                            CB9C     CB9C       22      7ED       0
                text113                            CFFC     CFFC        4      7ED       0
                text112                            C9BA     C9BA       28      7ED       0
                text111                            CF5C     CF5C        8      7ED       0
                text110                            CFB6     CFB6        6      7ED       0
                text109                            CDB8     CDB8       18      7ED       0
                text108                            CF42     CF42        A      7ED       0
                text107                            B52E     B52E       94      7ED       0
                text106                            CDA0     CDA0       18      7ED       0
                text105                            BE7E     BE7E       60      7ED       0
                text104                            CE96     CE96        C      7ED       0
                text103                            C1A8     C1A8       52      7ED       0
                text102                            C940     C940       2A      7ED       0
                text101                            C4CA     C4CA       42      7ED       0
                text100                            C70C     C70C       34      7ED       0
                text99                             9996     9996      1E6      7ED       0
                text98                             CB7A     CB7A       22      7ED       0
                text97                             7B78     7B78      432      7ED       0
                text96                             3802     3802     27CC      7ED       0
                text95                             A3D8     A3D8      178      7ED       0
                text94                             C0FE     C0FE       56      7ED       0
                text93                             D022     D022        2      7ED       0
                text92                             C804     C804       30      7ED       0
                text90                             CE3A     CE3A       10      7ED       0
                text89                             CF38     CF38        A      7ED       0
                text88                             CF2E     CF2E        A      7ED       0
                text87                             CF24     CF24        A      7ED       0
                text86                             CF1A     CF1A        A      7ED       0
                text85                             C0A8     C0A8       56      7ED       0
                text84                             CFB0     CFB0        6      7ED       0
                text83                             CFF8     CFF8        4      7ED       0
                text82                             CFAA     CFAA        6      7ED       0
                text81                             CA30     CA30       26      7ED       0
                text80                             CFF4     CFF4        4      7ED       0
                text79                             C740     C740       32      7ED       0
                text78                             CF54     CF54        8      7ED       0
                text77                             CFA4     CFA4        6      7ED       0
                text76                             CD88     CD88       18      7ED       0
                text75                             CF10     CF10        A      7ED       0
                text74                             B362     B362       9E      7ED       0
                text73                             BB8C     BB8C       72      7ED       0
                text72                             CD70     CD70       18      7ED       0
                text71                             CCDC     CCDC       1A      7ED       0
                text70                             CD58     CD58       18      7ED       0
                text69                             BC6C     BC6C       6E      7ED       0
                text68                             C7D4     C7D4       30      7ED       0
                text67                             CD40     CD40       18      7ED       0
                text66                             BE1A     BE1A       64      7ED       0
                text65                             CC44     CC44       20      7ED       0
                text64                             CE28     CE28       12      7ED       0
                text63                             CF06     CF06        A      7ED       0
                text62                             CEFC     CEFC        A      7ED       0
                text61                             CEF2     CEF2        A      7ED       0
                text60                             CEE8     CEE8        A      7ED       0
                text59                             CEDE     CEDE        A      7ED       0
                text58                             B770     B770       8C      7ED       0
                text57                             CE14     CE14       14      7ED       0
                text56                             CFF0     CFF0        4      7ED       0
                text55                             CD28     CD28       18      7ED       0
                text54                             B90A     B90A       84      7ED       0
                text53                             CCA4     CCA4       1C      7ED       0
                text52                             C834     C834       2E      7ED       0
                text51                             C24A     C24A       4E      7ED       0
                text50                             CB58     CB58       22      7ED       0
                text49                             CFEC     CFEC        4      7ED       0
                text48                             CD10     CD10       18      7ED       0
                text47                             CB10     CB10       24      7ED       0
                text46                             CAEC     CAEC       24      7ED       0
                text45                             CC24     CC24       20      7ED       0
                text44                             CE88     CE88        E      7ED       0
                text43                             A550     A550      144      7ED       0
                text42                             C992     C992       28      7ED       0
                text41                             CA0A     CA0A       26      7ED       0
                text40                             C6D8     C6D8       34      7ED       0
                text39                             A7D4     A7D4      11A      7ED       0
                text38                             D020     D020        2      7ED       0
                text37                             BBFE     BBFE       6E      7ED       0
                text36                             B49A     B49A       94      7ED       0
                text35                             909A     909A      28A      7ED       0
                text34                             B6E4     B6E4       8C      7ED       0
                text33                             ABB4     ABB4       D2      7ED       0
                text32                             83DA     83DA      354      7ED       0
                text31                             C7A4     C7A4       30      7ED       0
                text30                             8A80     8A80      30E      7ED       0
                text29                             C2E0     C2E0       48      7ED       0
                text28                             B08E     B08E       BC      7ED       0
                text27                             AE26     AE26       CE      7ED       0
                text26                             9B7C     9B7C      1BA      7ED       0
                text25                             BF9C     BF9C       5A      7ED       0
                text24                             C3B8     C3B8       46      7ED       0
                text23                             C54C     C54C       3C      7ED       0
                text22                             B886     B886       84      7ED       0
                text21                             C588     C588       3A      7ED       0
                text20                             68D8     68D8      902      7ED       0
                text19                             AC86     AC86       D0      7ED       0
                text18                             B204     B204       B0      7ED       0
                text17                             9EF0     9EF0      1AC      7ED       0
                text16                             76B0     76B0      4C8      7ED       0
                text15                             C298     C298       48      7ED       0
                text14                             C96A     C96A       28      7ED       0
                text13                             AA04     AA04       D8      7ED       0
                text12                             B98E     B98E       82      7ED       0
                text11                             CE7A     CE7A        E      7ED       0
                text10                             C154     C154       54      7ED       0
                text9                              C488     C488       42      7ED       0
                text8                              C6A2     C6A2       36      7ED       0
                text7                              97A6     97A6      1F0      7ED       0
                text6                              CAC8     CAC8       24      7ED       0
                text5                              7FAA     7FAA      430      7ED       0
                text4                               FDA      FDA     2828      7ED       0
                text3                              A246     A246      192      7ED       0
                text2                              BF3E     BF3E       5E      7ED       0
                text1                              C5C2     C5C2       38      7ED       0
                text0                              95AE     95AE      1F8      7ED       0
                cstackCOMRAM                          1        1       5E        1       1
                cstackBANK0                          60       60       94       60       1
                cstackBANK1                         100      100       BC      100       1
                cstackBANK2                         200      200       F4      200       1
                cstackBANK3                         300      300       BC      300       1
                bssBANK4                            400      400       60      400       1
                dataBANK3                           3EB      3EB        8      300       1
                bssBANK3                            3BC      3BC       27      300       1
                bssBANK2                            2F4      2F4        C      200       1
                bssBANK1                            1BC      1BC       3A      100       1
                bssBANK0                             F4       F4        8       60       1
                cinit                              BDB4     BDB4       66      7ED       0
                nvBANK3                             3E3      3E3        8      300       1
                nvBANK1                             1F6      1F6        A      100       1
                nvBANK0                              FC       FC        1       60       1
                idataBANK3                         CF4C     CF4C        8      7ED       0

TOTAL           Name                               Link     Load   Length     Space
        CLASS   CODE           
                intcode                               8        8       E6         0
                init                                 EE       EE        4         0
                reset_vec                             0        0        4         0
                text208                            C772     C772       32         0
                text207                            D01C     D01C        4         0
                text206                            D018     D018        4         0
                text205                            CCF6     CCF6       1A         0
                text204                            BCDA     BCDA       6E         0
                text203                            CDD0     CDD0       18         0
                text202                            C914     C914       2C         0
                text201                            C8E8     C8E8       2C         0
                text200                            C8BC     C8BC       2C         0
                text199                            C890     C890       2C         0
                text198                            C50C     C50C       40         0
                text197                            D014     D014        4         0
                text196                            D010     D010        4         0
                text195                            D00C     D00C        4         0
                text194                            CFE6     CFE6        6         0
                text193                            D008     D008        4         0
                text192                            CFE0     CFE0        6         0
                text191                            CF9C     CF9C        8         0
                text190                            CED2     CED2        C         0
                text189                            CFDA     CFDA        6         0
                text188                            BEDE     BEDE       60         0
                text187                            CEC6     CEC6        C         0
                text186                            CE6A     CE6A       10         0
                text185                            CE5A     CE5A       10         0
                text184                            B654     B654       90         0
                text183                            BB10     BB10       7C         0
                text182                            CEBA     CEBA        C         0
                text181                            CF94     CF94        8         0
                text180                            CF8C     CF8C        8         0
                text179                            CF84     CF84        8         0
                text178                            CF7C     CF7C        8         0
                text177                            CF74     CF74        8         0
                text176                            CF6C     CF6C        8         0
                text175                            CF64     CF64        8         0
                text174                            CEAE     CEAE        C         0
                text173                            C1FA     C1FA       50         0
                text172                            CFD4     CFD4        6         0
                text171                            BFF6     BFF6       5A         0
                text170                            CFCE     CFCE        6         0
                text169                            D004     D004        4         0
                text168                            CDFE     CDFE       16         0
                text167                            CC02     CC02       22         0
                text166                            CBE0     CBE0       22         0
                text165                            CC84     CC84       20         0
                text164                            CDE8     CDE8       16         0
                text163                            D02C     D02C        2         0
                text162                            CAA2     CAA2       26         0
                text161                            CEA2     CEA2        C         0
                text160                            C370     C370       48         0
                text159                            CBBE     CBBE       22         0
                text158                            CFC8     CFC8        6         0
                text157                            D02A     D02A        2         0
                text156                            CFC2     CFC2        6         0
                text155                            CE4A     CE4A       10         0
                text154                            C66A     C66A       38         0
                text153                            B400     B400       9A         0
                text152                            CC64     CC64       20         0
                text151                            D028     D028        2         0
                text150                            CB34     CB34       24         0
                text149                            CCC0     CCC0       1C         0
                text148                            A694     A694      140         0
                text147                            CA7C     CA7C       26         0
                text146                            D026     D026        2         0
                text145                            CA56     CA56       26         0
                text144                            A8EE     A8EE      116         0
                text143                            D024     D024        2         0
                text142                            BD48     BD48       6C         0
                text141                            B5C2     B5C2       92         0
                text140                            9324     9324      28A         0
                text139                            B7FC     B7FC       8A         0
                text138                            AD56     AD56       D0         0
                text137                            872E     872E      352         0
                text136                            C862     C862       2E         0
                text135                            8D8E     8D8E      30C         0
                text134                            C3FE     C3FE       46         0
                text133                            B14A     B14A       BA         0
                text132                            AFC2     AFC2       CC         0
                text131                            9D36     9D36      1BA         0
                text130                            C050     C050       58         0
                text129                            C444     C444       44         0
                text128                            C632     C632       38         0
                text127                            BA10     BA10       82         0
                text126                            C5FA     C5FA       38         0
                text125                            5FCE     5FCE      90A         0
                text124                            AEF4     AEF4       CE         0
                text123                            B2B4     B2B4       AE         0
                text122                            A09C     A09C      1AA         0
                text121                            71DA     71DA      4D6         0
                text120                            C328     C328       48         0
                text119                            C9E2     C9E2       28         0
                text118                            AADC     AADC       D8         0
                text117                            BA92     BA92       7E         0
                text116                            D000     D000        4         0
                text115                            CFBC     CFBC        6         0
                text114                            CB9C     CB9C       22         0
                text113                            CFFC     CFFC        4         0
                text112                            C9BA     C9BA       28         0
                text111                            CF5C     CF5C        8         0
                text110                            CFB6     CFB6        6         0
                text109                            CDB8     CDB8       18         0
                text108                            CF42     CF42        A         0
                text107                            B52E     B52E       94         0
                text106                            CDA0     CDA0       18         0
                text105                            BE7E     BE7E       60         0
                text104                            CE96     CE96        C         0
                text103                            C1A8     C1A8       52         0
                text102                            C940     C940       2A         0
                text101                            C4CA     C4CA       42         0
                text100                            C70C     C70C       34         0
                text99                             9996     9996      1E6         0
                text98                             CB7A     CB7A       22         0
                text97                             7B78     7B78      432         0
                text96                             3802     3802     27CC         0
                text95                             A3D8     A3D8      178         0
                text94                             C0FE     C0FE       56         0
                text93                             D022     D022        2         0
                text92                             C804     C804       30         0
                text90                             CE3A     CE3A       10         0
                text89                             CF38     CF38        A         0
                text88                             CF2E     CF2E        A         0
                text87                             CF24     CF24        A         0
                text86                             CF1A     CF1A        A         0
                text85                             C0A8     C0A8       56         0
                text84                             CFB0     CFB0        6         0
                text83                             CFF8     CFF8        4         0
                text82                             CFAA     CFAA        6         0
                text81                             CA30     CA30       26         0
                text80                             CFF4     CFF4        4         0
                text79                             C740     C740       32         0
                text78                             CF54     CF54        8         0
                text77                             CFA4     CFA4        6         0
                text76                             CD88     CD88       18         0
                text75                             CF10     CF10        A         0
                text74                             B362     B362       9E         0
                text73                             BB8C     BB8C       72         0
                text72                             CD70     CD70       18         0
                text71                             CCDC     CCDC       1A         0
                text70                             CD58     CD58       18         0
                text69                             BC6C     BC6C       6E         0
                text68                             C7D4     C7D4       30         0
                text67                             CD40     CD40       18         0
                text66                             BE1A     BE1A       64         0
                text65                             CC44     CC44       20         0
                text64                             CE28     CE28       12         0
                text63                             CF06     CF06        A         0
                text62                             CEFC     CEFC        A         0
                text61                             CEF2     CEF2        A         0
                text60                             CEE8     CEE8        A         0
                text59                             CEDE     CEDE        A         0
                text58                             B770     B770       8C         0
                text57                             CE14     CE14       14         0
                text56                             CFF0     CFF0        4         0
                text55                             CD28     CD28       18         0
                text54                             B90A     B90A       84         0
                text53                             CCA4     CCA4       1C         0
                text52                             C834     C834       2E         0
                text51                             C24A     C24A       4E         0
                text50                             CB58     CB58       22         0
                text49                             CFEC     CFEC        4         0
                text48                             CD10     CD10       18         0
                text47                             CB10     CB10       24         0
                text46                             CAEC     CAEC       24         0
                text45                             CC24     CC24       20         0
                text44                             CE88     CE88        E         0
                text43                             A550     A550      144         0
                text42                             C992     C992       28         0
                text41                             CA0A     CA0A       26         0
                text40                             C6D8     C6D8       34         0
                text39                             A7D4     A7D4      11A         0
                text38                             D020     D020        2         0
                text37                             BBFE     BBFE       6E         0
                text36                             B49A     B49A       94         0
                text35                             909A     909A      28A         0
                text34                             B6E4     B6E4       8C         0
                text33                             ABB4     ABB4       D2         0
                text32                             83DA     83DA      354         0
                text31                             C7A4     C7A4       30         0
                text30                             8A80     8A80      30E         0
                text29                             C2E0     C2E0       48         0
                text28                             B08E     B08E       BC         0
                text27                             AE26     AE26       CE         0
                text26                             9B7C     9B7C      1BA         0
                text25                             BF9C     BF9C       5A         0
                text24                             C3B8     C3B8       46         0
                text23                             C54C     C54C       3C         0
                text22                             B886     B886       84         0
                text21                             C588     C588       3A         0
                text20                             68D8     68D8      902         0
                text19                             AC86     AC86       D0         0
                text18                             B204     B204       B0         0
                text17                             9EF0     9EF0      1AC         0
                text16                             76B0     76B0      4C8         0
                text15                             C298     C298       48         0
                text14                             C96A     C96A       28         0
                text13                             AA04     AA04       D8         0
                text12                             B98E     B98E       82         0
                text11                             CE7A     CE7A        E         0
                text10                             C154     C154       54         0
                text9                              C488     C488       42         0
                text8                              C6A2     C6A2       36         0
                text7                              97A6     97A6      1F0         0
                text6                              CAC8     CAC8       24         0
                text5                              7FAA     7FAA      430         0
                text4                               FDA      FDA     2828         0
                text3                              A246     A246      192         0
                text2                              BF3E     BF3E       5E         0
                text1                              C5C2     C5C2       38         0
                text0                              95AE     95AE      1F8         0
                cinit                              BDB4     BDB4       66         0
                idataBANK3                         CF4C     CF4C        8         0

        CLASS   CONST          

        CLASS   SMALLCONST     
                smallconst                          F00      F00       DA         0

        CLASS   MEDIUMCONST    

        CLASS   COMRAM         
                temp                                 5F       5F        1         1
                cstackCOMRAM                          1        1       5E         1

        CLASS   ABS1           

        CLASS   BIGRAM         

        CLASS   RAM            

        CLASS   BANK0          
                cstackBANK0                          60       60       94         1
                bssBANK0                             F4       F4        8         1
                nvBANK0                              FC       FC        1         1

        CLASS   BANK1          
                cstackBANK1                         100      100       BC         1
                bssBANK1                            1BC      1BC       3A         1
                nvBANK1                             1F6      1F6        A         1

        CLASS   BANK2          
                cstackBANK2                         200      200       F4         1
                bssBANK2                            2F4      2F4        C         1

        CLASS   BANK3          
                cstackBANK3                         300      300       BC         1
                dataBANK3                           3EB      3EB        8         1
                bssBANK3                            3BC      3BC       27         1
                nvBANK3                             3E3      3E3        8         1

        CLASS   BANK4          
                bssBANK4                            400      400       60         1

        CLASS   BANK5          

        CLASS   BANK6          

        CLASS   BANK7          

        CLASS   BANK8          

        CLASS   BANK9          

        CLASS   BANK10         

        CLASS   BANK11         

        CLASS   BANK12         

        CLASS   BANK13         

        CLASS   BANK14         

        CLASS   SFR            

        CLASS   BIGSFR         

        CLASS   CONFIG         
                config                           300000   300000        C         4

        CLASS   IDLOC          
                idloc                            200000   200000       10         5

        CLASS   EEDATA         

        CLASS   FARRAM         

        CLASS   HEAP           

        CLASS   STACK          



SEGMENTS        Name                           Load    Length   Top    Selector   Space  Class

                reset_vec                      000000  000004  000004         0       0  CODE    
                cstackCOMRAM                   000001  00005F  000060         1       1  COMRAM  
                intcode                        000008  0000EA  0000F2         4       0  CODE    
                cstackBANK0                    000060  00009D  0000FD        60       1  BANK0   
                cstackBANK1                    000100  000100  000200       100       1  BANK1   
                cstackBANK2                    000200  000100  000300       200       1  BANK2   
                cstackBANK3                    000300  0000F3  0003F3       300       1  BANK3   
                bssBANK4                       000400  000060  000460       400       1  BANK4   
                smallconst                     000F00  0000DA  000FDA       780       0  SMALLCON
                text4                          000FDA  00C054  00D02E       7ED       0  CODE    


UNUSED ADDRESS RANGES

        Name                Unused          Largest block    Delta
        BANK0            0000FD-0000FF                3
        BANK10           000A00-000AFF              100
        BANK11           000B00-000BFF              100
        BANK12           000C00-000CFF              100
        BANK13           000D00-000DFF              100
        BANK14           000E00-000E87               88
        BANK3            0003F3-0003FF                D
        BANK4            000460-0004FF               A0
        BANK5            000500-0005FF              100
        BANK6            000600-0006FF              100
        BANK7            000700-0007FF              100
        BANK8            000800-0008FF              100
        BANK9            000900-0009FF              100
        BIGRAM           0000FD-0000FF                3
                         0003F3-0003FF                D
                         000460-000E87              A28
        BIGSFR           000E8D-000FFF              173
        CODE             000004-000007                4
                         0000F2-000EFF              E0E
                         00D02E-00FFFF             2FD2
        CONST            000004-000007                4
                         0000F2-000EFF              E0E
                         00D02E-00FFFF             2FD2
        EEDATA           310000-3103FF              400
        MEDIUMCONST      00D02E-00FFFF             2FD2
        RAM              0000FD-0000FF                3
                         0003F3-0003FF                D
                         000460-000E87              100
        SFR              000E8D-000FFF               73
        SMALLCONST       00D02E-00FFFF              100

                                  Symbol Table

?___fladd                                       cstackBANK2  000215
?___fldiv                                       cstackBANK2  000246
?___flmul                                       cstackBANK2  000225
?___flneg                                       cstackBANK2  000200
?___flsub                                       cstackBANK2  00023E
?___fltol                                       cstackBANK2  000200
?___fpclassifyf                                 cstackBANK2  000200
?___lodiv                                       cstackBANK2  000200
?___lomod                                       cstackBANK2  000200
?___lwdiv                                       cstackBANK2  000200
?___wmul                                        cstackBANK2  000200
?___xxtofl                                      cstackBANK2  000207
?_atoi                                          cstackBANK2  000206
?_fabsf                                         cstackBANK2  000200
?_floorf                                        cstackBANK2  00025F
?_hallRead                                      cstackBANK2  00020C
?_isdigit                                       cstackBANK2  000200
?_isspace                                       cstackBANK2  000200
?_labs                                          cstackBANK2  000200
?_nanf                                          cstackBANK2  000200
?_powf                                          cstackBANK2  00027F
?_printf                                        cstackBANK2  0002C7
?_scalbnf                                       cstackBANK2  00023E
?_sqrtf                                         cstackBANK2  000252
?_t_update                                      cstackBANK2  00025F
?_vfprintf                                      cstackBANK2  0002BF
?_windSpeedCalc                                 cstackBANK2  000290
?i2___fladd                                     cstackCOMRAM 000016
?i2___fldiv                                     cstackCOMRAM 000047
?i2___flmul                                     cstackCOMRAM 000026
?i2___flneg                                     cstackCOMRAM 000001
?i2___flsub                                     cstackCOMRAM 00003F
?i2___fltol                                     cstackCOMRAM 000001
?i2___fpclassifyf                               cstackCOMRAM 000001
?i2___lodiv                                     cstackCOMRAM 000001
?i2___lomod                                     cstackCOMRAM 000001
?i2___lwdiv                                     cstackCOMRAM 000001
?i2___wmul                                      cstackCOMRAM 000001
?i2___xxtofl                                    cstackCOMRAM 000008
?i2_atoi                                        cstackCOMRAM 000007
?i2_fabsf                                       cstackCOMRAM 000001
?i2_floorf                                      cstackCOMRAM 000053
?i2_hallRead                                    cstackCOMRAM 00000D
?i2_labs                                        cstackCOMRAM 000001
?i2_nanf                                        cstackCOMRAM 000001
?i2_powf                                        cstackBANK0  000084
?i2_printf                                      cstackBANK0  0000C9
?i2_scalbnf                                     cstackCOMRAM 00003F
?i2_sqrtf                                       cstackCOMRAM 000053
?i2_t_update                                    cstackCOMRAM 000053
?i2_vfprintf                                    cstackBANK0  0000C1
?i2_windSpeedCalc                               cstackBANK0  000095
EUSART1_Read@readValue                          cstackCOMRAM 000001
EUSART1_SetErrorHandler@interruptHandler        cstackBANK2  000200
EUSART1_SetFramingErrorHandler@interruptHandler cstackBANK2  000200
EUSART1_SetOverrunErrorHandler@interruptHandler cstackBANK2  000200
EUSART1_SetRxInterruptHandler@interruptHandler  cstackBANK2  000200
EUSART1_SetTxInterruptHandler@interruptHandler  cstackBANK2  000200
I2C1_CallbackReturnReset@funPtr                 cstackCOMRAM 00000A
I2C1_Close@returnValue                          cstackBANK2  000200
I2C1_MasterOperation@read                       cstackBANK2  000200
I2C1_MasterOperation@returnValue                cstackBANK2  000201
I2C1_MasterSendTxData@data                      cstackCOMRAM 000001
I2C1_Open@address                               cstackBANK2  000202
I2C1_Open@returnValue                           cstackBANK2  000203
I2C1_Read1ByteRegister@address                  cstackBANK2  00020A
I2C1_Read1ByteRegister@reg                      cstackBANK2  000209
I2C1_Read1ByteRegister@returnValue              cstackBANK2  00020B
I2C1_SetAddressNackCallback@cb                  cstackBANK2  000205
I2C1_SetAddressNackCallback@ptr                 cstackBANK2  000207
I2C1_SetBuffer@buffer                           cstackBANK2  000200
I2C1_SetBuffer@bufferSize                       cstackBANK2  000202
I2C1_SetCallback@cb                             cstackBANK2  000200
I2C1_SetCallback@idx                            cstackBANK2  000204
I2C1_SetCallback@ptr                            cstackBANK2  000202
I2C1_SetDataCompleteCallback@cb                 cstackBANK2  000205
I2C1_SetDataCompleteCallback@ptr                cstackBANK2  000207
I2C1_SetInterruptHandler@InterruptHandler       cstackBANK2  000200
I2C1_Write1ByteRegister@address                 cstackBANK2  00020B
I2C1_Write1ByteRegister@data                    cstackBANK2  00020A
I2C1_Write1ByteRegister@reg                     cstackBANK2  000209
IOCAF0_SetInterruptHandler@InterruptHandler     cstackBANK2  000200
TMR2_SetInterruptHandler@InterruptHandler       cstackBANK2  000200
TMR3_SetInterruptHandler@InterruptHandler       cstackBANK2  000200
TMR3_WriteTimer@timerVal                        cstackCOMRAM 000001
_ANSELA                                         (abs)        000F11
_ANSELB                                         (abs)        000F19
_ANSELC                                         (abs)        000F21
_BAUD1CON                                       (abs)        000F9F
_EUSART1_DefaultErrorHandler                    text158      00CFC8
_EUSART1_DefaultFramingErrorHandler             text157      00D02A
_EUSART1_DefaultOverrunErrorHandler             text156      00CFC2
_EUSART1_ErrorHandler                           nvBANK3      0003E3
_EUSART1_FramingErrorHandler                    nvBANK3      0003E7
_EUSART1_Initialize                             text58       00B770
_EUSART1_OverrunErrorHandler                    nvBANK3      0003E5
_EUSART1_Read                                   text160      00C370
_EUSART1_Receive_ISR                            text153      00B400
_EUSART1_RxDataHandler                          text159      00CBBE
_EUSART1_RxDefaultInterruptHandler              nvBANK1      0001FC
_EUSART1_SetErrorHandler                        text62       00CEFC
_EUSART1_SetFramingErrorHandler                 text61       00CEF2
_EUSART1_SetOverrunErrorHandler                 text60       00CEE8
_EUSART1_SetRxInterruptHandler                  text89       00CF38
_EUSART1_SetTxInterruptHandler                  text59       00CEDE
_EUSART1_Transmit_ISR                           text208      00C772
_EUSART1_TxDefaultInterruptHandler              nvBANK3      0003E9
_EUSART1_is_rx_ready                            text155      00CE4A
_EUSART1_is_tx_ready                            text90       00CE3A
_I2C1_CallbackReturnReset                       text196      00D010
_I2C1_CallbackReturnStop                        text197      00D014
_I2C1_Close                                     text81       00CA30
_I2C1_DO_ADDRESS_NACK                           text173      00C1FA
_I2C1_DO_IDLE                                   text187      00CEC6
_I2C1_DO_RCEN                                   text182      00CEBA
_I2C1_DO_RESET                                  text174      00CEAE
_I2C1_DO_RX                                     text183      00BB10
_I2C1_DO_RX_ACK                                 text177      00CF74
_I2C1_DO_RX_NACK_RESTART                        text175      00CF64
_I2C1_DO_RX_NACK_STOP                           text176      00CF6C
_I2C1_DO_SEND_ADR_READ                          text186      00CE6A
_I2C1_DO_SEND_ADR_WRITE                         text185      00CE5A
_I2C1_DO_SEND_RESTART                           text179      00CF84
_I2C1_DO_SEND_RESTART_READ                      text181      00CF94
_I2C1_DO_SEND_RESTART_WRITE                     text180      00CF8C
_I2C1_DO_SEND_STOP                              text178      00CF7C
_I2C1_DO_TX                                     text184      00B654
_I2C1_DO_TX_EMPTY                               text188      00BEDE
_I2C1_Initialize                                text57       00CE14
_I2C1_MasterClearIrq                            text84       00CFB0
_I2C1_MasterClose                               text83       00CFF8
_I2C1_MasterDisableIrq                          text82       00CFAA
_I2C1_MasterEnableIrq                           text77       00CFA4
_I2C1_MasterEnableRestart                       text207      00D01C
_I2C1_MasterFsm                                 text171      00BFF6
_I2C1_MasterGetRxData                           text193      00D008
_I2C1_MasterIsNack                              text190      00CED2
_I2C1_MasterIsr                                 text170      00CFCE
_I2C1_MasterOpen                                text76       00CD88
_I2C1_MasterOperation                           text79       00C740
_I2C1_MasterSendAck                             text192      00CFE0
_I2C1_MasterSendNack                            text194      00CFE6
_I2C1_MasterSendTxData                          text191      00CF9C
_I2C1_MasterSetIrq                              text189      00CFDA
_I2C1_MasterStart                               text80       00CFF4
_I2C1_MasterStartRx                             text195      00D00C
_I2C1_MasterStop                                text206      00D018
_I2C1_MasterWrite                               text78       00CF54
_I2C1_Open                                      text74       00B362
_I2C1_Read1ByteRegister                         text69       00BC6C
_I2C1_SetAddressNackCallback                    text72       00CD70
_I2C1_SetBuffer                                 text71       00CCDC
_I2C1_SetCallback                               text73       00BB8C
_I2C1_SetDataCompleteCallback                   text70       00CD58
_I2C1_SetInterruptHandler                       text75       00CF10
_I2C1_Status                                    bssBANK1     0001BC
_I2C1_Write1ByteRegister                        text66       00BE1A
_INLVLA                                         (abs)        000F0D
_INLVLB                                         (abs)        000F15
_INLVLC                                         (abs)        000F1D
_INLVLE                                         (abs)        000F2A
_INTCONbits                                     (abs)        000FF2
_INTERRUPT_Initialize                           text56       00CFF0
_INTERRUPT_InterruptManager                     intcode      000008
_IOCAF0_DefaultInterruptHandler                 text163      00D02C
_IOCAF0_ISR                                     text162      00CAA2
_IOCAF0_InterruptHandler                        nvBANK1      0001FE
_IOCAF0_SetInterruptHandler                     text88       00CF2E
_IOCAFbits                                      (abs)        000F0A
_IOCANbits                                      (abs)        000F0B
_IOCAPbits                                      (abs)        000F0C
_Interrupt_Handler_Initialize                   text85       00C0A8
_LATA                                           (abs)        000F83
_LATAbits                                       (abs)        000F83
_LATB                                           (abs)        000F84
_LATBbits                                       (abs)        000F84
_LATC                                           (abs)        000F85
_LATCbits                                       (abs)        000F85
_MSSP1_InterruptHandler                         bssBANK0     0000F8
_ODCONA                                         (abs)        000F0F
_ODCONB                                         (abs)        000F17
_ODCONBbits                                     (abs)        000F17
_ODCONC                                         (abs)        000F1F
_OSCCON1                                        (abs)        000ED8
_OSCCON3                                        (abs)        000EDA
_OSCEN                                          (abs)        000EDC
_OSCFRQ                                         (abs)        000EDE
_OSCILLATOR_Initialize                          text55       00CD28
_OSCTUNE                                        (abs)        000EDD
_PIE0bits                                       (abs)        000EC2
_PIE3bits                                       (abs)        000EC5
_PIE4bits                                       (abs)        000EC6
_PIN_MANAGER_IOC                                text161      00CEA2
_PIN_MANAGER_Initialize                         text54       00B90A
_PIR0bits                                       (abs)        000ECA
_PIR3bits                                       (abs)        000ECD
_PIR4bits                                       (abs)        000ECE
_PMD0                                           (abs)        000EE1
_PMD1                                           (abs)        000EE2
_PMD2                                           (abs)        000EE3
_PMD3                                           (abs)        000EE4
_PMD4                                           (abs)        000EE5
_PMD5                                           (abs)        000EE6
_PMD_Initialize                                 text53       00CCA4
_PORTAbits                                      (abs)        000F8D
_PR2                                            (abs)        000FBC
_PROJECT_INIT                                   text63       00CF06
_RC1REG                                         (abs)        000F99
_RC1STA                                         (abs)        000F9D
_RC1STAbits                                     (abs)        000F9D
_RC3PPS                                         (abs)        000EFA
_RC4PPS                                         (abs)        000EFB
_RC6PPS                                         (abs)        000EFD
_RX1PPS                                         (abs)        000EB5
_Rx1_ISR                                        text154      00C66A
_SLRCONA                                        (abs)        000F0E
_SLRCONB                                        (abs)        000F16
_SLRCONC                                        (abs)        000F1E
_SP1BRGH                                        (abs)        000F9C
_SP1BRGL                                        (abs)        000F9B
_SSP1ADD                                        (abs)        000F93
_SSP1BUF                                        (abs)        000F92
_SSP1CLKPPS                                     (abs)        000EB7
_SSP1CON1                                       (abs)        000F96
_SSP1CON1bits                                   (abs)        000F96
_SSP1CON2                                       (abs)        000F97
_SSP1CON2bits                                   (abs)        000F97
_SSP1DATPPS                                     (abs)        000EB8
_SSP1STAT                                       (abs)        000F95
_SSP1STATbits                                   (abs)        000F95
_SYSTEM_Initialize                              text50       00CB58
_T2CLKCON                                       (abs)        000FBF
_T2CON                                          (abs)        000FBD
_T2CONbits                                      (abs)        000FBD
_T2HLT                                          (abs)        000FBE
_T2HLTbits                                      (abs)        000FBE
_T2PR                                           (abs)        000FBC
_T2RST                                          (abs)        000FC0
_T2RSTbits                                      (abs)        000FC0
_T2TMR                                          (abs)        000FBB
_T3CLK                                          (abs)        000FCC
_T3CON                                          (abs)        000FC9
_T3CONbits                                      (abs)        000FC9
_T3GATE                                         (abs)        000FCB
_T3GCON                                         (abs)        000FCA
_T3GCONbits                                     (abs)        000FCA
_TMR2                                           (abs)        000FBB
_TMR2_DefaultInterruptHandler                   text151      00D028
_TMR2_ISR                                       text150      00CB34
_TMR2_Initialize                                text52       00C834
_TMR2_InterruptHandler                          nvBANK1      0001FA
_TMR2_SetInterruptHandler                       text87       00CF24
_TMR3H                                          (abs)        000FC8
_TMR3L                                          (abs)        000FC7
_TMR3_DefaultInterruptHandler                   text93       00D022
_TMR3_ISR                                       text92       00C804
_TMR3_Initialize                                text51       00C24A
_TMR3_InterruptHandler                          nvBANK1      0001F6
_TMR3_SetInterruptHandler                       text86       00CF1A
_TMR3_WriteTimer                                text149      00CCC0
_TRISA                                          (abs)        000F88
_TRISB                                          (abs)        000F89
_TRISC                                          (abs)        000F8A
_TX1REG                                         (abs)        000F9A
_TX1STA                                         (abs)        000F9E
_TX1STAbits                                     (abs)        000F9E
_WPUA                                           (abs)        000F10
_WPUB                                           (abs)        000F18
_WPUC                                           (abs)        000F20
_WPUE                                           (abs)        000F2D
__HRAM                                          (abs)        000000
__Habs1                                         abs1         000000
__Hbank0                                        bank0        000000
__Hbank1                                        bank1        000000
__Hbank10                                       bank10       000000
__Hbank11                                       bank11       000000
__Hbank12                                       bank12       000000
__Hbank13                                       bank13       000000
__Hbank14                                       bank14       000000
__Hbank2                                        bank2        000000
__Hbank3                                        bank3        000000
__Hbank4                                        bank4        000000
__Hbank5                                        bank5        000000
__Hbank6                                        bank6        000000
__Hbank7                                        bank7        000000
__Hbank8                                        bank8        000000
__Hbank9                                        bank9        000000
__Hbigbss                                       bigbss       000000
__Hbigdata                                      bigdata      000000
__Hbigram                                       bigram       000000
__Hbigsfr                                       bigsfr       000000
__Hbss                                          bss          000000
__HbssBANK0                                     bssBANK0     000000
__HbssBANK1                                     bssBANK1     000000
__HbssBANK2                                     bssBANK2     000000
__HbssBANK3                                     bssBANK3     000000
__HbssBANK4                                     bssBANK4     000000
__Hcinit                                        cinit        000000
__Hclrtext                                      clrtext      000000
__Hcomram                                       comram       000000
__Hconfig                                       config       30000C
__Hconst                                        const        000000
__HcstackBANK0                                  cstackBANK0  000000
__HcstackBANK1                                  cstackBANK1  000000
__HcstackBANK2                                  cstackBANK2  000000
__HcstackBANK3                                  cstackBANK3  000000
__HcstackCOMRAM                                 cstackCOMRAM 000000
__Hdata                                         data         000000
__HdataBANK3                                    dataBANK3    000000
__Heeprom_data                                  eeprom_data  000000
__Hfarbss                                       farbss       000000
__Hfardata                                      fardata      000000
__Hheap                                         heap         000000
__Hibigdata                                     ibigdata     000000
__Hidata                                        idata        000000
__HidataBANK3                                   idataBANK3   000000
__Hidloc                                        idloc        200010
__Hifardata                                     ifardata     000000
__Hinit                                         init         0000F2
__Hintcode                                      intcode      0000EE
__Hintcode_body                                 intcode_body 000000
__Hintcodelo                                    intcodelo    0000EE
__Hintentry                                     intentry     000000
__Hintret                                       intret       000000
__Hintsave_regs                                 intsave_regs 000000
__Hirdata                                       irdata       000000
__Hmediumconst                                  mediumconst  000000
__HnvBANK0                                      nvBANK0      000000
__HnvBANK1                                      nvBANK1      000000
__HnvBANK3                                      nvBANK3      000000
__HnvFARRAM                                     nvFARRAM     000000
__Hnvbit                                        nvbit        000000
__Hnvrram                                       nvrram       000000
__Hparam                                        rparam       000000
__Hpowerup                                      powerup      0000EE
__Hram                                          ram          000000
__Hramtop                                       ramtop       000F00
__Hrbit                                         rbit         000000
__Hrbss                                         rbss         000000
__Hrdata                                        rdata        000000
__Hreset_vec                                    reset_vec    000004
__Hrparam                                       rparam       000000
__Hsfr                                          sfr          000000
__Hsmallconst                                   smallconst   000FDA
__Hspace_0                                      (abs)        00D02E
__Hspace_1                                      (abs)        000460
__Hspace_2                                      (abs)        000000
__Hspace_4                                      (abs)        60000C
__Hstack                                        stack        000000
__Hstruct                                       struct       000000
__Htemp                                         temp         000060
__Htext                                         text         000000
__Htext0                                        text0        000000
__Htext1                                        text1        000000
__Htext10                                       text10       000000
__Htext100                                      text100      000000
__Htext101                                      text101      000000
__Htext102                                      text102      000000
__Htext103                                      text103      000000
__Htext104                                      text104      000000
__Htext105                                      text105      000000
__Htext106                                      text106      000000
__Htext107                                      text107      000000
__Htext108                                      text108      000000
__Htext109                                      text109      000000
__Htext11                                       text11       000000
__Htext110                                      text110      000000
__Htext111                                      text111      000000
__Htext112                                      text112      000000
__Htext113                                      text113      000000
__Htext114                                      text114      000000
__Htext115                                      text115      000000
__Htext116                                      text116      000000
__Htext117                                      text117      000000
__Htext118                                      text118      000000
__Htext119                                      text119      000000
__Htext12                                       text12       000000
__Htext120                                      text120      000000
__Htext121                                      text121      000000
__Htext122                                      text122      000000
__Htext123                                      text123      000000
__Htext124                                      text124      000000
__Htext125                                      text125      000000
__Htext126                                      text126      000000
__Htext127                                      text127      000000
__Htext128                                      text128      000000
__Htext129                                      text129      000000
__Htext13                                       text13       000000
__Htext130                                      text130      000000
__Htext131                                      text131      000000
__Htext132                                      text132      000000
__Htext133                                      text133      000000
__Htext134                                      text134      000000
__Htext135                                      text135      000000
__Htext136                                      text136      000000
__Htext137                                      text137      000000
__Htext138                                      text138      000000
__Htext139                                      text139      000000
__Htext14                                       text14       000000
__Htext140                                      text140      000000
__Htext141                                      text141      000000
__Htext142                                      text142      000000
__Htext143                                      text143      000000
__Htext144                                      text144      000000
__Htext145                                      text145      000000
__Htext146                                      text146      000000
__Htext147                                      text147      000000
__Htext148                                      text148      000000
__Htext149                                      text149      000000
__Htext15                                       text15       000000
__Htext150                                      text150      000000
__Htext151                                      text151      000000
__Htext152                                      text152      000000
__Htext153                                      text153      000000
__Htext154                                      text154      000000
__Htext155                                      text155      000000
__Htext156                                      text156      000000
__Htext157                                      text157      000000
__Htext158                                      text158      000000
__Htext159                                      text159      000000
__Htext16                                       text16       000000
__Htext160                                      text160      000000
__Htext161                                      text161      000000
__Htext162                                      text162      000000
__Htext163                                      text163      000000
__Htext164                                      text164      000000
__Htext165                                      text165      000000
__Htext166                                      text166      000000
__Htext167                                      text167      000000
__Htext168                                      text168      000000
__Htext169                                      text169      000000
__Htext17                                       text17       000000
__Htext170                                      text170      000000
__Htext171                                      text171      000000
__Htext172                                      text172      000000
__Htext173                                      text173      000000
__Htext174                                      text174      000000
__Htext175                                      text175      000000
__Htext176                                      text176      000000
__Htext177                                      text177      000000
__Htext178                                      text178      000000
__Htext179                                      text179      000000
__Htext18                                       text18       000000
__Htext180                                      text180      000000
__Htext181                                      text181      000000
__Htext182                                      text182      000000
__Htext183                                      text183      000000
__Htext184                                      text184      000000
__Htext185                                      text185      000000
__Htext186                                      text186      000000
__Htext187                                      text187      000000
__Htext188                                      text188      000000
__Htext189                                      text189      000000
__Htext19                                       text19       000000
__Htext190                                      text190      000000
__Htext191                                      text191      000000
__Htext192                                      text192      000000
__Htext193                                      text193      000000
__Htext194                                      text194      000000
__Htext195                                      text195      000000
__Htext196                                      text196      000000
__Htext197                                      text197      000000
__Htext198                                      text198      000000
__Htext199                                      text199      000000
__Htext2                                        text2        000000
__Htext20                                       text20       000000
__Htext200                                      text200      000000
__Htext201                                      text201      000000
__Htext202                                      text202      000000
__Htext203                                      text203      000000
__Htext204                                      text204      000000
__Htext205                                      text205      000000
__Htext206                                      text206      000000
__Htext207                                      text207      000000
__Htext208                                      text208      000000
__Htext209                                      text209      000000
__Htext21                                       text21       000000
__Htext22                                       text22       000000
__Htext23                                       text23       000000
__Htext24                                       text24       000000
__Htext25                                       text25       000000
__Htext26                                       text26       000000
__Htext27                                       text27       000000
__Htext28                                       text28       000000
__Htext29                                       text29       000000
__Htext3                                        text3        000000
__Htext30                                       text30       000000
__Htext31                                       text31       000000
__Htext32                                       text32       000000
[...]
strcpy@src                                      cstackBANK2  000202
ttemp5                                          temp         000060
ttemp6                                          temp         000063
ttemp7                                          temp         000067
utoa@d                                          cstackBANK2  00021D
utoa@fp                                         cstackBANK2  00021B
utoa@i                                          cstackBANK2  000239
utoa@n                                          cstackBANK2  000231
utoa@p                                          cstackBANK2  00022D
utoa@w                                          cstackBANK2  00022F
vfpfcnvrt@ap                                    cstackBANK2  0002AC
vfpfcnvrt@c                                     cstackBANK2  0002BC
vfpfcnvrt@convarg                               cstackBANK2  0002B4
vfpfcnvrt@cp                                    cstackBANK2  0002BD
vfpfcnvrt@done                                  cstackBANK2  0002B2
vfpfcnvrt@fmt                                   cstackBANK2  0002AA
vfpfcnvrt@fp                                    cstackBANK2  0002A8
vfprintf@ap                                     cstackBANK2  0002C3
vfprintf@cfmt                                   cstackBANK2  0002C5
vfprintf@fmt                                    cstackBANK2  0002C1
vfprintf@fp                                     cstackBANK2  0002BF
windSpeedCalc@dw_dt                             cstackBANK2  000298
windSpeedCalc@linearVel                         cstackBANK2  00029C
windSpeedCalc@power                             cstackBANK2  000294
windSpeedCalc@time                              cstackBANK2  000290
wr1RegCompleteHandler@ptr                       cstackCOMRAM 00000A
wr2RegCompleteHandler@ptr                       cstackCOMRAM 00000A
wtemp8                                          temp         000060


MODULE INFORMATION

Module		Function		Class		Link	Load	Size
C:\Program Files\Microchip\xc8\v2.40\pic\sources\c99\common\sprcmul.c
		___flmul       		CODE           	83DA	0000	852

C:\Program Files\Microchip\xc8\v2.40\pic\sources\c99\common\sprcmul.c estimated size: 852

C:\Program Files\Microchip\xc8\v2.40\pic\sources\c99\common\nf_fputc.c
		_fputc         		CODE           	BBFE	0000	110

C:\Program Files\Microchip\xc8\v2.40\pic\sources\c99\common\nf_fputc.c estimated size: 110

C:\Program Files\Microchip\xc8\v2.40\pic\sources\c99\common\sprcdiv.c
		___fldiv       		CODE           	909A	0000	650

C:\Program Files\Microchip\xc8\v2.40\pic\sources\c99\common\sprcdiv.c estimated size: 650

mcc_generated_files/examples/i2c1_master_example.c
		_wr1RegCompleteHandler		CODE           	C890	0000	44
		_wr2RegCompleteHandler		CODE           	C914	0000	44
		_I2C1_Write1ByteRegister		CODE           	BE1A	0000	100
		_rdBlkRegCompleteHandler		CODE           	C50C	0000	64
		_rd1RegCompleteHandler		CODE           	C8E8	0000	44
		_rd2RegCompleteHandler		CODE           	C8BC	0000	44
		_I2C1_Read1ByteRegister		CODE           	BC6C	0000	110

mcc_generated_files/examples/i2c1_master_example.c estimated size: 450

C:\Program Files\Microchip\xc8\v2.40\pic\sources\c99\common\sqrtf.c
		_sqrtf         		CODE           	7FAA	0000	1072

C:\Program Files\Microchip\xc8\v2.40\pic\sources\c99\common\sqrtf.c estimated size: 1072

C:\Program Files\Microchip\xc8\v2.40\pic\sources\c99\common\lwdiv.c
		___lwdiv       		CODE           	C154	0000	84

C:\Program Files\Microchip\xc8\v2.40\pic\sources\c99\common\lwdiv.c estimated size: 84

C:\Program Files\Microchip\xc8\v2.40\pic\sources\c99\common\memcpy.c
		_memcpy        		CODE           	C3B8	0000	70

C:\Program Files\Microchip\xc8\v2.40\pic\sources\c99\common\memcpy.c estimated size: 70

C:\Program Files\Microchip\xc8\v2.40\pic\sources\c99\common\fltol.c
		___fltol       		CODE           	B08E	0000	188

C:\Program Files\Microchip\xc8\v2.40\pic\sources\c99\common\fltol.c estimated size: 188

C:\Program Files\Microchip\xc8\v2.40\pic\sources\c99\common\scalbnf.c
		_scalbnf       		CODE           	97A6	0000	496

C:\Program Files\Microchip\xc8\v2.40\pic\sources\c99\common\scalbnf.c estimated size: 496

C:\Program Files\Microchip\xc8\v2.40\pic\sources\c99\common\isspace.c
		_isspace       		CODE           	C6D8	0000	52

C:\Program Files\Microchip\xc8\v2.40\pic\sources\c99\common\isspace.c estimated size: 52

C:\Program Files\Microchip\xc8\v2.40\pic\sources\c99\common\atoi.c
		_atoi          		CODE           	A7D4	0000	282

C:\Program Files\Microchip\xc8\v2.40\pic\sources\c99\common\atoi.c estimated size: 282

mcc_generated_files/i2c1_master.c
		_I2C1_DO_SEND_RESTART		CODE           	CF84	0000	8
		_I2C1_DO_TX_EMPTY		CODE           	BEDE	0000	96
		_I2C1_DO_SEND_RESTART_READ		CODE           	CF94	0000	8
		_I2C1_CallbackReturnStop		CODE           	D014	0000	4
		_I2C1_DO_RX    		CODE           	BB10	0000	124
		_I2C1_DO_TX    		CODE           	B654	0000	144
		_I2C1_SetAddressNackCallback		CODE           	CD70	0000	24
		_I2C1_DO_IDLE  		CODE           	CEC6	0000	12
		_I2C1_MasterOpen		CODE           	CD88	0000	24
		_I2C1_DO_RCEN  		CODE           	CEBA	0000	12
		_I2C1_MasterSendTxData		CODE           	CF9C	0000	8
		_I2C1_MasterStop		CODE           	D018	0000	4
		_I2C1_CallbackReturnReset		CODE           	D010	0000	4
		_I2C1_DO_RESET 		CODE           	CEAE	0000	12
		_I2C1_MasterStartRx		CODE           	D00C	0000	4
		_I2C1_DO_RX_ACK		CODE           	CF74	0000	8
		_I2C1_MasterSendNack		CODE           	CFE6	0000	6
		_I2C1_DO_RX_NACK_RESTART		CODE           	CF64	0000	8
		_I2C1_MasterDisableIrq		CODE           	CFAA	0000	6
		_I2C1_MasterOperation		CODE           	C740	0000	50
		_I2C1_SetCallback		CODE           	BB8C	0000	114
		_I2C1_MasterEnableRestart		CODE           	D01C	0000	4
		_I2C1_Open     		CODE           	B362	0000	158
		_I2C1_DO_ADDRESS_NACK		CODE           	C1FA	0000	80
		_I2C1_SetBuffer		CODE           	CCDC	0000	26
		_I2C1_DO_SEND_RESTART_WRITE		CODE           	CF8C	0000	8
		_I2C1_MasterClose		CODE           	CFF8	0000	4
		_I2C1_MasterWrite		CODE           	CF54	0000	8
		_I2C1_Initialize		CODE           	CE14	0000	20
		_I2C1_Close    		CODE           	CA30	0000	38
		_I2C1_MasterIsNack		CODE           	CED2	0000	12
		_I2C1_MasterStart		CODE           	CFF4	0000	4
		_I2C1_DO_SEND_ADR_WRITE		CODE           	CE5A	0000	16
		_I2C1_MasterClearIrq		CODE           	CFB0	0000	6
		_I2C1_SetDataCompleteCallback		CODE           	CD58	0000	24
		_I2C1_DO_SEND_STOP		CODE           	CF7C	0000	8
		_I2C1_MasterSendAck		CODE           	CFE0	0000	6
		_I2C1_MasterFsm		CODE           	BFF6	0000	90
		_I2C1_MasterIsr		CODE           	CFCE	0000	6
		_I2C1_MasterGetRxData		CODE           	D008	0000	4
		_I2C1_SetInterruptHandler		CODE           	CF10	0000	10
		_I2C1_MasterSetIrq		CODE           	CFDA	0000	6
		_I2C1_DO_SEND_ADR_READ		CODE           	CE6A	0000	16
		_I2C1_MasterEnableIrq		CODE           	CFA4	0000	6
		_I2C1_DO_RX_NACK_STOP		CODE           	CF6C	0000	8

mcc_generated_files/i2c1_master.c estimated size: 1248

C:\Program Files\Microchip\xc8\v2.40\pic\sources\c99\common\Umul16.c
		___wmul        		CODE           	C992	0000	40

C:\Program Files\Microchip\xc8\v2.40\pic\sources\c99\common\Umul16.c estimated size: 40

C:\Program Files\Microchip\xc8\v2.40\pic\sources\c99\common\fleq.c
		___fleq        		CODE           	B6E4	0000	140

C:\Program Files\Microchip\xc8\v2.40\pic\sources\c99\common\fleq.c estimated size: 140

mcc_generated_files/tmr2.c
		_TMR2_ISR      		CODE           	CB34	0000	36
		_TMR2_Initialize		CODE           	C834	0000	46
		_TMR2_SetInterruptHandler		CODE           	CF24	0000	10
		_TMR2_DefaultInterruptHandler		CODE           	D028	0000	2

mcc_generated_files/tmr2.c estimated size: 94

mcc_generated_files/interrupt_manager.c
		_INTERRUPT_Initialize		CODE           	CFF0	0000	4
		_INTERRUPT_InterruptManager		CODE           	0008	0000	230

mcc_generated_files/interrupt_manager.c estimated size: 234

sensor_controller.c
		_data_transmit 		CODE           	AA04	0000	216
		_sensor_read   		CODE           	BF3E	0000	94
		_set_thresh    		CODE           	C5C2	0000	56

sensor_controller.c estimated size: 366

C:\Program Files\Microchip\xc8\v2.40\pic\sources\c99\common\printf.c
		_printf        		CODE           	C96A	0000	40

C:\Program Files\Microchip\xc8\v2.40\pic\sources\c99\common\printf.c estimated size: 40

C:\Program Files\Microchip\xc8\v2.40\pic\sources\c99\common\__fpclassifyf.c
		___fpclassifyf 		CODE           	AE26	0000	206

C:\Program Files\Microchip\xc8\v2.40\pic\sources\c99\common\__fpclassifyf.c estimated size: 206

mcc_generated_files/pin_manager.c
		_PIN_MANAGER_Initialize		CODE           	B90A	0000	132
		_IOCAF0_SetInterruptHandler		CODE           	CF2E	0000	10
		_PIN_MANAGER_IOC		CODE           	CEA2	0000	12
		_IOCAF0_DefaultInterruptHandler		CODE           	D02C	0000	2
		_IOCAF0_ISR    		CODE           	CAA2	0000	38

mcc_generated_files/pin_manager.c estimated size: 194

C:\Program Files\Microchip\xc8\v2.40\pic\sources\c99\common\isdigit.c
		_isdigit       		CODE           	CA0A	0000	38

C:\Program Files\Microchip\xc8\v2.40\pic\sources\c99\common\isdigit.c estimated size: 38

interrupt_handler.c
		_Rx1_ISR       		CODE           	C66A	0000	56
		_t_update      		CODE           	B98E	0000	130
		_button_override		CODE           	CDE8	0000	22
		_Interrupt_Handler_Initialize		CODE           	C0A8	0000	86
		_internal_clock		CODE           	CC64	0000	32

interrupt_handler.c estimated size: 326

C:\Program Files\Microchip\xc8\v2.40\pic\sources\c99\common\sprcadd.c
		___flsub       		CODE           	C2E0	0000	72
		___fladd       		CODE           	8A80	0000	782

C:\Program Files\Microchip\xc8\v2.40\pic\sources\c99\common\sprcadd.c estimated size: 854

C:\Program Files\Microchip\xc8\v2.40\pic\sources\c99\common\floorf.c
		_floorf        		CODE           	9B7C	0000	442

C:\Program Files\Microchip\xc8\v2.40\pic\sources\c99\common\floorf.c estimated size: 442

C:\Program Files\Microchip\xc8\v2.40\pic\sources\c99\common\powf.c
		_powf          		CODE           	0FDA	0000	10280

C:\Program Files\Microchip\xc8\v2.40\pic\sources\c99\common\powf.c estimated size: 10280

C:\Program Files\Microchip\xc8\v2.40\pic\sources\c99\common\flneg.c
		___flneg       		CODE           	C7A4	0000	48

C:\Program Files\Microchip\xc8\v2.40\pic\sources\c99\common\flneg.c estimated size: 48

C:\Program Files\Microchip\xc8\v2.40\pic\sources\c99\common\fabsf.c
		_fabsf         		CODE           	C6A2	0000	54

C:\Program Files\Microchip\xc8\v2.40\pic\sources\c99\common\fabsf.c estimated size: 54

C:\Program Files\Microchip\xc8\v2.40\pic\sources\c99\common\labs.c
		_labs          		CODE           	BF9C	0000	90

C:\Program Files\Microchip\xc8\v2.40\pic\sources\c99\common\labs.c estimated size: 90

C:\Program Files\Microchip\xc8\v2.40\pic\sources\c99\common\xxtofl.c
		___xxtofl      		CODE           	A550	0000	324

C:\Program Files\Microchip\xc8\v2.40\pic\sources\c99\common\xxtofl.c estimated size: 324

C:\Program Files\Microchip\xc8\v2.40\pic\sources\c99\common\nf_fputs.c
		_fputs         		CODE           	C54C	0000	60

C:\Program Files\Microchip\xc8\v2.40\pic\sources\c99\common\nf_fputs.c estimated size: 60

C:\Program Files\Microchip\xc8\v2.40\pic\sources\c99\common\lomod.c
		___lomod       		CODE           	B204	0000	176

C:\Program Files\Microchip\xc8\v2.40\pic\sources\c99\common\lomod.c estimated size: 176

shared
		i2_I2C1_MasterDisableIrq		CODE           	CFBC	0000	6
		i2_fabsf       		CODE           	C70C	0000	52
		_L5            		SMALLCONST     	0000	0000	0
		_P3            		SMALLCONST     	0000	0000	0
		i2_printf      		CODE           	C9E2	0000	40
		i2_I2C1_SetBuffer		CODE           	CCF6	0000	26
		i2_vfpfcnvrt   		CODE           	71DA	0000	1238
		_L6            		SMALLCONST     	0000	0000	0
		_P4            		SMALLCONST     	0000	0000	0
		i2_sqrtf       		CODE           	7B78	0000	1074
		i2_pad         		CODE           	BA10	0000	130
		i2_atoi        		CODE           	A8EE	0000	278
		_P5            		SMALLCONST     	0000	0000	0
		i2_tempRead    		CODE           	CE96	0000	12
		i2_floorf      		CODE           	9D36	0000	442
		i2_labs        		CODE           	C050	0000	88
		i2_putch       		CODE           	D024	0000	2
		i2___fleq      		CODE           	B7FC	0000	138
		i2_isspace     		CODE           	CA56	0000	38
		i2_I2C1_MasterOpen		CODE           	CDB8	0000	24
		i2_solTrigger  		CODE           	CDFE	0000	22
		i2_utoa        		CODE           	A09C	0000	426
		i2_I2C1_MasterOperation		CODE           	C9BA	0000	40
		i2_I2C1_SetInterruptHandler		CODE           	CF42	0000	10
		i2___lwdiv     		CODE           	C1A8	0000	82
		i2_vfprintf    		CODE           	C328	0000	72
		i2_isdigit     		CODE           	D026	0000	2
		i2_I2C1_SetCallback		CODE           	BCDA	0000	110
		i2_umbTRStow   		CODE           	CBE0	0000	34
		i2_sensor_read 		CODE           	C0FE	0000	86
		i2_t_update    		CODE           	BA92	0000	126
		i2___flneg     		CODE           	C862	0000	46
		_lg2_l         		SMALLCONST     	0000	0000	0
		i2_strcpy      		CODE           	C5FA	0000	56
		i2___fladd     		CODE           	8D8E	0000	780
		i2_ctoa        		CODE           	B5C2	0000	146
		i2_actionTrigger		CODE           	CC84	0000	32
		i2_I2C1_MasterEnableIrq		CODE           	CFB6	0000	6
		i2_I2C1_MasterClose		CODE           	D000	0000	4
		i2___wmul      		CODE           	CA7C	0000	38
		_ivln2_l       		SMALLCONST     	0000	0000	0
		i2_umbTRDeploy 		CODE           	CC02	0000	34
		i2_scalbnf     		CODE           	9996	0000	486
		i2_I2C1_MasterWrite		CODE           	CF5C	0000	8
		_ivln2         		SMALLCONST     	0000	0000	0
		i2___fldiv     		CODE           	9324	0000	650
		i2___fltol     		CODE           	B14A	0000	186
		__initialization		CODE           	BDB4	0000	92
		i2___flge      		CODE           	AD56	0000	208
		i2___lodiv     		CODE           	AEF4	0000	206
		_bp            		SMALLCONST     	0F89	0000	8
		_cp            		SMALLCONST     	0000	0000	0
		i2_motorTRFWD  		CODE           	D004	0000	4
		_cp_h          		SMALLCONST     	0000	0000	0
		_dp_h          		SMALLCONST     	0F29	0000	8
		_tiny@sqrtf$F3544		SMALLCONST     	0000	0000	0
		_lg2           		SMALLCONST     	0000	0000	0
		i2_powf        		CODE           	3802	0000	10188
		i2_data_transmit		CODE           	AADC	0000	216
		i2___flmul     		CODE           	872E	0000	850
		_lg2_h         		SMALLCONST     	0000	0000	0
		_i2c1_fsmStateTable		SMALLCONST     	0F01	0000	32
		_ivln2_h       		SMALLCONST     	0000	0000	0
		i2_I2C1_Read1ByteRegister		CODE           	BE7E	0000	96
		i2_hallRead    		CODE           	C940	0000	42
		i2_I2C1_MasterStart		CODE           	CFFC	0000	4
		i2___xxtofl    		CODE           	A694	0000	320
		_tiny          		SMALLCONST     	0000	0000	0
		i2___lomod     		CODE           	B2B4	0000	174
		i2___fpclassifyf		CODE           	AFC2	0000	204
		i2_hallRecord  		CODE           	C4CA	0000	66
		i2___flsub     		CODE           	C3FE	0000	70
		i2_nanf        		CODE           	CB7A	0000	34
		_ovt           		SMALLCONST     	0000	0000	0
		i2_windSpeedCalc		CODE           	A3D8	0000	376
		i2_efgtoa      		CODE           	5FCE	0000	2314
		_huge          		SMALLCONST     	0000	0000	0
		i2_I2C1_MasterClearIrq		CODE           	CFD4	0000	6
		i2_fputc       		CODE           	BD48	0000	108
		i2_fputs       		CODE           	C632	0000	56
		_two24         		SMALLCONST     	0000	0000	0
		i2_I2C1_SetDataCompleteCallback		CODE           	CDD0	0000	24
		i2_I2C1_Open   		CODE           	B52E	0000	148
		_cp_l          		SMALLCONST     	0000	0000	0
		_dp_l          		SMALLCONST     	0F21	0000	8
		i2_memcpy      		CODE           	C444	0000	68
		_L1            		SMALLCONST     	0000	0000	0
		i2_I2C1_Close  		CODE           	CB9C	0000	34
		_L2            		SMALLCONST     	0000	0000	0
		i2_I2C1_SetAddressNackCallback		CODE           	CDA0	0000	24
		_L3            		SMALLCONST     	0000	0000	0
		_P1            		SMALLCONST     	0000	0000	0
		_L4            		SMALLCONST     	0000	0000	0
		_P2            		SMALLCONST     	0000	0000	0

shared estimated size: 23058

mcc_generated_files/eusart1.c
		_EUSART1_SetRxInterruptHandler		CODE           	CF38	0000	10
		_EUSART1_SetTxInterruptHandler		CODE           	CEDE	0000	10
		_EUSART1_is_rx_ready		CODE           	CE4A	0000	16
		_EUSART1_is_tx_ready		CODE           	CE3A	0000	16
		_EUSART1_Initialize		CODE           	B770	0000	140
		_EUSART1_DefaultErrorHandler		CODE           	CFC8	0000	6
		_EUSART1_SetFramingErrorHandler		CODE           	CEF2	0000	10
		_EUSART1_Read  		CODE           	C370	0000	72
		_EUSART1_SetOverrunErrorHandler		CODE           	CEE8	0000	10
		_EUSART1_SetErrorHandler		CODE           	CEFC	0000	10
		_EUSART1_Receive_ISR		CODE           	B400	0000	154
		_EUSART1_RxDataHandler		CODE           	CBBE	0000	34
		_EUSART1_DefaultOverrunErrorHandler		CODE           	CFC2	0000	6
		_EUSART1_Transmit_ISR		CODE           	C772	0000	50
		_EUSART1_DefaultFramingErrorHandler		CODE           	D02A	0000	2

mcc_generated_files/eusart1.c estimated size: 546

C:\Program Files\Microchip\xc8\v2.40\pic\sources\c99\common\strcpy.c
		_strcpy        		CODE           	C588	0000	58

C:\Program Files\Microchip\xc8\v2.40\pic\sources\c99\common\strcpy.c estimated size: 58

mcc_generated_files/mcc.c
		_PMD_Initialize		CODE           	CCA4	0000	28
		_OSCILLATOR_Initialize		CODE           	CD28	0000	24
		_SYSTEM_Initialize		CODE           	CB58	0000	34

mcc_generated_files/mcc.c estimated size: 86

C:\Program Files\Microchip\xc8\v2.40\pic\sources\c99\common\flge.c
		___flge        		CODE           	ABB4	0000	210

C:\Program Files\Microchip\xc8\v2.40\pic\sources\c99\common\flge.c estimated size: 210

mcc_generated_files/tmr3.c
		_TMR3_ISR      		CODE           	C804	0000	48
		_TMR3_Initialize		CODE           	C24A	0000	78
		_TMR3_SetInterruptHandler		CODE           	CF1A	0000	10
		_TMR3_DefaultInterruptHandler		CODE           	D022	0000	2
		_TMR3_WriteTimer		CODE           	CCC0	0000	28

mcc_generated_files/tmr3.c estimated size: 166

C:\Program Files\Microchip\xc8\v2.40\pic\sources\c99\common\putch.c
		_putch         		CODE           	D020	0000	2

C:\Program Files\Microchip\xc8\v2.40\pic\sources\c99\common\putch.c estimated size: 2

hall_effect.c
		_hallRecord    		CODE           	C488	0000	66
		_windSpeedCalc 		CODE           	A246	0000	402
		_hallRead      		CODE           	C7D4	0000	48
		_hallInit      		CODE           	CD40	0000	24

hall_effect.c estimated size: 540

C:\Program Files\Microchip\xc8\v2.40\pic\sources\c99\common\doprnt.c
		_vfpfcnvrt     		CODE           	76B0	0000	1224
		_efgtoa        		CODE           	68D8	0000	2306
		_pad           		CODE           	B886	0000	132
		_ctoa          		CODE           	B49A	0000	148
		_vfprintf      		CODE           	C298	0000	72
		_utoa          		CODE           	9EF0	0000	428

C:\Program Files\Microchip\xc8\v2.40\pic\sources\c99\common\doprnt.c estimated size: 4310

motor_control.c
		_motorTRFWD    		CODE           	CFEC	0000	4
		_motorOFF      		CODE           	CE28	0000	18
		_actionTrigger 		CODE           	CC24	0000	32
		_umbTRDeploy   		CODE           	CB10	0000	36
		_solTrigger    		CODE           	CD10	0000	24
		_umbTRStow     		CODE           	CAEC	0000	36
		_motorController		CODE           	CC44	0000	32
		_motorFaultRead		CODE           	CE88	0000	14

motor_control.c estimated size: 196

main.c
		_PROJECT_INIT  		CODE           	CF06	0000	10
		_main          		CODE           	95AE	0000	504

main.c estimated size: 514

temp_sensor.c
		_tempRead      		CODE           	CE7A	0000	14

temp_sensor.c estimated size: 14

C:\Program Files\Microchip\xc8\v2.40\pic\sources\c99\common\lodiv.c
		___lodiv       		CODE           	AC86	0000	208

C:\Program Files\Microchip\xc8\v2.40\pic\sources\c99\common\lodiv.c estimated size: 208

C:\Program Files\Microchip\xc8\v2.40\pic\sources\c99\common\nanf.c
		_nanf          		CODE           	CAC8	0000	36

C:\Program Files\Microchip\xc8\v2.40\pic\sources\c99\common\nanf.c estimated size: 36

