Microchip MPLAB XC8 Compiler V2.40

Linker command line:

-W-3 \
  --edf=C:\Program Files\Microchip\xc8\v2.40\pic\dat\20220703182018_en.msgs \
  -cn \
  -h+dist/default/production\advanced_serial_communication.X.production.sym \
  --cmf=dist/default/production\advanced_serial_communication.X.production.cmf \
  -z -Q18F47Q10 -oC:\Users\deepi\AppData\Local\Temp\xcAsl7k.4 \
  --defsym=__MPLAB_BUILD=1 --fixupoverflow=error \
  -Mdist/default/production/advanced_serial_communication.X.production.map \
  --md=C:\Users\deepi\AppData\Local\Temp\xcAsl7k.dat -E1 -ver=XC8 Compiler \
  --acfsm=1493 -ACODE=00h-01FFFFh -ACONST=00h-01FFFFh \
  -ASMALLCONST=01000h-010FFhx496 \
  -AMEDIUMCONST=01000h-0FFFFh,011000h-01FFFFh -ACOMRAM=01h-05Fh \
  -AABS1=00h-0CFFh,0E00h-0E1Eh -ABIGRAM=01h-0CFFh,0E00h-0E1Eh \
  -ARAM=060h-0FFh,0100h-01FFhx12,0E00h-0E1Eh -ABANK0=060h-0FFh \
  -ABANK1=0100h-01FFh -ABANK2=0200h-02FFh -ABANK3=0300h-03FFh \
  -ABANK4=0400h-04FFh -ABANK5=0500h-05FFh -ABANK6=0600h-06FFh \
  -ABANK7=0700h-07FFh -ABANK8=0800h-08FFh -ABANK9=0900h-09FFh \
  -ABANK10=0A00h-0AFFh -ABANK11=0B00h-0BFFh -ABANK12=0C00h-0CFFh \
  -ABANK14=0E00h-0E1Eh \
  -ASFR=0D00h-0DFFh,0E1Fh-0EFFh,0F00h-0F5Fh,0F60h-0FFFh \
  -ABIGSFR=0D00h-0DFFh,0E1Fh-0FFFh -ACONFIG=0300000h-030000Bh \
  -AIDLOC=0200000h-02000FFh -AEEDATA=0310000h-03103FFh -peeprom_data=EEDATA \
  -preset_vec=00h,intcode=08h,intcodelo,powerup,init -pramtop=01000h \
  -psmallconst=SMALLCONST -pmediumconst=MEDIUMCONST -pconst=CONST \
  -AFARRAM=00h-00h \
  -prdata=COMRAM,nvrram=COMRAM,nvbit=COMRAM,rbss=COMRAM,rbit=COMRAM \
  -pfarbss=FARRAM,fardata=FARRAM,nvFARRAM=FARRAM \
  -pintsave_regs=BIGRAM,bigbss=BIGRAM,bigdata=BIGRAM -pbss=RAM \
  -pidata=CODE,irdata=CODE,ibigdata=CODE,ifardata=CODE -prparam=COMRAM \
  C:\Users\deepi\AppData\Local\Temp\xcAsl7k.o \
  dist/default/production\advanced_serial_communication.X.production.o 

Object code version is 3.11

Machine type is 18F47Q10



                Name                               Link     Load   Length Selector   Space Scale
C:\Users\deepi\AppData\Local\Temp\xcAsl7k.o
                idloc                            200000   200000      100        0       5
                config                           300000   300000        C        0       4
                init                                 C8       C8        4        4       0
                reset_vec                             0        0        4        0       0
dist/default/production\advanced_serial_communication.X.production.o
                intcode                               8        8       C0        4       0
                idloc                            200000   200000      100        0       5
                config                           300000   300000        C        0       4
                temp                                 46       46        1        1       1
                smallconst                         1000     1000       50      800       0
                text77                             21E6     21E6        4      828       0
                text76                             21E2     21E2        4      828       0
                text75                             1F5C     1F5C       24      828       0
                text74                             19E4     19E4       84      828       0
                text73                             2054     2054       1C      828       0
                text72                             1EB4     1EB4       30      828       0
                text71                             1E84     1E84       30      828       0
                text70                             1E54     1E54       30      828       0
                text69                             1E24     1E24       30      828       0
                text68                             1DA0     1DA0       44      828       0
                text67                             21DE     21DE        4      828       0
                text66                             21DA     21DA        4      828       0
                text65                             21D6     21D6        4      828       0
                text64                             21C0     21C0        6      828       0
                text63                             21D2     21D2        4      828       0
                text62                             21BA     21BA        6      828       0
                text61                             218E     218E        8      828       0
                text60                             20B4     20B4       14      828       0
                text59                             21B4     21B4        6      828       0
                text58                             1AE8     1AE8       7E      828       0
                text57                             2138     2138        C      828       0
                text56                             20D8     20D8       10      828       0
                text55                             20C8     20C8       10      828       0
                text54                             154A     154A       C8      828       0
                text53                             178C     178C       A8      828       0
                text52                             212C     212C        C      828       0
                text51                             2186     2186        8      828       0
                text50                             217E     217E        8      828       0
                text49                             2176     2176        8      828       0
                text48                             216E     216E        8      828       0
                text47                             2166     2166        8      828       0
                text46                             215E     215E        8      828       0
                text45                             2156     2156        8      828       0
                text44                             2120     2120        C      828       0
                text43                             1C4E     1C4E       6C      828       0
                text42                             21AE     21AE        6      828       0
                text41                             1BE2     1BE2       6C      828       0
                text40                             21A8     21A8        6      828       0
                text38                             21A2     21A2        6      828       0
                text37                             21CE     21CE        4      828       0
                text36                             219C     219C        6      828       0
                text35                             1EE4     1EE4       2C      828       0
                text34                             21CA     21CA        4      828       0
                text33                             1DE4     1DE4       40      828       0
                text32                             214E     214E        8      828       0
                text31                             2196     2196        6      828       0
                text30                             1FA2     1FA2       22      828       0
                text29                             2112     2112        E      828       0
                text28                             16D6     16D6       B6      828       0
                text27                             1960     1960       84      828       0
                text26                             2038     2038       1C      828       0
                text25                             1F38     1F38       24      828       0
                text24                             201C     201C       1C      828       0
                text23                             1B66     1B66       7C      828       0
                text22                             2104     2104        E      828       0
                text21                             20F6     20F6        E      828       0
                text20                             20E8     20E8        E      828       0
                text19                             1D10     1D10       4C      828       0
                text18                             20A0     20A0       14      828       0
                text17                             21C6     21C6        4      828       0
                text16                             2088     2088       18      828       0
                text15                             18CA     18CA       96      828       0
                text14                             2000     2000       1C      828       0
                text13                             1FE2     1FE2       1E      828       0
                text12                             1FC4     1FC4       1E      828       0
                text11                             138A     138A       F0      828       0
                text10                             147A     147A       D0      828       0
                text9                              2070     2070       18      828       0
                text8                              2144     2144        A      828       0
                text7                              1834     1834       96      828       0
                text6                              1D5C     1D5C       44      828       0
                text5                              1A68     1A68       80      828       0
                text4                              1050     1050      1C6      828       0
                text3                              1216     1216      174      828       0
                text2                              1CBA     1CBA       56      828       0
                text1                              1F10     1F10       28      828       0
                text0                              1612     1612       C4      828       0
                cstackCOMRAM                          1        1       34        1       1
                cstackBANK0                          AB       AB       4A       60       1
                bssBANK0                             60       60       4B       60       1
                bssCOMRAM                            3E       3E        8        1       1
                cinit                              1F80     1F80       22      828       0
                nvCOMRAM                             35       35        9        1       1

TOTAL           Name                               Link     Load   Length     Space
        CLASS   CODE           
                intcode                               8        8       C0         0
                init                                 C8       C8        4         0
                reset_vec                             0        0        4         0
                text77                             21E6     21E6        4         0
                text76                             21E2     21E2        4         0
                text75                             1F5C     1F5C       24         0
                text74                             19E4     19E4       84         0
                text73                             2054     2054       1C         0
                text72                             1EB4     1EB4       30         0
                text71                             1E84     1E84       30         0
                text70                             1E54     1E54       30         0
                text69                             1E24     1E24       30         0
                text68                             1DA0     1DA0       44         0
                text67                             21DE     21DE        4         0
                text66                             21DA     21DA        4         0
                text65                             21D6     21D6        4         0
                text64                             21C0     21C0        6         0
                text63                             21D2     21D2        4         0
                text62                             21BA     21BA        6         0
                text61                             218E     218E        8         0
                text60                             20B4     20B4       14         0
                text59                             21B4     21B4        6         0
                text58                             1AE8     1AE8       7E         0
                text57                             2138     2138        C         0
                text56                             20D8     20D8       10         0
                text55                             20C8     20C8       10         0
                text54                             154A     154A       C8         0
                text53                             178C     178C       A8         0
                text52                             212C     212C        C         0
                text51                             2186     2186        8         0
                text50                             217E     217E        8         0
                text49                             2176     2176        8         0
                text48                             216E     216E        8         0
                text47                             2166     2166        8         0
                text46                             215E     215E        8         0
                text45                             2156     2156        8         0
                text44                             2120     2120        C         0
                text43                             1C4E     1C4E       6C         0
                text42                             21AE     21AE        6         0
                text41                             1BE2     1BE2       6C         0
                text40                             21A8     21A8        6         0
                text38                             21A2     21A2        6         0
                text37                             21CE     21CE        4         0
                text36                             219C     219C        6         0
                text35                             1EE4     1EE4       2C         0
                text34                             21CA     21CA        4         0
                text33                             1DE4     1DE4       40         0
                text32                             214E     214E        8         0
                text31                             2196     2196        6         0
                text30                             1FA2     1FA2       22         0
                text29                             2112     2112        E         0
                text28                             16D6     16D6       B6         0
                text27                             1960     1960       84         0
                text26                             2038     2038       1C         0
                text25                             1F38     1F38       24         0
                text24                             201C     201C       1C         0
                text23                             1B66     1B66       7C         0
                text22                             2104     2104        E         0
                text21                             20F6     20F6        E         0
                text20                             20E8     20E8        E         0
                text19                             1D10     1D10       4C         0
                text18                             20A0     20A0       14         0
                text17                             21C6     21C6        4         0
                text16                             2088     2088       18         0
                text15                             18CA     18CA       96         0
                text14                             2000     2000       1C         0
                text13                             1FE2     1FE2       1E         0
                text12                             1FC4     1FC4       1E         0
                text11                             138A     138A       F0         0
                text10                             147A     147A       D0         0
                text9                              2070     2070       18         0
                text8                              2144     2144        A         0
                text7                              1834     1834       96         0
                text6                              1D5C     1D5C       44         0
                text5                              1A68     1A68       80         0
                text4                              1050     1050      1C6         0
                text3                              1216     1216      174         0
                text2                              1CBA     1CBA       56         0
                text1                              1F10     1F10       28         0
                text0                              1612     1612       C4         0
                cinit                              1F80     1F80       22         0

        CLASS   CONST          

        CLASS   SMALLCONST     
                smallconst                         1000     1000       50         0

        CLASS   MEDIUMCONST    

        CLASS   COMRAM         
                temp                                 46       46        1         1
                cstackCOMRAM                          1        1       34         1
                bssCOMRAM                            3E       3E        8         1
                nvCOMRAM                             35       35        9         1

        CLASS   ABS1           

        CLASS   BIGRAM         

        CLASS   RAM            

        CLASS   BANK0          
                cstackBANK0                          AB       AB       4A         1
                bssBANK0                             60       60       4B         1

        CLASS   BANK1          

        CLASS   BANK2          

        CLASS   BANK3          

        CLASS   BANK4          

        CLASS   BANK5          

        CLASS   BANK6          

        CLASS   BANK7          

        CLASS   BANK8          

        CLASS   BANK9          

        CLASS   BANK10         

        CLASS   BANK11         

        CLASS   BANK12         

        CLASS   BANK14         

        CLASS   SFR            

        CLASS   BIGSFR         

        CLASS   CONFIG         
                config                           300000   300000        C         4

        CLASS   IDLOC          
                idloc                            200000   200000      100         5

        CLASS   EEDATA         

        CLASS   FARRAM         

        CLASS   HEAP           

        CLASS   STACK          



SEGMENTS        Name                           Load    Length   Top    Selector   Space  Class

                reset_vec                      000000  000004  000004         0       0  CODE    
                cstackCOMRAM                   000001  000046  000047         1       1  COMRAM  
                intcode                        000008  0000C4  0000CC         4       0  CODE    
                bssBANK0                       000060  000095  0000F5        60       1  BANK0   
                smallconst                     001000  000050  001050       800       0  SMALLCON
                text4                          001050  00119A  0021EA       828       0  CODE    


UNUSED ADDRESS RANGES

        Name                Unused          Largest block    Delta
        BANK0            0000F5-0000FF                B
        BANK1            000100-0001FF              100
        BANK10           000A00-000AFF              100
        BANK11           000B00-000BFF              100
        BANK12           000C00-000CFF              100
        BANK14           000E00-000E1E               1F
        BANK2            000200-0002FF              100
        BANK3            000300-0003FF              100
        BANK4            000400-0004FF              100
        BANK5            000500-0005FF              100
        BANK6            000600-0006FF              100
        BANK7            000700-0007FF              100
        BANK8            000800-0008FF              100
        BANK9            000900-0009FF              100
        BIGRAM           000047-00005F               19
                         0000F5-000CFF              C0B
                         000E00-000E1E               1F
        BIGSFR           000D00-000DFF              100
                         000E1F-000FFF              1E1
        CODE             000004-000007                4
                         0000CC-000FFF              F34
                         0021EA-01FFFF            1DE16
        COMRAM           000047-00005F               19
        CONST            000004-000007                4
                         0000CC-000FFF              F34
                         0021EA-01FFFF            1DE16
        EEDATA           310000-3103FF              400
        MEDIUMCONST      0021EA-00FFFF             DE16
                         011000-01FFFF             F000
        RAM              0000F5-000CFF              100
                         000E00-000E1E               1F
        SFR              000D00-000DFF              100
                         000E1F-000FFF               E1
        SMALLCONST       0021EA-01FFFF              100

                                  Symbol Table

?___lodiv                                       cstackCOMRAM 00001A
?___lomod                                       cstackCOMRAM 00001A
?_printf                                        cstackBANK0  0000E9
?_vfprintf                                      cstackBANK0  0000E3
EUSART2_SetErrorHandler@interruptHandler        cstackCOMRAM 00001A
EUSART2_SetFramingErrorHandler@interruptHandler cstackCOMRAM 00001A
EUSART2_SetOverrunErrorHandler@interruptHandler cstackCOMRAM 00001A
EUSART2_Write@txData                            cstackCOMRAM 00001A
I2C1_CallbackReturnReset@funPtr                 cstackCOMRAM 00000C
I2C1_Close@returnValue                          cstackCOMRAM 00001A
I2C1_MasterOperation@read                       cstackCOMRAM 00001A
I2C1_MasterOperation@returnValue                cstackCOMRAM 00001B
I2C1_MasterSendTxData@data                      cstackCOMRAM 000001
I2C1_Open@address                               cstackCOMRAM 00001D
I2C1_Open@returnValue                           cstackCOMRAM 00001E
I2C1_Read1ByteRegister@address                  cstackCOMRAM 000026
I2C1_Read1ByteRegister@reg                      cstackCOMRAM 000025
I2C1_Read1ByteRegister@returnValue              cstackCOMRAM 000027
I2C1_SetAddressNackCallback@cb                  cstackCOMRAM 000020
I2C1_SetAddressNackCallback@ptr                 cstackCOMRAM 000023
I2C1_SetBuffer@buffer                           cstackCOMRAM 00001A
I2C1_SetBuffer@bufferSize                       cstackCOMRAM 00001C
I2C1_SetCallback@cb                             cstackCOMRAM 00001A
I2C1_SetCallback@idx                            cstackCOMRAM 00001F
I2C1_SetCallback@ptr                            cstackCOMRAM 00001D
I2C1_SetDataCompleteCallback@cb                 cstackCOMRAM 000020
I2C1_SetDataCompleteCallback@ptr                cstackCOMRAM 000023
I2C1_SetInterruptHandler@InterruptHandler       cstackCOMRAM 00001A
_ANSELA                                         (abs)        000F0C
_ANSELB                                         (abs)        000F14
_ANSELC                                         (abs)        000F1C
_ANSELD                                         (abs)        000F21
_ANSELE                                         (abs)        000F29
_BAUD2CON                                       (abs)        000E9A
_EUSART2_DefaultErrorHandler                    (abs)        000000
_EUSART2_DefaultFramingErrorHandler             (abs)        000000
_EUSART2_DefaultOverrunErrorHandler             (abs)        000000
_EUSART2_ErrorHandler                           nvCOMRAM     000035
_EUSART2_FramingErrorHandler                    nvCOMRAM     00003B
_EUSART2_Initialize                             text19       001D10
_EUSART2_OverrunErrorHandler                    nvCOMRAM     000038
_EUSART2_SetErrorHandler                        text22       002104
_EUSART2_SetFramingErrorHandler                 text21       0020F6
_EUSART2_SetOverrunErrorHandler                 text20       0020E8
_EUSART2_Write                                  text9        002070
_I2C1_CallbackReturnReset                       text66       0021DA
_I2C1_CallbackReturnStop                        text67       0021DE
_I2C1_Close                                     text35       001EE4
_I2C1_DO_ADDRESS_NACK                           text43       001C4E
_I2C1_DO_IDLE                                   text57       002138
_I2C1_DO_RCEN                                   text52       00212C
_I2C1_DO_RESET                                  text44       002120
_I2C1_DO_RX                                     text53       00178C
_I2C1_DO_RX_ACK                                 text47       002166
_I2C1_DO_RX_NACK_RESTART                        text45       002156
_I2C1_DO_RX_NACK_STOP                           text46       00215E
_I2C1_DO_SEND_ADR_READ                          text56       0020D8
_I2C1_DO_SEND_ADR_WRITE                         text55       0020C8
_I2C1_DO_SEND_RESTART                           text49       002176
_I2C1_DO_SEND_RESTART_READ                      text51       002186
_I2C1_DO_SEND_RESTART_WRITE                     text50       00217E
_I2C1_DO_SEND_STOP                              text48       00216E
_I2C1_DO_TX                                     text54       00154A
_I2C1_DO_TX_EMPTY                               text58       001AE8
_I2C1_Initialize                                text18       0020A0
_I2C1_MasterClearIrq                            text38       0021A2
_I2C1_MasterClose                               text37       0021CE
_I2C1_MasterDisableIrq                          text36       00219C
_I2C1_MasterEnableIrq                           text31       002196
_I2C1_MasterEnableRestart                       text77       0021E6
_I2C1_MasterFsm                                 text41       001BE2
_I2C1_MasterGetRxData                           text63       0021D2
_I2C1_MasterIsNack                              text60       0020B4
_I2C1_MasterIsr                                 text40       0021A8
_I2C1_MasterOpen                                text30       001FA2
_I2C1_MasterOperation                           text33       001DE4
_I2C1_MasterSendAck                             text62       0021BA
_I2C1_MasterSendNack                            text64       0021C0
_I2C1_MasterSendTxData                          text61       00218E
_I2C1_MasterSetIrq                              text59       0021B4
_I2C1_MasterStart                               text34       0021CA
_I2C1_MasterStartRx                             text65       0021D6
_I2C1_MasterStop                                text76       0021E2
_I2C1_MasterWrite                               text32       00214E
_I2C1_Open                                      text28       0016D6
_I2C1_Read1ByteRegister                         text23       001B66
_I2C1_SetAddressNackCallback                    text26       002038
_I2C1_SetBuffer                                 text25       001F38
_I2C1_SetCallback                               text27       001960
_I2C1_SetDataCompleteCallback                   text24       00201C
_I2C1_SetInterruptHandler                       text29       002112
_I2C1_Status                                    bssBANK0     000060
_INLVLA                                         (abs)        000F08
_INLVLB                                         (abs)        000F10
_INLVLC                                         (abs)        000F18
_INLVLD                                         (abs)        000F1D
_INLVLE                                         (abs)        000F25
_INTCONbits                                     (abs)        000FF2
_INTERRUPT_Initialize                           text17       0021C6
_INTERRUPT_InterruptManager                     intcode      000008
_LATA                                           (abs)        000F82
_LATB                                           (abs)        000F83
_LATC                                           (abs)        000F84
_LATD                                           (abs)        000F85
_LATE                                           (abs)        000F86
_MSSP1_InterruptHandler                         bssCOMRAM    00003E
_ODCONA                                         (abs)        000F0A
_ODCONB                                         (abs)        000F12
_ODCONC                                         (abs)        000F1A
_ODCOND                                         (abs)        000F1F
_ODCONE                                         (abs)        000F27
_OSCCON1                                        (abs)        000ED3
_OSCCON3                                        (abs)        000ED5
_OSCEN                                          (abs)        000ED7
_OSCFRQ                                         (abs)        000ED9
_OSCILLATOR_Initialize                          text16       002088
_OSCTUNE                                        (abs)        000ED8
_PIE3bits                                       (abs)        000EC0
_PIN_MANAGER_Initialize                         text15       0018CA
_PIR3bits                                       (abs)        000EC8
_PIR4bits                                       (abs)        000EC9
_PMD0                                           (abs)        000EDC
_PMD1                                           (abs)        000EDD
_PMD2                                           (abs)        000EDE
_PMD3                                           (abs)        000EDF
_PMD4                                           (abs)        000EE0
_PMD5                                           (abs)        000EE1
_PMD_Initialize                                 text14       002000
_PR2                                            (abs)        000FBB
_RB1PPS                                         (abs)        000EEB
_RB2PPS                                         (abs)        000EEC
_RB6PPS                                         (abs)        000EF0
_RC2REG                                         (abs)        000E94
_RC2STA                                         (abs)        000E98
_RC2STAbits                                     (abs)        000E98
_RD0PPS                                         (abs)        000EFA
_RX2PPS                                         (abs)        000E88
_SLRCONA                                        (abs)        000F09
_SLRCONB                                        (abs)        000F11
_SLRCONC                                        (abs)        000F19
_SLRCOND                                        (abs)        000F1E
_SLRCONE                                        (abs)        000F26
_SP2BRGH                                        (abs)        000E97
_SP2BRGL                                        (abs)        000E96
_SSP1ADD                                        (abs)        000F92
_SSP1BUF                                        (abs)        000F91
_SSP1CLKPPS                                     (abs)        000EB2
_SSP1CON1                                       (abs)        000F95
_SSP1CON1bits                                   (abs)        000F95
_SSP1CON2                                       (abs)        000F96
_SSP1CON2bits                                   (abs)        000F96
_SSP1DATPPS                                     (abs)        000EB3
_SSP1STAT                                       (abs)        000F94
_SSP1STATbits                                   (abs)        000F94
_SYSTEM_Initialize                              text12       001FC4
_T2CLKCON                                       (abs)        000FBE
_T2CON                                          (abs)        000FBC
_T2CONbits                                      (abs)        000FBC
_T2HLT                                          (abs)        000FBD
_T2HLTbits                                      (abs)        000FBD
_T2PR                                           (abs)        000FBB
_T2RST                                          (abs)        000FBF
_T2RSTbits                                      (abs)        000FBF
_T2TMR                                          (abs)        000FBA
_TMR2                                           (abs)        000FBA
_TMR2_Initialize                                text13       001FE2
_TRISA                                          (abs)        000F87
_TRISB                                          (abs)        000F88
_TRISC                                          (abs)        000F89
_TRISD                                          (abs)        000F8A
_TRISE                                          (abs)        000F8B
_TX2REG                                         (abs)        000E95
_TX2STA                                         (abs)        000E99
_TX2STAbits                                     (abs)        000E99
_WPUA                                           (abs)        000F0B
_WPUB                                           (abs)        000F13
_WPUC                                           (abs)        000F1B
_WPUD                                           (abs)        000F20
_WPUE                                           (abs)        000F28
__HRAM                                          (abs)        000000
__Habs1                                         abs1         000000
__Hbank0                                        bank0        000000
__Hbank1                                        bank1        000000
__Hbank10                                       bank10       000000
__Hbank11                                       bank11       000000
__Hbank12                                       bank12       000000
__Hbank14                                       bank14       000000
__Hbank2                                        bank2        000000
__Hbank3                                        bank3        000000
__Hbank4                                        bank4        000000
__Hbank5                                        bank5        000000
__Hbank6                                        bank6        000000
__Hbank7                                        bank7        000000
__Hbank8                                        bank8        000000
__Hbank9                                        bank9        000000
__Hbigbss                                       bigbss       000000
__Hbigdata                                      bigdata      000000
__Hbigram                                       bigram       000000
__Hbigsfr                                       bigsfr       000000
__Hbss                                          bss          000000
__HbssBANK0                                     bssBANK0     000000
__HbssCOMRAM                                    bssCOMRAM    000000
__Hcinit                                        cinit        000000
__Hclrtext                                      clrtext      000000
__Hcomram                                       comram       000000
__Hconfig                                       config       30000C
__Hconst                                        const        000000
__HcstackBANK0                                  cstackBANK0  000000
__HcstackCOMRAM                                 cstackCOMRAM 000000
__Hdata                                         data         000000
__Heeprom_data                                  eeprom_data  000000
__Hfarbss                                       farbss       000000
__Hfardata                                      fardata      000000
__Hheap                                         heap         000000
__Hibigdata                                     ibigdata     000000
__Hidata                                        idata        000000
__Hidloc                                        idloc        200100
__Hifardata                                     ifardata     000000
__Hinit                                         init         0000CC
__Hintcode                                      intcode      0000C8
__Hintcode_body                                 intcode_body 000000
__Hintcodelo                                    intcodelo    0000C8
__Hintentry                                     intentry     000000
__Hintret                                       intret       000000
__Hintsave_regs                                 intsave_regs 000000
__Hirdata                                       irdata       000000
__Hmediumconst                                  mediumconst  000000
__HnvCOMRAM                                     nvCOMRAM     000000
__HnvFARRAM                                     nvFARRAM     000000
__Hnvbit                                        nvbit        000000
__Hnvrram                                       nvrram       000000
__Hparam                                        rparam       000000
__Hpowerup                                      powerup      0000C8
__Hram                                          ram          000000
__Hramtop                                       ramtop       001000
__Hrbit                                         rbit         000000
__Hrbss                                         rbss         000000
__Hrdata                                        rdata        000000
__Hreset_vec                                    reset_vec    000004
__Hrparam                                       rparam       000000
__Hsfr                                          sfr          000000
__Hsmallconst                                   smallconst   001050
__Hspace_0                                      (abs)        0021EA
__Hspace_1                                      (abs)        0000F5
__Hspace_2                                      (abs)        000000
__Hspace_4                                      (abs)        60000C
__Hstack                                        stack        000000
__Hstruct                                       struct       000000
__Htemp                                         temp         000047
__Htext                                         text         000000
__Htext0                                        text0        000000
__Htext1                                        text1        000000
__Htext10                                       text10       000000
__Htext11                                       text11       000000
__Htext12                                       text12       000000
__Htext13                                       text13       000000
__Htext14                                       text14       000000
__Htext15                                       text15       000000
__Htext16                                       text16       000000
__Htext17                                       text17       000000
__Htext18                                       text18       000000
__Htext19                                       text19       000000
__Htext2                                        text2        000000
__Htext20                                       text20       000000
__Htext21                                       text21       000000
__Htext22                                       text22       000000
__Htext23                                       text23       000000
__Htext24                                       text24       000000
__Htext25                                       text25       000000
__Htext26                                       text26       000000
__Htext27                                       text27       000000
__Htext28                                       text28       000000
__Htext29                                       text29       000000
__Htext3                                        text3        000000
__Htext30                                       text30       000000
__Htext31                                       text31       000000
__Htext32                                       text32       000000
__Htext33                                       text33       000000
__Htext34                                       text34       000000
__Htext35                                       text35       000000
__Htext36                                       text36       000000
__Htext37                                       text37       000000
__Htext38                                       text38       000000
__Htext4                                        text4        000000
__Htext40                                       text40       000000
__Htext41                                       text41       000000
__Htext42                                       text42       000000
__Htext43                                       text43       000000
__Htext44                                       text44       000000
__Htext45                                       text45       000000
__Htext46                                       text46       000000
__Htext47                                       text47       000000
__Htext48                                       text48       000000
__Htext49                                       text49       000000
__Htext5                                        text5        000000
__Htext50                                       text50       000000
__Htext51                                       text51       000000
__Htext52                                       text52       000000
__Htext53                                       text53       000000
__Htext54                                       text54       000000
__Htext55                                       text55       000000
__Htext56                                       text56       000000
__Htext57                                       text57       000000
__Htext58                                       text58       000000
__Htext59                                       text59       000000
__Htext6                                        text6        000000
__Htext60                                       text60       000000
__Htext61                                       text61       000000
__Htext62                                       text62       000000
__Htext63                                       text63       000000
__Htext64                                       text64       000000
__Htext65                                       text65       000000
__Htext66                                       text66       000000
__Htext67                                       text67       000000
__Htext68                                       text68       000000
__Htext69                                       text69       000000
__Htext7                                        text7        000000
__Htext70                                       text70       000000
__Htext71                                       text71       000000
__Htext72                                       text72       000000
__Htext73                                       text73       000000
__Htext74                                       text74       000000
__Htext75                                       text75       000000
__Htext76                                       text76       000000
__Htext77                                       text77       000000
__Htext78                                       text78       000000
__Htext8                                        text8        000000
__Htext9                                        text9        000000
__LRAM                                          (abs)        000001
__Labs1                                         abs1         000000
__Lbank0                                        bank0        000000
__Lbank1                                        bank1        000000
__Lbank10                                       bank10       000000
__Lbank11                                       bank11       000000
__Lbank12                                       bank12       000000
__Lbank14                                       bank14       000000
__Lbank2                                        bank2        000000
__Lbank3                                        bank3        000000
__Lbank4                                        bank4        000000
__Lbank5                                        bank5        000000
__Lbank6                                        bank6        000000
__Lbank7                                        bank7        000000
__Lbank8                                        bank8        000000
__Lbank9                                        bank9        000000
__Lbigbss                                       bigbss       000000
__Lbigdata                                      bigdata      000000
__Lbigram                                       bigram       000000
__Lbigsfr                                       bigsfr       000000
__Lbss                                          bss          000000
__LbssBANK0                                     bssBANK0     000000
__LbssCOMRAM                                    bssCOMRAM    000000
__Lcinit                                        cinit        000000
__Lclrtext                                      clrtext      000000
__Lcomram                                       comram       000000
__Lconfig                                       config       000000
__Lconst                                        const        000000
__LcstackBANK0                                  cstackBANK0  000000
__LcstackCOMRAM                                 cstackCOMRAM 000000
__Ldata                                         data         000000
__Leeprom_data                                  eeprom_data  000000
__Lfarbss                                       farbss       000000
__Lfardata                                      fardata      000000
__Lheap                                         heap         000000
__Libigdata                                     ibigdata     000000
__Lidata                                        idata        000000
__Lidloc                                        idloc        000000
__Lifardata                                     ifardata     000000
__Linit                                         init         0000C8
__Lintcode                                      intcode      000008
__Lintcode_body                                 intcode_body 000000
__Lintcodelo                                    intcodelo    0000C8
__Lintentry                                     intentry     000000
__Lintret                                       intret       000000
__Lintsave_regs                                 intsave_regs 000000
__Lirdata                                       irdata       000000
__Lmediumconst                                  mediumconst  000000
__LnvCOMRAM                                     nvCOMRAM     000000
__LnvFARRAM                                     nvFARRAM     000000
__Lnvbit                                        nvbit        000000
__Lnvrram                                       nvrram       000000
__Lparam                                        rparam       000000
__Lpowerup                                      powerup      0000C8
__Lram                                          ram          000000
__Lramtop                                       ramtop       001000
__Lrbit                                         rbit         000000
__Lrbss                                         rbss         000000
__Lrdata                                        rdata        000000
__Lreset_vec                                    reset_vec    000000
__Lrparam                                       rparam       000000
__Lsfr                                          sfr          000000
__Lsmallconst                                   smallconst   001000
__Lspace_0                                      (abs)        000000
__Lspace_1                                      (abs)        000000
__Lspace_2                                      (abs)        000000
__Lspace_4                                      (abs)        000000
__Lstack                                        stack        000000
__Lstruct                                       struct       000000
__Ltemp                                         temp         000046
__Ltext                                         text         000000
__Ltext0                                        text0        000000
__Ltext1                                        text1        000000
__Ltext10                                       text10       000000
__Ltext11                                       text11       000000
__Ltext12                                       text12       000000
__Ltext13                                       text13       000000
__Ltext14                                       text14       000000
__Ltext15                                       text15       000000
__Ltext16                                       text16       000000
__Ltext17                                       text17       000000
__Ltext18                                       text18       000000
__Ltext19                                       text19       000000
__Ltext2                                        text2        000000
__Ltext20                                       text20       000000
__Ltext21                                       text21       000000
__Ltext22                                       text22       000000
__Ltext23                                       text23       000000
__Ltext24                                       text24       000000
__Ltext25                                       text25       000000
__Ltext26                                       text26       000000
__Ltext27                                       text27       000000
__Ltext28                                       text28       000000
__Ltext29                                       text29       000000
__Ltext3                                        text3        000000
__Ltext30                                       text30       000000
__Ltext31                                       text31       000000
__Ltext32                                       text32       000000
__Ltext33                                       text33       000000
__Ltext34                                       text34       000000
__Ltext35                                       text35       000000
__Ltext36                                       text36       000000
__Ltext37                                       text37       000000
__Ltext38                                       text38       000000
__Ltext4                                        text4        000000
__Ltext40                                       text40       000000
__Ltext41                                       text41       000000
__Ltext42                                       text42       000000
__Ltext43                                       text43       000000
__Ltext44                                       text44       000000
__Ltext45                                       text45       000000
__Ltext46                                       text46       000000
__Ltext47                                       text47       000000
__Ltext48                                       text48       000000
__Ltext49                                       text49       000000
__Ltext5                                        text5        000000
__Ltext50                                       text50       000000
__Ltext51                                       text51       000000
__Ltext52                                       text52       000000
__Ltext53                                       text53       000000
__Ltext54                                       text54       000000
__Ltext55                                       text55       000000
__Ltext56                                       text56       000000
__Ltext57                                       text57       000000
__Ltext58                                       text58       000000
__Ltext59                                       text59       000000
__Ltext6                                        text6        000000
__Ltext60                                       text60       000000
__Ltext61                                       text61       000000
__Ltext62                                       text62       000000
__Ltext63                                       text63       000000
__Ltext64                                       text64       000000
__Ltext65                                       text65       000000
__Ltext66                                       text66       000000
__Ltext67                                       text67       000000
__Ltext68                                       text68       000000
__Ltext69                                       text69       000000
__Ltext7                                        text7        000000
__Ltext70                                       text70       000000
__Ltext71                                       text71       000000
__Ltext72                                       text72       000000
__Ltext73                                       text73       000000
__Ltext74                                       text74       000000
__Ltext75                                       text75       000000
__Ltext76                                       text76       000000
__Ltext77                                       text77       000000
__Ltext78                                       text78       000000
__Ltext8                                        text8        000000
__Ltext9                                        text9        000000
__S0                                            (abs)        0021EA
__S1                                            (abs)        0000F5
__S4                                            (abs)        000000
__S5                                            (abs)        000000
___heap_hi                                      (abs)        000000
___heap_lo                                      (abs)        000000
___inthi_sp                                     stack        000000
___intlo_sp                                     stack        000000
___lodiv                                        text11       00138A
___lodiv@counter                                cstackCOMRAM 000032
___lodiv@dividend                               cstackCOMRAM 00001A
___lodiv@divisor                                cstackCOMRAM 000022
___lodiv@quotient                               cstackCOMRAM 00002A
___lomod                                        text10       00147A
___lomod@counter                                cstackCOMRAM 00002A
___lomod@dividend                               cstackCOMRAM 00001A
___lomod@divisor                                cstackCOMRAM 000022
___param_bank                                   (abs)        000000
___rparam_used                                  (abs)        000001
___sp                                           stack        000000
__accesstop                                     (abs)        000060
__activetblptr                                  (abs)        000003
__end_of_EUSART2_Initialize                     text19       001D5C
__end_of_EUSART2_SetErrorHandler                text22       002112
__end_of_EUSART2_SetFramingErrorHandler         text21       002104
__end_of_EUSART2_SetOverrunErrorHandler         text20       0020F6
__end_of_EUSART2_Write                          text9        002088
__end_of_I2C1_CallbackReturnReset               text66       0021DE
__end_of_I2C1_CallbackReturnStop                text67       0021E2
__end_of_I2C1_Close                             text35       001F10
__end_of_I2C1_DO_ADDRESS_NACK                   text43       001CBA
__end_of_I2C1_DO_IDLE                           text57       002144
__end_of_I2C1_DO_RCEN                           text52       002138
__end_of_I2C1_DO_RESET                          text44       00212C
__end_of_I2C1_DO_RX                             text53       001834
__end_of_I2C1_DO_RX_ACK                         text47       00216E
__end_of_I2C1_DO_RX_NACK_RESTART                text45       00215E
__end_of_I2C1_DO_RX_NACK_STOP                   text46       002166
__end_of_I2C1_DO_SEND_ADR_READ                  text56       0020E8
__end_of_I2C1_DO_SEND_ADR_WRITE                 text55       0020D8
__end_of_I2C1_DO_SEND_RESTART                   text49       00217E
__end_of_I2C1_DO_SEND_RESTART_READ              text51       00218E
__end_of_I2C1_DO_SEND_RESTART_WRITE             text50       002186
__end_of_I2C1_DO_SEND_STOP                      text48       002176
__end_of_I2C1_DO_TX                             text54       001612
__end_of_I2C1_DO_TX_EMPTY                       text58       001B66
__end_of_I2C1_Initialize                        text18       0020B4
__end_of_I2C1_MasterClearIrq                    text38       0021A8
__end_of_I2C1_MasterClose                       text37       0021D2
__end_of_I2C1_MasterDisableIrq                  text36       0021A2
__end_of_I2C1_MasterEnableIrq                   text31       00219C
__end_of_I2C1_MasterEnableRestart               text77       0021EA
__end_of_I2C1_MasterFsm                         text41       001C4E
__end_of_I2C1_MasterGetRxData                   text63       0021D6
__end_of_I2C1_MasterIsNack                      text60       0020C8
__end_of_I2C1_MasterIsr                         text40       0021AE
__end_of_I2C1_MasterOpen                        text30       001FC4
__end_of_I2C1_MasterOperation                   text33       001E24
__end_of_I2C1_MasterSendAck                     text62       0021C0
__end_of_I2C1_MasterSendNack                    text64       0021C6
__end_of_I2C1_MasterSendTxData                  text61       002196
__end_of_I2C1_MasterSetIrq                      text59       0021BA
__end_of_I2C1_MasterStart                       text34       0021CE
__end_of_I2C1_MasterStartRx                     text65       0021DA
__end_of_I2C1_MasterStop                        text76       0021E6
__end_of_I2C1_MasterWrite                       text32       002156
__end_of_I2C1_Open                              text28       00178C
__end_of_I2C1_Read1ByteRegister                 text23       001BE2
__end_of_I2C1_SetAddressNackCallback            text26       002054
__end_of_I2C1_SetBuffer                         text25       001F5C
__end_of_I2C1_SetCallback                       text27       0019E4
__end_of_I2C1_SetDataCompleteCallback           text24       002038
__end_of_I2C1_SetInterruptHandler               text29       002120
__end_of_INTERRUPT_Initialize                   text17       0021CA
__end_of_INTERRUPT_InterruptManager             intcode      0000C8
__end_of_OSCILLATOR_Initialize                  text16       0020A0
__end_of_PIN_MANAGER_Initialize                 text15       001960
__end_of_PMD_Initialize                         text14       00201C
__end_of_SYSTEM_Initialize                      text12       001FE2
__end_of_TMR2_Initialize                        text13       002000
__end_of___lodiv                                text11       00147A
__end_of___lomod                                text10       00154A
__end_of__initialization                        cinit        001F98
__end_of_fputc                                  text7        0018CA
__end_of_fputs                                  text6        001DA0
__end_of_i2c1_fsmStateTable                     smallconst   001031
__end_of_main                                   text0        0016D6
__end_of_pad                                    text5        001AE8
__end_of_printf                                 text1        001F38
__end_of_putch                                  text8        00214E
__end_of_rd1RegCompleteHandler                  text71       001EB4
__end_of_rd2RegCompleteHandler                  text70       001E84
__end_of_rdBlkRegCompleteHandler                text68       001DE4
__end_of_utoa                                   text4        001216
__end_of_vfpfcnvrt                              text3        00138A
__end_of_vfprintf                               text2        001D10
__end_of_wr1RegCompleteHandler                  text69       001E54
__end_of_wr2RegCompleteHandler                  text72       001EE4
__end_ofi2_I2C1_MasterClearIrq                  text42       0021B4
__end_ofi2_I2C1_SetBuffer                       text75       001F80
__end_ofi2_I2C1_SetCallback                     text74       001A68
__end_ofi2_I2C1_SetDataCompleteCallback         text73       002070
__initialization                                cinit        001F80
__mediumconst                                   mediumconst  000000
__pbssBANK0                                     bssBANK0     000060
__pbssCOMRAM                                    bssCOMRAM    00003E
__pcinit                                        cinit        001F80
__pcstackBANK0                                  cstackBANK0  0000AB
__pcstackCOMRAM                                 cstackCOMRAM 000001
__pintcode                                      intcode      000008
__pnvCOMRAM                                     nvCOMRAM     000035
__psmallconst                                   smallconst   001000
__ptext0                                        text0        001612
__ptext1                                        text1        001F10
__ptext10                                       text10       00147A
__ptext11                                       text11       00138A
__ptext12                                       text12       001FC4
__ptext13                                       text13       001FE2
__ptext14                                       text14       002000
__ptext15                                       text15       0018CA
__ptext16                                       text16       002088
__ptext17                                       text17       0021C6
__ptext18                                       text18       0020A0
__ptext19                                       text19       001D10
__ptext2                                        text2        001CBA
__ptext20                                       text20       0020E8
__ptext21                                       text21       0020F6
__ptext22                                       text22       002104
__ptext23                                       text23       001B66
__ptext24                                       text24       00201C
__ptext25                                       text25       001F38
__ptext26                                       text26       002038
__ptext27                                       text27       001960
__ptext28                                       text28       0016D6
__ptext29                                       text29       002112
__ptext3                                        text3        001216
__ptext30                                       text30       001FA2
__ptext31                                       text31       002196
__ptext32                                       text32       00214E
__ptext33                                       text33       001DE4
__ptext34                                       text34       0021CA
__ptext35                                       text35       001EE4
__ptext36                                       text36       00219C
__ptext37                                       text37       0021CE
__ptext38                                       text38       0021A2
__ptext4                                        text4        001050
__ptext40                                       text40       0021A8
__ptext41                                       text41       001BE2
__ptext42                                       text42       0021AE
__ptext43                                       text43       001C4E
__ptext44                                       text44       002120
__ptext45                                       text45       002156
__ptext46                                       text46       00215E
__ptext47                                       text47       002166
__ptext48                                       text48       00216E
__ptext49                                       text49       002176
__ptext5                                        text5        001A68
__ptext50                                       text50       00217E
__ptext51                                       text51       002186
__ptext52                                       text52       00212C
__ptext53                                       text53       00178C
__ptext54                                       text54       00154A
__ptext55                                       text55       0020C8
__ptext56                                       text56       0020D8
__ptext57                                       text57       002138
__ptext58                                       text58       001AE8
__ptext59                                       text59       0021B4
__ptext6                                        text6        001D5C
__ptext60                                       text60       0020B4
__ptext61                                       text61       00218E
__ptext62                                       text62       0021BA
__ptext63                                       text63       0021D2
__ptext64                                       text64       0021C0
__ptext65                                       text65       0021D6
__ptext66                                       text66       0021DA
__ptext67                                       text67       0021DE
__ptext68                                       text68       001DA0
__ptext69                                       text69       001E24
__ptext7                                        text7        001834
__ptext70                                       text70       001E54
__ptext71                                       text71       001E84
__ptext72                                       text72       001EB4
__ptext73                                       text73       002054
__ptext74                                       text74       0019E4
__ptext75                                       text75       001F5C
__ptext76                                       text76       0021E2
__ptext77                                       text77       0021E6
__ptext78                                       text78       000000
__ptext8                                        text8        002144
__ptext9                                        text9        002070
__ramtop                                        ramtop       001000
__smallconst                                    smallconst   001000
_dbuf                                           bssBANK0     00008B
_eusart2RxLastError                             bssCOMRAM    000045
_flags                                          bssBANK0     00008A
_fputc                                          text7        001834
_fputs                                          text6        001D5C
_i2c1_fsmStateTable                             smallconst   001001
_main                                           text0        001612
_pad                                            text5        001A68
_prec                                           bssCOMRAM    000043
_printf                                         text1        001F10
_putch                                          text8        002144
_rd1RegCompleteHandler                          text71       001E84
_rd2RegCompleteHandler                          text70       001E54
_rdBlkRegCompleteHandler                        text68       001DA0
_utoa                                           text4        001050
_vfpfcnvrt                                      text3        001216
_vfprintf                                       text2        001CBA
_width                                          bssCOMRAM    000041
_wr1RegCompleteHandler                          text69       001E24
_wr2RegCompleteHandler                          text72       001EB4
btemp                                           temp         000046
end_of_initialization                           cinit        001F98
fputc@c                                         cstackCOMRAM 00001C
fputc@fp                                        cstackCOMRAM 00001E
fputs@c                                         cstackCOMRAM 000029
fputs@fp                                        cstackCOMRAM 000027
fputs@i                                         cstackCOMRAM 00002A
fputs@s                                         cstackCOMRAM 000025
i2I2C1_SetBuffer@buffer                         cstackCOMRAM 000001
i2I2C1_SetBuffer@bufferSize                     cstackCOMRAM 000003
i2I2C1_SetCallback@cb                           cstackCOMRAM 000001
i2I2C1_SetCallback@idx                          cstackCOMRAM 000006
i2I2C1_SetCallback@ptr                          cstackCOMRAM 000004
i2I2C1_SetDataCompleteCallback@cb               cstackCOMRAM 000007
i2I2C1_SetDataCompleteCallback@ptr              cstackCOMRAM 00000A
i2_I2C1_MasterClearIrq                          text42       0021AE
i2_I2C1_SetBuffer                               text75       001F5C
i2_I2C1_SetCallback                             text74       0019E4
i2_I2C1_SetDataCompleteCallback                 text73       002054
int$flags                                       temp         000046
intlevel0                                       text         000000
intlevel1                                       text         000000
intlevel2                                       text         000000
intlevel3                                       text         000000
isa$std                                         (abs)        000001
isa$xinst                                       (abs)        000000
main@check                                      cstackBANK0  0000F1
main@read_var                                   cstackBANK0  0000F3
pad@buf                                         cstackCOMRAM 00002E
pad@fp                                          cstackCOMRAM 00002C
pad@i                                           cstackBANK0  0000AB
pad@p                                           cstackCOMRAM 000030
pad@w                                           cstackBANK0  0000AD
printf@ap                                       cstackBANK0  0000ED
printf@fmt                                      cstackBANK0  0000E9
putch@txData                                    cstackCOMRAM 00001B
rd1RegCompleteHandler@ptr                       cstackCOMRAM 00000C
rd2RegCompleteHandler@ptr                       cstackCOMRAM 00000C
rdBlkRegCompleteHandler@ptr                     cstackCOMRAM 00000C
stackhi                                         (abs)        000000
stacklo                                         (abs)        000000
start                                           init         0000C8
start_initialization                            cinit        001F80
ttemp5                                          temp         000047
ttemp6                                          temp         00004A
ttemp7                                          temp         00004E
utoa@d                                          cstackBANK0  0000B1
utoa@fp                                         cstackBANK0  0000AF
utoa@i                                          cstackBANK0  0000CD
utoa@n                                          cstackBANK0  0000C5
utoa@p                                          cstackBANK0  0000C3
utoa@w                                          cstackBANK0  0000C1
vfpfcnvrt@ap                                    cstackBANK0  0000D3
vfpfcnvrt@convarg                               cstackBANK0  0000D9
vfpfcnvrt@cp                                    cstackBANK0  0000E1
vfpfcnvrt@fmt                                   cstackBANK0  0000D1
vfpfcnvrt@fp                                    cstackBANK0  0000CF
vfprintf@ap                                     cstackBANK0  0000E7
vfprintf@cfmt                                   cstackCOMRAM 000033
vfprintf@fmt                                    cstackBANK0  0000E5
vfprintf@fp                                     cstackBANK0  0000E3
wr1RegCompleteHandler@ptr                       cstackCOMRAM 00000C
wr2RegCompleteHandler@ptr                       cstackCOMRAM 00000C
wtemp8                                          temp         000047


MODULE INFORMATION

Module		Function		Class		Link	Load	Size
C:\Program Files\Microchip\xc8\v2.40\pic\sources\c99\common\nf_fputc.c
		_fputc         		CODE           	1834	0000	150

C:\Program Files\Microchip\xc8\v2.40\pic\sources\c99\common\nf_fputc.c estimated size: 150

mcc_generated_files/examples/i2c1_master_example.c
		_wr1RegCompleteHandler		CODE           	1E24	0000	48
		_wr2RegCompleteHandler		CODE           	1EB4	0000	48
		_rdBlkRegCompleteHandler		CODE           	1DA0	0000	68
		_rd1RegCompleteHandler		CODE           	1E84	0000	48
		_rd2RegCompleteHandler		CODE           	1E54	0000	48
		_I2C1_Read1ByteRegister		CODE           	1B66	0000	124

mcc_generated_files/examples/i2c1_master_example.c estimated size: 384

mcc_generated_files/eusart2.c
		_putch         		CODE           	2144	0000	10
		_EUSART2_SetOverrunErrorHandler		CODE           	20E8	0000	14
		_EUSART2_SetErrorHandler		CODE           	2104	0000	14
		_EUSART2_Write 		CODE           	2070	0000	24
		_EUSART2_Initialize		CODE           	1D10	0000	76
		_EUSART2_SetFramingErrorHandler		CODE           	20F6	0000	14

mcc_generated_files/eusart2.c estimated size: 152

mcc_generated_files/i2c1_master.c
		_I2C1_DO_SEND_RESTART		CODE           	2176	0000	8
		_I2C1_DO_TX_EMPTY		CODE           	1AE8	0000	126
		_I2C1_DO_SEND_RESTART_READ		CODE           	2186	0000	8
		_I2C1_CallbackReturnStop		CODE           	21DE	0000	4
		_I2C1_DO_RX    		CODE           	178C	0000	168
		_I2C1_DO_TX    		CODE           	154A	0000	200
		_I2C1_SetAddressNackCallback		CODE           	2038	0000	28
		_I2C1_DO_IDLE  		CODE           	2138	0000	12
		_I2C1_MasterOpen		CODE           	1FA2	0000	34
		_I2C1_DO_RCEN  		CODE           	212C	0000	12
		_I2C1_MasterSendTxData		CODE           	218E	0000	8
		_I2C1_MasterStop		CODE           	21E2	0000	4
		_I2C1_CallbackReturnReset		CODE           	21DA	0000	4
		_I2C1_DO_RESET 		CODE           	2120	0000	12
		_I2C1_MasterStartRx		CODE           	21D6	0000	4
		_I2C1_DO_RX_ACK		CODE           	2166	0000	8
		_I2C1_MasterSendNack		CODE           	21C0	0000	6
		_I2C1_DO_RX_NACK_RESTART		CODE           	2156	0000	8
		_I2C1_MasterDisableIrq		CODE           	219C	0000	6
		_I2C1_MasterOperation		CODE           	1DE4	0000	64
		_I2C1_SetCallback		CODE           	1960	0000	132
		_I2C1_MasterEnableRestart		CODE           	21E6	0000	4
		_I2C1_Open     		CODE           	16D6	0000	182
		_I2C1_DO_ADDRESS_NACK		CODE           	1C4E	0000	108
		_I2C1_SetBuffer		CODE           	1F38	0000	36
		_I2C1_DO_SEND_RESTART_WRITE		CODE           	217E	0000	8
		_I2C1_MasterClose		CODE           	21CE	0000	4
		_I2C1_MasterWrite		CODE           	214E	0000	8
		_I2C1_Initialize		CODE           	20A0	0000	20
		_I2C1_Close    		CODE           	1EE4	0000	44
		_I2C1_MasterIsNack		CODE           	20B4	0000	20
		_I2C1_MasterStart		CODE           	21CA	0000	4
		_I2C1_DO_SEND_ADR_WRITE		CODE           	20C8	0000	16
		_I2C1_MasterClearIrq		CODE           	21A2	0000	6
		_I2C1_SetDataCompleteCallback		CODE           	201C	0000	28
		_I2C1_DO_SEND_STOP		CODE           	216E	0000	8
		_I2C1_MasterSendAck		CODE           	21BA	0000	6
		_I2C1_MasterFsm		CODE           	1BE2	0000	108
		_I2C1_MasterIsr		CODE           	21A8	0000	6
		_I2C1_MasterGetRxData		CODE           	21D2	0000	4
		_I2C1_SetInterruptHandler		CODE           	2112	0000	14
		_I2C1_MasterSetIrq		CODE           	21B4	0000	6
		_I2C1_DO_SEND_ADR_READ		CODE           	20D8	0000	16
		_I2C1_MasterEnableIrq		CODE           	2196	0000	6
		_I2C1_DO_RX_NACK_STOP		CODE           	215E	0000	8

mcc_generated_files/i2c1_master.c estimated size: 1526

mcc_generated_files/tmr2.c
		_TMR2_Initialize		CODE           	1FE2	0000	30

mcc_generated_files/tmr2.c estimated size: 30

mcc_generated_files/interrupt_manager.c
		_INTERRUPT_Initialize		CODE           	21C6	0000	4
		_INTERRUPT_InterruptManager		CODE           	0008	0000	192

mcc_generated_files/interrupt_manager.c estimated size: 196

C:\Program Files\Microchip\xc8\v2.40\pic\sources\c99\common\printf.c
		_printf        		CODE           	1F10	0000	40

C:\Program Files\Microchip\xc8\v2.40\pic\sources\c99\common\printf.c estimated size: 40

mcc_generated_files/pin_manager.c
		_PIN_MANAGER_Initialize		CODE           	18CA	0000	150

mcc_generated_files/pin_manager.c estimated size: 150

C:\Program Files\Microchip\xc8\v2.40\pic\sources\c99\common\nf_fputs.c
		_fputs         		CODE           	1D5C	0000	68

C:\Program Files\Microchip\xc8\v2.40\pic\sources\c99\common\nf_fputs.c estimated size: 68

C:\Program Files\Microchip\xc8\v2.40\pic\sources\c99\common\lomod.c
		___lomod       		CODE           	147A	0000	208

C:\Program Files\Microchip\xc8\v2.40\pic\sources\c99\common\lomod.c estimated size: 208

shared
		i2_I2C1_SetBuffer		CODE           	1F5C	0000	36
		i2_I2C1_SetCallback		CODE           	19E4	0000	132
		__initialization		CODE           	1F80	0000	24
		_i2c1_fsmStateTable		SMALLCONST     	1001	0000	48
		i2_I2C1_MasterClearIrq		CODE           	21AE	0000	6
		i2_I2C1_SetDataCompleteCallback		CODE           	2054	0000	28

shared estimated size: 274

mcc_generated_files/mcc.c
		_PMD_Initialize		CODE           	2000	0000	28
		_OSCILLATOR_Initialize		CODE           	2088	0000	24
		_SYSTEM_Initialize		CODE           	1FC4	0000	30

mcc_generated_files/mcc.c estimated size: 82

C:\Program Files\Microchip\xc8\v2.40\pic\sources\c99\common\doprnt.c
		_vfpfcnvrt     		CODE           	1216	0000	372
		_pad           		CODE           	1A68	0000	128
		_vfprintf      		CODE           	1CBA	0000	86
		_utoa          		CODE           	1050	0000	454

C:\Program Files\Microchip\xc8\v2.40\pic\sources\c99\common\doprnt.c estimated size: 1040

main.c
		_main          		CODE           	1612	0000	196

main.c estimated size: 196

C:\Program Files\Microchip\xc8\v2.40\pic\sources\c99\common\lodiv.c
		___lodiv       		CODE           	138A	0000	240

C:\Program Files\Microchip\xc8\v2.40\pic\sources\c99\common\lodiv.c estimated size: 240

