Microchip MPLAB XC8 Compiler V2.40

Linker command line:

-W-3 \
  --edf=C:/Users/DJMik/.mchp_packs/Microchip/PIC18F-K_DFP/1.8.249/xc8\pic\dat\20230209213641_en.msgs \
  -cn -h+dist/default/production\Team205_FinalBoard.X.production.sym \
  --cmf=dist/default/production\Team205_FinalBoard.X.production.cmf -z \
  -Q18LF26K40 -oC:\Users\DJMik\AppData\Local\Temp\xcAsjek.4 \
  --defsym=__MPLAB_BUILD=1 --fixupoverflow=error \
  -Mdist/default/production/Team205_FinalBoard.X.production.map \
  --md=C:\Users\DJMik\AppData\Local\Temp\xcAsjek.dat -E1 -ver=XC8 Compiler \
  --acfsm=1493 -ACODE=00h-0FFFFh -ACONST=00h-0FFFFh \
  -ASMALLCONST=0F00h-0FFFhx241 -AMEDIUMCONST=0F00h-0FFFFh -ACOMRAM=01h-05Fh \
  -AABS1=00h-0E87h -ABIGRAM=01h-0E87h \
  -ARAM=060h-0FFh,0100h-01FFhx13,0E00h-0E87h -ABANK0=060h-0FFh \
  -ABANK1=0100h-01FFh -ABANK2=0200h-02FFh -ABANK3=0300h-03FFh \
  -ABANK4=0400h-04FFh -ABANK5=0500h-05FFh -ABANK6=0600h-06FFh \
  -ABANK7=0700h-07FFh -ABANK8=0800h-08FFh -ABANK9=0900h-09FFh \
  -ABANK10=0A00h-0AFFh -ABANK11=0B00h-0BFFh -ABANK12=0C00h-0CFFh \
  -ABANK13=0D00h-0DFFh -ABANK14=0E00h-0E87h \
  -ASFR=0E8Dh-0EFFh,0F00h-0F5Fh,0F60h-0FFFh -ABIGSFR=0E8Dh-0FFFh \
  -ACONFIG=0300000h-030000Bh -AIDLOC=0200000h-020000Fh \
  -AEEDATA=0310000h-03103FFh -peeprom_data=EEDATA \
  -preset_vec=00h,intcode=08h,intcodelo,powerup,init -pramtop=0F00h \
  -psmallconst=SMALLCONST -pmediumconst=MEDIUMCONST -pconst=CONST \
  -AFARRAM=00h-00h \
  -prdata=COMRAM,nvrram=COMRAM,nvbit=COMRAM,rbss=COMRAM,rbit=COMRAM \
  -pfarbss=FARRAM,fardata=FARRAM,nvFARRAM=FARRAM \
  -pintsave_regs=BIGRAM,bigbss=BIGRAM,bigdata=BIGRAM -pbss=RAM \
  -pidata=CODE,irdata=CODE,ibigdata=CODE,ifardata=CODE -prparam=COMRAM \
  C:\Users\DJMik\AppData\Local\Temp\xcAsjek.o \
  dist/default/production\Team205_FinalBoard.X.production.o 

Object code version is 3.11

Machine type is 18LF26K40



                Name                               Link     Load   Length Selector   Space Scale
C:\Users\DJMik\AppData\Local\Temp\xcAsjek.o
                idloc                            200000   200000       10        0       5
                config                           300000   300000        C        0       4
                init                                182      182        4        4       0
                reset_vec                             0        0        4        0       0
dist/default/production\Team205_FinalBoard.X.production.o
                intcode                               8        8      17A        4       0
                idloc                            200000   200000       10        0       5
                config                           300000   300000        C        0       4
                temp                                 43       43        1        1       1
                mediumconst                        FE8C     FE8C      174     7F46       0
                text164                            7520     7520       42        4       0
                text163                            7E62     7E62        4        4       0
                text162                            7E5E     7E5E        4        4       0
                text161                            7A42     7A42       24        4       0
                text160                            6DC8     6DC8       7A        4       0
                text159                            7C00     7C00       18        4       0
                text158                            7952     7952       2C        4       0
                text157                            7926     7926       2C        4       0
                text156                            78FA     78FA       2C        4       0
                text155                            78CE     78CE       2C        4       0
                text154                            7622     7622       40        4       0
                text153                            7E5A     7E5A        4        4       0
                text152                            7E56     7E56        4        4       0
                text151                            7E52     7E52        4        4       0
                text150                            7E30     7E30        6        4       0
                text149                            7E4E     7E4E        4        4       0
                text148                            7E2A     7E2A        6        4       0
                text147                            7DE6     7DE6        8        4       0
                text146                            7C6E     7C6E       14        4       0
                text145                            7E24     7E24        6        4       0
                text144                            6C58     6C58       7C        4       0
                text143                            7D2E     7D2E        C        4       0
                text142                            7CF8     7CF8       10        4       0
                text141                            7CE8     7CE8       10        4       0
                text140                            6584     6584       C4        4       0
                text139                            685E     685E       A6        4       0
                text138                            7D22     7D22        C        4       0
                text137                            7DDE     7DDE        8        4       0
                text136                            7DD6     7DD6        8        4       0
                text135                            7DCE     7DCE        8        4       0
                text134                            7DC6     7DC6        8        4       0
                text133                            7DBE     7DBE        8        4       0
                text132                            7DB6     7DB6        8        4       0
                text131                            7DAE     7DAE        8        4       0
                text130                            7D16     7D16        C        4       0
                text129                            706C     706C       66        4       0
                text128                            7E1E     7E1E        6        4       0
                text127                            6F28     6F28       70        4       0
                text126                            7E18     7E18        6        4       0
                text125                            7E4A     7E4A        4        4       0
                text124                            7E12     7E12        6        4       0
                text123                            78A2     78A2       2C        4       0
                text122                            7E46     7E46        4        4       0
                text121                            75E2     75E2       40        4       0
                text120                            7DA6     7DA6        8        4       0
                text119                            7E0C     7E0C        6        4       0
                text118                            7ACC     7ACC       22        4       0
                text117                            7D94     7D94        A        4       0
                text116                            69A2     69A2       9E        4       0
                text115                            7BE8     7BE8       18        4       0
                text114                            6F98     6F98       6E        4       0
                text113                            7B84     7B84       1C        4       0
                text112                            7CD8     7CD8       10        4       0
                text111                            7CC8     7CC8       10        4       0
                text110                            7CB8     7CB8       10        4       0
                text109                            7B4A     7B4A       1E        4       0
                text108                            74DE     74DE       42        4       0
                text107                            749C     749C       42        4       0
                text106                            7876     7876       2C        4       0
                text105                            7B2C     7B2C       1E        4       0
                text104                            7E6A     7E6A        2        4       0
                text103                            7736     7736       32        4       0
                text102                            7C44     7C44       16        4       0
                text101                            7226     7226       52        4       0
                text100                            797E     797E       2A        4       0
                text99                             7E06     7E06        6        4       0
                text98                             7E68     7E68        2        4       0
                text97                             7E00     7E00        6        4       0
                text96                             7C2E     7C2E       16        4       0
                text95                             72C0     72C0       48        4       0
                text94                             6648     6648       BC        4       0
                text93                             79D0     79D0       28        4       0
                text92                             7E66     7E66        2        4       0
                text91                             7704     7704       32        4       0
                text89                             7C18     7C18       16        4       0
                text88                             7D8A     7D8A        A        4       0
                text87                             7D80     7D80        A        4       0
                text86                             7D76     7D76        A        4       0
                text85                             769A     769A       36        4       0
                text84                             7E42     7E42        4        4       0
                text83                             7D6C     7D6C        A        4       0
                text82                             7D62     7D62        A        4       0
                text81                             7D58     7D58        A        4       0
                text80                             7D4E     7D4E        A        4       0
                text79                             6D4E     6D4E       7A        4       0
                text78                             7C5A     7C5A       14        4       0
                text77                             7E3E     7E3E        4        4       0
                text76                             7BD0     7BD0       18        4       0
                text75                             6B5A     6B5A       82        4       0
                text74                             7B68     7B68       1C        4       0
                text73                             784A     784A       2C        4       0
                text72                             7B0E     7B0E       1E        4       0
                text71                             7DFA     7DFA        6        4       0
                text70                             7E3A     7E3A        4        4       0
                text69                             7DF4     7DF4        6        4       0
                text68                             781E     781E       2C        4       0
                text67                             7E36     7E36        4        4       0
                text66                             75A2     75A2       40        4       0
                text65                             7D9E     7D9E        8        4       0
                text64                             7DEE     7DEE        6        4       0
                text63                             7AAA     7AAA       22        4       0
                text62                             7D44     7D44        A        4       0
                text61                             6904     6904       9E        4       0
                text60                             6CD4     6CD4       7A        4       0
                text59                             7BB8     7BB8       18        4       0
                text58                             7A1E     7A1E       24        4       0
                text57                             7BA0     7BA0       18        4       0
                text56                             6EB6     6EB6       72        4       0
                text55                             7AEE     7AEE       20        4       0
                text54                             7CA6     7CA6       12        4       0
                text53                             7C94     7C94       12        4       0
                text52                             7C82     7C82       12        4       0
                text51                             7A88     7A88       22        4       0
                text50                             745A     745A       42        4       0
                text49                             7418     7418       42        4       0
                text48                             77F2     77F2       2C        4       0
                text47                             6BDC     6BDC       7C        4       0
                text46                             712A     712A       56        4       0
                text45                             79F8     79F8       26        4       0
                text44                             77C6     77C6       2C        4       0
                text43                             734E     734E       46        4       0
                text42                             5F58     5F58      15A        4       0
                text41                             5AE6     5AE6      18A        4       0
                text40                             5DF2     5DF2      166        4       0
                text39                             7562     7562       40        4       0
                text38                             70D2     70D2       58        4       0
                text37                             7D3A     7D3A        A        4       0
                text36                             6A40     6A40       98        4       0
                text35                             7308     7308       46        4       0
                text34                             6704     6704       AE        4       0
                text33                             5090     5090      282        4       0
                text32                             49E6     49E6      39C        4       0
                text31                             67B2     67B2       AC        4       0
                text30                             61BA     61BA      106        4       0
                text29                             45BA     45BA      42C        4       0
                text28                             7662     7662       38        4       0
                text27                             3C3C     3C3C      4C2        4       0
                text26                             7278     7278       48        4       0
                text25                             60B2     60B2      108        4       0
                text24                             62C0     62C0      100        4       0
                text23                             5550     5550      216        4       0
                text22                             7006     7006       66        4       0
                text21                             71D4     71D4       52        4       0
                text20                             73D6     73D6       42        4       0
                text19                             2C22     2C22      A60        4       0
                text18                             63C0     63C0       F2        4       0
                text17                             64B2     64B2       D2        4       0
                text16                             5766     5766      1C8        4       0
                text15                             3682     3682      5BA        4       0
                text14                             7180     7180       54        4       0
                text13                             79A8     79A8       28        4       0
                text12                             592E     592E      1B8        4       0
                text11                             6AD8     6AD8       82        4       0
                text10                             7D08     7D08        E        4       0
                text9                              6E42     6E42       74        4       0
                text8                              7768     7768       30        4       0
                text7                              7394     7394       42        4       0
                text6                              76D0     76D0       34        4       0
                text5                              5312     5312      23E        4       0
                text4                              7A66     7A66       22        4       0
                text3                              40FE     40FE      4BC        4       0
                text2                               186      186     2A9C        4       0
                text1                              5C70     5C70      182        4       0
                text0                              4D82     4D82      30E        4       0
                cstackCOMRAM                          1        1       25        1       1
                cstackBANK0                          60       60       96       60       1
                cstackBANK1                         100      100       C9      100       1
                cstackBANK2                         268      268       14      200       1
                bssBANK2                            200      200       68      200       1
                bssBANK1                            1C9      1C9       32      100       1
                bssCOMRAM                            26       26       1C        1       1
                cinit                              7798     7798       2E        4       0
                nvBANK2                             27C      27C        C      200       1
                nvBANK1                             1FB      1FB        2      100       1
                nvCOMRAM                             42       42        1        1       1

TOTAL           Name                               Link     Load   Length     Space
        CLASS   CODE           
                intcode                               8        8      17A         0
                init                                182      182        4         0
                reset_vec                             0        0        4         0
                text164                            7520     7520       42         0
                text163                            7E62     7E62        4         0
                text162                            7E5E     7E5E        4         0
                text161                            7A42     7A42       24         0
                text160                            6DC8     6DC8       7A         0
                text159                            7C00     7C00       18         0
                text158                            7952     7952       2C         0
                text157                            7926     7926       2C         0
                text156                            78FA     78FA       2C         0
                text155                            78CE     78CE       2C         0
                text154                            7622     7622       40         0
                text153                            7E5A     7E5A        4         0
                text152                            7E56     7E56        4         0
                text151                            7E52     7E52        4         0
                text150                            7E30     7E30        6         0
                text149                            7E4E     7E4E        4         0
                text148                            7E2A     7E2A        6         0
                text147                            7DE6     7DE6        8         0
                text146                            7C6E     7C6E       14         0
                text145                            7E24     7E24        6         0
                text144                            6C58     6C58       7C         0
                text143                            7D2E     7D2E        C         0
                text142                            7CF8     7CF8       10         0
                text141                            7CE8     7CE8       10         0
                text140                            6584     6584       C4         0
                text139                            685E     685E       A6         0
                text138                            7D22     7D22        C         0
                text137                            7DDE     7DDE        8         0
                text136                            7DD6     7DD6        8         0
                text135                            7DCE     7DCE        8         0
                text134                            7DC6     7DC6        8         0
                text133                            7DBE     7DBE        8         0
                text132                            7DB6     7DB6        8         0
                text131                            7DAE     7DAE        8         0
                text130                            7D16     7D16        C         0
                text129                            706C     706C       66         0
                text128                            7E1E     7E1E        6         0
                text127                            6F28     6F28       70         0
                text126                            7E18     7E18        6         0
                text125                            7E4A     7E4A        4         0
                text124                            7E12     7E12        6         0
                text123                            78A2     78A2       2C         0
                text122                            7E46     7E46        4         0
                text121                            75E2     75E2       40         0
                text120                            7DA6     7DA6        8         0
                text119                            7E0C     7E0C        6         0
                text118                            7ACC     7ACC       22         0
                text117                            7D94     7D94        A         0
                text116                            69A2     69A2       9E         0
                text115                            7BE8     7BE8       18         0
                text114                            6F98     6F98       6E         0
                text113                            7B84     7B84       1C         0
                text112                            7CD8     7CD8       10         0
                text111                            7CC8     7CC8       10         0
                text110                            7CB8     7CB8       10         0
                text109                            7B4A     7B4A       1E         0
                text108                            74DE     74DE       42         0
                text107                            749C     749C       42         0
                text106                            7876     7876       2C         0
                text105                            7B2C     7B2C       1E         0
                text104                            7E6A     7E6A        2         0
                text103                            7736     7736       32         0
                text102                            7C44     7C44       16         0
                text101                            7226     7226       52         0
                text100                            797E     797E       2A         0
                text99                             7E06     7E06        6         0
                text98                             7E68     7E68        2         0
                text97                             7E00     7E00        6         0
                text96                             7C2E     7C2E       16         0
                text95                             72C0     72C0       48         0
                text94                             6648     6648       BC         0
                text93                             79D0     79D0       28         0
                text92                             7E66     7E66        2         0
                text91                             7704     7704       32         0
                text89                             7C18     7C18       16         0
                text88                             7D8A     7D8A        A         0
                text87                             7D80     7D80        A         0
                text86                             7D76     7D76        A         0
                text85                             769A     769A       36         0
                text84                             7E42     7E42        4         0
                text83                             7D6C     7D6C        A         0
                text82                             7D62     7D62        A         0
                text81                             7D58     7D58        A         0
                text80                             7D4E     7D4E        A         0
                text79                             6D4E     6D4E       7A         0
                text78                             7C5A     7C5A       14         0
                text77                             7E3E     7E3E        4         0
                text76                             7BD0     7BD0       18         0
                text75                             6B5A     6B5A       82         0
                text74                             7B68     7B68       1C         0
                text73                             784A     784A       2C         0
                text72                             7B0E     7B0E       1E         0
                text71                             7DFA     7DFA        6         0
                text70                             7E3A     7E3A        4         0
                text69                             7DF4     7DF4        6         0
                text68                             781E     781E       2C         0
                text67                             7E36     7E36        4         0
                text66                             75A2     75A2       40         0
                text65                             7D9E     7D9E        8         0
                text64                             7DEE     7DEE        6         0
                text63                             7AAA     7AAA       22         0
                text62                             7D44     7D44        A         0
                text61                             6904     6904       9E         0
                text60                             6CD4     6CD4       7A         0
                text59                             7BB8     7BB8       18         0
                text58                             7A1E     7A1E       24         0
                text57                             7BA0     7BA0       18         0
                text56                             6EB6     6EB6       72         0
                text55                             7AEE     7AEE       20         0
                text54                             7CA6     7CA6       12         0
                text53                             7C94     7C94       12         0
                text52                             7C82     7C82       12         0
                text51                             7A88     7A88       22         0
                text50                             745A     745A       42         0
                text49                             7418     7418       42         0
                text48                             77F2     77F2       2C         0
                text47                             6BDC     6BDC       7C         0
                text46                             712A     712A       56         0
                text45                             79F8     79F8       26         0
                text44                             77C6     77C6       2C         0
                text43                             734E     734E       46         0
                text42                             5F58     5F58      15A         0
                text41                             5AE6     5AE6      18A         0
                text40                             5DF2     5DF2      166         0
                text39                             7562     7562       40         0
                text38                             70D2     70D2       58         0
                text37                             7D3A     7D3A        A         0
                text36                             6A40     6A40       98         0
                text35                             7308     7308       46         0
                text34                             6704     6704       AE         0
                text33                             5090     5090      282         0
                text32                             49E6     49E6      39C         0
                text31                             67B2     67B2       AC         0
                text30                             61BA     61BA      106         0
                text29                             45BA     45BA      42C         0
                text28                             7662     7662       38         0
                text27                             3C3C     3C3C      4C2         0
                text26                             7278     7278       48         0
                text25                             60B2     60B2      108         0
                text24                             62C0     62C0      100         0
                text23                             5550     5550      216         0
                text22                             7006     7006       66         0
                text21                             71D4     71D4       52         0
                text20                             73D6     73D6       42         0
                text19                             2C22     2C22      A60         0
                text18                             63C0     63C0       F2         0
                text17                             64B2     64B2       D2         0
                text16                             5766     5766      1C8         0
                text15                             3682     3682      5BA         0
                text14                             7180     7180       54         0
                text13                             79A8     79A8       28         0
                text12                             592E     592E      1B8         0
                text11                             6AD8     6AD8       82         0
                text10                             7D08     7D08        E         0
                text9                              6E42     6E42       74         0
                text8                              7768     7768       30         0
                text7                              7394     7394       42         0
                text6                              76D0     76D0       34         0
                text5                              5312     5312      23E         0
                text4                              7A66     7A66       22         0
                text3                              40FE     40FE      4BC         0
                text2                               186      186     2A9C         0
                text1                              5C70     5C70      182         0
                text0                              4D82     4D82      30E         0
                cinit                              7798     7798       2E         0

        CLASS   CONST          

        CLASS   SMALLCONST     

        CLASS   MEDIUMCONST    
                mediumconst                        FE8C     FE8C      174         0

        CLASS   COMRAM         
                temp                                 43       43        1         1
                cstackCOMRAM                          1        1       25         1
                bssCOMRAM                            26       26       1C         1
                nvCOMRAM                             42       42        1         1

        CLASS   ABS1           

        CLASS   BIGRAM         

        CLASS   RAM            

        CLASS   BANK0          
                cstackBANK0                          60       60       96         1

        CLASS   BANK1          
                cstackBANK1                         100      100       C9         1
                bssBANK1                            1C9      1C9       32         1
                nvBANK1                             1FB      1FB        2         1

        CLASS   BANK2          
                cstackBANK2                         268      268       14         1
                bssBANK2                            200      200       68         1
                nvBANK2                             27C      27C        C         1

        CLASS   BANK3          

        CLASS   BANK4          

        CLASS   BANK5          

        CLASS   BANK6          

        CLASS   BANK7          

        CLASS   BANK8          

        CLASS   BANK9          

        CLASS   BANK10         

        CLASS   BANK11         

        CLASS   BANK12         

        CLASS   BANK13         

        CLASS   BANK14         

        CLASS   SFR            

        CLASS   BIGSFR         

        CLASS   CONFIG         
                config                           300000   300000        C         4

        CLASS   IDLOC          
                idloc                            200000   200000       10         5

        CLASS   EEDATA         

        CLASS   FARRAM         

        CLASS   HEAP           

        CLASS   STACK          



SEGMENTS        Name                           Load    Length   Top    Selector   Space  Class

                reset_vec                      000000  000004  000004         0       0  CODE    
                cstackCOMRAM                   000001  000043  000044         1       1  COMRAM  
                intcode                        000008  007E64  007E6C         4       0  CODE    
                cstackBANK0                    000060  000096  0000F6        60       1  BANK0   
                cstackBANK1                    000100  0000FD  0001FD       100       1  BANK1   
                bssBANK2                       000200  000088  000288       200       1  BANK2   
                mediumconst                    00FE8C  000174  010000      7F46       0  MEDIUMCO


UNUSED ADDRESS RANGES

        Name                Unused          Largest block    Delta
        BANK0            0000F6-0000FF                A
        BANK1            0001FD-0001FF                3
        BANK10           000A00-000AFF              100
        BANK11           000B00-000BFF              100
        BANK12           000C00-000CFF              100
        BANK13           000D00-000DFF              100
        BANK14           000E00-000E87               88
        BANK2            000288-0002FF               78
        BANK3            000300-0003FF              100
        BANK4            000400-0004FF              100
        BANK5            000500-0005FF              100
        BANK6            000600-0006FF              100
        BANK7            000700-0007FF              100
        BANK8            000800-0008FF              100
        BANK9            000900-0009FF              100
        BIGRAM           000044-00005F               1C
                         0000F6-0000FF                A
                         0001FD-0001FF                3
                         000288-000E87              C00
        BIGSFR           000E8D-000FFF              173
        CODE             000004-000007                4
                         007E6C-00FE8B             8020
        COMRAM           000044-00005F               1C
        CONST            000004-000007                4
                         007E6C-00FE8B             8020
        EEDATA           310000-3103FF              400
        MEDIUMCONST      007E6C-00FE8B             8020
        RAM              0000F6-0000FF                A
                         0001FD-0001FF                3
                         000288-000E87              100
        SFR              000E8D-000FFF               73
        SMALLCONST       007E6C-00FE8B              100

                                  Symbol Table

?___aodiv                                       cstackBANK0  000060
?___aomod                                       cstackBANK0  000060
?___fladd                                       cstackBANK0  00006E
?___fldiv                                       cstackBANK0  00009F
?___flmul                                       cstackBANK0  00007E
?___flneg                                       cstackCOMRAM 00001D
?___flsub                                       cstackBANK0  000097
?___fltol                                       cstackCOMRAM 00001D
?___fpclassifyf                                 cstackCOMRAM 00001D
?___lodiv                                       cstackBANK0  000060
?___lomod                                       cstackBANK0  000060
?___lwdiv                                       cstackCOMRAM 00001D
?___wmul                                        cstackCOMRAM 00001D
?___xxtofl                                      cstackBANK0  000060
?_abs                                           cstackCOMRAM 00001F
?_atoi                                          cstackCOMRAM 000023
?_fabsf                                         cstackCOMRAM 00001D
?_floorf                                        cstackBANK0  0000B8
?_hallRead                                      cstackBANK0  000063
?_isdigit                                       cstackCOMRAM 00001D
?_isspace                                       cstackCOMRAM 00001D
?_labs                                          cstackCOMRAM 00001D
?_nanf                                          cstackCOMRAM 00001D
?_powf                                          cstackBANK0  0000D8
?_printf                                        cstackBANK1  00012C
?_scalbnf                                       cstackBANK0  000097
?_sqrtf                                         cstackBANK0  0000AB
?_t_update                                      cstackBANK0  0000B8
?_vfprintf                                      cstackBANK0  0000EA
?_windSpeedCalc                                 cstackBANK0  0000E9
EUSART1_Read@readValue                          cstackCOMRAM 000001
EUSART1_SetErrorHandler@interruptHandler        cstackCOMRAM 00001D
EUSART1_SetFramingErrorHandler@interruptHandler cstackCOMRAM 00001D
EUSART1_SetOverrunErrorHandler@interruptHandler cstackCOMRAM 00001D
EUSART1_SetRxInterruptHandler@interruptHandler  cstackCOMRAM 00001D
EUSART1_SetTxInterruptHandler@interruptHandler  cstackCOMRAM 00001D
EUSART1_Write@txData                            cstackCOMRAM 00001D
I2C1_CallbackReturnReset@funPtr                 cstackCOMRAM 00000A
I2C1_Close@returnValue                          cstackCOMRAM 00001D
I2C1_MasterOperation@read                       cstackCOMRAM 00001D
I2C1_MasterOperation@returnValue                cstackCOMRAM 00001E
I2C1_MasterSendTxData@data                      cstackCOMRAM 000001
I2C1_Open@address                               cstackCOMRAM 00001F
I2C1_Open@returnValue                           cstackCOMRAM 000020
I2C1_Read1ByteRegister@address                  cstackBANK0  000061
I2C1_Read1ByteRegister@reg                      cstackBANK0  000060
I2C1_Read1ByteRegister@returnValue              cstackBANK0  000062
I2C1_SetAddressNackCallback@cb                  cstackCOMRAM 000022
I2C1_SetAddressNackCallback@ptr                 cstackCOMRAM 000024
I2C1_SetBuffer@buffer                           cstackCOMRAM 00001D
I2C1_SetBuffer@bufferSize                       cstackCOMRAM 00001F
I2C1_SetCallback@cb                             cstackCOMRAM 00001D
I2C1_SetCallback@idx                            cstackCOMRAM 000021
I2C1_SetCallback@ptr                            cstackCOMRAM 00001F
I2C1_SetDataCompleteCallback@cb                 cstackCOMRAM 000022
I2C1_SetDataCompleteCallback@ptr                cstackCOMRAM 000024
I2C1_SetInterruptHandler@InterruptHandler       cstackCOMRAM 00001D
I2C1_Write1ByteRegister@address                 cstackBANK0  000062
I2C1_Write1ByteRegister@data                    cstackBANK0  000061
I2C1_Write1ByteRegister@reg                     cstackBANK0  000060
IOCAF0_SetInterruptHandler@InterruptHandler     cstackCOMRAM 00001D
Interrupt_Handler_Initialize@manualMode         cstackCOMRAM 000021
Interrupt_Handler_Initialize@timer_s            cstackCOMRAM 00001F
TMR2_SetInterruptHandler@InterruptHandler       cstackCOMRAM 00001D
_ANSELA                                         (abs)        000F11
_ANSELB                                         (abs)        000F19
_ANSELC                                         (abs)        000F21
_BAUD1CON                                       (abs)        000F9F
_EUSART1_DefaultErrorHandler                    text99       007E06
_EUSART1_DefaultFramingErrorHandler             text98       007E68
_EUSART1_DefaultOverrunErrorHandler             text97       007E00
_EUSART1_ErrorHandler                           nvBANK2      00027C
_EUSART1_FramingErrorHandler                    nvBANK2      000280
_EUSART1_Initialize                             text79       006D4E
_EUSART1_OverrunErrorHandler                    nvBANK2      00027E
_EUSART1_Read                                   text101      007226
_EUSART1_Receive_ISR                            text94       006648
_EUSART1_RxDataHandler                          text100      00797E
_EUSART1_RxDefaultInterruptHandler              nvBANK2      000284
_EUSART1_SetErrorHandler                        text83       007D6C
_EUSART1_SetFramingErrorHandler                 text82       007D62
_EUSART1_SetOverrunErrorHandler                 text81       007D58
_EUSART1_SetRxInterruptHandler                  text88       007D8A
_EUSART1_SetTxInterruptHandler                  text80       007D4E
_EUSART1_Transmit_ISR                           text164      007520
_EUSART1_TxDefaultInterruptHandler              nvBANK2      000286
_EUSART1_Write                                  text38       0070D2
_EUSART1_is_rx_ready                            text96       007C2E
_EUSART1_is_tx_ready                            text89       007C18
_I2C1_CallbackReturnReset                       text152      007E56
_I2C1_CallbackReturnStop                        text153      007E5A
_I2C1_Close                                     text68       00781E
_I2C1_DO_ADDRESS_NACK                           text129      00706C
_I2C1_DO_IDLE                                   text143      007D2E
_I2C1_DO_RCEN                                   text138      007D22
_I2C1_DO_RESET                                  text130      007D16
_I2C1_DO_RX                                     text139      00685E
_I2C1_DO_RX_ACK                                 text133      007DBE
_I2C1_DO_RX_NACK_RESTART                        text131      007DAE
_I2C1_DO_RX_NACK_STOP                           text132      007DB6
_I2C1_DO_SEND_ADR_READ                          text142      007CF8
_I2C1_DO_SEND_ADR_WRITE                         text141      007CE8
_I2C1_DO_SEND_RESTART                           text135      007DCE
_I2C1_DO_SEND_RESTART_READ                      text137      007DDE
_I2C1_DO_SEND_RESTART_WRITE                     text136      007DD6
_I2C1_DO_SEND_STOP                              text134      007DC6
_I2C1_DO_TX                                     text140      006584
_I2C1_DO_TX_EMPTY                               text144      006C58
_I2C1_Initialize                                text78       007C5A
_I2C1_MasterClearIrq                            text71       007DFA
_I2C1_MasterClose                               text70       007E3A
_I2C1_MasterDisableIrq                          text69       007DF4
_I2C1_MasterEnableIrq                           text64       007DEE
_I2C1_MasterEnableRestart                       text163      007E62
_I2C1_MasterFsm                                 text127      006F28
_I2C1_MasterGetRxData                           text149      007E4E
_I2C1_MasterIsNack                              text146      007C6E
_I2C1_MasterIsr                                 text126      007E18
_I2C1_MasterOpen                                text63       007AAA
_I2C1_MasterOperation                           text66       0075A2
_I2C1_MasterSendAck                             text148      007E2A
_I2C1_MasterSendNack                            text150      007E30
_I2C1_MasterSendTxData                          text147      007DE6
_I2C1_MasterSetIrq                              text145      007E24
_I2C1_MasterStart                               text67       007E36
_I2C1_MasterStartRx                             text151      007E52
_I2C1_MasterStop                                text162      007E5E
_I2C1_MasterWrite                               text65       007D9E
_I2C1_Open                                      text61       006904
_I2C1_Read1ByteRegister                         text47       006BDC
_I2C1_SetAddressNackCallback                    text59       007BB8
_I2C1_SetBuffer                                 text58       007A1E
_I2C1_SetCallback                               text60       006CD4
_I2C1_SetDataCompleteCallback                   text57       007BA0
_I2C1_SetInterruptHandler                       text62       007D44
_I2C1_Status                                    bssBANK1     0001C9
_I2C1_Write1ByteRegister                        text56       006EB6
_INLVLA                                         (abs)        000F0D
_INLVLB                                         (abs)        000F15
_INLVLC                                         (abs)        000F1D
_INLVLE                                         (abs)        000F2A
_INTCONbits                                     (abs)        000FF2
_INTERRUPT_Initialize                           text77       007E3E
_INTERRUPT_InterruptManager                     intcode      000008
_IOCAF0_DefaultInterruptHandler                 text104      007E6A
_IOCAF0_ISR                                     text103      007736
_IOCAF0_InterruptHandler                        nvBANK1      0001FB
_IOCAF0_SetInterruptHandler                     text87       007D80
_IOCAFbits                                      (abs)        000F0A
_IOCANbits                                      (abs)        000F0B
_IOCAPbits                                      (abs)        000F0C
_Interrupt_Handler_Initialize                   text85       00769A
_LATA                                           (abs)        000F83
_LATAbits                                       (abs)        000F83
_LATB                                           (abs)        000F84
_LATBbits                                       (abs)        000F84
_LATC                                           (abs)        000F85
_MSSP1_InterruptHandler                         bssCOMRAM    000038
_ODCONA                                         (abs)        000F0F
_ODCONB                                         (abs)        000F17
_ODCONBbits                                     (abs)        000F17
_ODCONC                                         (abs)        000F1F
_OSCCON1                                        (abs)        000ED8
_OSCCON3                                        (abs)        000EDA
_OSCEN                                          (abs)        000EDC
_OSCFRQ                                         (abs)        000EDE
_OSCILLATOR_Initialize                          text76       007BD0
_OSCTUNE                                        (abs)        000EDD
_PIE0bits                                       (abs)        000EC2
_PIE3bits                                       (abs)        000EC5
_PIE4bits                                       (abs)        000EC6
_PIN_MANAGER_IOC                                text102      007C44
_PIN_MANAGER_Initialize                         text75       006B5A
_PIR0bits                                       (abs)        000ECA
_PIR3bits                                       (abs)        000ECD
_PIR4bits                                       (abs)        000ECE
_PMD0                                           (abs)        000EE1
_PMD1                                           (abs)        000EE2
_PMD2                                           (abs)        000EE3
_PMD3                                           (abs)        000EE4
_PMD4                                           (abs)        000EE5
_PMD5                                           (abs)        000EE6
_PMD_Initialize                                 text74       007B68
_PORTAbits                                      (abs)        000F8D
_PR2                                            (abs)        000FBC
_RC1REG                                         (abs)        000F99
_RC1STA                                         (abs)        000F9D
_RC1STAbits                                     (abs)        000F9D
_RC3PPS                                         (abs)        000EFA
_RC4PPS                                         (abs)        000EFB
_RC6PPS                                         (abs)        000EFD
_RX1PPS                                         (abs)        000EB5
_Read_EUSART1_Buffer                            text84       007E42
_Rx1_ISR                                        text95       0072C0
_SLRCONA                                        (abs)        000F0E
_SLRCONB                                        (abs)        000F16
_SLRCONC                                        (abs)        000F1E
_SP1BRGH                                        (abs)        000F9C
_SP1BRGL                                        (abs)        000F9B
_SSP1ADD                                        (abs)        000F93
_SSP1BUF                                        (abs)        000F92
_SSP1CLKPPS                                     (abs)        000EB7
_SSP1CON1                                       (abs)        000F96
_SSP1CON1bits                                   (abs)        000F96
_SSP1CON2                                       (abs)        000F97
_SSP1CON2bits                                   (abs)        000F97
_SSP1DATPPS                                     (abs)        000EB8
_SSP1STAT                                       (abs)        000F95
_SSP1STATbits                                   (abs)        000F95
_SYSTEM_Initialize                              text72       007B0E
_T2CLKCON                                       (abs)        000FBF
_T2CON                                          (abs)        000FBD
_T2CONbits                                      (abs)        000FBD
_T2HLT                                          (abs)        000FBE
_T2HLTbits                                      (abs)        000FBE
_T2PR                                           (abs)        000FBC
_T2RST                                          (abs)        000FC0
_T2RSTbits                                      (abs)        000FC0
_T2TMR                                          (abs)        000FBB
_TMR2                                           (abs)        000FBB
_TMR2_DefaultInterruptHandler                   text92       007E66
_TMR2_ISR                                       text91       007704
_TMR2_Initialize                                text73       00784A
_TMR2_InterruptHandler                          nvBANK2      000282
_TMR2_SetInterruptHandler                       text86       007D76
_TRISA                                          (abs)        000F88
_TRISB                                          (abs)        000F89
_TRISC                                          (abs)        000F8A
_TX1REG                                         (abs)        000F9A
_TX1STA                                         (abs)        000F9E
_TX1STAbits                                     (abs)        000F9E
_WPUA                                           (abs)        000F10
_WPUB                                           (abs)        000F18
_WPUC                                           (abs)        000F20
_WPUE                                           (abs)        000F2D
__HRAM                                          (abs)        000000
__Habs1                                         abs1         000000
__Hbank0                                        bank0        000000
__Hbank1                                        bank1        000000
__Hbank10                                       bank10       000000
__Hbank11                                       bank11       000000
__Hbank12                                       bank12       000000
__Hbank13                                       bank13       000000
__Hbank14                                       bank14       000000
__Hbank2                                        bank2        000000
__Hbank3                                        bank3        000000
__Hbank4                                        bank4        000000
__Hbank5                                        bank5        000000
__Hbank6                                        bank6        000000
__Hbank7                                        bank7        000000
__Hbank8                                        bank8        000000
__Hbank9                                        bank9        000000
__Hbigbss                                       bigbss       000000
__Hbigdata                                      bigdata      000000
__Hbigram                                       bigram       000000
__Hbigsfr                                       bigsfr       000000
__Hbss                                          bss          000000
__HbssBANK1                                     bssBANK1     000000
__HbssBANK2                                     bssBANK2     000000
__HbssCOMRAM                                    bssCOMRAM    000000
__Hcinit                                        cinit        000000
__Hclrtext                                      clrtext      000000
__Hcomram                                       comram       000000
__Hconfig                                       config       30000C
__Hconst                                        const        000000
__HcstackBANK0                                  cstackBANK0  000000
__HcstackBANK1                                  cstackBANK1  000000
__HcstackBANK2                                  cstackBANK2  000000
__HcstackCOMRAM                                 cstackCOMRAM 000000
__Hdata                                         data         000000
__Heeprom_data                                  eeprom_data  000000
__Hfarbss                                       farbss       000000
__Hfardata                                      fardata      000000
__Hheap                                         heap         000000
__Hibigdata                                     ibigdata     000000
__Hidata                                        idata        000000
__Hidloc                                        idloc        200010
__Hifardata                                     ifardata     000000
__Hinit                                         init         000186
__Hintcode                                      intcode      000182
__Hintcode_body                                 intcode_body 000000
__Hintcodelo                                    intcodelo    000182
__Hintentry                                     intentry     000000
__Hintret                                       intret       000000
__Hintsave_regs                                 intsave_regs 000000
__Hirdata                                       irdata       000000
__Hmediumconst                                  mediumconst  010000
__HnvBANK1                                      nvBANK1      000000
__HnvBANK2                                      nvBANK2      000000
__HnvCOMRAM                                     nvCOMRAM     000000
__HnvFARRAM                                     nvFARRAM     000000
__Hnvbit                                        nvbit        000000
__Hnvrram                                       nvrram       000000
__Hparam                                        rparam       000000
__Hpowerup                                      powerup      000182
__Hram                                          ram          000000
__Hramtop                                       ramtop       000F00
__Hrbit                                         rbit         000000
__Hrbss                                         rbss         000000
__Hrdata                                        rdata        000000
__Hreset_vec                                    reset_vec    000004
__Hrparam                                       rparam       000000
__Hsfr                                          sfr          000000
__Hsmallconst                                   smallconst   000000
__Hspace_0                                      (abs)        010000
__Hspace_1                                      (abs)        000288
__Hspace_2                                      (abs)        000000
__Hspace_4                                      (abs)        60000C
__Hstack                                        stack        000000
__Hstruct                                       struct       000000
__Htemp                                         temp         000044
__Htext                                         text         000000
__Htext0                                        text0        000000
__Htext1                                        text1        000000
__Htext10                                       text10       000000
__Htext100                                      text100      000000
__Htext101                                      text101      000000
__Htext102                                      text102      000000
__Htext103                                      text103      000000
__Htext104                                      text104      000000
__Htext105                                      text105      000000
__Htext106                                      text106      000000
__Htext107                                      text107      000000
__Htext108                                      text108      000000
__Htext109                                      text109      000000
__Htext11                                       text11       000000
__Htext110                                      text110      000000
__Htext111                                      text111      000000
__Htext112                                      text112      000000
__Htext113                                      text113      000000
__Htext114                                      text114      000000
__Htext115                                      text115      000000
__Htext116                                      text116      000000
__Htext117                                      text117      000000
__Htext118                                      text118      000000
__Htext119                                      text119      000000
__Htext12                                       text12       000000
__Htext120                                      text120      000000
__Htext121                                      text121      000000
__Htext122                                      text122      000000
__Htext123                                      text123      000000
__Htext124                                      text124      000000
__Htext125                                      text125      000000
__Htext126                                      text126      000000
__Htext127                                      text127      000000
__Htext128                                      text128      000000
__Htext129                                      text129      000000
__Htext13                                       text13       000000
__Htext130                                      text130      000000
__Htext131                                      text131      000000
__Htext132                                      text132      000000
__Htext133                                      text133      000000
__Htext134                                      text134      000000
__Htext135                                      text135      000000
__Htext136                                      text136      000000
__Htext137                                      text137      000000
__Htext138                                      text138      000000
__Htext139                                      text139      000000
__Htext14                                       text14       000000
__Htext140                                      text140      000000
__Htext141                                      text141      000000
__Htext142                                      text142      000000
__Htext143                                      text143      000000
__Htext144                                      text144      000000
__Htext145                                      text145      000000
__Htext146                                      text146      000000
__Htext147                                      text147      000000
__Htext148                                      text148      000000
__Htext149                                      text149      000000
__Htext15                                       text15       000000
__Htext150                                      text150      000000
__Htext151                                      text151      000000
__Htext152                                      text152      000000
__Htext153                                      text153      000000
__Htext154                                      text154      000000
__Htext155                                      text155      000000
__Htext156                                      text156      000000
__Htext157                                      text157      000000
__Htext158                                      text158      000000
__Htext159                                      text159      000000
__Htext16                                       text16       000000
__Htext160                                      text160      000000
__Htext161                                      text161      000000
__Htext162                                      text162      000000
__Htext163                                      text163      000000
__Htext164                                      text164      000000
__Htext165                                      text165      000000
__Htext17                                       text17       000000
__Htext18                                       text18       000000
__Htext19                                       text19       000000
__Htext2                                        text2        000000
__Htext20                                       text20       000000
__Htext21                                       text21       000000
__Htext22                                       text22       000000
__Htext23                                       text23       000000
__Htext24                                       text24       000000
__Htext25                                       text25       000000
__Htext26                                       text26       000000
__Htext27                                       text27       000000
__Htext28                                       text28       000000
__Htext29                                       text29       000000
__Htext3                                        text3        000000
__Htext30                                       text30       000000
__Htext31                                       text31       000000
__Htext32                                       text32       000000
__Htext33                                       text33       000000
__Htext34                                       text34       000000
__Htext35                                       text35       000000
__Htext36                                       text36       000000
__Htext37                                       text37       000000
__Htext38                                       text38       000000
__Htext39                                       text39       000000
__Htext4                                        text4        000000
__Htext40                                       text40       000000
__Htext41                                       text41       000000
__Htext42                                       text42       000000
__Htext43                                       text43       000000
__Htext44                                       text44       000000
__Htext45                                       text45       000000
__Htext46                                       text46       000000
__Htext47                                       text47       000000
__Htext48                                       text48       000000
__Htext49                                       text49       000000
__Htext5                                        text5        000000
__Htext50                                       text50       000000
__Htext51                                       text51       000000
__Htext52                                       text52       000000
__Htext53                                       text53       000000
__Htext54                                       text54       000000
__Htext55                                       text55       000000
__Htext56                                       text56       000000
__Htext57                                       text57       000000
__Htext58                                       text58       000000
__Htext59                                       text59       000000
__Htext6                                        text6        000000
__Htext60                                       text60       000000
__Htext61                                       text61       000000
__Htext62                                       text62       000000
__Htext63                                       text63       000000
__Htext64                                       text64       000000
__Htext65                                       text65       000000
__Htext66                                       text66       000000
__Htext67                                       text67       000000
__Htext68                                       text68       000000
__Htext69                                       text69       000000
__Htext7                                        text7        000000
__Htext70                                       text70       000000
__Htext71                                       text71       000000
__Htext72                                       text72       000000
__Htext73                                       text73       000000
__Htext74                                       text74       000000
__Htext75                                       text75       000000
__Htext76                                       text76       000000
__Htext77                                       text77       000000
__Htext78                                       text78       000000
__Htext79                                       text79       000000
__Htext8                                        text8        000000
__Htext80                                       text80       000000
__Htext81                                       text81       000000
__Htext82                                       text82       000000
__Htext83                                       text83       000000
__Htext84                                       text84       000000
__Htext85                                       text85       000000
__Htext86                                       text86       000000
__Htext87                                       text87       000000
__Htext88                                       text88       000000
__Htext89                                       text89       000000
__Htext9                                        text9        000000
__Htext91                                       text91       000000
__Htext92                                       text92       000000
__Htext93                                       text93       000000
__Htext94                                       text94       000000
__Htext95                                       text95       000000
__Htext96                                       text96       000000
__Htext97                                       text97       000000
__Htext98                                       text98       000000
__Htext99                                       text99       000000
__LRAM                                          (abs)        000001
__Labs1                                         abs1         000000
__Lbank0                                        bank0        000000
__Lbank1                                        bank1        000000
__Lbank10                                       bank10       000000
__Lbank11                                       bank11       000000
__Lbank12                                       bank12       000000
__Lbank13                                       bank13       000000
__Lbank14                                       bank14       000000
__Lbank2                                        bank2        000000
__Lbank3                                        bank3        000000
__Lbank4                                        bank4        000000
__Lbank5                                        bank5        000000
__Lbank6                                        bank6        000000
__Lbank7                                        bank7        000000
__Lbank8                                        bank8        000000
__Lbank9                                        bank9        000000
__Lbigbss                                       bigbss       000000
__Lbigdata                                      bigdata      000000
__Lbigram                                       bigram       000000
__Lbigsfr                                       bigsfr       000000
__Lbss                                          bss          000000
__LbssBANK1                                     bssBANK1     000000
__LbssBANK2                                     bssBANK2     000000
__LbssCOMRAM                                    bssCOMRAM    000000
__Lcinit                                        cinit        000000
__Lclrtext                                      clrtext      000000
__Lcomram                                       comram       000000
__Lconfig                                       config       000000
__Lconst                                        const        000000
__LcstackBANK0                                  cstackBANK0  000000
__LcstackBANK1                                  cstackBANK1  000000
__LcstackBANK2                                  cstackBANK2  000000
__LcstackCOMRAM                                 cstackCOMRAM 000000
__Ldata                                         data         000000
__Leeprom_data                                  eeprom_data  000000
__Lfarbss                                       farbss       000000
__Lfardata                                      fardata      000000
__Lheap                                         heap         000000
__Libigdata                                     ibigdata     000000
__Lidata                                        idata        000000
__Lidloc                                        idloc        000000
__Lifardata                                     ifardata     000000
__Linit                                         init         000182
__Lintcode                                      intcode      000008
__Lintcode_body                                 intcode_body 000000
__Lintcodelo                                    intcodelo    000182
__Lintentry                                     intentry     000000
__Lintret                                       intret       000000
__Lintsave_regs                                 intsave_regs 000000
__Lirdata                                       irdata       000000
__Lmediumconst                                  mediumconst  00FE8C
__LnvBANK1                                      nvBANK1      000000
__LnvBANK2                                      nvBANK2      000000
__LnvCOMRAM                                     nvCOMRAM     000000
__LnvFARRAM                                     nvFARRAM     000000
__Lnvbit                                        nvbit        000000
__Lnvrram                                       nvrram       000000
__Lparam                                        rparam       000000
__Lpowerup                                      powerup      000182
__Lram                                          ram          000000
__Lramtop                                       ramtop       000F00
__Lrbit                                         rbit         000000
__Lrbss                                         rbss         000000
__Lrdata                                        rdata        000000
__Lreset_vec                                    reset_vec    000000
__Lrparam                                       rparam       000000
__Lsfr                                          sfr          000000
__Lsmallconst                                   smallconst   000000
__Lspace_0                                      (abs)        000000
__Lspace_1                                      (abs)        000000
__Lspace_2                                      (abs)        000000
__Lspace_4                                      (abs)        000000
__Lstack                                        stack        000000
__Lstruct                                       struct       000000
__Ltemp                                         temp         000043
__Ltext                                         text         000000
__Ltext0                                        text0        000000
__Ltext1                                        text1        000000
__Ltext10                                       text10       000000
__Ltext100                                      text100      000000
__Ltext101                                      text101      000000
__Ltext102                                      text102      000000
__Ltext103                                      text103      000000
__Ltext104                                      text104      000000
__Ltext105                                      text105      000000
__Ltext106                                      text106      000000
__Ltext107                                      text107      000000
__Ltext108                                      text108      000000
__Ltext109                                      text109      000000
__Ltext11                                       text11       000000
__Ltext110                                      text110      000000
__Ltext111                                      text111      000000
__Ltext112                                      text112      000000
__Ltext113                                      text113      000000
__Ltext114                                      text114      000000
__Ltext115                                      text115      000000
__Ltext116                                      text116      000000
__Ltext117                                      text117      000000
__Ltext118                                      text118      000000
__Ltext119                                      text119      000000
__Ltext12                                       text12       000000
__Ltext120                                      text120      000000
__Ltext121                                      text121      000000
__Ltext122                                      text122      000000
__Ltext123                                      text123      000000
__Ltext124                                      text124      000000
__Ltext125                                      text125      000000
__Ltext126                                      text126      000000
__Ltext127                                      text127      000000
__Ltext128                                      text128      000000
__Ltext129                                      text129      000000
__Ltext13                                       text13       000000
__Ltext130                                      text130      000000
__Ltext131                                      text131      000000
__Ltext132                                      text132      000000
__Ltext133                                      text133      000000
__Ltext134                                      text134      000000
__Ltext135                                      text135      000000
__Ltext136                                      text136      000000
__Ltext137                                      text137      000000
__Ltext138                                      text138      000000
__Ltext139                                      text139      000000
__Ltext14                                       text14       000000
__Ltext140                                      text140      000000
__Ltext141                                      text141      000000
__Ltext142                                      text142      000000
__Ltext143                                      text143      000000
__Ltext144                                      text144      000000
__Ltext145                                      text145      000000
__Ltext146                                      text146      000000
__Ltext147                                      text147      000000
__Ltext148                                      text148      000000
__Ltext149                                      text149      000000
__Ltext15                                       text15       000000
__Ltext150                                      text150      000000
__Ltext151                                      text151      000000
__Ltext152                                      text152      000000
__Ltext153                                      text153      000000
__Ltext154                                      text154      000000
__Ltext155                                      text155      000000
[...]
powf@z                                          cstackBANK1  0001B4
powf@z_h                                        cstackBANK1  000120
powf@z_l                                        cstackBANK1  000124
printf@ap                                       cstackBANK0  0000F2
printf@fmt                                      cstackBANK1  00012C
putch@txData                                    cstackCOMRAM 00001E
rd1RegCompleteHandler@ptr                       cstackCOMRAM 00000A
rd2RegCompleteHandler@ptr                       cstackCOMRAM 00000A
rdBlkRegCompleteHandler@ptr                     cstackCOMRAM 00000A
scalbnf@n                                       cstackBANK0  00009B
scalbnf@u                                       cstackBANK0  0000A1
scalbnf@x                                       cstackBANK0  000097
scalbnf@y                                       cstackBANK0  0000A5
sqrtf@__xc8_float_word                          cstackBANK0  0000BC
sqrtf@i                                         cstackBANK0  0000B8
sqrtf@ix                                        cstackBANK0  0000D4
sqrtf@m                                         cstackBANK0  0000CC
sqrtf@q                                         cstackBANK0  0000C0
sqrtf@r                                         cstackBANK0  0000D0
sqrtf@s                                         cstackBANK0  0000B4
sqrtf@t                                         cstackBANK0  0000C4
sqrtf@x                                         cstackBANK0  0000AB
sqrtf@z                                         cstackBANK0  0000C8
stackhi                                         (abs)        000000
stacklo                                         (abs)        000000
start                                           init         000182
start_initialization                            cinit        007798
strcpy@d                                        cstackCOMRAM 000023
strcpy@dest                                     cstackCOMRAM 00001D
strcpy@s                                        cstackCOMRAM 000021
strcpy@src                                      cstackCOMRAM 00001F
ttemp5                                          temp         000044
ttemp6                                          temp         000047
ttemp7                                          temp         00004B
utoa@d                                          cstackBANK0  000076
utoa@fp                                         cstackBANK0  000074
utoa@i                                          cstackBANK0  000092
utoa@n                                          cstackBANK0  00008A
utoa@p                                          cstackBANK0  000088
utoa@w                                          cstackBANK0  000086
vfpfcnvrt@ap                                    cstackBANK0  0000D9
vfpfcnvrt@c                                     cstackBANK0  0000DF
vfpfcnvrt@convarg                               cstackBANK0  0000E0
vfpfcnvrt@cp                                    cstackBANK0  0000E8
vfpfcnvrt@fmt                                   cstackBANK0  0000D7
vfpfcnvrt@fp                                    cstackBANK0  0000D5
vfprintf@ap                                     cstackBANK0  0000EE
vfprintf@cfmt                                   cstackBANK0  0000F0
vfprintf@fmt                                    cstackBANK0  0000EC
vfprintf@fp                                     cstackBANK0  0000EA
windSpeedCalc@dw_dt                             cstackBANK2  000268
windSpeedCalc@linearVel                         cstackBANK2  00026C
windSpeedCalc@power                             cstackBANK0  0000ED
windSpeedCalc@time                              cstackBANK0  0000E9
wr1RegCompleteHandler@ptr                       cstackCOMRAM 00000A
wr2RegCompleteHandler@ptr                       cstackCOMRAM 00000A
wtemp8                                          temp         000044


MODULE INFORMATION

Module		Function		Class		Link	Load	Size
C:\Program Files\Microchip\xc8\v2.40\pic\sources\c99\common\sprcmul.c
		___flmul       		CODE           	45BA	0000	1068

C:\Program Files\Microchip\xc8\v2.40\pic\sources\c99\common\sprcmul.c estimated size: 1068

C:\Program Files\Microchip\xc8\v2.40\pic\sources\c99\common\nf_fputc.c
		_fputc         		CODE           	6A40	0000	152

C:\Program Files\Microchip\xc8\v2.40\pic\sources\c99\common\nf_fputc.c estimated size: 152

C:\Program Files\Microchip\xc8\v2.40\pic\sources\c99\common\sprcdiv.c
		___fldiv       		CODE           	49E6	0000	924

C:\Program Files\Microchip\xc8\v2.40\pic\sources\c99\common\sprcdiv.c estimated size: 924

mcc_generated_files/examples/i2c1_master_example.c
		_wr1RegCompleteHandler		CODE           	78CE	0000	44
		_wr2RegCompleteHandler		CODE           	7952	0000	44
		_I2C1_Write1ByteRegister		CODE           	6EB6	0000	114
		_rdBlkRegCompleteHandler		CODE           	7622	0000	64
		_rd1RegCompleteHandler		CODE           	7926	0000	44
		_rd2RegCompleteHandler		CODE           	78FA	0000	44
		_I2C1_Read1ByteRegister		CODE           	6BDC	0000	124

mcc_generated_files/examples/i2c1_master_example.c estimated size: 478

C:\Program Files\Microchip\xc8\v2.40\pic\sources\c99\common\sqrtf.c
		_sqrtf         		CODE           	40FE	0000	1212

C:\Program Files\Microchip\xc8\v2.40\pic\sources\c99\common\sqrtf.c estimated size: 1212

C:\Program Files\Microchip\xc8\v2.40\pic\sources\c99\common\lwdiv.c
		___lwdiv       		CODE           	6E42	0000	116

C:\Program Files\Microchip\xc8\v2.40\pic\sources\c99\common\lwdiv.c estimated size: 116

C:\Program Files\Microchip\xc8\v2.40\pic\sources\c99\common\memcpy.c
		_memcpy        		CODE           	71D4	0000	82

C:\Program Files\Microchip\xc8\v2.40\pic\sources\c99\common\memcpy.c estimated size: 82

C:\Program Files\Microchip\xc8\v2.40\pic\sources\c99\common\fltol.c
		___fltol       		CODE           	60B2	0000	264

C:\Program Files\Microchip\xc8\v2.40\pic\sources\c99\common\fltol.c estimated size: 264

C:\Program Files\Microchip\xc8\v2.40\pic\sources\c99\common\scalbnf.c
		_scalbnf       		CODE           	5312	0000	574

C:\Program Files\Microchip\xc8\v2.40\pic\sources\c99\common\scalbnf.c estimated size: 574

C:\Program Files\Microchip\xc8\v2.40\pic\sources\c99\common\isspace.c
		_isspace       		CODE           	734E	0000	70

C:\Program Files\Microchip\xc8\v2.40\pic\sources\c99\common\isspace.c estimated size: 70

C:\Program Files\Microchip\xc8\v2.40\pic\sources\c99\common\atoi.c
		_atoi          		CODE           	5F58	0000	346

C:\Program Files\Microchip\xc8\v2.40\pic\sources\c99\common\atoi.c estimated size: 346

mcc_generated_files/i2c1_master.c
		_I2C1_DO_SEND_RESTART		CODE           	7DCE	0000	8
		_I2C1_DO_TX_EMPTY		CODE           	6C58	0000	124
		_I2C1_DO_SEND_RESTART_READ		CODE           	7DDE	0000	8
		_I2C1_CallbackReturnStop		CODE           	7E5A	0000	4
		_I2C1_DO_RX    		CODE           	685E	0000	166
		_I2C1_DO_TX    		CODE           	6584	0000	196
		_I2C1_SetAddressNackCallback		CODE           	7BB8	0000	24
		_I2C1_DO_IDLE  		CODE           	7D2E	0000	12
		_I2C1_MasterOpen		CODE           	7AAA	0000	34
		_I2C1_DO_RCEN  		CODE           	7D22	0000	12
		_I2C1_MasterSendTxData		CODE           	7DE6	0000	8
		_I2C1_MasterStop		CODE           	7E5E	0000	4
		_I2C1_CallbackReturnReset		CODE           	7E56	0000	4
		_I2C1_DO_RESET 		CODE           	7D16	0000	12
		_I2C1_MasterStartRx		CODE           	7E52	0000	4
		_I2C1_DO_RX_ACK		CODE           	7DBE	0000	8
		_I2C1_MasterSendNack		CODE           	7E30	0000	6
		_I2C1_DO_RX_NACK_RESTART		CODE           	7DAE	0000	8
		_I2C1_MasterDisableIrq		CODE           	7DF4	0000	6
		_I2C1_MasterOperation		CODE           	75A2	0000	64
		_I2C1_SetCallback		CODE           	6CD4	0000	122
		_I2C1_MasterEnableRestart		CODE           	7E62	0000	4
		_I2C1_Open     		CODE           	6904	0000	158
		_I2C1_DO_ADDRESS_NACK		CODE           	706C	0000	102
		_I2C1_SetBuffer		CODE           	7A1E	0000	36
		_I2C1_DO_SEND_RESTART_WRITE		CODE           	7DD6	0000	8
		_I2C1_MasterClose		CODE           	7E3A	0000	4
		_I2C1_MasterWrite		CODE           	7D9E	0000	8
		_I2C1_Initialize		CODE           	7C5A	0000	20
		_I2C1_Close    		CODE           	781E	0000	44
		_I2C1_MasterIsNack		CODE           	7C6E	0000	20
		_I2C1_MasterStart		CODE           	7E36	0000	4
		_I2C1_DO_SEND_ADR_WRITE		CODE           	7CE8	0000	16
		_I2C1_MasterClearIrq		CODE           	7DFA	0000	6
		_I2C1_SetDataCompleteCallback		CODE           	7BA0	0000	24
		_I2C1_DO_SEND_STOP		CODE           	7DC6	0000	8
		_I2C1_MasterSendAck		CODE           	7E2A	0000	6
		_I2C1_MasterFsm		CODE           	6F28	0000	112
		_I2C1_MasterIsr		CODE           	7E18	0000	6
		_I2C1_MasterGetRxData		CODE           	7E4E	0000	4
		_I2C1_SetInterruptHandler		CODE           	7D44	0000	10
		_I2C1_MasterSetIrq		CODE           	7E24	0000	6
		_I2C1_DO_SEND_ADR_READ		CODE           	7CF8	0000	16
		_I2C1_MasterEnableIrq		CODE           	7DEE	0000	6
		_I2C1_DO_RX_NACK_STOP		CODE           	7DB6	0000	8

mcc_generated_files/i2c1_master.c estimated size: 1470

C:\Program Files\Microchip\xc8\v2.40\pic\sources\c99\common\Umul16.c
		___wmul        		CODE           	79F8	0000	38

C:\Program Files\Microchip\xc8\v2.40\pic\sources\c99\common\Umul16.c estimated size: 38

C:\Program Files\Microchip\xc8\v2.40\pic\sources\c99\common\fleq.c
		___fleq        		CODE           	67B2	0000	172

C:\Program Files\Microchip\xc8\v2.40\pic\sources\c99\common\fleq.c estimated size: 172

mcc_generated_files/tmr2.c
		_TMR2_ISR      		CODE           	7704	0000	50
		_TMR2_Initialize		CODE           	784A	0000	44
		_TMR2_SetInterruptHandler		CODE           	7D76	0000	10
		_TMR2_DefaultInterruptHandler		CODE           	7E66	0000	2

mcc_generated_files/tmr2.c estimated size: 106

mcc_generated_files/interrupt_manager.c
		_INTERRUPT_Initialize		CODE           	7E3E	0000	4
		_INTERRUPT_InterruptManager		CODE           	0008	0000	378

mcc_generated_files/interrupt_manager.c estimated size: 382

C:\Program Files\Microchip\xc8\v2.40\pic\sources\c99\common\abs.c
		_abs           		CODE           	7562	0000	64

C:\Program Files\Microchip\xc8\v2.40\pic\sources\c99\common\abs.c estimated size: 64

C:\Program Files\Microchip\xc8\v2.40\pic\sources\c99\common\printf.c
		_printf        		CODE           	79A8	0000	40

C:\Program Files\Microchip\xc8\v2.40\pic\sources\c99\common\printf.c estimated size: 40

C:\Program Files\Microchip\xc8\v2.40\pic\sources\c99\common\__fpclassifyf.c
		___fpclassifyf 		CODE           	62C0	0000	256

C:\Program Files\Microchip\xc8\v2.40\pic\sources\c99\common\__fpclassifyf.c estimated size: 256

mcc_generated_files/pin_manager.c
		_PIN_MANAGER_Initialize		CODE           	6B5A	0000	130
		_IOCAF0_SetInterruptHandler		CODE           	7D80	0000	10
		_PIN_MANAGER_IOC		CODE           	7C44	0000	22
		_IOCAF0_DefaultInterruptHandler		CODE           	7E6A	0000	2
		_IOCAF0_ISR    		CODE           	7736	0000	50

mcc_generated_files/pin_manager.c estimated size: 214

C:\Program Files\Microchip\xc8\v2.40\pic\sources\c99\common\isdigit.c
		_isdigit       		CODE           	77C6	0000	44

C:\Program Files\Microchip\xc8\v2.40\pic\sources\c99\common\isdigit.c estimated size: 44

interrupt_handler.c
		_Rx1_ISR       		CODE           	72C0	0000	72
		_t_update      		CODE           	6AD8	0000	130
		_button_override		CODE           	7B2C	0000	30
		_Interrupt_Handler_Initialize		CODE           	769A	0000	54
		_timer_callback		CODE           	79D0	0000	40
		_Read_EUSART1_Buffer		CODE           	7E42	0000	4

interrupt_handler.c estimated size: 330

C:\Program Files\Microchip\xc8\v2.40\pic\sources\c99\common\sprcadd.c
		___flsub       		CODE           	7278	0000	72
		___fladd       		CODE           	3C3C	0000	1218

C:\Program Files\Microchip\xc8\v2.40\pic\sources\c99\common\sprcadd.c estimated size: 1290

C:\Program Files\Microchip\xc8\v2.40\pic\sources\c99\common\floorf.c
		_floorf        		CODE           	5550	0000	534

C:\Program Files\Microchip\xc8\v2.40\pic\sources\c99\common\floorf.c estimated size: 534

C:\Program Files\Microchip\xc8\v2.40\pic\sources\c99\common\powf.c
		_powf          		CODE           	0186	0000	10908

C:\Program Files\Microchip\xc8\v2.40\pic\sources\c99\common\powf.c estimated size: 10908

C:\Program Files\Microchip\xc8\v2.40\pic\sources\c99\common\flneg.c
		___flneg       		CODE           	7662	0000	56

C:\Program Files\Microchip\xc8\v2.40\pic\sources\c99\common\flneg.c estimated size: 56

C:\Program Files\Microchip\xc8\v2.40\pic\sources\c99\common\fabsf.c
		_fabsf         		CODE           	76D0	0000	52

C:\Program Files\Microchip\xc8\v2.40\pic\sources\c99\common\fabsf.c estimated size: 52

C:\Program Files\Microchip\xc8\v2.40\pic\sources\c99\common\labs.c
		_labs          		CODE           	7006	0000	102

C:\Program Files\Microchip\xc8\v2.40\pic\sources\c99\common\labs.c estimated size: 102

C:\Program Files\Microchip\xc8\v2.40\pic\sources\c99\common\xxtofl.c
		___xxtofl      		CODE           	592E	0000	440

C:\Program Files\Microchip\xc8\v2.40\pic\sources\c99\common\xxtofl.c estimated size: 440

C:\Program Files\Microchip\xc8\v2.40\pic\sources\c99\common\nf_fputs.c
		_fputs         		CODE           	7308	0000	70

C:\Program Files\Microchip\xc8\v2.40\pic\sources\c99\common\nf_fputs.c estimated size: 70

C:\Program Files\Microchip\xc8\v2.40\pic\sources\c99\common\lomod.c
		___lomod       		CODE           	64B2	0000	210

C:\Program Files\Microchip\xc8\v2.40\pic\sources\c99\common\lomod.c estimated size: 210

C:\Program Files\Microchip\xc8\v2.40\pic\sources\c99\common\aomod.c
		___aomod       		CODE           	5DF2	0000	358

C:\Program Files\Microchip\xc8\v2.40\pic\sources\c99\common\aomod.c estimated size: 358

shared
		i2_I2C1_MasterDisableIrq		CODE           	7E12	0000	6
		_L5            		MEDIUMCONST    	0000	0000	0
		_P3            		MEDIUMCONST    	0000	0000	0
		i2_I2C1_SetBuffer		CODE           	7A42	0000	36
		_L6            		MEDIUMCONST    	0000	0000	0
		_P4            		MEDIUMCONST    	0000	0000	0
		_P5            		MEDIUMCONST    	0000	0000	0
		i2_I2C1_MasterOpen		CODE           	7ACC	0000	34
		i2_solTrigger  		CODE           	7B4A	0000	30
		i2_I2C1_MasterOperation		CODE           	75E2	0000	64
		i2_I2C1_SetInterruptHandler		CODE           	7D94	0000	10
		i2_I2C1_SetCallback		CODE           	6DC8	0000	122
		i2_umbStow     		CODE           	749C	0000	66
		_lg2_l         		MEDIUMCONST    	0000	0000	0
		i2_actionTrigger		CODE           	7876	0000	44
		i2_I2C1_MasterEnableIrq		CODE           	7E0C	0000	6
		i2_I2C1_MasterClose		CODE           	7E4A	0000	4
		_ivln2_l       		MEDIUMCONST    	0000	0000	0
		i2_I2C1_MasterWrite		CODE           	7DA6	0000	8
		_ivln2         		MEDIUMCONST    	0000	0000	0
		i2_I2C1_Write1ByteRegister		CODE           	6F98	0000	110
		__initialization		CODE           	7798	0000	36
		i2_motorOFF    		CODE           	7CC8	0000	16
		i2_motorFWD    		CODE           	7CD8	0000	16
		i2_motorRVR    		CODE           	7CB8	0000	16
		_bp            		MEDIUMCONST    	FF15	0000	8
		_cp            		MEDIUMCONST    	0000	0000	0
		_cp_h          		MEDIUMCONST    	0000	0000	0
		_dp_h          		MEDIUMCONST    	FEB5	0000	8
		_tiny@sqrtf$F3253		MEDIUMCONST    	0000	0000	0
		_lg2           		MEDIUMCONST    	0000	0000	0
		_lg2_h         		MEDIUMCONST    	0000	0000	0
		_i2c1_fsmStateTable		MEDIUMCONST    	FE8D	0000	32
		_ivln2_h       		MEDIUMCONST    	0000	0000	0
		i2_I2C1_MasterStart		CODE           	7E46	0000	4
		_tiny          		MEDIUMCONST    	0000	0000	0
		_ovt           		MEDIUMCONST    	0000	0000	0
		_huge          		MEDIUMCONST    	0000	0000	0
		i2_I2C1_MasterClearIrq		CODE           	7E1E	0000	6
		i2_motorController		CODE           	7B84	0000	28
		i2_umbDeploy   		CODE           	74DE	0000	66
		_two24         		MEDIUMCONST    	0000	0000	0
		i2_I2C1_SetDataCompleteCallback		CODE           	7C00	0000	24
		i2_I2C1_Open   		CODE           	69A2	0000	158
		_cp_l          		MEDIUMCONST    	0000	0000	0
		_dp_l          		MEDIUMCONST    	FEAD	0000	8
		_L1            		MEDIUMCONST    	0000	0000	0
		i2_I2C1_Close  		CODE           	78A2	0000	44
		_L2            		MEDIUMCONST    	0000	0000	0
		i2_I2C1_SetAddressNackCallback		CODE           	7BE8	0000	24
		_L3            		MEDIUMCONST    	0000	0000	0
		_P1            		MEDIUMCONST    	0000	0000	0
		_L4            		MEDIUMCONST    	0000	0000	0
		_P2            		MEDIUMCONST    	0000	0000	0

shared estimated size: 1034

mcc_generated_files/eusart1.c
		_EUSART1_SetRxInterruptHandler		CODE           	7D8A	0000	10
		_EUSART1_SetTxInterruptHandler		CODE           	7D4E	0000	10
		_EUSART1_is_rx_ready		CODE           	7C2E	0000	22
		_EUSART1_is_tx_ready		CODE           	7C18	0000	22
		_EUSART1_Initialize		CODE           	6D4E	0000	122
		_putch         		CODE           	7D3A	0000	10
		_EUSART1_DefaultErrorHandler		CODE           	7E06	0000	6
		_EUSART1_SetFramingErrorHandler		CODE           	7D62	0000	10
		_EUSART1_Read  		CODE           	7226	0000	82
		_EUSART1_SetOverrunErrorHandler		CODE           	7D58	0000	10
		_EUSART1_SetErrorHandler		CODE           	7D6C	0000	10
		_EUSART1_Write 		CODE           	70D2	0000	88
		_EUSART1_Receive_ISR		CODE           	6648	0000	188
		_EUSART1_RxDataHandler		CODE           	797E	0000	42
		_EUSART1_DefaultOverrunErrorHandler		CODE           	7E00	0000	6
		_EUSART1_Transmit_ISR		CODE           	7520	0000	66
		_EUSART1_DefaultFramingErrorHandler		CODE           	7E68	0000	2

mcc_generated_files/eusart1.c estimated size: 706

C:\Program Files\Microchip\xc8\v2.40\pic\sources\c99\common\strcpy.c
		_strcpy        		CODE           	73D6	0000	66

C:\Program Files\Microchip\xc8\v2.40\pic\sources\c99\common\strcpy.c estimated size: 66

mcc_generated_files/mcc.c
		_PMD_Initialize		CODE           	7B68	0000	28
		_OSCILLATOR_Initialize		CODE           	7BD0	0000	24
		_SYSTEM_Initialize		CODE           	7B0E	0000	30

mcc_generated_files/mcc.c estimated size: 82

C:\Program Files\Microchip\xc8\v2.40\pic\sources\c99\common\flge.c
		___flge        		CODE           	61BA	0000	262

C:\Program Files\Microchip\xc8\v2.40\pic\sources\c99\common\flge.c estimated size: 262

hall_effect.c
		_hallRecord    		CODE           	7394	0000	66
		_windSpeedCalc 		CODE           	5C70	0000	386
		_hallRead      		CODE           	7768	0000	48

hall_effect.c estimated size: 500

C:\Program Files\Microchip\xc8\v2.40\pic\sources\c99\common\doprnt.c
		_vfpfcnvrt     		CODE           	3682	0000	1466
		_efgtoa        		CODE           	2C22	0000	2656
		_pad           		CODE           	6704	0000	174
		_dtoa          		CODE           	5090	0000	642
		_vfprintf      		CODE           	7180	0000	84
		_utoa          		CODE           	5766	0000	456

C:\Program Files\Microchip\xc8\v2.40\pic\sources\c99\common\doprnt.c estimated size: 5478

motor_control.c
		_umbStow       		CODE           	7418	0000	66
		_motorOFF      		CODE           	7C94	0000	18
		_actionTrigger 		CODE           	77F2	0000	44
		_motorRVR      		CODE           	7C82	0000	18
		_solTrigger    		CODE           	7A88	0000	34
		_motorFWD      		CODE           	7CA6	0000	18
		_motorController		CODE           	7AEE	0000	32
		_motorFaultRead		CODE           	712A	0000	86
		_umbDeploy     		CODE           	745A	0000	66

motor_control.c estimated size: 382

main.c
		_main          		CODE           	4D82	0000	782

main.c estimated size: 782

temp_sensor.c
		_tempRead      		CODE           	7D08	0000	14

temp_sensor.c estimated size: 14

C:\Program Files\Microchip\xc8\v2.40\pic\sources\c99\common\lodiv.c
		___lodiv       		CODE           	63C0	0000	242

C:\Program Files\Microchip\xc8\v2.40\pic\sources\c99\common\lodiv.c estimated size: 242

C:\Program Files\Microchip\xc8\v2.40\pic\sources\c99\common\aodiv.c
		___aodiv       		CODE           	5AE6	0000	394

C:\Program Files\Microchip\xc8\v2.40\pic\sources\c99\common\aodiv.c estimated size: 394

C:\Program Files\Microchip\xc8\v2.40\pic\sources\c99\common\nanf.c
		_nanf          		CODE           	7A66	0000	34

C:\Program Files\Microchip\xc8\v2.40\pic\sources\c99\common\nanf.c estimated size: 34

