Microchip MPLAB XC8 Compiler V2.40

Linker command line:

-W-3 \
  --edf=C:/Users/DJMik/.mchp_packs/Microchip/PIC18F-K_DFP/1.8.249/xc8\pic\dat\20230209213641_en.msgs \
  -cn -h+dist/default/production\Team205_FinalBoard.X.production.sym \
  --cmf=dist/default/production\Team205_FinalBoard.X.production.cmf -z \
  -Q18LF26K40 -oC:\Users\DJMik\AppData\Local\Temp\xcAsjo4.4 \
  --defsym=__MPLAB_BUILD=1 --fixupoverflow=error \
  -Mdist/default/production/Team205_FinalBoard.X.production.map \
  --md=C:\Users\DJMik\AppData\Local\Temp\xcAsjo4.dat -E1 -ver=XC8 Compiler \
  --acfsm=1493 -ACODE=00h-0FFFFh -ACONST=00h-0FFFFh \
  -ASMALLCONST=0F00h-0FFFhx241 -AMEDIUMCONST=0F00h-0FFFFh -ACOMRAM=01h-05Fh \
  -AABS1=00h-0E87h -ABIGRAM=01h-0E87h \
  -ARAM=060h-0FFh,0100h-01FFhx13,0E00h-0E87h -ABANK0=060h-0FFh \
  -ABANK1=0100h-01FFh -ABANK2=0200h-02FFh -ABANK3=0300h-03FFh \
  -ABANK4=0400h-04FFh -ABANK5=0500h-05FFh -ABANK6=0600h-06FFh \
  -ABANK7=0700h-07FFh -ABANK8=0800h-08FFh -ABANK9=0900h-09FFh \
  -ABANK10=0A00h-0AFFh -ABANK11=0B00h-0BFFh -ABANK12=0C00h-0CFFh \
  -ABANK13=0D00h-0DFFh -ABANK14=0E00h-0E87h \
  -ASFR=0E8Dh-0EFFh,0F00h-0F5Fh,0F60h-0FFFh -ABIGSFR=0E8Dh-0FFFh \
  -ACONFIG=0300000h-030000Bh -AIDLOC=0200000h-020000Fh \
  -AEEDATA=0310000h-03103FFh -peeprom_data=EEDATA \
  -preset_vec=00h,intcode=08h,intcodelo,powerup,init -pramtop=0F00h \
  -psmallconst=SMALLCONST -pmediumconst=MEDIUMCONST -pconst=CONST \
  -AFARRAM=00h-00h \
  -prdata=COMRAM,nvrram=COMRAM,nvbit=COMRAM,rbss=COMRAM,rbit=COMRAM \
  -pfarbss=FARRAM,fardata=FARRAM,nvFARRAM=FARRAM \
  -pintsave_regs=BIGRAM,bigbss=BIGRAM,bigdata=BIGRAM -pbss=RAM \
  -pidata=CODE,irdata=CODE,ibigdata=CODE,ifardata=CODE -prparam=COMRAM \
  C:\Users\DJMik\AppData\Local\Temp\xcAsjo4.o \
  dist/default/production\Team205_FinalBoard.X.production.o 

Object code version is 3.11

Machine type is 18LF26K40



                Name                               Link     Load   Length Selector   Space Scale
C:\Users\DJMik\AppData\Local\Temp\xcAsjo4.o
                idloc                            200000   200000       10        0       5
                config                           300000   300000        C        0       4
                init                                194      194        4        4       0
                reset_vec                             0        0        4        0       0
dist/default/production\Team205_FinalBoard.X.production.o
                intcode                               8        8      18C        4       0
                idloc                            200000   200000       10        0       5
                config                           300000   300000        C        0       4
                temp                                 5F       5F        1        1       1
                mediumconst                        FE6A     FE6A      196     7F35       0
                text216                            E0CC     E0CC       48        4       0
                text215                            ED9A     ED9A        4        4       0
                text214                            ED96     ED96        4        4       0
                text213                            E992     E992       24        4       0
                text212                            D7BC     D7BC       7A        4       0
                text211                            EB4A     EB4A       18        4       0
                text210                            E7DE     E7DE       2C        4       0
                text209                            E7B2     E7B2       2C        4       0
                text208                            E786     E786       2C        4       0
                text207                            E75A     E75A       2C        4       0
                text206                            E3EE     E3EE       40        4       0
                text205                            ED92     ED92        4        4       0
                text204                            ED8E     ED8E        4        4       0
                text203                            ED8A     ED8A        4        4       0
                text202                            ED6C     ED6C        6        4       0
                text201                            ED86     ED86        4        4       0
                text200                            ED66     ED66        6        4       0
                text199                            ED16     ED16        8        4       0
                text198                            EB76     EB76       14        4       0
                text197                            ED60     ED60        6        4       0
                text196                            D740     D740       7C        4       0
                text195                            EC2E     EC2E        C        4       0
                text194                            EBD0     EBD0       10        4       0
                text193                            EBC0     EBC0       10        4       0
                text192                            CCD6     CCD6       C4        4       0
                text191                            D1B8     D1B8       A6        4       0
                text190                            EC22     EC22        C        4       0
                text189                            ED0E     ED0E        8        4       0
                text188                            ED06     ED06        8        4       0
                text187                            ECFE     ECFE        8        4       0
                text186                            ECF6     ECF6        8        4       0
                text185                            ECEE     ECEE        8        4       0
                text184                            ECE6     ECE6        8        4       0
                text183                            ECDE     ECDE        8        4       0
                text182                            EC16     EC16        C        4       0
                text181                            DBB0     DBB0       66        4       0
                text180                            ED5A     ED5A        6        4       0
                text179                            DA0C     DA0C       70        4       0
                text178                            ED54     ED54        6        4       0
                text177                            DC76     DC76       5C        4       0
                text176                            E72E     E72E       2C        4       0
                text175                            ED4E     ED4E        6        4       0
                text174                            EDA4     EDA4        2        4       0
                text173                            ED48     ED48        6        4       0
                text172                            EB32     EB32       18        4       0
                text171                            DF62     DF62       4A        4       0
                text170                            CD9A     CD9A       C2        4       0
                text169                            E834     E834       2A        4       0
                text168                            EDA2     EDA2        2        4       0
                text167                            E5B8     E5B8       32        4       0
                text166                            E8D6     E8D6       28        4       0
                text165                            B292     B292      1B4        4       0
                text164                            E924     E924       26        4       0
                text163                            EDA0     EDA0        2        4       0
                text162                            E516     E516       38        4       0
                text161                            BE84     BE84      154        4       0
                text160                            EB1A     EB1A       18        4       0
                text159                            ECBC     ECBC        A        4       0
                text158                            D394     D394       96        4       0
                text157                            CC0A     CC0A       CC        4       0
                text156                            B762     B762      188        4       0
                text155                            BBC8     BBC8      164        4       0
                text154                            E3AE     E3AE       40        4       0
                text153                            E19E     E19E       44        4       0
                text152                            CF0C     CF0C       AE        4       0
                text151                            A18A     A18A      2B8        4       0
                text150                            97D8     97D8      39C        4       0
                text149                            D066     D066       AA        4       0
                text148                            C2EC     C2EC      104        4       0
                text147                            9012     9012      42A        4       0
                text146                            E4DE     E4DE       38        4       0
                text145                            8726     8726      4C0        4       0
                text144                            E114     E114       46        4       0
                text143                            C1E6     C1E6      106        4       0
                text142                            C4F0     C4F0       FE        4       0
                text141                            AACA     AACA      216        4       0
                text140                            DB4A     DB4A       66        4       0
                text139                            DE78     DE78       50        4       0
                text138                            E32C     E32C       42        4       0
                text137                            567C     567C      A94        4       0
                text136                            C6E0     C6E0       F0        4       0
                text135                            CA6C     CA6C       D0        4       0
                text134                            AEDE     AEDE      1FC        4       0
                text133                            6BA2     6BA2      6A8        4       0
                text132                            DDD2     DDD2       54        4       0
                text131                            E8AE     E8AE       28        4       0
                text130                            C8B6     C8B6       E4        4       0
                text129                            D6C2     D6C2       7E        4       0
                text128                            ED82     ED82        4        4       0
                text127                            ED42     ED42        6        4       0
                text126                            E702     E702       2C        4       0
                text125                            ED7E     ED7E        4        4       0
                text124                            E36E     E36E       40        4       0
                text123                            ECD6     ECD6        8        4       0
                text122                            ED3C     ED3C        6        4       0
                text121                            E9FA     E9FA       22        4       0
                text120                            ECB2     ECB2        A        4       0
                text119                            D25E     D25E       9E        4       0
                text118                            EB02     EB02       18        4       0
                text117                            D998     D998       74        4       0
                text116                            EC0A     EC0A        C        4       0
                text115                            D924     D924       74        4       0
                text114                            E80A     E80A       2A        4       0
                text113                            E2EA     E2EA       42        4       0
                text112                            E584     E584       34        4       0
                text111                            A680     A680      234        4       0
                text110                            E9D8     E9D8       22        4       0
                text109                            7DA4     7DA4      4C2        4       0
                text108                            2C38     2C38     2A44        4       0
                text107                            B8EA     B8EA      178        4       0
                text106                            DD28     DD28       56        4       0
                text105                            ED9E     ED9E        2        4       0
                text104                            E42E     E42E       3E        4       0
                text102                            EAEA     EAEA       18        4       0
                text101                            E64A     E64A       30        4       0
                text100                            ECA8     ECA8        A        4       0
                text99                             EC9E     EC9E        A        4       0
                text98                             EC94     EC94        A        4       0
                text97                             EC8A     EC8A        A        4       0
                text96                             DCD2     DCD2       56        4       0
                text95                             ED36     ED36        6        4       0
                text94                             ED7A     ED7A        4        4       0
                text93                             ED30     ED30        6        4       0
                text92                             E61A     E61A       30        4       0
                text91                             ED76     ED76        4        4       0
                text90                             DF16     DF16       4C        4       0
                text89                             ECCE     ECCE        8        4       0
                text88                             ED2A     ED2A        6        4       0
                text87                             E9B6     E9B6       22        4       0
                text86                             EC80     EC80        A        4       0
                text85                             D110     D110       A8        4       0
                text84                             D644     D644       7E        4       0
                text83                             EAD2     EAD2       18        4       0
                text82                             E96E     E96E       24        4       0
                text81                             EABA     EABA       18        4       0
                text80                             D5C2     D5C2       82        4       0
                text79                             E5EA     E5EA       30        4       0
                text78                             EAA2     EAA2       18        4       0
                text77                             ED24     ED24        6        4       0
                text76                             ED1E     ED1E        6        4       0
                text75                             EC76     EC76        A        4       0
                text74                             EC6C     EC6C        A        4       0
                text73                             EC62     EC62        A        4       0
                text72                             EC58     EC58        A        4       0
                text71                             D42A     D42A       8C        4       0
                text70                             EC4E     EC4E        A        4       0
                text69                             EC44     EC44        A        4       0
                text68                             EC3A     EC3A        A        4       0
                text67                             E084     E084       48        4       0
                text66                             EB62     EB62       14        4       0
                text65                             ED72     ED72        4        4       0
                text64                             EA8A     EA8A       18        4       0
                text63                             D4B6     D4B6       8A        4       0
                text62                             EA3C     EA3C       1C        4       0
                text61                             E6A8     E6A8       2E        4       0
                text60                             DEC8     DEC8       4E        4       0
                text59                             E8FE     E8FE       26        4       0
                text58                             D836     D836       78        4       0
                text57                             EA1C     EA1C       20        4       0
                text56                             EBAE     EBAE       12        4       0
                text55                             EB9C     EB9C       12        4       0
                text54                             EB8A     EB8A       12        4       0
                text53                             EA72     EA72       18        4       0
                text52                             E2A8     E2A8       42        4       0
                text51                             E266     E266       42        4       0
                text50                             E6D6     E6D6       2C        4       0
                text49                             EBFC     EBFC        E        4       0
                text48                             B0DA     B0DA      1B8        4       0
                text47                             E886     E886       28        4       0
                text46                             E67A     E67A       2E        4       0
                text45                             E03C     E03C       48        4       0
                text44                             BD2C     BD2C      158        4       0
                text43                             EA58     EA58       1A        4       0
                text42                             EBEE     EBEE        E        4       0
                text41                             D2FC     D2FC       98        4       0
                text40                             CB3C     CB3C       CE        4       0
                text39                             B5D8     B5D8      18A        4       0
                text38                             BA62     BA62      166        4       0
                text37                             E224     E224       42        4       0
                text36                             DFF4     DFF4       48        4       0
                text35                             CE5C     CE5C       B0        4       0
                text34                             9ED0     9ED0      2BA        4       0
                text33                             943C     943C      39C        4       0
                text32                             CFBA     CFBA       AC        4       0
                text31                             C0E0     C0E0      106        4       0
                text30                             8BE6     8BE6      42C        4       0
                text29                             E46C     E46C       3A        4       0
                text28                             78E2     78E2      4C2        4       0
                text27                             DFAC     DFAC       48        4       0
                text26                             BFD8     BFD8      108        4       0
                text25                             C3F0     C3F0      100        4       0
                text24                             A8B4     A8B4      216        4       0
                text23                             DA7C     DA7C       68        4       0
                text22                             DE26     DE26       52        4       0
                text21                             E15A     E15A       44        4       0
                text20                             6110     6110      A92        4       0
                text19                             C5EE     C5EE       F2        4       0
                text18                             C99A     C99A       D2        4       0
                text17                             ACE0     ACE0      1FE        4       0
                text16                             724A     724A      698        4       0
                text15                             DD7E     DD7E       54        4       0
                text14                             E85E     E85E       28        4       0
                text13                             C7D0     C7D0       E6        4       0
                text12                             D540     D540       82        4       0
                text11                             EBE0     EBE0        E        4       0
                text10                             D8AE     D8AE       76        4       0
                text9                              E1E2     E1E2       42        4       0
                text8                              E54E     E54E       36        4       0
                text7                              A442     A442      23E        4       0
                text6                              E94A     E94A       24        4       0
                text5                              8266     8266      4C0        4       0
                text4                               198      198     2AA0        4       0
                text3                              B446     B446      192        4       0
                text2                              DC16     DC16       60        4       0
                text1                              E4A6     E4A6       38        4       0
                text0                              9B74     9B74      35C        4       0
                cstackCOMRAM                          1        1       5E        1       1
                cstackBANK0                          60       60       94       60       1
                cstackBANK1                         100      100       BC      100       1
                cstackBANK2                         200      200       F6      200       1
                cstackBANK3                         300      300       BC      300       1
                bssBANK4                            400      400       60      400       1
                dataBANK3                           3F3      3F3        8      300       1
                bssBANK3                            3BC      3BC       22      300       1
                bssBANK2                            2F6      2F6        A      200       1
                bssBANK1                            1BC      1BC       3A      100       1
                bssBANK0                             F4       F4        9       60       1
                cinit                              DAE4     DAE4       66        4       0
                nvBANK3                             3DE      3DE       15      300       1
                nvBANK1                             1F6      1F6        A      100       1
                nvBANK0                              FD       FD        1       60       1
                idataBANK3                         ECC6     ECC6        8        4       0

TOTAL           Name                               Link     Load   Length     Space
        CLASS   CODE           
                intcode                               8        8      18C         0
                init                                194      194        4         0
                reset_vec                             0        0        4         0
                text216                            E0CC     E0CC       48         0
                text215                            ED9A     ED9A        4         0
                text214                            ED96     ED96        4         0
                text213                            E992     E992       24         0
                text212                            D7BC     D7BC       7A         0
                text211                            EB4A     EB4A       18         0
                text210                            E7DE     E7DE       2C         0
                text209                            E7B2     E7B2       2C         0
                text208                            E786     E786       2C         0
                text207                            E75A     E75A       2C         0
                text206                            E3EE     E3EE       40         0
                text205                            ED92     ED92        4         0
                text204                            ED8E     ED8E        4         0
                text203                            ED8A     ED8A        4         0
                text202                            ED6C     ED6C        6         0
                text201                            ED86     ED86        4         0
                text200                            ED66     ED66        6         0
                text199                            ED16     ED16        8         0
                text198                            EB76     EB76       14         0
                text197                            ED60     ED60        6         0
                text196                            D740     D740       7C         0
                text195                            EC2E     EC2E        C         0
                text194                            EBD0     EBD0       10         0
                text193                            EBC0     EBC0       10         0
                text192                            CCD6     CCD6       C4         0
                text191                            D1B8     D1B8       A6         0
                text190                            EC22     EC22        C         0
                text189                            ED0E     ED0E        8         0
                text188                            ED06     ED06        8         0
                text187                            ECFE     ECFE        8         0
                text186                            ECF6     ECF6        8         0
                text185                            ECEE     ECEE        8         0
                text184                            ECE6     ECE6        8         0
                text183                            ECDE     ECDE        8         0
                text182                            EC16     EC16        C         0
                text181                            DBB0     DBB0       66         0
                text180                            ED5A     ED5A        6         0
                text179                            DA0C     DA0C       70         0
                text178                            ED54     ED54        6         0
                text177                            DC76     DC76       5C         0
                text176                            E72E     E72E       2C         0
                text175                            ED4E     ED4E        6         0
                text174                            EDA4     EDA4        2         0
                text173                            ED48     ED48        6         0
                text172                            EB32     EB32       18         0
                text171                            DF62     DF62       4A         0
                text170                            CD9A     CD9A       C2         0
                text169                            E834     E834       2A         0
                text168                            EDA2     EDA2        2         0
                text167                            E5B8     E5B8       32         0
                text166                            E8D6     E8D6       28         0
                text165                            B292     B292      1B4         0
                text164                            E924     E924       26         0
                text163                            EDA0     EDA0        2         0
                text162                            E516     E516       38         0
                text161                            BE84     BE84      154         0
                text160                            EB1A     EB1A       18         0
                text159                            ECBC     ECBC        A         0
                text158                            D394     D394       96         0
                text157                            CC0A     CC0A       CC         0
                text156                            B762     B762      188         0
                text155                            BBC8     BBC8      164         0
                text154                            E3AE     E3AE       40         0
                text153                            E19E     E19E       44         0
                text152                            CF0C     CF0C       AE         0
                text151                            A18A     A18A      2B8         0
                text150                            97D8     97D8      39C         0
                text149                            D066     D066       AA         0
                text148                            C2EC     C2EC      104         0
                text147                            9012     9012      42A         0
                text146                            E4DE     E4DE       38         0
                text145                            8726     8726      4C0         0
                text144                            E114     E114       46         0
                text143                            C1E6     C1E6      106         0
                text142                            C4F0     C4F0       FE         0
                text141                            AACA     AACA      216         0
                text140                            DB4A     DB4A       66         0
                text139                            DE78     DE78       50         0
                text138                            E32C     E32C       42         0
                text137                            567C     567C      A94         0
                text136                            C6E0     C6E0       F0         0
                text135                            CA6C     CA6C       D0         0
                text134                            AEDE     AEDE      1FC         0
                text133                            6BA2     6BA2      6A8         0
                text132                            DDD2     DDD2       54         0
                text131                            E8AE     E8AE       28         0
                text130                            C8B6     C8B6       E4         0
                text129                            D6C2     D6C2       7E         0
                text128                            ED82     ED82        4         0
                text127                            ED42     ED42        6         0
                text126                            E702     E702       2C         0
                text125                            ED7E     ED7E        4         0
                text124                            E36E     E36E       40         0
                text123                            ECD6     ECD6        8         0
                text122                            ED3C     ED3C        6         0
                text121                            E9FA     E9FA       22         0
                text120                            ECB2     ECB2        A         0
                text119                            D25E     D25E       9E         0
                text118                            EB02     EB02       18         0
                text117                            D998     D998       74         0
                text116                            EC0A     EC0A        C         0
                text115                            D924     D924       74         0
                text114                            E80A     E80A       2A         0
                text113                            E2EA     E2EA       42         0
                text112                            E584     E584       34         0
                text111                            A680     A680      234         0
                text110                            E9D8     E9D8       22         0
                text109                            7DA4     7DA4      4C2         0
                text108                            2C38     2C38     2A44         0
                text107                            B8EA     B8EA      178         0
                text106                            DD28     DD28       56         0
                text105                            ED9E     ED9E        2         0
                text104                            E42E     E42E       3E         0
                text102                            EAEA     EAEA       18         0
                text101                            E64A     E64A       30         0
                text100                            ECA8     ECA8        A         0
                text99                             EC9E     EC9E        A         0
                text98                             EC94     EC94        A         0
                text97                             EC8A     EC8A        A         0
                text96                             DCD2     DCD2       56         0
                text95                             ED36     ED36        6         0
                text94                             ED7A     ED7A        4         0
                text93                             ED30     ED30        6         0
                text92                             E61A     E61A       30         0
                text91                             ED76     ED76        4         0
                text90                             DF16     DF16       4C         0
                text89                             ECCE     ECCE        8         0
                text88                             ED2A     ED2A        6         0
                text87                             E9B6     E9B6       22         0
                text86                             EC80     EC80        A         0
                text85                             D110     D110       A8         0
                text84                             D644     D644       7E         0
                text83                             EAD2     EAD2       18         0
                text82                             E96E     E96E       24         0
                text81                             EABA     EABA       18         0
                text80                             D5C2     D5C2       82         0
                text79                             E5EA     E5EA       30         0
                text78                             EAA2     EAA2       18         0
                text77                             ED24     ED24        6         0
                text76                             ED1E     ED1E        6         0
                text75                             EC76     EC76        A         0
                text74                             EC6C     EC6C        A         0
                text73                             EC62     EC62        A         0
                text72                             EC58     EC58        A         0
                text71                             D42A     D42A       8C         0
                text70                             EC4E     EC4E        A         0
                text69                             EC44     EC44        A         0
                text68                             EC3A     EC3A        A         0
                text67                             E084     E084       48         0
                text66                             EB62     EB62       14         0
                text65                             ED72     ED72        4         0
                text64                             EA8A     EA8A       18         0
                text63                             D4B6     D4B6       8A         0
                text62                             EA3C     EA3C       1C         0
                text61                             E6A8     E6A8       2E         0
                text60                             DEC8     DEC8       4E         0
                text59                             E8FE     E8FE       26         0
                text58                             D836     D836       78         0
                text57                             EA1C     EA1C       20         0
                text56                             EBAE     EBAE       12         0
                text55                             EB9C     EB9C       12         0
                text54                             EB8A     EB8A       12         0
                text53                             EA72     EA72       18         0
                text52                             E2A8     E2A8       42         0
                text51                             E266     E266       42         0
                text50                             E6D6     E6D6       2C         0
                text49                             EBFC     EBFC        E         0
                text48                             B0DA     B0DA      1B8         0
                text47                             E886     E886       28         0
                text46                             E67A     E67A       2E         0
                text45                             E03C     E03C       48         0
                text44                             BD2C     BD2C      158         0
                text43                             EA58     EA58       1A         0
                text42                             EBEE     EBEE        E         0
                text41                             D2FC     D2FC       98         0
                text40                             CB3C     CB3C       CE         0
                text39                             B5D8     B5D8      18A         0
                text38                             BA62     BA62      166         0
                text37                             E224     E224       42         0
                text36                             DFF4     DFF4       48         0
                text35                             CE5C     CE5C       B0         0
                text34                             9ED0     9ED0      2BA         0
                text33                             943C     943C      39C         0
                text32                             CFBA     CFBA       AC         0
                text31                             C0E0     C0E0      106         0
                text30                             8BE6     8BE6      42C         0
                text29                             E46C     E46C       3A         0
                text28                             78E2     78E2      4C2         0
                text27                             DFAC     DFAC       48         0
                text26                             BFD8     BFD8      108         0
                text25                             C3F0     C3F0      100         0
                text24                             A8B4     A8B4      216         0
                text23                             DA7C     DA7C       68         0
                text22                             DE26     DE26       52         0
                text21                             E15A     E15A       44         0
                text20                             6110     6110      A92         0
                text19                             C5EE     C5EE       F2         0
                text18                             C99A     C99A       D2         0
                text17                             ACE0     ACE0      1FE         0
                text16                             724A     724A      698         0
                text15                             DD7E     DD7E       54         0
                text14                             E85E     E85E       28         0
                text13                             C7D0     C7D0       E6         0
                text12                             D540     D540       82         0
                text11                             EBE0     EBE0        E         0
                text10                             D8AE     D8AE       76         0
                text9                              E1E2     E1E2       42         0
                text8                              E54E     E54E       36         0
                text7                              A442     A442      23E         0
                text6                              E94A     E94A       24         0
                text5                              8266     8266      4C0         0
                text4                               198      198     2AA0         0
                text3                              B446     B446      192         0
                text2                              DC16     DC16       60         0
                text1                              E4A6     E4A6       38         0
                text0                              9B74     9B74      35C         0
                cinit                              DAE4     DAE4       66         0
                idataBANK3                         ECC6     ECC6        8         0

        CLASS   CONST          

        CLASS   SMALLCONST     

        CLASS   MEDIUMCONST    
                mediumconst                        FE6A     FE6A      196         0

        CLASS   COMRAM         
                temp                                 5F       5F        1         1
                cstackCOMRAM                          1        1       5E         1

        CLASS   ABS1           

        CLASS   BIGRAM         

        CLASS   RAM            

        CLASS   BANK0          
                cstackBANK0                          60       60       94         1
                bssBANK0                             F4       F4        9         1
                nvBANK0                              FD       FD        1         1

        CLASS   BANK1          
                cstackBANK1                         100      100       BC         1
                bssBANK1                            1BC      1BC       3A         1
                nvBANK1                             1F6      1F6        A         1

        CLASS   BANK2          
                cstackBANK2                         200      200       F6         1
                bssBANK2                            2F6      2F6        A         1

        CLASS   BANK3          
                cstackBANK3                         300      300       BC         1
                dataBANK3                           3F3      3F3        8         1
                bssBANK3                            3BC      3BC       22         1
                nvBANK3                             3DE      3DE       15         1

        CLASS   BANK4          
                bssBANK4                            400      400       60         1

        CLASS   BANK5          

        CLASS   BANK6          

        CLASS   BANK7          

        CLASS   BANK8          

        CLASS   BANK9          

        CLASS   BANK10         

        CLASS   BANK11         

        CLASS   BANK12         

        CLASS   BANK13         

        CLASS   BANK14         

        CLASS   SFR            

        CLASS   BIGSFR         

        CLASS   CONFIG         
                config                           300000   300000        C         4

        CLASS   IDLOC          
                idloc                            200000   200000       10         5

        CLASS   EEDATA         

        CLASS   FARRAM         

        CLASS   HEAP           

        CLASS   STACK          



SEGMENTS        Name                           Load    Length   Top    Selector   Space  Class

                reset_vec                      000000  000004  000004         0       0  CODE    
                cstackCOMRAM                   000001  00005F  000060         1       1  COMRAM  
                intcode                        000008  00ED9E  00EDA6         4       0  CODE    
                cstackBANK0                    000060  00009E  0000FE        60       1  BANK0   
                cstackBANK1                    000100  000100  000200       100       1  BANK1   
                cstackBANK2                    000200  000100  000300       200       1  BANK2   
                cstackBANK3                    000300  0000FB  0003FB       300       1  BANK3   
                bssBANK4                       000400  000060  000460       400       1  BANK4   
                mediumconst                    00FE6A  000196  010000      7F35       0  MEDIUMCO


UNUSED ADDRESS RANGES

        Name                Unused          Largest block    Delta
        BANK0            0000FE-0000FF                2
        BANK10           000A00-000AFF              100
        BANK11           000B00-000BFF              100
        BANK12           000C00-000CFF              100
        BANK13           000D00-000DFF              100
        BANK14           000E00-000E87               88
        BANK3            0003FB-0003FF                5
        BANK4            000460-0004FF               A0
        BANK5            000500-0005FF              100
        BANK6            000600-0006FF              100
        BANK7            000700-0007FF              100
        BANK8            000800-0008FF              100
        BANK9            000900-0009FF              100
        BIGRAM           0000FE-0000FF                2
                         0003FB-0003FF                5
                         000460-000E87              A28
        BIGSFR           000E8D-000FFF              173
        CODE             000004-000007                4
                         00EDA6-00FE69             10C4
        CONST            000004-000007                4
                         00EDA6-00FE69             10C4
        EEDATA           310000-3103FF              400
        MEDIUMCONST      00EDA6-00FE69             10C4
        RAM              0000FE-0000FF                2
                         0003FB-0003FF                5
                         000460-000E87              100
        SFR              000E8D-000FFF               73
        SMALLCONST       00EDA6-00FE69              100

                                  Symbol Table

?___aodiv                                       cstackBANK2  000200
?___aomod                                       cstackBANK2  000200
?___fladd                                       cstackBANK2  000215
?___fldiv                                       cstackBANK2  000246
?___flmul                                       cstackBANK2  000225
?___flneg                                       cstackBANK2  000200
?___flsub                                       cstackBANK2  00023E
?___fltol                                       cstackBANK2  000200
?___fpclassifyf                                 cstackBANK2  000200
?___lodiv                                       cstackBANK2  000200
?___lomod                                       cstackBANK2  000200
?___lwdiv                                       cstackBANK2  000200
?___wmul                                        cstackBANK2  000200
?___xxtofl                                      cstackBANK2  000207
?_abs                                           cstackBANK2  000212
?_atoi                                          cstackBANK2  000206
?_fabsf                                         cstackBANK2  000200
?_floorf                                        cstackBANK2  00025F
?_hallRead                                      cstackBANK2  00020C
?_isdigit                                       cstackBANK2  000200
?_isspace                                       cstackBANK2  000200
?_labs                                          cstackBANK2  000200
?_nanf                                          cstackBANK2  000200
?_powf                                          cstackBANK2  00027F
?_printf                                        cstackBANK2  0002C7
?_scalbnf                                       cstackBANK2  00023E
?_sqrtf                                         cstackBANK2  000252
?_t_update                                      cstackBANK2  00025F
?_vfprintf                                      cstackBANK2  0002BF
?_windSpeedCalc                                 cstackBANK2  000290
?i2___aodiv                                     cstackCOMRAM 000001
?i2___aomod                                     cstackCOMRAM 000001
?i2___fladd                                     cstackCOMRAM 000016
?i2___fldiv                                     cstackCOMRAM 000047
?i2___flmul                                     cstackCOMRAM 000026
?i2___flneg                                     cstackCOMRAM 000001
?i2___flsub                                     cstackCOMRAM 00003F
?i2___fltol                                     cstackCOMRAM 000001
?i2___fpclassifyf                               cstackCOMRAM 000001
?i2___lodiv                                     cstackCOMRAM 000001
?i2___lomod                                     cstackCOMRAM 000001
?i2___lwdiv                                     cstackCOMRAM 000001
?i2___wmul                                      cstackCOMRAM 000001
?i2___xxtofl                                    cstackCOMRAM 000008
?i2_abs                                         cstackCOMRAM 000013
?i2_atoi                                        cstackCOMRAM 000007
?i2_fabsf                                       cstackCOMRAM 000001
?i2_floorf                                      cstackCOMRAM 000053
?i2_hallRead                                    cstackCOMRAM 00000D
?i2_labs                                        cstackCOMRAM 000001
?i2_nanf                                        cstackCOMRAM 000001
?i2_powf                                        cstackBANK0  000084
?i2_printf                                      cstackBANK0  0000C9
?i2_scalbnf                                     cstackCOMRAM 00003F
?i2_sqrtf                                       cstackCOMRAM 000053
?i2_t_update                                    cstackCOMRAM 000053
?i2_vfprintf                                    cstackBANK0  0000C1
?i2_windSpeedCalc                               cstackBANK0  000095
EUSART1_Read@readValue                          cstackCOMRAM 000001
EUSART1_SetErrorHandler@interruptHandler        cstackBANK2  000200
EUSART1_SetFramingErrorHandler@interruptHandler cstackBANK2  000200
EUSART1_SetOverrunErrorHandler@interruptHandler cstackBANK2  000200
EUSART1_SetRxInterruptHandler@interruptHandler  cstackBANK2  000200
EUSART1_SetTxInterruptHandler@interruptHandler  cstackBANK2  000200
EUSART2_SetErrorHandler@interruptHandler        cstackBANK2  000200
EUSART2_SetFramingErrorHandler@interruptHandler cstackBANK2  000200
EUSART2_SetOverrunErrorHandler@interruptHandler cstackBANK2  000200
EUSART2_Write@txData                            cstackBANK2  000200
I2C1_CallbackReturnReset@funPtr                 cstackCOMRAM 00000A
I2C1_Close@returnValue                          cstackBANK2  000200
I2C1_MasterOperation@read                       cstackBANK2  000200
I2C1_MasterOperation@returnValue                cstackBANK2  000201
I2C1_MasterSendTxData@data                      cstackCOMRAM 000001
I2C1_Open@address                               cstackBANK2  000202
I2C1_Open@returnValue                           cstackBANK2  000203
I2C1_Read1ByteRegister@address                  cstackBANK2  00020A
I2C1_Read1ByteRegister@reg                      cstackBANK2  000209
I2C1_Read1ByteRegister@returnValue              cstackBANK2  00020B
I2C1_SetAddressNackCallback@cb                  cstackBANK2  000205
I2C1_SetAddressNackCallback@ptr                 cstackBANK2  000207
I2C1_SetBuffer@buffer                           cstackBANK2  000200
I2C1_SetBuffer@bufferSize                       cstackBANK2  000202
I2C1_SetCallback@cb                             cstackBANK2  000200
I2C1_SetCallback@idx                            cstackBANK2  000204
I2C1_SetCallback@ptr                            cstackBANK2  000202
I2C1_SetDataCompleteCallback@cb                 cstackBANK2  000205
I2C1_SetDataCompleteCallback@ptr                cstackBANK2  000207
I2C1_SetInterruptHandler@InterruptHandler       cstackBANK2  000200
I2C1_Write1ByteRegister@address                 cstackBANK2  00020B
I2C1_Write1ByteRegister@data                    cstackBANK2  00020A
I2C1_Write1ByteRegister@reg                     cstackBANK2  000209
IOCAF0_SetInterruptHandler@InterruptHandler     cstackBANK2  000200
TMR2_SetInterruptHandler@InterruptHandler       cstackBANK2  000200
TMR3_SetInterruptHandler@InterruptHandler       cstackBANK2  000200
TMR3_WriteTimer@timerVal                        cstackCOMRAM 000001
_ANSELA                                         (abs)        000F11
_ANSELB                                         (abs)        000F19
_ANSELC                                         (abs)        000F21
_BAUD1CON                                       (abs)        000F9F
_BAUD2CON                                       (abs)        000E9F
_EUSART1_DefaultErrorHandler                    text175      00ED4E
_EUSART1_DefaultFramingErrorHandler             text174      00EDA4
_EUSART1_DefaultOverrunErrorHandler             text173      00ED48
_EUSART1_ErrorHandler                           nvBANK3      0003EA
_EUSART1_FramingErrorHandler                    nvBANK3      0003EE
_EUSART1_Initialize                             text71       00D42A
_EUSART1_OverrunErrorHandler                    nvBANK3      0003EC
_EUSART1_Read                                   text177      00DC76
_EUSART1_Receive_ISR                            text170      00CD9A
_EUSART1_RxDataHandler                          text176      00E72E
_EUSART1_RxDefaultInterruptHandler              nvBANK3      0003F0
_EUSART1_SetErrorHandler                        text75       00EC76
_EUSART1_SetFramingErrorHandler                 text74       00EC6C
_EUSART1_SetOverrunErrorHandler                 text73       00EC62
_EUSART1_SetRxInterruptHandler                  text100      00ECA8
_EUSART1_SetTxInterruptHandler                  text72       00EC58
_EUSART1_Transmit_ISR                           text216      00E0CC
_EUSART1_TxDefaultInterruptHandler              nvBANK1      0001FC
_EUSART1_is_rx_ready                            text172      00EB32
_EUSART1_is_tx_ready                            text102      00EAEA
_EUSART2_DefaultErrorHandler                    (abs)        000000
_EUSART2_DefaultFramingErrorHandler             (abs)        000000
_EUSART2_DefaultOverrunErrorHandler             (abs)        000000
_EUSART2_ErrorHandler                           nvBANK3      0003E2
_EUSART2_FramingErrorHandler                    nvBANK3      0003E6
_EUSART2_Initialize                             text67       00E084
_EUSART2_OverrunErrorHandler                    nvBANK3      0003E4
_EUSART2_SetErrorHandler                        text70       00EC4E
_EUSART2_SetFramingErrorHandler                 text69       00EC44
_EUSART2_SetOverrunErrorHandler                 text68       00EC3A
_EUSART2_Write                                  text43       00EA58
_EUSART2_is_tx_ready                            text101      00E64A
_EUSART2_is_tx_ready$2836                       cstackBANK2  000200
_I2C1_CallbackReturnReset                       text204      00ED8E
_I2C1_CallbackReturnStop                        text205      00ED92
_I2C1_Close                                     text92       00E61A
_I2C1_DO_ADDRESS_NACK                           text181      00DBB0
_I2C1_DO_IDLE                                   text195      00EC2E
_I2C1_DO_RCEN                                   text190      00EC22
_I2C1_DO_RESET                                  text182      00EC16
_I2C1_DO_RX                                     text191      00D1B8
_I2C1_DO_RX_ACK                                 text185      00ECEE
_I2C1_DO_RX_NACK_RESTART                        text183      00ECDE
_I2C1_DO_RX_NACK_STOP                           text184      00ECE6
_I2C1_DO_SEND_ADR_READ                          text194      00EBD0
_I2C1_DO_SEND_ADR_WRITE                         text193      00EBC0
_I2C1_DO_SEND_RESTART                           text187      00ECFE
_I2C1_DO_SEND_RESTART_READ                      text189      00ED0E
_I2C1_DO_SEND_RESTART_WRITE                     text188      00ED06
_I2C1_DO_SEND_STOP                              text186      00ECF6
_I2C1_DO_TX                                     text192      00CCD6
_I2C1_DO_TX_EMPTY                               text196      00D740
_I2C1_Initialize                                text66       00EB62
_I2C1_MasterClearIrq                            text95       00ED36
_I2C1_MasterClose                               text94       00ED7A
_I2C1_MasterDisableIrq                          text93       00ED30
_I2C1_MasterEnableIrq                           text88       00ED2A
_I2C1_MasterEnableRestart                       text215      00ED9A
_I2C1_MasterFsm                                 text179      00DA0C
_I2C1_MasterGetRxData                           text201      00ED86
_I2C1_MasterIsNack                              text198      00EB76
_I2C1_MasterIsr                                 text178      00ED54
_I2C1_MasterOpen                                text87       00E9B6
_I2C1_MasterOperation                           text90       00DF16
_I2C1_MasterSendAck                             text200      00ED66
_I2C1_MasterSendNack                            text202      00ED6C
_I2C1_MasterSendTxData                          text199      00ED16
_I2C1_MasterSetIrq                              text197      00ED60
_I2C1_MasterStart                               text91       00ED76
_I2C1_MasterStartRx                             text203      00ED8A
_I2C1_MasterStop                                text214      00ED96
_I2C1_MasterWrite                               text89       00ECCE
_I2C1_Open                                      text85       00D110
_I2C1_Read1ByteRegister                         text80       00D5C2
_I2C1_SetAddressNackCallback                    text83       00EAD2
_I2C1_SetBuffer                                 text82       00E96E
_I2C1_SetCallback                               text84       00D644
_I2C1_SetDataCompleteCallback                   text81       00EABA
_I2C1_SetInterruptHandler                       text86       00EC80
_I2C1_Status                                    bssBANK1     0001BC
_I2C1_Write1ByteRegister                        text58       00D836
_INLVLA                                         (abs)        000F0D
_INLVLB                                         (abs)        000F15
_INLVLC                                         (abs)        000F1D
_INLVLE                                         (abs)        000F2A
_INTCONbits                                     (abs)        000FF2
_INTERRUPT_Initialize                           text65       00ED72
_INTERRUPT_InterruptManager                     intcode      000008
_IOCAF0_DefaultInterruptHandler                 (abs)        000000
_IOCAF0_InterruptHandler                        nvBANK1      0001FE
_IOCAF0_SetInterruptHandler                     text99       00EC9E
_IOCAFbits                                      (abs)        000F0A
_IOCANbits                                      (abs)        000F0B
_IOCAPbits                                      (abs)        000F0C
_Interrupt_Handler_Initialize                   text96       00DCD2
_LATA                                           (abs)        000F83
_LATAbits                                       (abs)        000F83
_LATB                                           (abs)        000F84
_LATBbits                                       (abs)        000F84
_LATC                                           (abs)        000F85
_LATCbits                                       (abs)        000F85
_MSSP1_InterruptHandler                         bssBANK0     0000F8
_ODCONA                                         (abs)        000F0F
_ODCONB                                         (abs)        000F17
_ODCONBbits                                     (abs)        000F17
_ODCONC                                         (abs)        000F1F
_OSCCON1                                        (abs)        000ED8
_OSCCON3                                        (abs)        000EDA
_OSCEN                                          (abs)        000EDC
_OSCFRQ                                         (abs)        000EDE
_OSCILLATOR_Initialize                          text64       00EA8A
_OSCTUNE                                        (abs)        000EDD
_PIE3bits                                       (abs)        000EC5
_PIE4bits                                       (abs)        000EC6
_PIN_MANAGER_Initialize                         text63       00D4B6
_PIR3bits                                       (abs)        000ECD
_PIR4bits                                       (abs)        000ECE
_PMD0                                           (abs)        000EE1
_PMD1                                           (abs)        000EE2
_PMD2                                           (abs)        000EE3
_PMD3                                           (abs)        000EE4
_PMD4                                           (abs)        000EE5
_PMD5                                           (abs)        000EE6
_PMD_Initialize                                 text62       00EA3C
_PORTAbits                                      (abs)        000F8D
_PR2                                            (abs)        000FBC
_PROJECT_INIT                                   text77       00ED24
_RB6PPS                                         (abs)        000EF5
_RC1REG                                         (abs)        000F99
_RC1STA                                         (abs)        000F9D
_RC1STAbits                                     (abs)        000F9D
_RC2REG                                         (abs)        000E99
_RC2STA                                         (abs)        000E9D
_RC2STAbits                                     (abs)        000E9D
_RC3PPS                                         (abs)        000EFA
_RC4PPS                                         (abs)        000EFB
_RC6PPS                                         (abs)        000EFD
_RX1PPS                                         (abs)        000EB5
_RX2PPS                                         (abs)        000E8D
_Read_EUSART1_Buffer                            text76       00ED1E
_Rx1_ISR                                        text171      00DF62
_SLRCONA                                        (abs)        000F0E
_SLRCONB                                        (abs)        000F16
_SLRCONC                                        (abs)        000F1E
_SP1BRGH                                        (abs)        000F9C
_SP1BRGL                                        (abs)        000F9B
_SP2BRGH                                        (abs)        000E9C
_SP2BRGL                                        (abs)        000E9B
_SSP1ADD                                        (abs)        000F93
_SSP1BUF                                        (abs)        000F92
_SSP1CLKPPS                                     (abs)        000EB7
_SSP1CON1                                       (abs)        000F96
_SSP1CON1bits                                   (abs)        000F96
_SSP1CON2                                       (abs)        000F97
_SSP1CON2bits                                   (abs)        000F97
_SSP1DATPPS                                     (abs)        000EB8
_SSP1STAT                                       (abs)        000F95
_SSP1STATbits                                   (abs)        000F95
_SYSTEM_Initialize                              text59       00E8FE
_T2CLKCON                                       (abs)        000FBF
_T2CON                                          (abs)        000FBD
_T2CONbits                                      (abs)        000FBD
_T2HLT                                          (abs)        000FBE
_T2HLTbits                                      (abs)        000FBE
_T2PR                                           (abs)        000FBC
_T2RST                                          (abs)        000FC0
_T2RSTbits                                      (abs)        000FC0
_T2TMR                                          (abs)        000FBB
_T3CLK                                          (abs)        000FCC
_T3CON                                          (abs)        000FC9
_T3CONbits                                      (abs)        000FC9
_T3GATE                                         (abs)        000FCB
_T3GCON                                         (abs)        000FCA
_T3GCONbits                                     (abs)        000FCA
_TMR2                                           (abs)        000FBB
_TMR2_DefaultInterruptHandler                   text168      00EDA2
_TMR2_ISR                                       text167      00E5B8
_TMR2_Initialize                                text61       00E6A8
_TMR2_InterruptHandler                          nvBANK1      0001FA
_TMR2_SetInterruptHandler                       text98       00EC94
_TMR3H                                          (abs)        000FC8
_TMR3L                                          (abs)        000FC7
_TMR3_DefaultInterruptHandler                   text105      00ED9E
_TMR3_ISR                                       text104      00E42E
_TMR3_Initialize                                text60       00DEC8
_TMR3_InterruptHandler                          nvBANK1      0001F6
_TMR3_SetInterruptHandler                       text97       00EC8A
_TMR3_WriteTimer                                text166      00E8D6
_TRISA                                          (abs)        000F88
_TRISB                                          (abs)        000F89
_TRISC                                          (abs)        000F8A
_TX1REG                                         (abs)        000F9A
_TX1STA                                         (abs)        000F9E
_TX1STAbits                                     (abs)        000F9E
_TX2REG                                         (abs)        000E9A
_TX2STA                                         (abs)        000E9E
_TX2STAbits                                     (abs)        000E9E
_WPUA                                           (abs)        000F10
_WPUB                                           (abs)        000F18
_WPUC                                           (abs)        000F20
_WPUE                                           (abs)        000F2D
__HRAM                                          (abs)        000000
__Habs1                                         abs1         000000
__Hbank0                                        bank0        000000
__Hbank1                                        bank1        000000
__Hbank10                                       bank10       000000
__Hbank11                                       bank11       000000
__Hbank12                                       bank12       000000
__Hbank13                                       bank13       000000
__Hbank14                                       bank14       000000
__Hbank2                                        bank2        000000
__Hbank3                                        bank3        000000
__Hbank4                                        bank4        000000
__Hbank5                                        bank5        000000
__Hbank6                                        bank6        000000
__Hbank7                                        bank7        000000
__Hbank8                                        bank8        000000
__Hbank9                                        bank9        000000
__Hbigbss                                       bigbss       000000
__Hbigdata                                      bigdata      000000
__Hbigram                                       bigram       000000
__Hbigsfr                                       bigsfr       000000
__Hbss                                          bss          000000
__HbssBANK0                                     bssBANK0     000000
__HbssBANK1                                     bssBANK1     000000
__HbssBANK2                                     bssBANK2     000000
__HbssBANK3                                     bssBANK3     000000
__HbssBANK4                                     bssBANK4     000000
__Hcinit                                        cinit        000000
__Hclrtext                                      clrtext      000000
__Hcomram                                       comram       000000
__Hconfig                                       config       30000C
__Hconst                                        const        000000
__HcstackBANK0                                  cstackBANK0  000000
__HcstackBANK1                                  cstackBANK1  000000
__HcstackBANK2                                  cstackBANK2  000000
__HcstackBANK3                                  cstackBANK3  000000
__HcstackCOMRAM                                 cstackCOMRAM 000000
__Hdata                                         data         000000
__HdataBANK3                                    dataBANK3    000000
__Heeprom_data                                  eeprom_data  000000
__Hfarbss                                       farbss       000000
__Hfardata                                      fardata      000000
__Hheap                                         heap         000000
__Hibigdata                                     ibigdata     000000
__Hidata                                        idata        000000
__HidataBANK3                                   idataBANK3   000000
__Hidloc                                        idloc        200010
__Hifardata                                     ifardata     000000
__Hinit                                         init         000198
__Hintcode                                      intcode      000194
__Hintcode_body                                 intcode_body 000000
__Hintcodelo                                    intcodelo    000194
__Hintentry                                     intentry     000000
__Hintret                                       intret       000000
__Hintsave_regs                                 intsave_regs 000000
__Hirdata                                       irdata       000000
__Hmediumconst                                  mediumconst  010000
__HnvBANK0                                      nvBANK0      000000
__HnvBANK1                                      nvBANK1      000000
__HnvBANK3                                      nvBANK3      000000
__HnvFARRAM                                     nvFARRAM     000000
__Hnvbit                                        nvbit        000000
__Hnvrram                                       nvrram       000000
__Hparam                                        rparam       000000
__Hpowerup                                      powerup      000194
__Hram                                          ram          000000
__Hramtop                                       ramtop       000F00
__Hrbit                                         rbit         000000
__Hrbss                                         rbss         000000
__Hrdata                                        rdata        000000
__Hreset_vec                                    reset_vec    000004
__Hrparam                                       rparam       000000
__Hsfr                                          sfr          000000
__Hsmallconst                                   smallconst   000000
__Hspace_0                                      (abs)        010000
__Hspace_1                                      (abs)        000460
__Hspace_2                                      (abs)        000000
__Hspace_4                                      (abs)        60000C
__Hstack                                        stack        000000
__Hstruct                                       struct       000000
__Htemp                                         temp         000060
__Htext                                         text         000000
__Htext0                                        text0        000000
__Htext1                                        text1        000000
__Htext10                                       text10       000000
__Htext100                                      text100      000000
__Htext101                                      text101      000000
__Htext102                                      text102      000000
__Htext104                                      text104      000000
__Htext105                                      text105      000000
__Htext106                                      text106      000000
__Htext107                                      text107      000000
__Htext108                                      text108      000000
__Htext109                                      text109      000000
__Htext11                                       text11       000000
__Htext110                                      text110      000000
__Htext111                                      text111      000000
__Htext112                                      text112      000000
__Htext113                                      text113      000000
__Htext114                                      text114      000000
__Htext115                                      text115      000000
__Htext116                                      text116      000000
__Htext117                                      text117      000000
__Htext118                                      text118      000000
__Htext119                                      text119      000000
__Htext12                                       text12       000000
__Htext120                                      text120      000000
__Htext121                                      text121      000000
__Htext122                                      text122      000000
__Htext123                                      text123      000000
__Htext124                                      text124      000000
__Htext125                                      text125      000000
__Htext126                                      text126      000000
__Htext127                                      text127      000000
__Htext128                                      text128      000000
__Htext129                                      text129      000000
__Htext13                                       text13       000000
__Htext130                                      text130      000000
__Htext131                                      text131      000000
__Htext132                                      text132      000000
__Htext133                                      text133      000000
__Htext134                                      text134      000000
__Htext135                                      text135      000000
__Htext136                                      text136      000000
__Htext137                                      text137      000000
__Htext138                                      text138      000000
__Htext139                                      text139      000000
__Htext14                                       text14       000000
__Htext140                                      text140      000000
__Htext141                                      text141      000000
__Htext142                                      text142      000000
__Htext143                                      text143      000000
__Htext144                                      text144      000000
__Htext145                                      text145      000000
__Htext146                                      text146      000000
__Htext147                                      text147      000000
__Htext148                                      text148      000000
__Htext149                                      text149      000000
__Htext15                                       text15       000000
__Htext150                                      text150      000000
__Htext151                                      text151      000000
__Htext152                                      text152      000000
__Htext153                                      text153      000000
__Htext154                                      text154      000000
__Htext155                                      text155      000000
__Htext156                                      text156      000000
__Htext157                                      text157      000000
__Htext158                                      text158      000000
__Htext159                                      text159      000000
__Htext16                                       text16       000000
__Htext160                                      text160      000000
__Htext161                                      text161      000000
__Htext162                                      text162      000000
__Htext163                                      text163      000000
__Htext164                                      text164      000000
__Htext165                                      text165      000000
__Htext166                                      text166      000000
__Htext167                                      text167      000000
__Htext168                                      text168      000000
__Htext169                                      text169      000000
__Htext17                                       text17       000000
__Htext170                                      text170      000000
__Htext171                                      text171      000000
__Htext172                                      text172      000000
__Htext173                                      text173      000000
__Htext174                                      text174      000000
__Htext175                                      text175      000000
__Htext176                                      text176      000000
__Htext177                                      text177      000000
__Htext178                                      text178      000000
__Htext179                                      text179      000000
[...]
vfpfcnvrt@convarg                               cstackBANK2  0002B4
vfpfcnvrt@cp                                    cstackBANK2  0002BD
vfpfcnvrt@done                                  cstackBANK2  0002B2
vfpfcnvrt@fmt                                   cstackBANK2  0002AA
vfpfcnvrt@fp                                    cstackBANK2  0002A8
vfprintf@ap                                     cstackBANK2  0002C3
vfprintf@cfmt                                   cstackBANK2  0002C5
vfprintf@fmt                                    cstackBANK2  0002C1
vfprintf@fp                                     cstackBANK2  0002BF
windSpeedCalc@dw_dt                             cstackBANK2  000298
windSpeedCalc@linearVel                         cstackBANK2  00029C
windSpeedCalc@power                             cstackBANK2  000294
windSpeedCalc@time                              cstackBANK2  000290
wr1RegCompleteHandler@ptr                       cstackCOMRAM 00000A
wr2RegCompleteHandler@ptr                       cstackCOMRAM 00000A
wtemp8                                          temp         000060


MODULE INFORMATION

Module		Function		Class		Link	Load	Size
C:\Program Files\Microchip\xc8\v2.40\pic\sources\c99\common\sprcmul.c
		___flmul       		CODE           	8BE6	0000	1068

C:\Program Files\Microchip\xc8\v2.40\pic\sources\c99\common\sprcmul.c estimated size: 1068

C:\Program Files\Microchip\xc8\v2.40\pic\sources\c99\common\nf_fputc.c
		_fputc         		CODE           	D2FC	0000	152

C:\Program Files\Microchip\xc8\v2.40\pic\sources\c99\common\nf_fputc.c estimated size: 152

C:\Program Files\Microchip\xc8\v2.40\pic\sources\c99\common\sprcdiv.c
		___fldiv       		CODE           	943C	0000	924

C:\Program Files\Microchip\xc8\v2.40\pic\sources\c99\common\sprcdiv.c estimated size: 924

mcc_generated_files/examples/i2c1_master_example.c
		_wr1RegCompleteHandler		CODE           	E75A	0000	44
		_wr2RegCompleteHandler		CODE           	E7DE	0000	44
		_I2C1_Write1ByteRegister		CODE           	D836	0000	120
		_rdBlkRegCompleteHandler		CODE           	E3EE	0000	64
		_rd1RegCompleteHandler		CODE           	E7B2	0000	44
		_rd2RegCompleteHandler		CODE           	E786	0000	44
		_I2C1_Read1ByteRegister		CODE           	D5C2	0000	130

mcc_generated_files/examples/i2c1_master_example.c estimated size: 490

C:\Program Files\Microchip\xc8\v2.40\pic\sources\c99\common\sqrtf.c
		_sqrtf         		CODE           	8266	0000	1216

C:\Program Files\Microchip\xc8\v2.40\pic\sources\c99\common\sqrtf.c estimated size: 1216

C:\Program Files\Microchip\xc8\v2.40\pic\sources\c99\common\lwdiv.c
		___lwdiv       		CODE           	D8AE	0000	118

C:\Program Files\Microchip\xc8\v2.40\pic\sources\c99\common\lwdiv.c estimated size: 118

C:\Program Files\Microchip\xc8\v2.40\pic\sources\c99\common\memcpy.c
		_memcpy        		CODE           	DE26	0000	82

C:\Program Files\Microchip\xc8\v2.40\pic\sources\c99\common\memcpy.c estimated size: 82

mcc_generated_files/eusart2.c
		_putch         		CODE           	EBEE	0000	14
		_EUSART2_SetOverrunErrorHandler		CODE           	EC3A	0000	10
		_EUSART2_SetErrorHandler		CODE           	EC4E	0000	10
		_EUSART2_Write 		CODE           	EA58	0000	26
		_EUSART2_is_tx_ready		CODE           	E64A	0000	48
		_EUSART2_Initialize		CODE           	E084	0000	72
		_EUSART2_SetFramingErrorHandler		CODE           	EC44	0000	10

mcc_generated_files/eusart2.c estimated size: 190

C:\Program Files\Microchip\xc8\v2.40\pic\sources\c99\common\fltol.c
		___fltol       		CODE           	BFD8	0000	264

C:\Program Files\Microchip\xc8\v2.40\pic\sources\c99\common\fltol.c estimated size: 264

C:\Program Files\Microchip\xc8\v2.40\pic\sources\c99\common\scalbnf.c
		_scalbnf       		CODE           	A442	0000	574

C:\Program Files\Microchip\xc8\v2.40\pic\sources\c99\common\scalbnf.c estimated size: 574

C:\Program Files\Microchip\xc8\v2.40\pic\sources\c99\common\isspace.c
		_isspace       		CODE           	E03C	0000	72

C:\Program Files\Microchip\xc8\v2.40\pic\sources\c99\common\isspace.c estimated size: 72

C:\Program Files\Microchip\xc8\v2.40\pic\sources\c99\common\atoi.c
		_atoi          		CODE           	BD2C	0000	344

C:\Program Files\Microchip\xc8\v2.40\pic\sources\c99\common\atoi.c estimated size: 344

mcc_generated_files/i2c1_master.c
		_I2C1_DO_SEND_RESTART		CODE           	ECFE	0000	8
		_I2C1_DO_TX_EMPTY		CODE           	D740	0000	124
		_I2C1_DO_SEND_RESTART_READ		CODE           	ED0E	0000	8
		_I2C1_CallbackReturnStop		CODE           	ED92	0000	4
		_I2C1_DO_RX    		CODE           	D1B8	0000	166
		_I2C1_DO_TX    		CODE           	CCD6	0000	196
		_I2C1_SetAddressNackCallback		CODE           	EAD2	0000	24
		_I2C1_DO_IDLE  		CODE           	EC2E	0000	12
		_I2C1_MasterOpen		CODE           	E9B6	0000	34
		_I2C1_DO_RCEN  		CODE           	EC22	0000	12
		_I2C1_MasterSendTxData		CODE           	ED16	0000	8
		_I2C1_MasterStop		CODE           	ED96	0000	4
		_I2C1_CallbackReturnReset		CODE           	ED8E	0000	4
		_I2C1_DO_RESET 		CODE           	EC16	0000	12
		_I2C1_MasterStartRx		CODE           	ED8A	0000	4
		_I2C1_DO_RX_ACK		CODE           	ECEE	0000	8
		_I2C1_MasterSendNack		CODE           	ED6C	0000	6
		_I2C1_DO_RX_NACK_RESTART		CODE           	ECDE	0000	8
		_I2C1_MasterDisableIrq		CODE           	ED30	0000	6
		_I2C1_MasterOperation		CODE           	DF16	0000	76
		_I2C1_SetCallback		CODE           	D644	0000	126
		_I2C1_MasterEnableRestart		CODE           	ED9A	0000	4
		_I2C1_Open     		CODE           	D110	0000	168
		_I2C1_DO_ADDRESS_NACK		CODE           	DBB0	0000	102
		_I2C1_SetBuffer		CODE           	E96E	0000	36
		_I2C1_DO_SEND_RESTART_WRITE		CODE           	ED06	0000	8
		_I2C1_MasterClose		CODE           	ED7A	0000	4
		_I2C1_MasterWrite		CODE           	ECCE	0000	8
		_I2C1_Initialize		CODE           	EB62	0000	20
		_I2C1_Close    		CODE           	E61A	0000	48
		_I2C1_MasterIsNack		CODE           	EB76	0000	20
		_I2C1_MasterStart		CODE           	ED76	0000	4
		_I2C1_DO_SEND_ADR_WRITE		CODE           	EBC0	0000	16
		_I2C1_MasterClearIrq		CODE           	ED36	0000	6
		_I2C1_SetDataCompleteCallback		CODE           	EABA	0000	24
		_I2C1_DO_SEND_STOP		CODE           	ECF6	0000	8
		_I2C1_MasterSendAck		CODE           	ED66	0000	6
		_I2C1_MasterFsm		CODE           	DA0C	0000	112
		_I2C1_MasterIsr		CODE           	ED54	0000	6
		_I2C1_MasterGetRxData		CODE           	ED86	0000	4
		_I2C1_SetInterruptHandler		CODE           	EC80	0000	10
		_I2C1_MasterSetIrq		CODE           	ED60	0000	6
		_I2C1_DO_SEND_ADR_READ		CODE           	EBD0	0000	16
		_I2C1_MasterEnableIrq		CODE           	ED2A	0000	6
		_I2C1_DO_RX_NACK_STOP		CODE           	ECE6	0000	8

mcc_generated_files/i2c1_master.c estimated size: 1500

C:\Program Files\Microchip\xc8\v2.40\pic\sources\c99\common\Umul16.c
		___wmul        		CODE           	E886	0000	40

C:\Program Files\Microchip\xc8\v2.40\pic\sources\c99\common\Umul16.c estimated size: 40

C:\Program Files\Microchip\xc8\v2.40\pic\sources\c99\common\fleq.c
		___fleq        		CODE           	CFBA	0000	172

C:\Program Files\Microchip\xc8\v2.40\pic\sources\c99\common\fleq.c estimated size: 172

mcc_generated_files/tmr2.c
		_TMR2_ISR      		CODE           	E5B8	0000	50
		_TMR2_Initialize		CODE           	E6A8	0000	46
		_TMR2_SetInterruptHandler		CODE           	EC94	0000	10
		_TMR2_DefaultInterruptHandler		CODE           	EDA2	0000	2

mcc_generated_files/tmr2.c estimated size: 108

mcc_generated_files/interrupt_manager.c
		_INTERRUPT_Initialize		CODE           	ED72	0000	4
		_INTERRUPT_InterruptManager		CODE           	0008	0000	396

mcc_generated_files/interrupt_manager.c estimated size: 400

C:\Program Files\Microchip\xc8\v2.40\pic\sources\c99\common\abs.c
		_abs           		CODE           	E224	0000	66

C:\Program Files\Microchip\xc8\v2.40\pic\sources\c99\common\abs.c estimated size: 66

sensor_controller.c
		_data_transmit 		CODE           	C7D0	0000	230
		_sensor_read   		CODE           	DC16	0000	96
		_set_thresh    		CODE           	E4A6	0000	56

sensor_controller.c estimated size: 382

C:\Program Files\Microchip\xc8\v2.40\pic\sources\c99\common\printf.c
		_printf        		CODE           	E85E	0000	40

C:\Program Files\Microchip\xc8\v2.40\pic\sources\c99\common\printf.c estimated size: 40

C:\Program Files\Microchip\xc8\v2.40\pic\sources\c99\common\__fpclassifyf.c
		___fpclassifyf 		CODE           	C3F0	0000	256

C:\Program Files\Microchip\xc8\v2.40\pic\sources\c99\common\__fpclassifyf.c estimated size: 256

mcc_generated_files/pin_manager.c
		_PIN_MANAGER_Initialize		CODE           	D4B6	0000	138
		_IOCAF0_SetInterruptHandler		CODE           	EC9E	0000	10

mcc_generated_files/pin_manager.c estimated size: 148

C:\Program Files\Microchip\xc8\v2.40\pic\sources\c99\common\isdigit.c
		_isdigit       		CODE           	E67A	0000	46

C:\Program Files\Microchip\xc8\v2.40\pic\sources\c99\common\isdigit.c estimated size: 46

interrupt_handler.c
		_Rx1_ISR       		CODE           	DF62	0000	74
		_t_update      		CODE           	D540	0000	130
		_Interrupt_Handler_Initialize		CODE           	DCD2	0000	86
		_Read_EUSART1_Buffer		CODE           	ED1E	0000	6
		_internal_clock		CODE           	E834	0000	42

interrupt_handler.c estimated size: 338

C:\Program Files\Microchip\xc8\v2.40\pic\sources\c99\common\sprcadd.c
		___flsub       		CODE           	DFAC	0000	72
		___fladd       		CODE           	78E2	0000	1218

C:\Program Files\Microchip\xc8\v2.40\pic\sources\c99\common\sprcadd.c estimated size: 1290

C:\Program Files\Microchip\xc8\v2.40\pic\sources\c99\common\floorf.c
		_floorf        		CODE           	A8B4	0000	534

C:\Program Files\Microchip\xc8\v2.40\pic\sources\c99\common\floorf.c estimated size: 534

C:\Program Files\Microchip\xc8\v2.40\pic\sources\c99\common\powf.c
		_powf          		CODE           	0198	0000	10912

C:\Program Files\Microchip\xc8\v2.40\pic\sources\c99\common\powf.c estimated size: 10912

C:\Program Files\Microchip\xc8\v2.40\pic\sources\c99\common\flneg.c
		___flneg       		CODE           	E46C	0000	58

C:\Program Files\Microchip\xc8\v2.40\pic\sources\c99\common\flneg.c estimated size: 58

C:\Program Files\Microchip\xc8\v2.40\pic\sources\c99\common\fabsf.c
		_fabsf         		CODE           	E54E	0000	54

C:\Program Files\Microchip\xc8\v2.40\pic\sources\c99\common\fabsf.c estimated size: 54

C:\Program Files\Microchip\xc8\v2.40\pic\sources\c99\common\labs.c
		_labs          		CODE           	DA7C	0000	104

C:\Program Files\Microchip\xc8\v2.40\pic\sources\c99\common\labs.c estimated size: 104

C:\Program Files\Microchip\xc8\v2.40\pic\sources\c99\common\xxtofl.c
		___xxtofl      		CODE           	B0DA	0000	440

C:\Program Files\Microchip\xc8\v2.40\pic\sources\c99\common\xxtofl.c estimated size: 440

C:\Program Files\Microchip\xc8\v2.40\pic\sources\c99\common\nf_fputs.c
		_fputs         		CODE           	DFF4	0000	72

C:\Program Files\Microchip\xc8\v2.40\pic\sources\c99\common\nf_fputs.c estimated size: 72

C:\Program Files\Microchip\xc8\v2.40\pic\sources\c99\common\lomod.c
		___lomod       		CODE           	C99A	0000	210

C:\Program Files\Microchip\xc8\v2.40\pic\sources\c99\common\lomod.c estimated size: 210

C:\Program Files\Microchip\xc8\v2.40\pic\sources\c99\common\aomod.c
		___aomod       		CODE           	BA62	0000	358

C:\Program Files\Microchip\xc8\v2.40\pic\sources\c99\common\aomod.c estimated size: 358

shared
		i2_I2C1_MasterDisableIrq		CODE           	ED42	0000	6
		i2_fabsf       		CODE           	E584	0000	52
		_L5            		MEDIUMCONST    	0000	0000	0
		_P3            		MEDIUMCONST    	0000	0000	0
		i2_printf      		CODE           	E8AE	0000	40
		i2_I2C1_SetBuffer		CODE           	E992	0000	36
		i2_vfpfcnvrt   		CODE           	6BA2	0000	1704
		_L6            		MEDIUMCONST    	0000	0000	0
		_P4            		MEDIUMCONST    	0000	0000	0
		i2_sqrtf       		CODE           	7DA4	0000	1218
		i2_pad         		CODE           	CF0C	0000	174
		i2_atoi        		CODE           	BE84	0000	340
		_P5            		MEDIUMCONST    	0000	0000	0
		i2_tempRead    		CODE           	EC0A	0000	12
		i2_abs         		CODE           	E3AE	0000	64
		i2_floorf      		CODE           	AACA	0000	534
		i2_labs        		CODE           	DB4A	0000	102
		i2_putch       		CODE           	ECBC	0000	10
		i2___fleq      		CODE           	D066	0000	170
		i2_isspace     		CODE           	E516	0000	56
		i2_I2C1_MasterOpen		CODE           	E9FA	0000	34
		i2_utoa        		CODE           	AEDE	0000	508
		i2_I2C1_MasterOperation		CODE           	E36E	0000	64
		i2_I2C1_SetInterruptHandler		CODE           	ECB2	0000	10
		i2___lwdiv     		CODE           	D924	0000	116
		i2_vfprintf    		CODE           	DDD2	0000	84
		i2_isdigit     		CODE           	EDA0	0000	2
		i2_I2C1_SetCallback		CODE           	D7BC	0000	122
		i2_sensor_read 		CODE           	DD28	0000	86
		i2_t_update    		CODE           	D6C2	0000	126
		i2___flneg     		CODE           	E4DE	0000	56
		_lg2_l         		MEDIUMCONST    	0000	0000	0
		i2_strcpy      		CODE           	E32C	0000	66
		i2___fladd     		CODE           	8726	0000	1216
		i2_ctoa        		CODE           	CC0A	0000	204
		i2_I2C1_MasterEnableIrq		CODE           	ED3C	0000	6
		i2_I2C1_MasterClose		CODE           	ED82	0000	4
		i2___wmul      		CODE           	E924	0000	38
		_ivln2_l       		MEDIUMCONST    	0000	0000	0
		i2_scalbnf     		CODE           	A680	0000	564
		i2_I2C1_MasterWrite		CODE           	ECD6	0000	8
		i2_dtoa        		CODE           	A18A	0000	696
		_ivln2         		MEDIUMCONST    	0000	0000	0
		i2___fldiv     		CODE           	97D8	0000	924
		i2___fltol     		CODE           	C1E6	0000	262
		__initialization		CODE           	DAE4	0000	92
		i2___flge      		CODE           	C2EC	0000	260
		i2___lodiv     		CODE           	C6E0	0000	240
		_bp            		MEDIUMCONST    	FEF3	0000	8
		_cp            		MEDIUMCONST    	0000	0000	0
		_cp_h          		MEDIUMCONST    	0000	0000	0
		_dp_h          		MEDIUMCONST    	FE93	0000	8
		i2_EUSART2_Write		CODE           	EB1A	0000	24
		_lg2           		MEDIUMCONST    	0000	0000	0
		_tiny@sqrtf$F3707		MEDIUMCONST    	0000	0000	0
		i2_powf        		CODE           	2C38	0000	10820
		i2_data_transmit		CODE           	C8B6	0000	228
		i2___aodiv     		CODE           	B762	0000	392
		i2___flmul     		CODE           	9012	0000	1066
		_lg2_h         		MEDIUMCONST    	0000	0000	0
		_i2c1_fsmStateTable		MEDIUMCONST    	FE6B	0000	32
		_ivln2_h       		MEDIUMCONST    	0000	0000	0
		i2_I2C1_Read1ByteRegister		CODE           	D998	0000	116
		i2_hallRead    		CODE           	E80A	0000	42
		i2_I2C1_MasterStart		CODE           	ED7E	0000	4
		i2___xxtofl    		CODE           	B292	0000	436
		_tiny          		MEDIUMCONST    	0000	0000	0
		i2___lomod     		CODE           	CA6C	0000	208
		i2___fpclassifyf		CODE           	C4F0	0000	254
		i2_hallRecord  		CODE           	E2EA	0000	66
		i2___flsub     		CODE           	E114	0000	70
		i2_nanf        		CODE           	E9D8	0000	34
		_ovt           		MEDIUMCONST    	0000	0000	0
		i2_windSpeedCalc		CODE           	B8EA	0000	376
		i2_efgtoa      		CODE           	567C	0000	2708
		_huge          		MEDIUMCONST    	0000	0000	0
		i2_I2C1_MasterClearIrq		CODE           	ED5A	0000	6
		i2___aomod     		CODE           	BBC8	0000	356
		i2_fputc       		CODE           	D394	0000	150
		i2_fputs       		CODE           	E19E	0000	68
		_two24         		MEDIUMCONST    	0000	0000	0
		i2_I2C1_SetDataCompleteCallback		CODE           	EB4A	0000	24
		i2_I2C1_Open   		CODE           	D25E	0000	158
		_cp_l          		MEDIUMCONST    	0000	0000	0
		_dp_l          		MEDIUMCONST    	FE8B	0000	8
		i2_memcpy      		CODE           	DE78	0000	80
		_L1            		MEDIUMCONST    	0000	0000	0
		i2_I2C1_Close  		CODE           	E702	0000	44
		_L2            		MEDIUMCONST    	0000	0000	0
		i2_I2C1_SetAddressNackCallback		CODE           	EB02	0000	24
		_L3            		MEDIUMCONST    	0000	0000	0
		_P1            		MEDIUMCONST    	0000	0000	0
		_L4            		MEDIUMCONST    	0000	0000	0
		_P2            		MEDIUMCONST    	0000	0000	0

shared estimated size: 28116

mcc_generated_files/eusart1.c
		_EUSART1_SetRxInterruptHandler		CODE           	ECA8	0000	10
		_EUSART1_SetTxInterruptHandler		CODE           	EC58	0000	10
		_EUSART1_is_rx_ready		CODE           	EB32	0000	24
		_EUSART1_is_tx_ready		CODE           	EAEA	0000	24
		_EUSART1_Initialize		CODE           	D42A	0000	140
		_EUSART1_DefaultErrorHandler		CODE           	ED4E	0000	6
		_EUSART1_SetFramingErrorHandler		CODE           	EC6C	0000	10
		_EUSART1_Read  		CODE           	DC76	0000	92
		_EUSART1_SetOverrunErrorHandler		CODE           	EC62	0000	10
		_EUSART1_SetErrorHandler		CODE           	EC76	0000	10
		_EUSART1_Receive_ISR		CODE           	CD9A	0000	194
		_EUSART1_RxDataHandler		CODE           	E72E	0000	44
		_EUSART1_DefaultOverrunErrorHandler		CODE           	ED48	0000	6
		_EUSART1_Transmit_ISR		CODE           	E0CC	0000	72
		_EUSART1_DefaultFramingErrorHandler		CODE           	EDA4	0000	2

mcc_generated_files/eusart1.c estimated size: 654

C:\Program Files\Microchip\xc8\v2.40\pic\sources\c99\common\strcpy.c
		_strcpy        		CODE           	E15A	0000	68

C:\Program Files\Microchip\xc8\v2.40\pic\sources\c99\common\strcpy.c estimated size: 68

mcc_generated_files/mcc.c
		_PMD_Initialize		CODE           	EA3C	0000	28
		_OSCILLATOR_Initialize		CODE           	EA8A	0000	24
		_SYSTEM_Initialize		CODE           	E8FE	0000	38

mcc_generated_files/mcc.c estimated size: 90

C:\Program Files\Microchip\xc8\v2.40\pic\sources\c99\common\flge.c
		___flge        		CODE           	C0E0	0000	262

C:\Program Files\Microchip\xc8\v2.40\pic\sources\c99\common\flge.c estimated size: 262

mcc_generated_files/tmr3.c
		_TMR3_ISR      		CODE           	E42E	0000	62
		_TMR3_Initialize		CODE           	DEC8	0000	78
		_TMR3_SetInterruptHandler		CODE           	EC8A	0000	10
		_TMR3_DefaultInterruptHandler		CODE           	ED9E	0000	2
		_TMR3_WriteTimer		CODE           	E8D6	0000	40

mcc_generated_files/tmr3.c estimated size: 192

hall_effect.c
		_hallRecord    		CODE           	E1E2	0000	66
		_windSpeedCalc 		CODE           	B446	0000	402
		_hallRead      		CODE           	E5EA	0000	48
		_hallInit      		CODE           	EAA2	0000	24

hall_effect.c estimated size: 540

C:\Program Files\Microchip\xc8\v2.40\pic\sources\c99\common\doprnt.c
		_vfpfcnvrt     		CODE           	724A	0000	1688
		_efgtoa        		CODE           	6110	0000	2706
		_pad           		CODE           	CE5C	0000	176
		_ctoa          		CODE           	CB3C	0000	206
		_dtoa          		CODE           	9ED0	0000	698
		_vfprintf      		CODE           	DD7E	0000	84
		_utoa          		CODE           	ACE0	0000	510

C:\Program Files\Microchip\xc8\v2.40\pic\sources\c99\common\doprnt.c estimated size: 6068

motor_control.c
		_umbStow       		CODE           	E266	0000	66
		_motorOFF      		CODE           	EB9C	0000	18
		_actionTrigger 		CODE           	E6D6	0000	44
		_motorRVR      		CODE           	EB8A	0000	18
		_solTrigger    		CODE           	EA72	0000	24
		_motorFWD      		CODE           	EBAE	0000	18
		_motorController		CODE           	EA1C	0000	32
		_motorFaultRead		CODE           	EBFC	0000	14
		_umbDeploy     		CODE           	E2A8	0000	66

motor_control.c estimated size: 300

main.c
		_PROJECT_INIT  		CODE           	ED24	0000	6
		_main          		CODE           	9B74	0000	860

main.c estimated size: 866

temp_sensor.c
		_tempRead      		CODE           	EBE0	0000	14

temp_sensor.c estimated size: 14

C:\Program Files\Microchip\xc8\v2.40\pic\sources\c99\common\lodiv.c
		___lodiv       		CODE           	C5EE	0000	242

C:\Program Files\Microchip\xc8\v2.40\pic\sources\c99\common\lodiv.c estimated size: 242

C:\Program Files\Microchip\xc8\v2.40\pic\sources\c99\common\aodiv.c
		___aodiv       		CODE           	B5D8	0000	394

C:\Program Files\Microchip\xc8\v2.40\pic\sources\c99\common\aodiv.c estimated size: 394

C:\Program Files\Microchip\xc8\v2.40\pic\sources\c99\common\nanf.c
		_nanf          		CODE           	E94A	0000	36

C:\Program Files\Microchip\xc8\v2.40\pic\sources\c99\common\nanf.c estimated size: 36

