Microchip MPLAB XC8 Compiler V2.40

Linker command line:

-W-3 \
  --edf=C:/Users/DJMik/.mchp_packs/Microchip/PIC18F-K_DFP/1.8.249/xc8\pic\dat\20230209213641_en.msgs \
  -cn -h+dist/default/production\Team205_FinalBoard.X.production.sym \
  --cmf=dist/default/production\Team205_FinalBoard.X.production.cmf -z \
  -Q18LF26K40 -oC:\Users\DJMik\AppData\Local\Temp\xcAsi1s.4 \
  --defsym=__MPLAB_BUILD=1 --fixupoverflow=error \
  -Mdist/default/production/Team205_FinalBoard.X.production.map \
  --md=C:\Users\DJMik\AppData\Local\Temp\xcAsi1s.dat -E1 -ver=XC8 Compiler \
  --acfsm=1493 -ACODE=00h-0FFFFh -ACONST=00h-0FFFFh \
  -ASMALLCONST=0F00h-0FFFhx241 -AMEDIUMCONST=0F00h-0FFFFh -ACOMRAM=01h-05Fh \
  -AABS1=00h-0E87h -ABIGRAM=01h-0E87h \
  -ARAM=060h-0FFh,0100h-01FFhx13,0E00h-0E87h -ABANK0=060h-0FFh \
  -ABANK1=0100h-01FFh -ABANK2=0200h-02FFh -ABANK3=0300h-03FFh \
  -ABANK4=0400h-04FFh -ABANK5=0500h-05FFh -ABANK6=0600h-06FFh \
  -ABANK7=0700h-07FFh -ABANK8=0800h-08FFh -ABANK9=0900h-09FFh \
  -ABANK10=0A00h-0AFFh -ABANK11=0B00h-0BFFh -ABANK12=0C00h-0CFFh \
  -ABANK13=0D00h-0DFFh -ABANK14=0E00h-0E87h \
  -ASFR=0E8Dh-0EFFh,0F00h-0F5Fh,0F60h-0FFFh -ABIGSFR=0E8Dh-0FFFh \
  -ACONFIG=0300000h-030000Bh -AIDLOC=0200000h-020000Fh \
  -AEEDATA=0310000h-03103FFh -peeprom_data=EEDATA \
  -preset_vec=00h,intcode=08h,intcodelo,powerup,init -pramtop=0F00h \
  -psmallconst=SMALLCONST -pmediumconst=MEDIUMCONST -pconst=CONST \
  -AFARRAM=00h-00h \
  -prdata=COMRAM,nvrram=COMRAM,nvbit=COMRAM,rbss=COMRAM,rbit=COMRAM \
  -pfarbss=FARRAM,fardata=FARRAM,nvFARRAM=FARRAM \
  -pintsave_regs=BIGRAM,bigbss=BIGRAM,bigdata=BIGRAM -pbss=RAM \
  -pidata=CODE,irdata=CODE,ibigdata=CODE,ifardata=CODE -prparam=COMRAM \
  C:\Users\DJMik\AppData\Local\Temp\xcAsi1s.o \
  dist/default/production\Team205_FinalBoard.X.production.o 

Object code version is 3.11

Machine type is 18LF26K40



                Name                               Link     Load   Length Selector   Space Scale
C:\Users\DJMik\AppData\Local\Temp\xcAsi1s.o
                idloc                            200000   200000       10        0       5
                config                           300000   300000        C        0       4
                init                                182      182        4        4       0
                reset_vec                             0        0        4        0       0
dist/default/production\Team205_FinalBoard.X.production.o
                intcode                               8        8      17A        4       0
                idloc                            200000   200000       10        0       5
                config                           300000   300000        C        0       4
                temp                                 46       46        1        1       1
                mediumconst                        FE90     FE90      170     7F48       0
                text141                            736E     736E       42        4       0
                text140                            7AA8     7AA8        4        4       0
                text139                            7AA4     7AA4        4        4       0
                text138                            7784     7784       24        4       0
                text137                            6C5A     6C5A       7A        4       0
                text136                            78A8     78A8       18        4       0
                text135                            7668     7668       2C        4       0
                text134                            763C     763C       2C        4       0
                text133                            7610     7610       2C        4       0
                text132                            75E4     75E4       2C        4       0
                text131                            73F0     73F0       40        4       0
                text130                            7AA0     7AA0        4        4       0
                text129                            7A9C     7A9C        4        4       0
                text128                            7A98     7A98        4        4       0
                text127                            7A82     7A82        6        4       0
                text126                            7A94     7A94        4        4       0
                text125                            7A7C     7A7C        6        4       0
                text124                            7A44     7A44        8        4       0
                text123                            7916     7916       14        4       0
                text122                            7A76     7A76        6        4       0
                text121                            6AEA     6AEA       7C        4       0
                text120                            799E     799E        C        4       0
                text119                            796A     796A       10        4       0
                text118                            795A     795A       10        4       0
                text117                            6536     6536       C4        4       0
                text116                            680E     680E       A6        4       0
                text115                            7992     7992        C        4       0
                text114                            7A3C     7A3C        8        4       0
                text113                            7A34     7A34        8        4       0
                text112                            7A2C     7A2C        8        4       0
                text111                            7A24     7A24        8        4       0
                text110                            7A1C     7A1C        8        4       0
                text109                            7A14     7A14        8        4       0
                text108                            7A0C     7A0C        8        4       0
                text107                            7986     7986        C        4       0
                text106                            6F00     6F00       66        4       0
                text105                            7A70     7A70        6        4       0
                text104                            6DBC     6DBC       70        4       0
                text103                            7A6A     7A6A        6        4       0
                text102                            7AB0     7AB0        2        4       0
                text101                            7502     7502       32        4       0
                text100                            78EC     78EC       16        4       0
                text99                             7066     7066       52        4       0
                text98                             76E8     76E8       2A        4       0
                text97                             7A64     7A64        6        4       0
                text96                             7AAE     7AAE        2        4       0
                text95                             7A5E     7A5E        6        4       0
                text94                             78D6     78D6       16        4       0
                text93                             7108     7108       4A        4       0
                text92                             65FA     65FA       BC        4       0
                text91                             76BE     76BE       2A        4       0
                text90                             7AAC     7AAC        2        4       0
                text89                             74D0     74D0       32        4       0
                text87                             78C0     78C0       16        4       0
                text86                             79FA     79FA        A        4       0
                text85                             79F0     79F0        A        4       0
                text84                             79E6     79E6        A        4       0
                text83                             79DC     79DC        A        4       0
                text82                             79D2     79D2        A        4       0
                text81                             6BE0     6BE0       7A        4       0
                text80                             7902     7902       14        4       0
                text79                             7A90     7A90        4        4       0
                text78                             7890     7890       18        4       0
                text77                             79C8     79C8        A        4       0
                text76                             69E8     69E8       82        4       0
                text75                             7844     7844       1C        4       0
                text74                             79BE     79BE        A        4       0
                text73                             75B8     75B8       2C        4       0
                text72                             780A     780A       1E        4       0
                text71                             7A58     7A58        6        4       0
                text70                             7A8C     7A8C        4        4       0
                text69                             7A52     7A52        6        4       0
                text68                             758C     758C       2C        4       0
                text67                             7A88     7A88        4        4       0
                text66                             73B0     73B0       40        4       0
                text65                             7A04     7A04        8        4       0
                text64                             7A4C     7A4C        6        4       0
                text63                             77CA     77CA       22        4       0
                text62                             79B4     79B4        A        4       0
                text61                             68B4     68B4       9E        4       0
                text60                             6B66     6B66       7A        4       0
                text59                             7878     7878       18        4       0
                text58                             7760     7760       24        4       0
                text57                             7860     7860       18        4       0
                text56                             6E2C     6E2C       6E        4       0
                text55                             7828     7828       1C        4       0
                text54                             794A     794A       10        4       0
                text53                             793A     793A       10        4       0
                text52                             792A     792A       10        4       0
                text51                             77EC     77EC       1E        4       0
                text50                             732C     732C       42        4       0
                text49                             72EA     72EA       42        4       0
                text48                             7560     7560       2C        4       0
                text47                             6D48     6D48       74        4       0
                text46                             7012     7012       54        4       0
                text45                             773A     773A       26        4       0
                text44                             7534     7534       2C        4       0
                text43                             719A     719A       46        4       0
                text42                             5F16     5F16      154        4       0
                text41                             5AA8     5AA8      18A        4       0
                text40                             5DB2     5DB2      164        4       0
                text39                             72A8     72A8       42        4       0
                text38                             6F66     6F66       58        4       0
                text37                             79AA     79AA        A        4       0
                text36                             6952     6952       96        4       0
                text35                             71E0     71E0       44        4       0
                text34                             66B6     66B6       AE        4       0
                text33                             5052     5052      282        4       0
                text32                             49CE     49CE      39C        4       0
                text31                             6764     6764       AA        4       0
                text30                             6170     6170      106        4       0
                text29                             45A2     45A2      42C        4       0
                text28                             7430     7430       38        4       0
                text27                             3C24     3C24      4C2        4       0
                text26                             7152     7152       48        4       0
                text25                             606A     606A      106        4       0
                text24                             6276     6276       FE        4       0
                text23                             5512     5512      216        4       0
                text22                             6E9A     6E9A       66        4       0
                text21                             70B8     70B8       50        4       0
                text20                             7266     7266       42        4       0
                text19                             2C22     2C22      A2A        4       0
                text18                             6374     6374       F2        4       0
                text17                             6466     6466       D0        4       0
                text16                             5728     5728      1C8        4       0
                text15                             364C     364C      5D8        4       0
                text14                             6FBE     6FBE       54        4       0
                text13                             7712     7712       28        4       0
                text12                             58F0     58F0      1B8        4       0
                text11                             6A6A     6A6A       80        4       0
                text10                             797A     797A        C        4       0
                text9                              6CD4     6CD4       74        4       0
                text8                              7694     7694       2A        4       0
                text7                              7224     7224       42        4       0
                text6                              749C     749C       34        4       0
                text5                              52D4     52D4      23E        4       0
                text4                              77A8     77A8       22        4       0
                text3                              40E6     40E6      4BC        4       0
                text2                               186      186     2A9C        4       0
                text1                              5C32     5C32      180        4       0
                text0                              4D6A     4D6A      2E8        4       0
                cstackCOMRAM                          1        1       2B        1       1
                cstackBANK0                          60       60       9D       60       1
                cstackBANK1                         100      100       BE      100       1
                cstackBANK2                         268      268        F      200       1
                bssBANK2                            200      200       68      200       1
                bssBANK1                            1BE      1BE       32      100       1
                bssBANK0                             FD       FD        2       60       1
                bssCOMRAM                            2C       2C       19        1       1
                cinit                              7468     7468       34        4       0
                nvBANK2                             277      277        C      200       1
                nvBANK1                             1F0      1F0        2      100       1
                nvCOMRAM                             45       45        1        1       1

TOTAL           Name                               Link     Load   Length     Space
        CLASS   CODE           
                intcode                               8        8      17A         0
                init                                182      182        4         0
                reset_vec                             0        0        4         0
                text141                            736E     736E       42         0
                text140                            7AA8     7AA8        4         0
                text139                            7AA4     7AA4        4         0
                text138                            7784     7784       24         0
                text137                            6C5A     6C5A       7A         0
                text136                            78A8     78A8       18         0
                text135                            7668     7668       2C         0
                text134                            763C     763C       2C         0
                text133                            7610     7610       2C         0
                text132                            75E4     75E4       2C         0
                text131                            73F0     73F0       40         0
                text130                            7AA0     7AA0        4         0
                text129                            7A9C     7A9C        4         0
                text128                            7A98     7A98        4         0
                text127                            7A82     7A82        6         0
                text126                            7A94     7A94        4         0
                text125                            7A7C     7A7C        6         0
                text124                            7A44     7A44        8         0
                text123                            7916     7916       14         0
                text122                            7A76     7A76        6         0
                text121                            6AEA     6AEA       7C         0
                text120                            799E     799E        C         0
                text119                            796A     796A       10         0
                text118                            795A     795A       10         0
                text117                            6536     6536       C4         0
                text116                            680E     680E       A6         0
                text115                            7992     7992        C         0
                text114                            7A3C     7A3C        8         0
                text113                            7A34     7A34        8         0
                text112                            7A2C     7A2C        8         0
                text111                            7A24     7A24        8         0
                text110                            7A1C     7A1C        8         0
                text109                            7A14     7A14        8         0
                text108                            7A0C     7A0C        8         0
                text107                            7986     7986        C         0
                text106                            6F00     6F00       66         0
                text105                            7A70     7A70        6         0
                text104                            6DBC     6DBC       70         0
                text103                            7A6A     7A6A        6         0
                text102                            7AB0     7AB0        2         0
                text101                            7502     7502       32         0
                text100                            78EC     78EC       16         0
                text99                             7066     7066       52         0
                text98                             76E8     76E8       2A         0
                text97                             7A64     7A64        6         0
                text96                             7AAE     7AAE        2         0
                text95                             7A5E     7A5E        6         0
                text94                             78D6     78D6       16         0
                text93                             7108     7108       4A         0
                text92                             65FA     65FA       BC         0
                text91                             76BE     76BE       2A         0
                text90                             7AAC     7AAC        2         0
                text89                             74D0     74D0       32         0
                text87                             78C0     78C0       16         0
                text86                             79FA     79FA        A         0
                text85                             79F0     79F0        A         0
                text84                             79E6     79E6        A         0
                text83                             79DC     79DC        A         0
                text82                             79D2     79D2        A         0
                text81                             6BE0     6BE0       7A         0
                text80                             7902     7902       14         0
                text79                             7A90     7A90        4         0
                text78                             7890     7890       18         0
                text77                             79C8     79C8        A         0
                text76                             69E8     69E8       82         0
                text75                             7844     7844       1C         0
                text74                             79BE     79BE        A         0
                text73                             75B8     75B8       2C         0
                text72                             780A     780A       1E         0
                text71                             7A58     7A58        6         0
                text70                             7A8C     7A8C        4         0
                text69                             7A52     7A52        6         0
                text68                             758C     758C       2C         0
                text67                             7A88     7A88        4         0
                text66                             73B0     73B0       40         0
                text65                             7A04     7A04        8         0
                text64                             7A4C     7A4C        6         0
                text63                             77CA     77CA       22         0
                text62                             79B4     79B4        A         0
                text61                             68B4     68B4       9E         0
                text60                             6B66     6B66       7A         0
                text59                             7878     7878       18         0
                text58                             7760     7760       24         0
                text57                             7860     7860       18         0
                text56                             6E2C     6E2C       6E         0
                text55                             7828     7828       1C         0
                text54                             794A     794A       10         0
                text53                             793A     793A       10         0
                text52                             792A     792A       10         0
                text51                             77EC     77EC       1E         0
                text50                             732C     732C       42         0
                text49                             72EA     72EA       42         0
                text48                             7560     7560       2C         0
                text47                             6D48     6D48       74         0
                text46                             7012     7012       54         0
                text45                             773A     773A       26         0
                text44                             7534     7534       2C         0
                text43                             719A     719A       46         0
                text42                             5F16     5F16      154         0
                text41                             5AA8     5AA8      18A         0
                text40                             5DB2     5DB2      164         0
                text39                             72A8     72A8       42         0
                text38                             6F66     6F66       58         0
                text37                             79AA     79AA        A         0
                text36                             6952     6952       96         0
                text35                             71E0     71E0       44         0
                text34                             66B6     66B6       AE         0
                text33                             5052     5052      282         0
                text32                             49CE     49CE      39C         0
                text31                             6764     6764       AA         0
                text30                             6170     6170      106         0
                text29                             45A2     45A2      42C         0
                text28                             7430     7430       38         0
                text27                             3C24     3C24      4C2         0
                text26                             7152     7152       48         0
                text25                             606A     606A      106         0
                text24                             6276     6276       FE         0
                text23                             5512     5512      216         0
                text22                             6E9A     6E9A       66         0
                text21                             70B8     70B8       50         0
                text20                             7266     7266       42         0
                text19                             2C22     2C22      A2A         0
                text18                             6374     6374       F2         0
                text17                             6466     6466       D0         0
                text16                             5728     5728      1C8         0
                text15                             364C     364C      5D8         0
                text14                             6FBE     6FBE       54         0
                text13                             7712     7712       28         0
                text12                             58F0     58F0      1B8         0
                text11                             6A6A     6A6A       80         0
                text10                             797A     797A        C         0
                text9                              6CD4     6CD4       74         0
                text8                              7694     7694       2A         0
                text7                              7224     7224       42         0
                text6                              749C     749C       34         0
                text5                              52D4     52D4      23E         0
                text4                              77A8     77A8       22         0
                text3                              40E6     40E6      4BC         0
                text2                               186      186     2A9C         0
                text1                              5C32     5C32      180         0
                text0                              4D6A     4D6A      2E8         0
                cinit                              7468     7468       34         0

        CLASS   CONST          

        CLASS   SMALLCONST     

        CLASS   MEDIUMCONST    
                mediumconst                        FE90     FE90      170         0

        CLASS   COMRAM         
                temp                                 46       46        1         1
                cstackCOMRAM                          1        1       2B         1
                bssCOMRAM                            2C       2C       19         1
                nvCOMRAM                             45       45        1         1

        CLASS   ABS1           

        CLASS   BIGRAM         

        CLASS   RAM            

        CLASS   BANK0          
                cstackBANK0                          60       60       9D         1
                bssBANK0                             FD       FD        2         1

        CLASS   BANK1          
                cstackBANK1                         100      100       BE         1
                bssBANK1                            1BE      1BE       32         1
                nvBANK1                             1F0      1F0        2         1

        CLASS   BANK2          
                cstackBANK2                         268      268        F         1
                bssBANK2                            200      200       68         1
                nvBANK2                             277      277        C         1

        CLASS   BANK3          

        CLASS   BANK4          

        CLASS   BANK5          

        CLASS   BANK6          

        CLASS   BANK7          

        CLASS   BANK8          

        CLASS   BANK9          

        CLASS   BANK10         

        CLASS   BANK11         

        CLASS   BANK12         

        CLASS   BANK13         

        CLASS   BANK14         

        CLASS   SFR            

        CLASS   BIGSFR         

        CLASS   CONFIG         
                config                           300000   300000        C         4

        CLASS   IDLOC          
                idloc                            200000   200000       10         5

        CLASS   EEDATA         

        CLASS   FARRAM         

        CLASS   HEAP           

        CLASS   STACK          



SEGMENTS        Name                           Load    Length   Top    Selector   Space  Class

                reset_vec                      000000  000004  000004         0       0  CODE    
                cstackCOMRAM                   000001  000046  000047         1       1  COMRAM  
                intcode                        000008  007AAA  007AB2         4       0  CODE    
                cstackBANK0                    000060  00009F  0000FF        60       1  BANK0   
                cstackBANK1                    000100  0000F2  0001F2       100       1  BANK1   
                bssBANK2                       000200  000083  000283       200       1  BANK2   
                mediumconst                    00FE90  000170  010000      7F48       0  MEDIUMCO


UNUSED ADDRESS RANGES

        Name                Unused          Largest block    Delta
        BANK0            0000FF-0000FF                1
        BANK1            0001F2-0001FF                E
        BANK10           000A00-000AFF              100
        BANK11           000B00-000BFF              100
        BANK12           000C00-000CFF              100
        BANK13           000D00-000DFF              100
        BANK14           000E00-000E87               88
        BANK2            000283-0002FF               7D
        BANK3            000300-0003FF              100
        BANK4            000400-0004FF              100
        BANK5            000500-0005FF              100
        BANK6            000600-0006FF              100
        BANK7            000700-0007FF              100
        BANK8            000800-0008FF              100
        BANK9            000900-0009FF              100
        BIGRAM           000047-00005F               19
                         0000FF-0000FF                1
                         0001F2-0001FF                E
                         000283-000E87              C05
        BIGSFR           000E8D-000FFF              173
        CODE             000004-000007                4
                         007AB2-00FE8F             83DE
        COMRAM           000047-00005F               19
        CONST            000004-000007                4
                         007AB2-00FE8F             83DE
        EEDATA           310000-3103FF              400
        MEDIUMCONST      007AB2-00FE8F             83DE
        RAM              0000FF-0000FF                1
                         0001F2-0001FF                E
                         000283-000E87              100
        SFR              000E8D-000FFF               73
        SMALLCONST       007AB2-00FE8F              100

                                  Symbol Table

?___aodiv                                       cstackCOMRAM 00001A
?___aomod                                       cstackCOMRAM 00001A
?___fladd                                       cstackBANK0  000066
?___fldiv                                       cstackBANK0  000097
?___flmul                                       cstackBANK0  000076
?___flneg                                       cstackCOMRAM 00001A
?___flsub                                       cstackBANK0  00008F
?___fltol                                       cstackCOMRAM 00001A
?___fpclassifyf                                 cstackCOMRAM 00001A
?___lodiv                                       cstackCOMRAM 00001A
?___lomod                                       cstackCOMRAM 00001A
?___lwdiv                                       cstackCOMRAM 00001A
?___wmul                                        cstackCOMRAM 00001A
?___xxtofl                                      cstackCOMRAM 000021
?_abs                                           cstackBANK0  000060
?_atoi                                          cstackCOMRAM 000020
?_fabsf                                         cstackCOMRAM 00001A
?_floorf                                        cstackBANK0  0000B0
?_hallRead                                      cstackCOMRAM 000026
?_isdigit                                       cstackCOMRAM 00001A
?_isspace                                       cstackCOMRAM 00001A
?_labs                                          cstackCOMRAM 00001A
?_nanf                                          cstackCOMRAM 00001A
?_powf                                          cstackBANK0  0000D0
?_printf                                        cstackBANK1  000119
?_scalbnf                                       cstackBANK0  00008F
?_sqrtf                                         cstackBANK0  0000A3
?_t_update                                      cstackBANK0  0000B0
?_vfprintf                                      cstackBANK1  000111
?_windSpeedCalc                                 cstackBANK0  0000E1
EUSART1_Read@readValue                          cstackCOMRAM 000001
EUSART1_SetErrorHandler@interruptHandler        cstackCOMRAM 00001A
EUSART1_SetFramingErrorHandler@interruptHandler cstackCOMRAM 00001A
EUSART1_SetOverrunErrorHandler@interruptHandler cstackCOMRAM 00001A
EUSART1_SetRxInterruptHandler@interruptHandler  cstackCOMRAM 00001A
EUSART1_SetTxInterruptHandler@interruptHandler  cstackCOMRAM 00001A
EUSART1_Write@txData                            cstackCOMRAM 00001A
I2C1_CallbackReturnReset@funPtr                 cstackCOMRAM 00000A
I2C1_Close@returnValue                          cstackCOMRAM 00001A
I2C1_MasterOperation@read                       cstackCOMRAM 00001A
I2C1_MasterOperation@returnValue                cstackCOMRAM 00001B
I2C1_MasterSendTxData@data                      cstackCOMRAM 000001
I2C1_Open@address                               cstackCOMRAM 00001C
I2C1_Open@returnValue                           cstackCOMRAM 00001D
I2C1_Read1ByteRegister@address                  cstackCOMRAM 000024
I2C1_Read1ByteRegister@reg                      cstackCOMRAM 000023
I2C1_Read1ByteRegister@returnValue              cstackCOMRAM 000025
I2C1_SetAddressNackCallback@cb                  cstackCOMRAM 00001F
I2C1_SetAddressNackCallback@ptr                 cstackCOMRAM 000021
I2C1_SetBuffer@buffer                           cstackCOMRAM 00001A
I2C1_SetBuffer@bufferSize                       cstackCOMRAM 00001C
I2C1_SetCallback@cb                             cstackCOMRAM 00001A
I2C1_SetCallback@idx                            cstackCOMRAM 00001E
I2C1_SetCallback@ptr                            cstackCOMRAM 00001C
I2C1_SetDataCompleteCallback@cb                 cstackCOMRAM 00001F
I2C1_SetDataCompleteCallback@ptr                cstackCOMRAM 000021
I2C1_SetInterruptHandler@InterruptHandler       cstackCOMRAM 00001A
I2C1_Write1ByteRegister@address                 cstackCOMRAM 000025
I2C1_Write1ByteRegister@data                    cstackCOMRAM 000024
I2C1_Write1ByteRegister@reg                     cstackCOMRAM 000023
IOCAF0_SetInterruptHandler@InterruptHandler     cstackCOMRAM 00001A
TMR2_SetInterruptHandler@InterruptHandler       cstackCOMRAM 00001A
_ANSELA                                         (abs)        000F11
_ANSELB                                         (abs)        000F19
_ANSELC                                         (abs)        000F21
_BAUD1CON                                       (abs)        000F9F
_EUSART1_DefaultErrorHandler                    text97       007A64
_EUSART1_DefaultFramingErrorHandler             text96       007AAE
_EUSART1_DefaultOverrunErrorHandler             text95       007A5E
_EUSART1_ErrorHandler                           nvBANK2      000277
_EUSART1_FramingErrorHandler                    nvBANK2      00027B
_EUSART1_Initialize                             text81       006BE0
_EUSART1_OverrunErrorHandler                    nvBANK2      000279
_EUSART1_Read                                   text99       007066
_EUSART1_Receive_ISR                            text92       0065FA
_EUSART1_RxDataHandler                          text98       0076E8
_EUSART1_RxDefaultInterruptHandler              nvBANK2      00027F
_EUSART1_SetErrorHandler                        text86       0079FA
_EUSART1_SetFramingErrorHandler                 text85       0079F0
_EUSART1_SetOverrunErrorHandler                 text84       0079E6
_EUSART1_SetRxInterruptHandler                  text83       0079DC
_EUSART1_SetTxInterruptHandler                  text82       0079D2
_EUSART1_Transmit_ISR                           text141      00736E
_EUSART1_TxDefaultInterruptHandler              nvBANK2      000281
_EUSART1_Write                                  text38       006F66
_EUSART1_is_rx_ready                            text94       0078D6
_EUSART1_is_tx_ready                            text87       0078C0
_I2C1_CallbackReturnReset                       text129      007A9C
_I2C1_CallbackReturnStop                        text130      007AA0
_I2C1_Close                                     text68       00758C
_I2C1_DO_ADDRESS_NACK                           text106      006F00
_I2C1_DO_IDLE                                   text120      00799E
_I2C1_DO_RCEN                                   text115      007992
_I2C1_DO_RESET                                  text107      007986
_I2C1_DO_RX                                     text116      00680E
_I2C1_DO_RX_ACK                                 text110      007A1C
_I2C1_DO_RX_NACK_RESTART                        text108      007A0C
_I2C1_DO_RX_NACK_STOP                           text109      007A14
_I2C1_DO_SEND_ADR_READ                          text119      00796A
_I2C1_DO_SEND_ADR_WRITE                         text118      00795A
_I2C1_DO_SEND_RESTART                           text112      007A2C
_I2C1_DO_SEND_RESTART_READ                      text114      007A3C
_I2C1_DO_SEND_RESTART_WRITE                     text113      007A34
_I2C1_DO_SEND_STOP                              text111      007A24
_I2C1_DO_TX                                     text117      006536
_I2C1_DO_TX_EMPTY                               text121      006AEA
_I2C1_Initialize                                text80       007902
_I2C1_MasterClearIrq                            text71       007A58
_I2C1_MasterClose                               text70       007A8C
_I2C1_MasterDisableIrq                          text69       007A52
_I2C1_MasterEnableIrq                           text64       007A4C
_I2C1_MasterEnableRestart                       text140      007AA8
_I2C1_MasterFsm                                 text104      006DBC
_I2C1_MasterGetRxData                           text126      007A94
_I2C1_MasterIsNack                              text123      007916
_I2C1_MasterIsr                                 text103      007A6A
_I2C1_MasterOpen                                text63       0077CA
_I2C1_MasterOperation                           text66       0073B0
_I2C1_MasterSendAck                             text125      007A7C
_I2C1_MasterSendNack                            text127      007A82
_I2C1_MasterSendTxData                          text124      007A44
_I2C1_MasterSetIrq                              text122      007A76
_I2C1_MasterStart                               text67       007A88
_I2C1_MasterStartRx                             text128      007A98
_I2C1_MasterStop                                text139      007AA4
_I2C1_MasterWrite                               text65       007A04
_I2C1_Open                                      text61       0068B4
_I2C1_Read1ByteRegister                         text47       006D48
_I2C1_SetAddressNackCallback                    text59       007878
_I2C1_SetBuffer                                 text58       007760
_I2C1_SetCallback                               text60       006B66
_I2C1_SetDataCompleteCallback                   text57       007860
_I2C1_SetInterruptHandler                       text62       0079B4
_I2C1_Status                                    bssBANK1     0001BE
_I2C1_Write1ByteRegister                        text56       006E2C
_INLVLA                                         (abs)        000F0D
_INLVLB                                         (abs)        000F15
_INLVLC                                         (abs)        000F1D
_INLVLE                                         (abs)        000F2A
_INTCONbits                                     (abs)        000FF2
_INTERRUPT_Initialize                           text79       007A90
_INTERRUPT_InterruptManager                     intcode      000008
_IOCAF0_DefaultInterruptHandler                 text102      007AB0
_IOCAF0_ISR                                     text101      007502
_IOCAF0_InterruptHandler                        nvBANK1      0001F0
_IOCAF0_SetInterruptHandler                     text77       0079C8
_IOCAFbits                                      (abs)        000F0A
_IOCANbits                                      (abs)        000F0B
_IOCAPbits                                      (abs)        000F0C
_LATA                                           (abs)        000F83
_LATAbits                                       (abs)        000F83
_LATB                                           (abs)        000F84
_LATBbits                                       (abs)        000F84
_LATC                                           (abs)        000F85
_MSSP1_InterruptHandler                         bssCOMRAM    00003C
_ODCONA                                         (abs)        000F0F
_ODCONB                                         (abs)        000F17
_ODCONBbits                                     (abs)        000F17
_ODCONC                                         (abs)        000F1F
_OSCCON1                                        (abs)        000ED8
_OSCCON3                                        (abs)        000EDA
_OSCEN                                          (abs)        000EDC
_OSCFRQ                                         (abs)        000EDE
_OSCILLATOR_Initialize                          text78       007890
_OSCTUNE                                        (abs)        000EDD
_PIE0bits                                       (abs)        000EC2
_PIE3bits                                       (abs)        000EC5
_PIE4bits                                       (abs)        000EC6
_PIN_MANAGER_IOC                                text100      0078EC
_PIN_MANAGER_Initialize                         text76       0069E8
_PIR0bits                                       (abs)        000ECA
_PIR3bits                                       (abs)        000ECD
_PIR4bits                                       (abs)        000ECE
_PMD0                                           (abs)        000EE1
_PMD1                                           (abs)        000EE2
_PMD2                                           (abs)        000EE3
_PMD3                                           (abs)        000EE4
_PMD4                                           (abs)        000EE5
_PMD5                                           (abs)        000EE6
_PMD_Initialize                                 text75       007844
_PORTAbits                                      (abs)        000F8D
_PR2                                            (abs)        000FBC
_RC1REG                                         (abs)        000F99
_RC1STA                                         (abs)        000F9D
_RC1STAbits                                     (abs)        000F9D
_RC3PPS                                         (abs)        000EFA
_RC4PPS                                         (abs)        000EFB
_RC6PPS                                         (abs)        000EFD
_RX1PPS                                         (abs)        000EB5
_Rx1_ISR                                        text93       007108
_SLRCONA                                        (abs)        000F0E
_SLRCONB                                        (abs)        000F16
_SLRCONC                                        (abs)        000F1E
_SP1BRGH                                        (abs)        000F9C
_SP1BRGL                                        (abs)        000F9B
_SSP1ADD                                        (abs)        000F93
_SSP1BUF                                        (abs)        000F92
_SSP1CLKPPS                                     (abs)        000EB7
_SSP1CON1                                       (abs)        000F96
_SSP1CON1bits                                   (abs)        000F96
_SSP1CON2                                       (abs)        000F97
_SSP1CON2bits                                   (abs)        000F97
_SSP1DATPPS                                     (abs)        000EB8
_SSP1STAT                                       (abs)        000F95
_SSP1STATbits                                   (abs)        000F95
_SYSTEM_Initialize                              text72       00780A
_T2CLKCON                                       (abs)        000FBF
_T2CON                                          (abs)        000FBD
_T2CONbits                                      (abs)        000FBD
_T2HLT                                          (abs)        000FBE
_T2HLTbits                                      (abs)        000FBE
_T2PR                                           (abs)        000FBC
_T2RST                                          (abs)        000FC0
_T2RSTbits                                      (abs)        000FC0
_T2TMR                                          (abs)        000FBB
_TMR2                                           (abs)        000FBB
_TMR2_DefaultInterruptHandler                   text90       007AAC
_TMR2_ISR                                       text89       0074D0
_TMR2_Initialize                                text73       0075B8
_TMR2_InterruptHandler                          nvBANK2      00027D
_TMR2_SetInterruptHandler                       text74       0079BE
_TRISA                                          (abs)        000F88
_TRISB                                          (abs)        000F89
_TRISC                                          (abs)        000F8A
_TX1REG                                         (abs)        000F9A
_TX1STA                                         (abs)        000F9E
_TX1STAbits                                     (abs)        000F9E
_WPUA                                           (abs)        000F10
_WPUB                                           (abs)        000F18
_WPUC                                           (abs)        000F20
_WPUE                                           (abs)        000F2D
__HRAM                                          (abs)        000000
__Habs1                                         abs1         000000
__Hbank0                                        bank0        000000
__Hbank1                                        bank1        000000
__Hbank10                                       bank10       000000
__Hbank11                                       bank11       000000
__Hbank12                                       bank12       000000
__Hbank13                                       bank13       000000
__Hbank14                                       bank14       000000
__Hbank2                                        bank2        000000
__Hbank3                                        bank3        000000
__Hbank4                                        bank4        000000
__Hbank5                                        bank5        000000
__Hbank6                                        bank6        000000
__Hbank7                                        bank7        000000
__Hbank8                                        bank8        000000
__Hbank9                                        bank9        000000
__Hbigbss                                       bigbss       000000
__Hbigdata                                      bigdata      000000
__Hbigram                                       bigram       000000
__Hbigsfr                                       bigsfr       000000
__Hbss                                          bss          000000
__HbssBANK0                                     bssBANK0     000000
__HbssBANK1                                     bssBANK1     000000
__HbssBANK2                                     bssBANK2     000000
__HbssCOMRAM                                    bssCOMRAM    000000
__Hcinit                                        cinit        000000
__Hclrtext                                      clrtext      000000
__Hcomram                                       comram       000000
__Hconfig                                       config       30000C
__Hconst                                        const        000000
__HcstackBANK0                                  cstackBANK0  000000
__HcstackBANK1                                  cstackBANK1  000000
__HcstackBANK2                                  cstackBANK2  000000
__HcstackCOMRAM                                 cstackCOMRAM 000000
__Hdata                                         data         000000
__Heeprom_data                                  eeprom_data  000000
__Hfarbss                                       farbss       000000
__Hfardata                                      fardata      000000
__Hheap                                         heap         000000
__Hibigdata                                     ibigdata     000000
__Hidata                                        idata        000000
__Hidloc                                        idloc        200010
__Hifardata                                     ifardata     000000
__Hinit                                         init         000186
__Hintcode                                      intcode      000182
__Hintcode_body                                 intcode_body 000000
__Hintcodelo                                    intcodelo    000182
__Hintentry                                     intentry     000000
__Hintret                                       intret       000000
__Hintsave_regs                                 intsave_regs 000000
__Hirdata                                       irdata       000000
__Hmediumconst                                  mediumconst  010000
__HnvBANK1                                      nvBANK1      000000
__HnvBANK2                                      nvBANK2      000000
__HnvCOMRAM                                     nvCOMRAM     000000
__HnvFARRAM                                     nvFARRAM     000000
__Hnvbit                                        nvbit        000000
__Hnvrram                                       nvrram       000000
__Hparam                                        rparam       000000
__Hpowerup                                      powerup      000182
__Hram                                          ram          000000
__Hramtop                                       ramtop       000F00
__Hrbit                                         rbit         000000
__Hrbss                                         rbss         000000
__Hrdata                                        rdata        000000
__Hreset_vec                                    reset_vec    000004
__Hrparam                                       rparam       000000
__Hsfr                                          sfr          000000
__Hsmallconst                                   smallconst   000000
__Hspace_0                                      (abs)        010000
__Hspace_1                                      (abs)        000283
__Hspace_2                                      (abs)        000000
__Hspace_4                                      (abs)        60000C
__Hstack                                        stack        000000
__Hstruct                                       struct       000000
__Htemp                                         temp         000047
__Htext                                         text         000000
__Htext0                                        text0        000000
__Htext1                                        text1        000000
__Htext10                                       text10       000000
__Htext100                                      text100      000000
__Htext101                                      text101      000000
__Htext102                                      text102      000000
__Htext103                                      text103      000000
__Htext104                                      text104      000000
__Htext105                                      text105      000000
__Htext106                                      text106      000000
__Htext107                                      text107      000000
__Htext108                                      text108      000000
__Htext109                                      text109      000000
__Htext11                                       text11       000000
__Htext110                                      text110      000000
__Htext111                                      text111      000000
__Htext112                                      text112      000000
__Htext113                                      text113      000000
__Htext114                                      text114      000000
__Htext115                                      text115      000000
__Htext116                                      text116      000000
__Htext117                                      text117      000000
__Htext118                                      text118      000000
__Htext119                                      text119      000000
__Htext12                                       text12       000000
__Htext120                                      text120      000000
__Htext121                                      text121      000000
__Htext122                                      text122      000000
__Htext123                                      text123      000000
__Htext124                                      text124      000000
__Htext125                                      text125      000000
__Htext126                                      text126      000000
__Htext127                                      text127      000000
__Htext128                                      text128      000000
__Htext129                                      text129      000000
__Htext13                                       text13       000000
__Htext130                                      text130      000000
__Htext131                                      text131      000000
__Htext132                                      text132      000000
__Htext133                                      text133      000000
__Htext134                                      text134      000000
__Htext135                                      text135      000000
__Htext136                                      text136      000000
__Htext137                                      text137      000000
__Htext138                                      text138      000000
__Htext139                                      text139      000000
__Htext14                                       text14       000000
__Htext140                                      text140      000000
__Htext141                                      text141      000000
__Htext142                                      text142      000000
__Htext15                                       text15       000000
__Htext16                                       text16       000000
__Htext17                                       text17       000000
__Htext18                                       text18       000000
__Htext19                                       text19       000000
__Htext2                                        text2        000000
__Htext20                                       text20       000000
__Htext21                                       text21       000000
__Htext22                                       text22       000000
__Htext23                                       text23       000000
__Htext24                                       text24       000000
__Htext25                                       text25       000000
__Htext26                                       text26       000000
__Htext27                                       text27       000000
__Htext28                                       text28       000000
__Htext29                                       text29       000000
__Htext3                                        text3        000000
__Htext30                                       text30       000000
__Htext31                                       text31       000000
__Htext32                                       text32       000000
__Htext33                                       text33       000000
__Htext34                                       text34       000000
__Htext35                                       text35       000000
__Htext36                                       text36       000000
__Htext37                                       text37       000000
__Htext38                                       text38       000000
__Htext39                                       text39       000000
__Htext4                                        text4        000000
__Htext40                                       text40       000000
__Htext41                                       text41       000000
__Htext42                                       text42       000000
__Htext43                                       text43       000000
__Htext44                                       text44       000000
__Htext45                                       text45       000000
__Htext46                                       text46       000000
__Htext47                                       text47       000000
__Htext48                                       text48       000000
__Htext49                                       text49       000000
__Htext5                                        text5        000000
__Htext50                                       text50       000000
__Htext51                                       text51       000000
__Htext52                                       text52       000000
__Htext53                                       text53       000000
__Htext54                                       text54       000000
__Htext55                                       text55       000000
__Htext56                                       text56       000000
__Htext57                                       text57       000000
__Htext58                                       text58       000000
__Htext59                                       text59       000000
__Htext6                                        text6        000000
__Htext60                                       text60       000000
__Htext61                                       text61       000000
__Htext62                                       text62       000000
__Htext63                                       text63       000000
__Htext64                                       text64       000000
__Htext65                                       text65       000000
__Htext66                                       text66       000000
__Htext67                                       text67       000000
__Htext68                                       text68       000000
__Htext69                                       text69       000000
__Htext7                                        text7        000000
__Htext70                                       text70       000000
__Htext71                                       text71       000000
__Htext72                                       text72       000000
__Htext73                                       text73       000000
__Htext74                                       text74       000000
__Htext75                                       text75       000000
__Htext76                                       text76       000000
__Htext77                                       text77       000000
__Htext78                                       text78       000000
__Htext79                                       text79       000000
__Htext8                                        text8        000000
__Htext80                                       text80       000000
__Htext81                                       text81       000000
__Htext82                                       text82       000000
__Htext83                                       text83       000000
__Htext84                                       text84       000000
__Htext85                                       text85       000000
__Htext86                                       text86       000000
__Htext87                                       text87       000000
__Htext89                                       text89       000000
__Htext9                                        text9        000000
__Htext90                                       text90       000000
__Htext91                                       text91       000000
__Htext92                                       text92       000000
__Htext93                                       text93       000000
__Htext94                                       text94       000000
__Htext95                                       text95       000000
__Htext96                                       text96       000000
__Htext97                                       text97       000000
__Htext98                                       text98       000000
__Htext99                                       text99       000000
__LRAM                                          (abs)        000001
__Labs1                                         abs1         000000
__Lbank0                                        bank0        000000
__Lbank1                                        bank1        000000
__Lbank10                                       bank10       000000
__Lbank11                                       bank11       000000
__Lbank12                                       bank12       000000
__Lbank13                                       bank13       000000
__Lbank14                                       bank14       000000
__Lbank2                                        bank2        000000
__Lbank3                                        bank3        000000
__Lbank4                                        bank4        000000
__Lbank5                                        bank5        000000
__Lbank6                                        bank6        000000
__Lbank7                                        bank7        000000
__Lbank8                                        bank8        000000
__Lbank9                                        bank9        000000
__Lbigbss                                       bigbss       000000
__Lbigdata                                      bigdata      000000
__Lbigram                                       bigram       000000
__Lbigsfr                                       bigsfr       000000
__Lbss                                          bss          000000
__LbssBANK0                                     bssBANK0     000000
__LbssBANK1                                     bssBANK1     000000
__LbssBANK2                                     bssBANK2     000000
__LbssCOMRAM                                    bssCOMRAM    000000
__Lcinit                                        cinit        000000
__Lclrtext                                      clrtext      000000
__Lcomram                                       comram       000000
__Lconfig                                       config       000000
__Lconst                                        const        000000
__LcstackBANK0                                  cstackBANK0  000000
__LcstackBANK1                                  cstackBANK1  000000
__LcstackBANK2                                  cstackBANK2  000000
__LcstackCOMRAM                                 cstackCOMRAM 000000
__Ldata                                         data         000000
__Leeprom_data                                  eeprom_data  000000
__Lfarbss                                       farbss       000000
__Lfardata                                      fardata      000000
__Lheap                                         heap         000000
__Libigdata                                     ibigdata     000000
__Lidata                                        idata        000000
__Lidloc                                        idloc        000000
__Lifardata                                     ifardata     000000
__Linit                                         init         000182
__Lintcode                                      intcode      000008
__Lintcode_body                                 intcode_body 000000
__Lintcodelo                                    intcodelo    000182
__Lintentry                                     intentry     000000
__Lintret                                       intret       000000
__Lintsave_regs                                 intsave_regs 000000
__Lirdata                                       irdata       000000
__Lmediumconst                                  mediumconst  00FE90
__LnvBANK1                                      nvBANK1      000000
__LnvBANK2                                      nvBANK2      000000
__LnvCOMRAM                                     nvCOMRAM     000000
__LnvFARRAM                                     nvFARRAM     000000
__Lnvbit                                        nvbit        000000
__Lnvrram                                       nvrram       000000
__Lparam                                        rparam       000000
__Lpowerup                                      powerup      000182
__Lram                                          ram          000000
__Lramtop                                       ramtop       000F00
__Lrbit                                         rbit         000000
__Lrbss                                         rbss         000000
__Lrdata                                        rdata        000000
__Lreset_vec                                    reset_vec    000000
__Lrparam                                       rparam       000000
__Lsfr                                          sfr          000000
__Lsmallconst                                   smallconst   000000
__Lspace_0                                      (abs)        000000
__Lspace_1                                      (abs)        000000
__Lspace_2                                      (abs)        000000
__Lspace_4                                      (abs)        000000
__Lstack                                        stack        000000
__Lstruct                                       struct       000000
__Ltemp                                         temp         000046
__Ltext                                         text         000000
__Ltext0                                        text0        000000
__Ltext1                                        text1        000000
__Ltext10                                       text10       000000
__Ltext100                                      text100      000000
__Ltext101                                      text101      000000
__Ltext102                                      text102      000000
__Ltext103                                      text103      000000
__Ltext104                                      text104      000000
__Ltext105                                      text105      000000
__Ltext106                                      text106      000000
__Ltext107                                      text107      000000
__Ltext108                                      text108      000000
__Ltext109                                      text109      000000
__Ltext11                                       text11       000000
__Ltext110                                      text110      000000
__Ltext111                                      text111      000000
__Ltext112                                      text112      000000
__Ltext113                                      text113      000000
__Ltext114                                      text114      000000
__Ltext115                                      text115      000000
__Ltext116                                      text116      000000
__Ltext117                                      text117      000000
__Ltext118                                      text118      000000
__Ltext119                                      text119      000000
__Ltext12                                       text12       000000
__Ltext120                                      text120      000000
__Ltext121                                      text121      000000
__Ltext122                                      text122      000000
__Ltext123                                      text123      000000
__Ltext124                                      text124      000000
__Ltext125                                      text125      000000
__Ltext126                                      text126      000000
__Ltext127                                      text127      000000
__Ltext128                                      text128      000000
__Ltext129                                      text129      000000
__Ltext13                                       text13       000000
__Ltext130                                      text130      000000
__Ltext131                                      text131      000000
__Ltext132                                      text132      000000
__Ltext133                                      text133      000000
__Ltext134                                      text134      000000
__Ltext135                                      text135      000000
__Ltext136                                      text136      000000
__Ltext137                                      text137      000000
__Ltext138                                      text138      000000
__Ltext139                                      text139      000000
__Ltext14                                       text14       000000
__Ltext140                                      text140      000000
__Ltext141                                      text141      000000
__Ltext142                                      text142      000000
__Ltext15                                       text15       000000
__Ltext16                                       text16       000000
__Ltext17                                       text17       000000
__Ltext18                                       text18       000000
__Ltext19                                       text19       000000
__Ltext2                                        text2        000000
__Ltext20                                       text20       000000
__Ltext21                                       text21       000000
__Ltext22                                       text22       000000
__Ltext23                                       text23       000000
__Ltext24                                       text24       000000
__Ltext25                                       text25       000000
__Ltext26                                       text26       000000
__Ltext27                                       text27       000000
__Ltext28                                       text28       000000
__Ltext29                                       text29       000000
__Ltext3                                        text3        000000
__Ltext30                                       text30       000000
__Ltext31                                       text31       000000
__Ltext32                                       text32       000000
__Ltext33                                       text33       000000
__Ltext34                                       text34       000000
__Ltext35                                       text35       000000
__Ltext36                                       text36       000000
__Ltext37                                       text37       000000
__Ltext38                                       text38       000000
__Ltext39                                       text39       000000
__Ltext4                                        text4        000000
__Ltext40                                       text40       000000
__Ltext41                                       text41       000000
__Ltext42                                       text42       000000
__Ltext43                                       text43       000000
__Ltext44                                       text44       000000
__Ltext45                                       text45       000000
__Ltext46                                       text46       000000
__Ltext47                                       text47       000000
__Ltext48                                       text48       000000
__Ltext49                                       text49       000000
__Ltext5                                        text5        000000
__Ltext50                                       text50       000000
__Ltext51                                       text51       000000
__Ltext52                                       text52       000000
__Ltext53                                       text53       000000
__Ltext54                                       text54       000000
__Ltext55                                       text55       000000
__Ltext56                                       text56       000000
__Ltext57                                       text57       000000
__Ltext58                                       text58       000000
__Ltext59                                       text59       000000
__Ltext6                                        text6        000000
__Ltext60                                       text60       000000
__Ltext61                                       text61       000000
__Ltext62                                       text62       000000
__Ltext63                                       text63       000000
__Ltext64                                       text64       000000
__Ltext65                                       text65       000000
__Ltext66                                       text66       000000
__Ltext67                                       text67       000000
__Ltext68                                       text68       000000
__Ltext69                                       text69       000000
__Ltext7                                        text7        000000
__Ltext70                                       text70       000000
__Ltext71                                       text71       000000
__Ltext72                                       text72       000000
__Ltext73                                       text73       000000
__Ltext74                                       text74       000000
__Ltext75                                       text75       000000
__Ltext76                                       text76       000000
__Ltext77                                       text77       000000
__Ltext78                                       text78       000000
__Ltext79                                       text79       000000
__Ltext8                                        text8        000000
__Ltext80                                       text80       000000
__Ltext81                                       text81       000000
__Ltext82                                       text82       000000
__Ltext83                                       text83       000000
__Ltext84                                       text84       000000
__Ltext85                                       text85       000000
__Ltext86                                       text86       000000
__Ltext87                                       text87       000000
__Ltext89                                       text89       000000
__Ltext9                                        text9        000000
__Ltext90                                       text90       000000
__Ltext91                                       text91       000000
__Ltext92                                       text92       000000
__Ltext93                                       text93       000000
__Ltext94                                       text94       000000
__Ltext95                                       text95       000000
__Ltext96                                       text96       000000
__Ltext97                                       text97       000000
__Ltext98                                       text98       000000
__Ltext99                                       text99       000000
__S0                                            (abs)        010000
__S1                                            (abs)        000283
__S4                                            (abs)        000000
__S5                                            (abs)        000000
[...]
powf@p_l                                        cstackBANK1  000164
powf@r                                          cstackBANK1  00014C
powf@s                                          cstackBANK1  00015C
powf@s2                                         cstackBANK1  00018C
powf@s_h                                        cstackBANK1  00016C
powf@s_l                                        cstackBANK1  000130
powf@sn                                         cstackBANK1  000188
powf@t                                          cstackBANK1  0001B0
powf@t1                                         cstackBANK1  000184
powf@t2                                         cstackBANK1  00011C
powf@t_h                                        cstackBANK1  000168
powf@t_l                                        cstackBANK1  000134
powf@u                                          cstackBANK1  000174
powf@v                                          cstackBANK1  000178
powf@w                                          cstackBANK1  000144
powf@x                                          cstackBANK0  0000D0
powf@y                                          cstackBANK0  0000D4
powf@y1                                         cstackBANK1  000128
powf@yisint                                     cstackBANK1  000150
powf@z                                          cstackBANK1  0001B4
powf@z_h                                        cstackBANK1  000120
powf@z_l                                        cstackBANK1  000124
printf@ap                                       cstackBANK1  000121
printf@fmt                                      cstackBANK1  000119
putch@txData                                    cstackCOMRAM 00001B
rd1RegCompleteHandler@ptr                       cstackCOMRAM 00000A
rd2RegCompleteHandler@ptr                       cstackCOMRAM 00000A
rdBlkRegCompleteHandler@ptr                     cstackCOMRAM 00000A
scalbnf@n                                       cstackBANK0  000093
scalbnf@u                                       cstackBANK0  000099
scalbnf@x                                       cstackBANK0  00008F
scalbnf@y                                       cstackBANK0  00009D
sqrtf@__xc8_float_word                          cstackBANK0  0000B4
sqrtf@i                                         cstackBANK0  0000B0
sqrtf@ix                                        cstackBANK0  0000CC
sqrtf@m                                         cstackBANK0  0000C4
sqrtf@q                                         cstackBANK0  0000B8
sqrtf@r                                         cstackBANK0  0000C8
sqrtf@s                                         cstackBANK0  0000AC
sqrtf@t                                         cstackBANK0  0000BC
sqrtf@x                                         cstackBANK0  0000A3
sqrtf@z                                         cstackBANK0  0000C0
stackhi                                         (abs)        000000
stacklo                                         (abs)        000000
start                                           init         000182
start_initialization                            cinit        007468
strcpy@d                                        cstackCOMRAM 000020
strcpy@dest                                     cstackCOMRAM 00001A
strcpy@s                                        cstackCOMRAM 00001E
strcpy@src                                      cstackCOMRAM 00001C
ttemp5                                          temp         000047
ttemp6                                          temp         00004A
ttemp7                                          temp         00004E
utoa@d                                          cstackBANK0  00006D
utoa@fp                                         cstackBANK0  00006B
utoa@i                                          cstackBANK0  000089
utoa@n                                          cstackBANK0  000081
utoa@p                                          cstackBANK0  00007F
utoa@w                                          cstackBANK0  00007D
vfpfcnvrt@ap                                    cstackBANK1  000104
vfpfcnvrt@c                                     cstackBANK1  000106
vfpfcnvrt@convarg                               cstackBANK1  000107
vfpfcnvrt@cp                                    cstackBANK1  00010F
vfpfcnvrt@fmt                                   cstackBANK1  000102
vfpfcnvrt@fp                                    cstackBANK1  000100
vfprintf@ap                                     cstackBANK1  000115
vfprintf@cfmt                                   cstackBANK1  000117
vfprintf@fmt                                    cstackBANK1  000113
vfprintf@fp                                     cstackBANK1  000111
windSpeedCalc@dw_dt                             cstackBANK0  0000E9
windSpeedCalc@linearVel                         cstackBANK0  0000ED
windSpeedCalc@power                             cstackBANK0  0000E5
windSpeedCalc@time                              cstackBANK0  0000E1
wr1RegCompleteHandler@ptr                       cstackCOMRAM 00000A
wr2RegCompleteHandler@ptr                       cstackCOMRAM 00000A
wtemp8                                          temp         000047


MODULE INFORMATION

Module		Function		Class		Link	Load	Size
C:\Program Files\Microchip\xc8\v2.40\pic\sources\c99\common\sprcmul.c
		___flmul       		CODE           	45A2	0000	1068

C:\Program Files\Microchip\xc8\v2.40\pic\sources\c99\common\sprcmul.c estimated size: 1068

C:\Program Files\Microchip\xc8\v2.40\pic\sources\c99\common\nf_fputc.c
		_fputc         		CODE           	6952	0000	150

C:\Program Files\Microchip\xc8\v2.40\pic\sources\c99\common\nf_fputc.c estimated size: 150

C:\Program Files\Microchip\xc8\v2.40\pic\sources\c99\common\sprcdiv.c
		___fldiv       		CODE           	49CE	0000	924

C:\Program Files\Microchip\xc8\v2.40\pic\sources\c99\common\sprcdiv.c estimated size: 924

mcc_generated_files/examples/i2c1_master_example.c
		_wr1RegCompleteHandler		CODE           	75E4	0000	44
		_wr2RegCompleteHandler		CODE           	7668	0000	44
		_I2C1_Write1ByteRegister		CODE           	6E2C	0000	110
		_rdBlkRegCompleteHandler		CODE           	73F0	0000	64
		_rd1RegCompleteHandler		CODE           	763C	0000	44
		_rd2RegCompleteHandler		CODE           	7610	0000	44
		_I2C1_Read1ByteRegister		CODE           	6D48	0000	116

mcc_generated_files/examples/i2c1_master_example.c estimated size: 466

C:\Program Files\Microchip\xc8\v2.40\pic\sources\c99\common\sqrtf.c
		_sqrtf         		CODE           	40E6	0000	1212

C:\Program Files\Microchip\xc8\v2.40\pic\sources\c99\common\sqrtf.c estimated size: 1212

C:\Program Files\Microchip\xc8\v2.40\pic\sources\c99\common\lwdiv.c
		___lwdiv       		CODE           	6CD4	0000	116

C:\Program Files\Microchip\xc8\v2.40\pic\sources\c99\common\lwdiv.c estimated size: 116

C:\Program Files\Microchip\xc8\v2.40\pic\sources\c99\common\memcpy.c
		_memcpy        		CODE           	70B8	0000	80

C:\Program Files\Microchip\xc8\v2.40\pic\sources\c99\common\memcpy.c estimated size: 80

C:\Program Files\Microchip\xc8\v2.40\pic\sources\c99\common\fltol.c
		___fltol       		CODE           	606A	0000	262

C:\Program Files\Microchip\xc8\v2.40\pic\sources\c99\common\fltol.c estimated size: 262

C:\Program Files\Microchip\xc8\v2.40\pic\sources\c99\common\scalbnf.c
		_scalbnf       		CODE           	52D4	0000	574

C:\Program Files\Microchip\xc8\v2.40\pic\sources\c99\common\scalbnf.c estimated size: 574

C:\Program Files\Microchip\xc8\v2.40\pic\sources\c99\common\isspace.c
		_isspace       		CODE           	719A	0000	70

C:\Program Files\Microchip\xc8\v2.40\pic\sources\c99\common\isspace.c estimated size: 70

C:\Program Files\Microchip\xc8\v2.40\pic\sources\c99\common\atoi.c
		_atoi          		CODE           	5F16	0000	340

C:\Program Files\Microchip\xc8\v2.40\pic\sources\c99\common\atoi.c estimated size: 340

mcc_generated_files/i2c1_master.c
		_I2C1_DO_SEND_RESTART		CODE           	7A2C	0000	8
		_I2C1_DO_TX_EMPTY		CODE           	6AEA	0000	124
		_I2C1_DO_SEND_RESTART_READ		CODE           	7A3C	0000	8
		_I2C1_CallbackReturnStop		CODE           	7AA0	0000	4
		_I2C1_DO_RX    		CODE           	680E	0000	166
		_I2C1_DO_TX    		CODE           	6536	0000	196
		_I2C1_SetAddressNackCallback		CODE           	7878	0000	24
		_I2C1_DO_IDLE  		CODE           	799E	0000	12
		_I2C1_MasterOpen		CODE           	77CA	0000	34
		_I2C1_DO_RCEN  		CODE           	7992	0000	12
		_I2C1_MasterSendTxData		CODE           	7A44	0000	8
		_I2C1_MasterStop		CODE           	7AA4	0000	4
		_I2C1_CallbackReturnReset		CODE           	7A9C	0000	4
		_I2C1_DO_RESET 		CODE           	7986	0000	12
		_I2C1_MasterStartRx		CODE           	7A98	0000	4
		_I2C1_DO_RX_ACK		CODE           	7A1C	0000	8
		_I2C1_MasterSendNack		CODE           	7A82	0000	6
		_I2C1_DO_RX_NACK_RESTART		CODE           	7A0C	0000	8
		_I2C1_MasterDisableIrq		CODE           	7A52	0000	6
		_I2C1_MasterOperation		CODE           	73B0	0000	64
		_I2C1_SetCallback		CODE           	6B66	0000	122
		_I2C1_MasterEnableRestart		CODE           	7AA8	0000	4
		_I2C1_Open     		CODE           	68B4	0000	158
		_I2C1_DO_ADDRESS_NACK		CODE           	6F00	0000	102
		_I2C1_SetBuffer		CODE           	7760	0000	36
		_I2C1_DO_SEND_RESTART_WRITE		CODE           	7A34	0000	8
		_I2C1_MasterClose		CODE           	7A8C	0000	4
		_I2C1_MasterWrite		CODE           	7A04	0000	8
		_I2C1_Initialize		CODE           	7902	0000	20
		_I2C1_Close    		CODE           	758C	0000	44
		_I2C1_MasterIsNack		CODE           	7916	0000	20
		_I2C1_MasterStart		CODE           	7A88	0000	4
		_I2C1_DO_SEND_ADR_WRITE		CODE           	795A	0000	16
		_I2C1_MasterClearIrq		CODE           	7A58	0000	6
		_I2C1_SetDataCompleteCallback		CODE           	7860	0000	24
		_I2C1_DO_SEND_STOP		CODE           	7A24	0000	8
		_I2C1_MasterSendAck		CODE           	7A7C	0000	6
		_I2C1_MasterFsm		CODE           	6DBC	0000	112
		_I2C1_MasterIsr		CODE           	7A6A	0000	6
		_I2C1_MasterGetRxData		CODE           	7A94	0000	4
		_I2C1_SetInterruptHandler		CODE           	79B4	0000	10
		_I2C1_MasterSetIrq		CODE           	7A76	0000	6
		_I2C1_DO_SEND_ADR_READ		CODE           	796A	0000	16
		_I2C1_MasterEnableIrq		CODE           	7A4C	0000	6
		_I2C1_DO_RX_NACK_STOP		CODE           	7A14	0000	8

mcc_generated_files/i2c1_master.c estimated size: 1470

C:\Program Files\Microchip\xc8\v2.40\pic\sources\c99\common\Umul16.c
		___wmul        		CODE           	773A	0000	38

C:\Program Files\Microchip\xc8\v2.40\pic\sources\c99\common\Umul16.c estimated size: 38

C:\Program Files\Microchip\xc8\v2.40\pic\sources\c99\common\fleq.c
		___fleq        		CODE           	6764	0000	170

C:\Program Files\Microchip\xc8\v2.40\pic\sources\c99\common\fleq.c estimated size: 170

mcc_generated_files/tmr2.c
		_TMR2_ISR      		CODE           	74D0	0000	50
		_TMR2_Initialize		CODE           	75B8	0000	44
		_TMR2_SetInterruptHandler		CODE           	79BE	0000	10
		_TMR2_DefaultInterruptHandler		CODE           	7AAC	0000	2

mcc_generated_files/tmr2.c estimated size: 106

mcc_generated_files/interrupt_manager.c
		_INTERRUPT_Initialize		CODE           	7A90	0000	4
		_INTERRUPT_InterruptManager		CODE           	0008	0000	378

mcc_generated_files/interrupt_manager.c estimated size: 382

C:\Program Files\Microchip\xc8\v2.40\pic\sources\c99\common\abs.c
		_abs           		CODE           	72A8	0000	66

C:\Program Files\Microchip\xc8\v2.40\pic\sources\c99\common\abs.c estimated size: 66

C:\Program Files\Microchip\xc8\v2.40\pic\sources\c99\common\printf.c
		_printf        		CODE           	7712	0000	40

C:\Program Files\Microchip\xc8\v2.40\pic\sources\c99\common\printf.c estimated size: 40

C:\Program Files\Microchip\xc8\v2.40\pic\sources\c99\common\__fpclassifyf.c
		___fpclassifyf 		CODE           	6276	0000	254

C:\Program Files\Microchip\xc8\v2.40\pic\sources\c99\common\__fpclassifyf.c estimated size: 254

mcc_generated_files/pin_manager.c
		_PIN_MANAGER_Initialize		CODE           	69E8	0000	130
		_IOCAF0_SetInterruptHandler		CODE           	79C8	0000	10
		_PIN_MANAGER_IOC		CODE           	78EC	0000	22
		_IOCAF0_DefaultInterruptHandler		CODE           	7AB0	0000	2
		_IOCAF0_ISR    		CODE           	7502	0000	50

mcc_generated_files/pin_manager.c estimated size: 214

C:\Program Files\Microchip\xc8\v2.40\pic\sources\c99\common\isdigit.c
		_isdigit       		CODE           	7534	0000	44

C:\Program Files\Microchip\xc8\v2.40\pic\sources\c99\common\isdigit.c estimated size: 44

C:\Program Files\Microchip\xc8\v2.40\pic\sources\c99\common\sprcadd.c
		___flsub       		CODE           	7152	0000	72
		___fladd       		CODE           	3C24	0000	1218

C:\Program Files\Microchip\xc8\v2.40\pic\sources\c99\common\sprcadd.c estimated size: 1290

C:\Program Files\Microchip\xc8\v2.40\pic\sources\c99\common\floorf.c
		_floorf        		CODE           	5512	0000	534

C:\Program Files\Microchip\xc8\v2.40\pic\sources\c99\common\floorf.c estimated size: 534

C:\Program Files\Microchip\xc8\v2.40\pic\sources\c99\common\powf.c
		_powf          		CODE           	0186	0000	10908

C:\Program Files\Microchip\xc8\v2.40\pic\sources\c99\common\powf.c estimated size: 10908

C:\Program Files\Microchip\xc8\v2.40\pic\sources\c99\common\flneg.c
		___flneg       		CODE           	7430	0000	56

C:\Program Files\Microchip\xc8\v2.40\pic\sources\c99\common\flneg.c estimated size: 56

C:\Program Files\Microchip\xc8\v2.40\pic\sources\c99\common\fabsf.c
		_fabsf         		CODE           	749C	0000	52

C:\Program Files\Microchip\xc8\v2.40\pic\sources\c99\common\fabsf.c estimated size: 52

C:\Program Files\Microchip\xc8\v2.40\pic\sources\c99\common\labs.c
		_labs          		CODE           	6E9A	0000	102

C:\Program Files\Microchip\xc8\v2.40\pic\sources\c99\common\labs.c estimated size: 102

C:\Program Files\Microchip\xc8\v2.40\pic\sources\c99\common\xxtofl.c
		___xxtofl      		CODE           	58F0	0000	440

C:\Program Files\Microchip\xc8\v2.40\pic\sources\c99\common\xxtofl.c estimated size: 440

C:\Program Files\Microchip\xc8\v2.40\pic\sources\c99\common\nf_fputs.c
		_fputs         		CODE           	71E0	0000	68

C:\Program Files\Microchip\xc8\v2.40\pic\sources\c99\common\nf_fputs.c estimated size: 68

C:\Program Files\Microchip\xc8\v2.40\pic\sources\c99\common\lomod.c
		___lomod       		CODE           	6466	0000	208

C:\Program Files\Microchip\xc8\v2.40\pic\sources\c99\common\lomod.c estimated size: 208

C:\Program Files\Microchip\xc8\v2.40\pic\sources\c99\common\aomod.c
		___aomod       		CODE           	5DB2	0000	356

C:\Program Files\Microchip\xc8\v2.40\pic\sources\c99\common\aomod.c estimated size: 356

shared
		_L5            		MEDIUMCONST    	0000	0000	0
		_P3            		MEDIUMCONST    	0000	0000	0
		i2_I2C1_SetBuffer		CODE           	7784	0000	36
		_L6            		MEDIUMCONST    	0000	0000	0
		_P4            		MEDIUMCONST    	0000	0000	0
		_P5            		MEDIUMCONST    	0000	0000	0
		i2_I2C1_SetCallback		CODE           	6C5A	0000	122
		_lg2_l         		MEDIUMCONST    	0000	0000	0
		_ivln2_l       		MEDIUMCONST    	0000	0000	0
		_ivln2         		MEDIUMCONST    	0000	0000	0
		__initialization		CODE           	7468	0000	42
		_bp            		MEDIUMCONST    	FF19	0000	8
		_cp            		MEDIUMCONST    	0000	0000	0
		_cp_h          		MEDIUMCONST    	0000	0000	0
		_tiny@sqrtf$F3214		MEDIUMCONST    	0000	0000	0
		_dp_h          		MEDIUMCONST    	FEB9	0000	8
		_lg2           		MEDIUMCONST    	0000	0000	0
		_lg2_h         		MEDIUMCONST    	0000	0000	0
		_i2c1_fsmStateTable		MEDIUMCONST    	FE91	0000	32
		_ivln2_h       		MEDIUMCONST    	0000	0000	0
		_tiny          		MEDIUMCONST    	0000	0000	0
		_ovt           		MEDIUMCONST    	0000	0000	0
		_huge          		MEDIUMCONST    	0000	0000	0
		i2_I2C1_MasterClearIrq		CODE           	7A70	0000	6
		_two24         		MEDIUMCONST    	0000	0000	0
		i2_I2C1_SetDataCompleteCallback		CODE           	78A8	0000	24
		_cp_l          		MEDIUMCONST    	0000	0000	0
		_dp_l          		MEDIUMCONST    	FEB1	0000	8
		_L1            		MEDIUMCONST    	0000	0000	0
		_L2            		MEDIUMCONST    	0000	0000	0
		_L3            		MEDIUMCONST    	0000	0000	0
		_P1            		MEDIUMCONST    	0000	0000	0
		_L4            		MEDIUMCONST    	0000	0000	0
		_P2            		MEDIUMCONST    	0000	0000	0

shared estimated size: 286

mcc_generated_files/eusart1.c
		_EUSART1_SetRxInterruptHandler		CODE           	79DC	0000	10
		_EUSART1_SetTxInterruptHandler		CODE           	79D2	0000	10
		_EUSART1_is_rx_ready		CODE           	78D6	0000	22
		_EUSART1_is_tx_ready		CODE           	78C0	0000	22
		_EUSART1_Initialize		CODE           	6BE0	0000	122
		_putch         		CODE           	79AA	0000	10
		_EUSART1_DefaultErrorHandler		CODE           	7A64	0000	6
		_EUSART1_SetFramingErrorHandler		CODE           	79F0	0000	10
		_EUSART1_Read  		CODE           	7066	0000	82
		_EUSART1_SetOverrunErrorHandler		CODE           	79E6	0000	10
		_EUSART1_SetErrorHandler		CODE           	79FA	0000	10
		_EUSART1_Write 		CODE           	6F66	0000	88
		_EUSART1_Receive_ISR		CODE           	65FA	0000	188
		_EUSART1_RxDataHandler		CODE           	76E8	0000	42
		_EUSART1_DefaultOverrunErrorHandler		CODE           	7A5E	0000	6
		_EUSART1_Transmit_ISR		CODE           	736E	0000	66
		_EUSART1_DefaultFramingErrorHandler		CODE           	7AAE	0000	2

mcc_generated_files/eusart1.c estimated size: 706

C:\Program Files\Microchip\xc8\v2.40\pic\sources\c99\common\strcpy.c
		_strcpy        		CODE           	7266	0000	66

C:\Program Files\Microchip\xc8\v2.40\pic\sources\c99\common\strcpy.c estimated size: 66

mcc_generated_files/mcc.c
		_PMD_Initialize		CODE           	7844	0000	28
		_OSCILLATOR_Initialize		CODE           	7890	0000	24
		_SYSTEM_Initialize		CODE           	780A	0000	30

mcc_generated_files/mcc.c estimated size: 82

C:\Program Files\Microchip\xc8\v2.40\pic\sources\c99\common\flge.c
		___flge        		CODE           	6170	0000	262

C:\Program Files\Microchip\xc8\v2.40\pic\sources\c99\common\flge.c estimated size: 262

hall_effect.c
		_hallRecord    		CODE           	7224	0000	66
		_windSpeedCalc 		CODE           	5C32	0000	384
		_hallRead      		CODE           	7694	0000	42

hall_effect.c estimated size: 492

C:\Program Files\Microchip\xc8\v2.40\pic\sources\c99\common\doprnt.c
		_vfpfcnvrt     		CODE           	364C	0000	1496
		_efgtoa        		CODE           	2C22	0000	2602
		_pad           		CODE           	66B6	0000	174
		_dtoa          		CODE           	5052	0000	642
		_vfprintf      		CODE           	6FBE	0000	84
		_utoa          		CODE           	5728	0000	456

C:\Program Files\Microchip\xc8\v2.40\pic\sources\c99\common\doprnt.c estimated size: 5454

motor_control.c
		_umbStow       		CODE           	72EA	0000	66
		_motorOFF      		CODE           	793A	0000	16
		_actionTrigger 		CODE           	7560	0000	44
		_motorRVR      		CODE           	792A	0000	16
		_solTrigger    		CODE           	77EC	0000	30
		_motorFWD      		CODE           	794A	0000	16
		_motorController		CODE           	7828	0000	28
		_motorFaultRead		CODE           	7012	0000	84
		_umbDeploy     		CODE           	732C	0000	66

motor_control.c estimated size: 366

main.c
		_main          		CODE           	4D6A	0000	744
		_Rx1_ISR       		CODE           	7108	0000	74
		_t_update      		CODE           	6A6A	0000	128
		_timer_callback		CODE           	76BE	0000	42

main.c estimated size: 988

temp_sensor.c
		_tempRead      		CODE           	797A	0000	12

temp_sensor.c estimated size: 12

C:\Program Files\Microchip\xc8\v2.40\pic\sources\c99\common\lodiv.c
		___lodiv       		CODE           	6374	0000	242

C:\Program Files\Microchip\xc8\v2.40\pic\sources\c99\common\lodiv.c estimated size: 242

C:\Program Files\Microchip\xc8\v2.40\pic\sources\c99\common\aodiv.c
		___aodiv       		CODE           	5AA8	0000	394

C:\Program Files\Microchip\xc8\v2.40\pic\sources\c99\common\aodiv.c estimated size: 394

C:\Program Files\Microchip\xc8\v2.40\pic\sources\c99\common\nanf.c
		_nanf          		CODE           	77A8	0000	34

C:\Program Files\Microchip\xc8\v2.40\pic\sources\c99\common\nanf.c estimated size: 34

