Microchip MPLAB XC8 Compiler V2.40

Linker command line:

-W-3 \
  --edf=C:/Users/DJMik/.mchp_packs/Microchip/PIC18F-K_DFP/1.8.249/xc8\pic\dat\20230209213641_en.msgs \
  -cn -h+dist/default/production\Team205_FinalBoard.X.production.sym \
  --cmf=dist/default/production\Team205_FinalBoard.X.production.cmf -z \
  -Q18LF26K40 -oC:\Users\DJMik\AppData\Local\Temp\xcAseo8.4 \
  --defsym=__MPLAB_BUILD=1 --fixupoverflow=error \
  -Mdist/default/production/Team205_FinalBoard.X.production.map \
  --md=C:\Users\DJMik\AppData\Local\Temp\xcAseo8.dat -E1 -ver=XC8 Compiler \
  --acfsm=1493 -ACODE=00h-0FFFFh -ACONST=00h-0FFFFh \
  -ASMALLCONST=0F00h-0FFFhx241 -AMEDIUMCONST=0F00h-0FFFFh -ACOMRAM=01h-05Fh \
  -AABS1=00h-0E87h -ABIGRAM=01h-0E87h \
  -ARAM=060h-0FFh,0100h-01FFhx13,0E00h-0E87h -ABANK0=060h-0FFh \
  -ABANK1=0100h-01FFh -ABANK2=0200h-02FFh -ABANK3=0300h-03FFh \
  -ABANK4=0400h-04FFh -ABANK5=0500h-05FFh -ABANK6=0600h-06FFh \
  -ABANK7=0700h-07FFh -ABANK8=0800h-08FFh -ABANK9=0900h-09FFh \
  -ABANK10=0A00h-0AFFh -ABANK11=0B00h-0BFFh -ABANK12=0C00h-0CFFh \
  -ABANK13=0D00h-0DFFh -ABANK14=0E00h-0E87h \
  -ASFR=0E8Dh-0EFFh,0F00h-0F5Fh,0F60h-0FFFh -ABIGSFR=0E8Dh-0FFFh \
  -ACONFIG=0300000h-030000Bh -AIDLOC=0200000h-020000Fh \
  -AEEDATA=0310000h-03103FFh -peeprom_data=EEDATA \
  -preset_vec=00h,intcode=08h,intcodelo,powerup,init -pramtop=0F00h \
  -psmallconst=SMALLCONST -pmediumconst=MEDIUMCONST -pconst=CONST \
  -AFARRAM=00h-00h \
  -prdata=COMRAM,nvrram=COMRAM,nvbit=COMRAM,rbss=COMRAM,rbit=COMRAM \
  -pfarbss=FARRAM,fardata=FARRAM,nvFARRAM=FARRAM \
  -pintsave_regs=BIGRAM,bigbss=BIGRAM,bigdata=BIGRAM -pbss=RAM \
  -pidata=CODE,irdata=CODE,ibigdata=CODE,ifardata=CODE -prparam=COMRAM \
  C:\Users\DJMik\AppData\Local\Temp\xcAseo8.o \
  dist/default/production\Team205_FinalBoard.X.production.o 

Object code version is 3.11

Machine type is 18LF26K40



                Name                               Link     Load   Length Selector   Space Scale
C:\Users\DJMik\AppData\Local\Temp\xcAseo8.o
                idloc                            200000   200000       10        0       5
                config                           300000   300000        C        0       4
                init                                 EA       EA        4        4       0
                reset_vec                             0        0        4        0       0
dist/default/production\Team205_FinalBoard.X.production.o
                intcode                               8        8       E2        4       0
                idloc                            200000   200000       10        0       5
                config                           300000   300000        C        0       4
                temp                                 46       46        1        1       1
                smallconst                          F00      F00       9A      780       0
                text113                            3BCE     3BCE        4      7CD       0
                text112                            3BCA     3BCA        4      7CD       0
                text111                            38E4     38E4       24      7CD       0
                text110                            3090     3090       7A      7CD       0
                text109                            3A20     3A20       18      7CD       0
                text108                            37A2     37A2       2C      7CD       0
                text107                            3776     3776       2C      7CD       0
                text106                            374A     374A       2C      7CD       0
                text105                            371E     371E       2C      7CD       0
                text104                            35BE     35BE       40      7CD       0
                text103                            3BC6     3BC6        4      7CD       0
                text102                            3BC2     3BC2        4      7CD       0
                text101                            3BBE     3BBE        4      7CD       0
                text100                            3BA4     3BA4        6      7CD       0
                text99                             3BBA     3BBA        4      7CD       0
                text98                             3B9E     3B9E        6      7CD       0
                text97                             3B66     3B66        8      7CD       0
                text96                             3A62     3A62       14      7CD       0
                text95                             3B98     3B98        6      7CD       0
                text94                             2F9A     2F9A       7C      7CD       0
                text93                             3ACC     3ACC        C      7CD       0
                text92                             3A98     3A98       10      7CD       0
                text91                             3A88     3A88       10      7CD       0
                text90                             2BCE     2BCE       C4      7CD       0
                text89                             2D40     2D40       A6      7CD       0
                text88                             3AC0     3AC0        C      7CD       0
                text87                             3B5E     3B5E        8      7CD       0
                text86                             3B56     3B56        8      7CD       0
                text85                             3B4E     3B4E        8      7CD       0
                text84                             3B46     3B46        8      7CD       0
                text83                             3B3E     3B3E        8      7CD       0
                text82                             3B36     3B36        8      7CD       0
                text81                             3B2E     3B2E        8      7CD       0
                text80                             3AB4     3AB4        C      7CD       0
                text79                             33A4     33A4       66      7CD       0
                text78                             3B92     3B92        6      7CD       0
                text77                             31F2     31F2       70      7CD       0
                text76                             3B8C     3B8C        6      7CD       0
                text75                             366C     366C       2E      7CD       0
                text74                             3BD2     3BD2        2      7CD       0
                text73                             363C     363C       30      7CD       0
                text71                             3822     3822       2A      7CD       0
                text70                             3B14     3B14        A      7CD       0
                text69                             3B0A     3B0A        A      7CD       0
                text68                             3B00     3B00        A      7CD       0
                text67                             35FE     35FE       3E      7CD       0
                text66                             3A4E     3A4E       14      7CD       0
                text65                             3BB6     3BB6        4      7CD       0
                text64                             3A08     3A08       18      7CD       0
                text63                             3AF6     3AF6        A      7CD       0
                text62                             2F1A     2F1A       80      7CD       0
                text61                             39A4     39A4       1C      7CD       0
                text60                             3AEC     3AEC        A      7CD       0
                text59                             36F2     36F2       2C      7CD       0
                text58                             396A     396A       1E      7CD       0
                text57                             2908     2908      104      7CD       0
                text56                             3B86     3B86        6      7CD       0
                text55                             3BB2     3BB2        4      7CD       0
                text54                             3B80     3B80        6      7CD       0
                text53                             36C6     36C6       2C      7CD       0
                text52                             3BAE     3BAE        4      7CD       0
                text51                             357E     357E       40      7CD       0
                text50                             3B26     3B26        8      7CD       0
                text49                             3B7A     3B7A        6      7CD       0
                text48                             392A     392A       22      7CD       0
                text47                             3AE2     3AE2        A      7CD       0
                text46                             2DE6     2DE6       9E      7CD       0
                text45                             3016     3016       7A      7CD       0
                text44                             39F0     39F0       18      7CD       0
                text43                             38C0     38C0       24      7CD       0
                text42                             39D8     39D8       18      7CD       0
                text41                             317E     317E       74      7CD       0
                text40                             345E     345E       54      7CD       0
                text39                             3262     3262       6E      7CD       0
                text38                             3988     3988       1C      7CD       0
                text37                             333A     333A       6A      7CD       0
                text36                             32D0     32D0       6A      7CD       0
                text35                             389A     389A       26      7CD       0
                text34                             3874     3874       26      7CD       0
                text33                             369A     369A       2C      7CD       0
                text32                             34B2     34B2       46      7CD       0
                text31                             269E     269E      154      7CD       0
                text30                             23B0     23B0      18A      7CD       0
                text29                             253A     253A      164      7CD       0
                text28                             353C     353C       42      7CD       0
                text27                             39C0     39C0       18      7CD       0
                text26                             3AD8     3AD8        A      7CD       0
                text25                             2E84     2E84       96      7CD       0
                text24                             34F8     34F8       44      7CD       0
                text23                             2C92     2C92       AE      7CD       0
                text22                             1B7A     1B7A      280      7CD       0
                text21                             2A0C     2A0C       F2      7CD       0
                text20                             2AFE     2AFE       D0      7CD       0
                text19                             2032     2032      1C6      7CD       0
                text18                             13C6     13C6      418      7CD       0
                text17                             340A     340A       54      7CD       0
                text16                             384C     384C       28      7CD       0
                text15                             3BAA     3BAA        4      7CD       0
                text14                             3B74     3B74        6      7CD       0
                text13                             37F8     37F8       2A      7CD       0
                text12                             3A38     3A38       16      7CD       0
                text11                             394C     394C       1E      7CD       0
                text10                             3A76     3A76       12      7CD       0
                text9                              3AA8     3AA8        C      7CD       0
                text8                              17DE     17DE      39C      7CD       0
                text7                               F9A      F9A      42C      7CD       0
                text6                              310A     310A       74      7CD       0
                text5                              21F8     21F8      1B8      7CD       0
                text4                              3B1E     3B1E        8      7CD       0
                text3                              3B6E     3B6E        6      7CD       0
                text2                              37CE     37CE       2A      7CD       0
                text1                              27F2     27F2      116      7CD       0
                text0                              1DFA     1DFA      238      7CD       0
                cstackCOMRAM                          1        1       2C        1       1
                cstackBANK0                          60       60       52       60       1
                cstackBANK1                         100      100        D      100       1
                bssBANK0                             B2       B2       46       60       1
                bssCOMRAM                            2D       2D       13        1       1
                cinit                              3908     3908       22      7CD       0
                nvBANK0                              F8       F8        4       60       1
                nvCOMRAM                             40       40        6        1       1

TOTAL           Name                               Link     Load   Length     Space
        CLASS   CODE           
                intcode                               8        8       E2         0
                init                                 EA       EA        4         0
                reset_vec                             0        0        4         0
                text113                            3BCE     3BCE        4         0
                text112                            3BCA     3BCA        4         0
                text111                            38E4     38E4       24         0
                text110                            3090     3090       7A         0
                text109                            3A20     3A20       18         0
                text108                            37A2     37A2       2C         0
                text107                            3776     3776       2C         0
                text106                            374A     374A       2C         0
                text105                            371E     371E       2C         0
                text104                            35BE     35BE       40         0
                text103                            3BC6     3BC6        4         0
                text102                            3BC2     3BC2        4         0
                text101                            3BBE     3BBE        4         0
                text100                            3BA4     3BA4        6         0
                text99                             3BBA     3BBA        4         0
                text98                             3B9E     3B9E        6         0
                text97                             3B66     3B66        8         0
                text96                             3A62     3A62       14         0
                text95                             3B98     3B98        6         0
                text94                             2F9A     2F9A       7C         0
                text93                             3ACC     3ACC        C         0
                text92                             3A98     3A98       10         0
                text91                             3A88     3A88       10         0
                text90                             2BCE     2BCE       C4         0
                text89                             2D40     2D40       A6         0
                text88                             3AC0     3AC0        C         0
                text87                             3B5E     3B5E        8         0
                text86                             3B56     3B56        8         0
                text85                             3B4E     3B4E        8         0
                text84                             3B46     3B46        8         0
                text83                             3B3E     3B3E        8         0
                text82                             3B36     3B36        8         0
                text81                             3B2E     3B2E        8         0
                text80                             3AB4     3AB4        C         0
                text79                             33A4     33A4       66         0
                text78                             3B92     3B92        6         0
                text77                             31F2     31F2       70         0
                text76                             3B8C     3B8C        6         0
                text75                             366C     366C       2E         0
                text74                             3BD2     3BD2        2         0
                text73                             363C     363C       30         0
                text71                             3822     3822       2A         0
                text70                             3B14     3B14        A         0
                text69                             3B0A     3B0A        A         0
                text68                             3B00     3B00        A         0
                text67                             35FE     35FE       3E         0
                text66                             3A4E     3A4E       14         0
                text65                             3BB6     3BB6        4         0
                text64                             3A08     3A08       18         0
                text63                             3AF6     3AF6        A         0
                text62                             2F1A     2F1A       80         0
                text61                             39A4     39A4       1C         0
                text60                             3AEC     3AEC        A         0
                text59                             36F2     36F2       2C         0
                text58                             396A     396A       1E         0
                text57                             2908     2908      104         0
                text56                             3B86     3B86        6         0
                text55                             3BB2     3BB2        4         0
                text54                             3B80     3B80        6         0
                text53                             36C6     36C6       2C         0
                text52                             3BAE     3BAE        4         0
                text51                             357E     357E       40         0
                text50                             3B26     3B26        8         0
                text49                             3B7A     3B7A        6         0
                text48                             392A     392A       22         0
                text47                             3AE2     3AE2        A         0
                text46                             2DE6     2DE6       9E         0
                text45                             3016     3016       7A         0
                text44                             39F0     39F0       18         0
                text43                             38C0     38C0       24         0
                text42                             39D8     39D8       18         0
                text41                             317E     317E       74         0
                text40                             345E     345E       54         0
                text39                             3262     3262       6E         0
                text38                             3988     3988       1C         0
                text37                             333A     333A       6A         0
                text36                             32D0     32D0       6A         0
                text35                             389A     389A       26         0
                text34                             3874     3874       26         0
                text33                             369A     369A       2C         0
                text32                             34B2     34B2       46         0
                text31                             269E     269E      154         0
                text30                             23B0     23B0      18A         0
                text29                             253A     253A      164         0
                text28                             353C     353C       42         0
                text27                             39C0     39C0       18         0
                text26                             3AD8     3AD8        A         0
                text25                             2E84     2E84       96         0
                text24                             34F8     34F8       44         0
                text23                             2C92     2C92       AE         0
                text22                             1B7A     1B7A      280         0
                text21                             2A0C     2A0C       F2         0
                text20                             2AFE     2AFE       D0         0
                text19                             2032     2032      1C6         0
                text18                             13C6     13C6      418         0
                text17                             340A     340A       54         0
                text16                             384C     384C       28         0
                text15                             3BAA     3BAA        4         0
                text14                             3B74     3B74        6         0
                text13                             37F8     37F8       2A         0
                text12                             3A38     3A38       16         0
                text11                             394C     394C       1E         0
                text10                             3A76     3A76       12         0
                text9                              3AA8     3AA8        C         0
                text8                              17DE     17DE      39C         0
                text7                               F9A      F9A      42C         0
                text6                              310A     310A       74         0
                text5                              21F8     21F8      1B8         0
                text4                              3B1E     3B1E        8         0
                text3                              3B6E     3B6E        6         0
                text2                              37CE     37CE       2A         0
                text1                              27F2     27F2      116         0
                text0                              1DFA     1DFA      238         0
                cinit                              3908     3908       22         0

        CLASS   CONST          

        CLASS   SMALLCONST     
                smallconst                          F00      F00       9A         0

        CLASS   MEDIUMCONST    

        CLASS   COMRAM         
                temp                                 46       46        1         1
                cstackCOMRAM                          1        1       2C         1
                bssCOMRAM                            2D       2D       13         1
                nvCOMRAM                             40       40        6         1

        CLASS   ABS1           

        CLASS   BIGRAM         

        CLASS   RAM            

        CLASS   BANK0          
                cstackBANK0                          60       60       52         1
                bssBANK0                             B2       B2       46         1
                nvBANK0                              F8       F8        4         1

        CLASS   BANK1          
                cstackBANK1                         100      100        D         1

        CLASS   BANK2          

        CLASS   BANK3          

        CLASS   BANK4          

        CLASS   BANK5          

        CLASS   BANK6          

        CLASS   BANK7          

        CLASS   BANK8          

        CLASS   BANK9          

        CLASS   BANK10         

        CLASS   BANK11         

        CLASS   BANK12         

        CLASS   BANK13         

        CLASS   BANK14         

        CLASS   SFR            

        CLASS   BIGSFR         

        CLASS   CONFIG         
                config                           300000   300000        C         4

        CLASS   IDLOC          
                idloc                            200000   200000       10         5

        CLASS   EEDATA         

        CLASS   FARRAM         

        CLASS   HEAP           

        CLASS   STACK          



SEGMENTS        Name                           Load    Length   Top    Selector   Space  Class

                reset_vec                      000000  000004  000004         0       0  CODE    
                cstackCOMRAM                   000001  000046  000047         1       1  COMRAM  
                intcode                        000008  0000E6  0000EE         4       0  CODE    
                cstackBANK0                    000060  00009C  0000FC        60       1  BANK0   
                cstackBANK1                    000100  00000D  00010D       100       1  BANK1   
                smallconst                     000F00  00009A  000F9A       780       0  SMALLCON
                text7                          000F9A  002C3A  003BD4       7CD       0  CODE    


UNUSED ADDRESS RANGES

        Name                Unused          Largest block    Delta
        BANK0            0000FC-0000FF                4
        BANK1            00010D-0001FF               F3
        BANK10           000A00-000AFF              100
        BANK11           000B00-000BFF              100
        BANK12           000C00-000CFF              100
        BANK13           000D00-000DFF              100
        BANK14           000E00-000E87               88
        BANK2            000200-0002FF              100
        BANK3            000300-0003FF              100
        BANK4            000400-0004FF              100
        BANK5            000500-0005FF              100
        BANK6            000600-0006FF              100
        BANK7            000700-0007FF              100
        BANK8            000800-0008FF              100
        BANK9            000900-0009FF              100
        BIGRAM           000047-00005F               19
                         0000FC-0000FF                4
                         00010D-000E87              D7B
        BIGSFR           000E8D-000FFF              173
        CODE             000004-000007                4
                         0000EE-000EFF              E12
                         003BD4-00FFFF             C42C
        COMRAM           000047-00005F               19
        CONST            000004-000007                4
                         0000EE-000EFF              E12
                         003BD4-00FFFF             C42C
        EEDATA           310000-3103FF              400
        MEDIUMCONST      003BD4-00FFFF             C42C
        RAM              0000FC-0000FF                4
                         00010D-000E87              100
        SFR              000E8D-000FFF               73
        SMALLCONST       003BD4-00FFFF              100

                                  Symbol Table

?___aodiv                                       cstackCOMRAM 00001A
?___aomod                                       cstackCOMRAM 00001A
?___fldiv                                       cstackBANK0  00006D
?___flmul                                       cstackCOMRAM 00001A
?___lodiv                                       cstackCOMRAM 00001A
?___lomod                                       cstackCOMRAM 00001A
?___lwdiv                                       cstackCOMRAM 00001A
?___wmul                                        cstackCOMRAM 00001A
?___xxtofl                                      cstackCOMRAM 000021
?_abs                                           cstackBANK0  000060
?_atoi                                          cstackCOMRAM 000020
?_hallRead                                      cstackCOMRAM 000026
?_isdigit                                       cstackCOMRAM 00001A
?_isspace                                       cstackCOMRAM 00001A
?_printf                                        cstackBANK0  0000A9
?_vfprintf                                      cstackBANK0  0000A1
?_windSpeedCalc                                 cstackBANK0  000082
EUSART1_SetErrorHandler@interruptHandler        cstackCOMRAM 00001A
EUSART1_SetFramingErrorHandler@interruptHandler cstackCOMRAM 00001A
EUSART1_SetOverrunErrorHandler@interruptHandler cstackCOMRAM 00001A
EUSART1_Write@txData                            cstackCOMRAM 00001A
I2C1_CallbackReturnReset@funPtr                 cstackCOMRAM 00000A
I2C1_Close@returnValue                          cstackCOMRAM 00001A
I2C1_MasterOperation@read                       cstackCOMRAM 00001A
I2C1_MasterOperation@returnValue                cstackCOMRAM 00001B
I2C1_MasterSendTxData@data                      cstackCOMRAM 000001
I2C1_Open@address                               cstackCOMRAM 00001C
I2C1_Open@returnValue                           cstackCOMRAM 00001D
I2C1_Read1ByteRegister@address                  cstackCOMRAM 000024
I2C1_Read1ByteRegister@reg                      cstackCOMRAM 000023
I2C1_Read1ByteRegister@returnValue              cstackCOMRAM 000025
I2C1_SetAddressNackCallback@cb                  cstackCOMRAM 00001F
I2C1_SetAddressNackCallback@ptr                 cstackCOMRAM 000021
I2C1_SetBuffer@buffer                           cstackCOMRAM 00001A
I2C1_SetBuffer@bufferSize                       cstackCOMRAM 00001C
I2C1_SetCallback@cb                             cstackCOMRAM 00001A
I2C1_SetCallback@idx                            cstackCOMRAM 00001E
I2C1_SetCallback@ptr                            cstackCOMRAM 00001C
I2C1_SetDataCompleteCallback@cb                 cstackCOMRAM 00001F
I2C1_SetDataCompleteCallback@ptr                cstackCOMRAM 000021
I2C1_SetInterruptHandler@InterruptHandler       cstackCOMRAM 00001A
I2C1_Write1ByteRegister@address                 cstackCOMRAM 000025
I2C1_Write1ByteRegister@data                    cstackCOMRAM 000024
I2C1_Write1ByteRegister@reg                     cstackCOMRAM 000023
IOCAF0_SetInterruptHandler@InterruptHandler     cstackCOMRAM 00001A
TMR2_Counter8BitGet@readVal                     cstackCOMRAM 00001A
TMR2_SetInterruptHandler@InterruptHandler       cstackCOMRAM 00001A
_ANSELA                                         (abs)        000F11
_ANSELB                                         (abs)        000F19
_ANSELC                                         (abs)        000F21
_BAUD1CON                                       (abs)        000F9F
_EUSART1_DefaultErrorHandler                    (abs)        000000
_EUSART1_DefaultFramingErrorHandler             (abs)        000000
_EUSART1_DefaultOverrunErrorHandler             (abs)        000000
_EUSART1_ErrorHandler                           nvBANK0      0000F8
_EUSART1_FramingErrorHandler                    nvCOMRAM     000042
_EUSART1_Initialize                             text67       0035FE
_EUSART1_OverrunErrorHandler                    nvBANK0      0000FA
_EUSART1_SetErrorHandler                        text70       003B14
_EUSART1_SetFramingErrorHandler                 text69       003B0A
_EUSART1_SetOverrunErrorHandler                 text68       003B00
_EUSART1_Write                                  text27       0039C0
_EUSART1_is_tx_ready                            text71       003822
_EUSART1_is_tx_ready$1627                       cstackCOMRAM 00001A
_I2C1_CallbackReturnReset                       text102      003BC2
_I2C1_CallbackReturnStop                        text103      003BC6
_I2C1_Close                                     text53       0036C6
_I2C1_DO_ADDRESS_NACK                           text79       0033A4
_I2C1_DO_IDLE                                   text93       003ACC
_I2C1_DO_RCEN                                   text88       003AC0
_I2C1_DO_RESET                                  text80       003AB4
_I2C1_DO_RX                                     text89       002D40
_I2C1_DO_RX_ACK                                 text83       003B3E
_I2C1_DO_RX_NACK_RESTART                        text81       003B2E
_I2C1_DO_RX_NACK_STOP                           text82       003B36
_I2C1_DO_SEND_ADR_READ                          text92       003A98
_I2C1_DO_SEND_ADR_WRITE                         text91       003A88
_I2C1_DO_SEND_RESTART                           text85       003B4E
_I2C1_DO_SEND_RESTART_READ                      text87       003B5E
_I2C1_DO_SEND_RESTART_WRITE                     text86       003B56
_I2C1_DO_SEND_STOP                              text84       003B46
_I2C1_DO_TX                                     text90       002BCE
_I2C1_DO_TX_EMPTY                               text94       002F9A
_I2C1_Initialize                                text66       003A4E
_I2C1_MasterClearIrq                            text56       003B86
_I2C1_MasterClose                               text55       003BB2
_I2C1_MasterDisableIrq                          text54       003B80
_I2C1_MasterEnableIrq                           text49       003B7A
_I2C1_MasterEnableRestart                       text113      003BCE
_I2C1_MasterFsm                                 text77       0031F2
_I2C1_MasterGetRxData                           text99       003BBA
_I2C1_MasterIsNack                              text96       003A62
_I2C1_MasterIsr                                 text76       003B8C
_I2C1_MasterOpen                                text48       00392A
_I2C1_MasterOperation                           text51       00357E
_I2C1_MasterSendAck                             text98       003B9E
_I2C1_MasterSendNack                            text100      003BA4
_I2C1_MasterSendTxData                          text97       003B66
_I2C1_MasterSetIrq                              text95       003B98
_I2C1_MasterStart                               text52       003BAE
_I2C1_MasterStartRx                             text101      003BBE
_I2C1_MasterStop                                text112      003BCA
_I2C1_MasterWrite                               text50       003B26
_I2C1_Open                                      text46       002DE6
_I2C1_Read1ByteRegister                         text41       00317E
_I2C1_SetAddressNackCallback                    text44       0039F0
_I2C1_SetBuffer                                 text43       0038C0
_I2C1_SetCallback                               text45       003016
_I2C1_SetDataCompleteCallback                   text42       0039D8
_I2C1_SetInterruptHandler                       text47       003AE2
_I2C1_Status                                    bssBANK0     0000B2
_I2C1_Write1ByteRegister                        text39       003262
_INLVLA                                         (abs)        000F0D
_INLVLB                                         (abs)        000F15
_INLVLC                                         (abs)        000F1D
_INLVLE                                         (abs)        000F2A
_INTCONbits                                     (abs)        000FF2
_INTERRUPT_Initialize                           text65       003BB6
_INTERRUPT_InterruptManager                     intcode      000008
_IOCAF0_DefaultInterruptHandler                 (abs)        000000
_IOCAF0_InterruptHandler                        nvCOMRAM     000044
_IOCAF0_SetInterruptHandler                     text63       003AF6
_IOCAFbits                                      (abs)        000F0A
_IOCANbits                                      (abs)        000F0B
_IOCAPbits                                      (abs)        000F0C
_LATA                                           (abs)        000F83
_LATB                                           (abs)        000F84
_LATBbits                                       (abs)        000F84
_LATC                                           (abs)        000F85
_MSSP1_InterruptHandler                         bssCOMRAM    00003B
_ODCONA                                         (abs)        000F0F
_ODCONB                                         (abs)        000F17
_ODCONBbits                                     (abs)        000F17
_ODCONC                                         (abs)        000F1F
_OSCCON1                                        (abs)        000ED8
_OSCCON3                                        (abs)        000EDA
_OSCEN                                          (abs)        000EDC
_OSCFRQ                                         (abs)        000EDE
_OSCILLATOR_Initialize                          text64       003A08
_OSCTUNE                                        (abs)        000EDD
_PIE3bits                                       (abs)        000EC5
_PIE4bits                                       (abs)        000EC6
_PIN_MANAGER_Initialize                         text62       002F1A
_PIR3bits                                       (abs)        000ECD
_PIR4bits                                       (abs)        000ECE
_PMD0                                           (abs)        000EE1
_PMD1                                           (abs)        000EE2
_PMD2                                           (abs)        000EE3
_PMD3                                           (abs)        000EE4
_PMD4                                           (abs)        000EE5
_PMD5                                           (abs)        000EE6
_PMD_Initialize                                 text61       0039A4
_PORTAbits                                      (abs)        000F8D
_PR2                                            (abs)        000FBC
_RC1REG                                         (abs)        000F99
_RC1STA                                         (abs)        000F9D
_RC1STAbits                                     (abs)        000F9D
_RC3PPS                                         (abs)        000EFA
_RC4PPS                                         (abs)        000EFB
_RC6PPS                                         (abs)        000EFD
_RX1PPS                                         (abs)        000EB5
_SLRCONA                                        (abs)        000F0E
_SLRCONB                                        (abs)        000F16
_SLRCONC                                        (abs)        000F1E
_SP1BRGH                                        (abs)        000F9C
_SP1BRGL                                        (abs)        000F9B
_SSP1ADD                                        (abs)        000F93
_SSP1BUF                                        (abs)        000F92
_SSP1CLKPPS                                     (abs)        000EB7
_SSP1CON1                                       (abs)        000F96
_SSP1CON1bits                                   (abs)        000F96
_SSP1CON2                                       (abs)        000F97
_SSP1CON2bits                                   (abs)        000F97
_SSP1DATPPS                                     (abs)        000EB8
_SSP1STAT                                       (abs)        000F95
_SSP1STATbits                                   (abs)        000F95
_SYSTEM_Initialize                              text58       00396A
_T2CLKCON                                       (abs)        000FBF
_T2CON                                          (abs)        000FBD
_T2CONbits                                      (abs)        000FBD
_T2HLT                                          (abs)        000FBE
_T2HLTbits                                      (abs)        000FBE
_T2PR                                           (abs)        000FBC
_T2RST                                          (abs)        000FC0
_T2RSTbits                                      (abs)        000FC0
_T2TMR                                          (abs)        000FBB
_TMR2                                           (abs)        000FBB
_TMR2_Counter8BitGet                            text4        003B1E
_TMR2_DefaultInterruptHandler                   text74       003BD2
_TMR2_ISR                                       text73       00363C
_TMR2_Initialize                                text59       0036F2
_TMR2_InterruptHandler                          nvCOMRAM     000040
_TMR2_ReadTimer                                 text3        003B6E
_TMR2_SetInterruptHandler                       text60       003AEC
_TMR2_Start                                     text15       003BAA
_TMR2_StartTimer                                text14       003B74
_TRISA                                          (abs)        000F88
_TRISB                                          (abs)        000F89
_TRISC                                          (abs)        000F8A
_TX1REG                                         (abs)        000F9A
_TX1STA                                         (abs)        000F9E
_TX1STAbits                                     (abs)        000F9E
_WPUA                                           (abs)        000F10
_WPUB                                           (abs)        000F18
_WPUC                                           (abs)        000F20
_WPUE                                           (abs)        000F2D
__HRAM                                          (abs)        000000
__Habs1                                         abs1         000000
__Hbank0                                        bank0        000000
__Hbank1                                        bank1        000000
__Hbank10                                       bank10       000000
__Hbank11                                       bank11       000000
__Hbank12                                       bank12       000000
__Hbank13                                       bank13       000000
__Hbank14                                       bank14       000000
__Hbank2                                        bank2        000000
__Hbank3                                        bank3        000000
__Hbank4                                        bank4        000000
__Hbank5                                        bank5        000000
__Hbank6                                        bank6        000000
__Hbank7                                        bank7        000000
__Hbank8                                        bank8        000000
__Hbank9                                        bank9        000000
__Hbigbss                                       bigbss       000000
__Hbigdata                                      bigdata      000000
__Hbigram                                       bigram       000000
__Hbigsfr                                       bigsfr       000000
__Hbss                                          bss          000000
__HbssBANK0                                     bssBANK0     000000
__HbssCOMRAM                                    bssCOMRAM    000000
__Hcinit                                        cinit        000000
__Hclrtext                                      clrtext      000000
__Hcomram                                       comram       000000
__Hconfig                                       config       30000C
__Hconst                                        const        000000
__HcstackBANK0                                  cstackBANK0  000000
__HcstackBANK1                                  cstackBANK1  000000
__HcstackCOMRAM                                 cstackCOMRAM 000000
__Hdata                                         data         000000
__Heeprom_data                                  eeprom_data  000000
__Hfarbss                                       farbss       000000
__Hfardata                                      fardata      000000
__Hheap                                         heap         000000
__Hibigdata                                     ibigdata     000000
__Hidata                                        idata        000000
__Hidloc                                        idloc        200010
__Hifardata                                     ifardata     000000
__Hinit                                         init         0000EE
__Hintcode                                      intcode      0000EA
__Hintcode_body                                 intcode_body 000000
__Hintcodelo                                    intcodelo    0000EA
__Hintentry                                     intentry     000000
__Hintret                                       intret       000000
__Hintsave_regs                                 intsave_regs 000000
__Hirdata                                       irdata       000000
__Hmediumconst                                  mediumconst  000000
__HnvBANK0                                      nvBANK0      000000
__HnvCOMRAM                                     nvCOMRAM     000000
__HnvFARRAM                                     nvFARRAM     000000
__Hnvbit                                        nvbit        000000
__Hnvrram                                       nvrram       000000
__Hparam                                        rparam       000000
__Hpowerup                                      powerup      0000EA
__Hram                                          ram          000000
__Hramtop                                       ramtop       000F00
__Hrbit                                         rbit         000000
__Hrbss                                         rbss         000000
__Hrdata                                        rdata        000000
__Hreset_vec                                    reset_vec    000004
__Hrparam                                       rparam       000000
__Hsfr                                          sfr          000000
__Hsmallconst                                   smallconst   000F9A
__Hspace_0                                      (abs)        003BD4
__Hspace_1                                      (abs)        00010D
__Hspace_2                                      (abs)        000000
__Hspace_4                                      (abs)        60000C
__Hstack                                        stack        000000
__Hstruct                                       struct       000000
__Htemp                                         temp         000047
__Htext                                         text         000000
__Htext0                                        text0        000000
__Htext1                                        text1        000000
__Htext10                                       text10       000000
__Htext100                                      text100      000000
__Htext101                                      text101      000000
__Htext102                                      text102      000000
__Htext103                                      text103      000000
__Htext104                                      text104      000000
__Htext105                                      text105      000000
__Htext106                                      text106      000000
__Htext107                                      text107      000000
__Htext108                                      text108      000000
__Htext109                                      text109      000000
__Htext11                                       text11       000000
__Htext110                                      text110      000000
__Htext111                                      text111      000000
__Htext112                                      text112      000000
__Htext113                                      text113      000000
__Htext114                                      text114      000000
__Htext12                                       text12       000000
__Htext13                                       text13       000000
__Htext14                                       text14       000000
__Htext15                                       text15       000000
__Htext16                                       text16       000000
__Htext17                                       text17       000000
__Htext18                                       text18       000000
__Htext19                                       text19       000000
__Htext2                                        text2        000000
__Htext20                                       text20       000000
__Htext21                                       text21       000000
__Htext22                                       text22       000000
__Htext23                                       text23       000000
__Htext24                                       text24       000000
__Htext25                                       text25       000000
__Htext26                                       text26       000000
__Htext27                                       text27       000000
__Htext28                                       text28       000000
__Htext29                                       text29       000000
__Htext3                                        text3        000000
__Htext30                                       text30       000000
__Htext31                                       text31       000000
__Htext32                                       text32       000000
__Htext33                                       text33       000000
__Htext34                                       text34       000000
__Htext35                                       text35       000000
__Htext36                                       text36       000000
__Htext37                                       text37       000000
__Htext38                                       text38       000000
__Htext39                                       text39       000000
__Htext4                                        text4        000000
__Htext40                                       text40       000000
__Htext41                                       text41       000000
__Htext42                                       text42       000000
__Htext43                                       text43       000000
__Htext44                                       text44       000000
__Htext45                                       text45       000000
__Htext46                                       text46       000000
__Htext47                                       text47       000000
__Htext48                                       text48       000000
__Htext49                                       text49       000000
__Htext5                                        text5        000000
__Htext50                                       text50       000000
__Htext51                                       text51       000000
__Htext52                                       text52       000000
__Htext53                                       text53       000000
__Htext54                                       text54       000000
__Htext55                                       text55       000000
__Htext56                                       text56       000000
__Htext57                                       text57       000000
__Htext58                                       text58       000000
__Htext59                                       text59       000000
__Htext6                                        text6        000000
__Htext60                                       text60       000000
__Htext61                                       text61       000000
__Htext62                                       text62       000000
__Htext63                                       text63       000000
__Htext64                                       text64       000000
__Htext65                                       text65       000000
__Htext66                                       text66       000000
__Htext67                                       text67       000000
__Htext68                                       text68       000000
__Htext69                                       text69       000000
__Htext7                                        text7        000000
__Htext70                                       text70       000000
__Htext71                                       text71       000000
__Htext73                                       text73       000000
__Htext74                                       text74       000000
__Htext75                                       text75       000000
__Htext76                                       text76       000000
__Htext77                                       text77       000000
__Htext78                                       text78       000000
__Htext79                                       text79       000000
__Htext8                                        text8        000000
__Htext80                                       text80       000000
__Htext81                                       text81       000000
__Htext82                                       text82       000000
__Htext83                                       text83       000000
__Htext84                                       text84       000000
__Htext85                                       text85       000000
__Htext86                                       text86       000000
__Htext87                                       text87       000000
__Htext88                                       text88       000000
__Htext89                                       text89       000000
__Htext9                                        text9        000000
__Htext90                                       text90       000000
__Htext91                                       text91       000000
__Htext92                                       text92       000000
__Htext93                                       text93       000000
__Htext94                                       text94       000000
__Htext95                                       text95       000000
__Htext96                                       text96       000000
__Htext97                                       text97       000000
__Htext98                                       text98       000000
__Htext99                                       text99       000000
__LRAM                                          (abs)        000001
__Labs1                                         abs1         000000
__Lbank0                                        bank0        000000
__Lbank1                                        bank1        000000
__Lbank10                                       bank10       000000
__Lbank11                                       bank11       000000
__Lbank12                                       bank12       000000
__Lbank13                                       bank13       000000
__Lbank14                                       bank14       000000
__Lbank2                                        bank2        000000
__Lbank3                                        bank3        000000
__Lbank4                                        bank4        000000
__Lbank5                                        bank5        000000
__Lbank6                                        bank6        000000
__Lbank7                                        bank7        000000
__Lbank8                                        bank8        000000
__Lbank9                                        bank9        000000
__Lbigbss                                       bigbss       000000
__Lbigdata                                      bigdata      000000
__Lbigram                                       bigram       000000
__Lbigsfr                                       bigsfr       000000
__Lbss                                          bss          000000
__LbssBANK0                                     bssBANK0     000000
__LbssCOMRAM                                    bssCOMRAM    000000
__Lcinit                                        cinit        000000
__Lclrtext                                      clrtext      000000
__Lcomram                                       comram       000000
__Lconfig                                       config       000000
__Lconst                                        const        000000
__LcstackBANK0                                  cstackBANK0  000000
__LcstackBANK1                                  cstackBANK1  000000
__LcstackCOMRAM                                 cstackCOMRAM 000000
__Ldata                                         data         000000
__Leeprom_data                                  eeprom_data  000000
__Lfarbss                                       farbss       000000
__Lfardata                                      fardata      000000
__Lheap                                         heap         000000
__Libigdata                                     ibigdata     000000
__Lidata                                        idata        000000
__Lidloc                                        idloc        000000
__Lifardata                                     ifardata     000000
__Linit                                         init         0000EA
__Lintcode                                      intcode      000008
__Lintcode_body                                 intcode_body 000000
__Lintcodelo                                    intcodelo    0000EA
__Lintentry                                     intentry     000000
__Lintret                                       intret       000000
__Lintsave_regs                                 intsave_regs 000000
__Lirdata                                       irdata       000000
__Lmediumconst                                  mediumconst  000000
__LnvBANK0                                      nvBANK0      000000
__LnvCOMRAM                                     nvCOMRAM     000000
__LnvFARRAM                                     nvFARRAM     000000
__Lnvbit                                        nvbit        000000
__Lnvrram                                       nvrram       000000
__Lparam                                        rparam       000000
__Lpowerup                                      powerup      0000EA
__Lram                                          ram          000000
__Lramtop                                       ramtop       000F00
__Lrbit                                         rbit         000000
__Lrbss                                         rbss         000000
__Lrdata                                        rdata        000000
__Lreset_vec                                    reset_vec    000000
__Lrparam                                       rparam       000000
__Lsfr                                          sfr          000000
__Lsmallconst                                   smallconst   000F00
__Lspace_0                                      (abs)        000000
__Lspace_1                                      (abs)        000000
__Lspace_2                                      (abs)        000000
__Lspace_4                                      (abs)        000000
__Lstack                                        stack        000000
__Lstruct                                       struct       000000
__Ltemp                                         temp         000046
__Ltext                                         text         000000
__Ltext0                                        text0        000000
__Ltext1                                        text1        000000
__Ltext10                                       text10       000000
__Ltext100                                      text100      000000
__Ltext101                                      text101      000000
__Ltext102                                      text102      000000
__Ltext103                                      text103      000000
__Ltext104                                      text104      000000
__Ltext105                                      text105      000000
__Ltext106                                      text106      000000
__Ltext107                                      text107      000000
__Ltext108                                      text108      000000
__Ltext109                                      text109      000000
__Ltext11                                       text11       000000
__Ltext110                                      text110      000000
__Ltext111                                      text111      000000
__Ltext112                                      text112      000000
__Ltext113                                      text113      000000
__Ltext114                                      text114      000000
__Ltext12                                       text12       000000
__Ltext13                                       text13       000000
__Ltext14                                       text14       000000
__Ltext15                                       text15       000000
__Ltext16                                       text16       000000
__Ltext17                                       text17       000000
__Ltext18                                       text18       000000
__Ltext19                                       text19       000000
__Ltext2                                        text2        000000
__Ltext20                                       text20       000000
__Ltext21                                       text21       000000
__Ltext22                                       text22       000000
__Ltext23                                       text23       000000
__Ltext24                                       text24       000000
__Ltext25                                       text25       000000
__Ltext26                                       text26       000000
__Ltext27                                       text27       000000
__Ltext28                                       text28       000000
__Ltext29                                       text29       000000
__Ltext3                                        text3        000000
__Ltext30                                       text30       000000
__Ltext31                                       text31       000000
__Ltext32                                       text32       000000
__Ltext33                                       text33       000000
__Ltext34                                       text34       000000
__Ltext35                                       text35       000000
__Ltext36                                       text36       000000
__Ltext37                                       text37       000000
__Ltext38                                       text38       000000
__Ltext39                                       text39       000000
__Ltext4                                        text4        000000
__Ltext40                                       text40       000000
__Ltext41                                       text41       000000
__Ltext42                                       text42       000000
__Ltext43                                       text43       000000
__Ltext44                                       text44       000000
__Ltext45                                       text45       000000
__Ltext46                                       text46       000000
__Ltext47                                       text47       000000
__Ltext48                                       text48       000000
__Ltext49                                       text49       000000
__Ltext5                                        text5        000000
__Ltext50                                       text50       000000
__Ltext51                                       text51       000000
__Ltext52                                       text52       000000
__Ltext53                                       text53       000000
__Ltext54                                       text54       000000
__Ltext55                                       text55       000000
__Ltext56                                       text56       000000
__Ltext57                                       text57       000000
__Ltext58                                       text58       000000
__Ltext59                                       text59       000000
__Ltext6                                        text6        000000
__Ltext60                                       text60       000000
__Ltext61                                       text61       000000
__Ltext62                                       text62       000000
__Ltext63                                       text63       000000
__Ltext64                                       text64       000000
__Ltext65                                       text65       000000
__Ltext66                                       text66       000000
__Ltext67                                       text67       000000
__Ltext68                                       text68       000000
__Ltext69                                       text69       000000
__Ltext7                                        text7        000000
__Ltext70                                       text70       000000
__Ltext71                                       text71       000000
__Ltext73                                       text73       000000
__Ltext74                                       text74       000000
__Ltext75                                       text75       000000
__Ltext76                                       text76       000000
__Ltext77                                       text77       000000
__Ltext78                                       text78       000000
__Ltext79                                       text79       000000
__Ltext8                                        text8        000000
__Ltext80                                       text80       000000
__Ltext81                                       text81       000000
__Ltext82                                       text82       000000
__Ltext83                                       text83       000000
__Ltext84                                       text84       000000
__Ltext85                                       text85       000000
__Ltext86                                       text86       000000
__Ltext87                                       text87       000000
__Ltext88                                       text88       000000
__Ltext89                                       text89       000000
__Ltext9                                        text9        000000
__Ltext90                                       text90       000000
__Ltext91                                       text91       000000
__Ltext92                                       text92       000000
__Ltext93                                       text93       000000
__Ltext94                                       text94       000000
__Ltext95                                       text95       000000
__Ltext96                                       text96       000000
__Ltext97                                       text97       000000
__Ltext98                                       text98       000000
__Ltext99                                       text99       000000
__S0                                            (abs)        003BD4
__S1                                            (abs)        00010D
__S4                                            (abs)        000000
__S5                                            (abs)        000000
___aodiv                                        text30       0023B0
___aodiv@counter                                cstackBANK0  000060
___aodiv@dividend                               cstackCOMRAM 00001A
___aodiv@divisor                                cstackCOMRAM 000022
___aodiv@quotient                               cstackBANK0  000062
___aodiv@sign                                   cstackBANK0  000061
___aomod                                        text29       00253A
___aomod@counter                                cstackCOMRAM 00002A
___aomod@dividend                               cstackCOMRAM 00001A
___aomod@divisor                                cstackCOMRAM 000022
___aomod@sign                                   cstackCOMRAM 00002B
___fldiv                                        text8        0017DE
___fldiv@a                                      cstackBANK0  000071
___fldiv@aexp                                   cstackBANK0  000081
___fldiv@b                                      cstackBANK0  00006D
___fldiv@bexp                                   cstackBANK0  000080
___fldiv@grs                                    cstackBANK0  00007C
___fldiv@new_exp                                cstackBANK0  00007A
___fldiv@rem                                    cstackBANK0  000075
___fldiv@sign                                   cstackBANK0  000079
___flge                                         text57       002908
___flge@ff1                                     cstackCOMRAM 00001A
___flge@ff2                                     cstackCOMRAM 00001E
___flmul                                        text7        000F9A
___flmul@a                                      cstackCOMRAM 00001E
___flmul@aexp                                   cstackBANK0  000061
___flmul@b                                      cstackCOMRAM 00001A
___flmul@bexp                                   cstackBANK0  000066
___flmul@grs                                    cstackBANK0  000062
___flmul@prod                                   cstackBANK0  000067
___flmul@sign                                   cstackBANK0  000060
___flmul@temp                                   cstackBANK0  00006B
___heap_hi                                      (abs)        000000
___heap_lo                                      (abs)        000000
___inthi_sp                                     stack        000000
___intlo_sp                                     stack        000000
___lodiv                                        text21       002A0C
___lodiv@counter                                cstackBANK0  000068
___lodiv@dividend                               cstackCOMRAM 00001A
___lodiv@divisor                                cstackCOMRAM 000022
___lodiv@quotient                               cstackBANK0  000060
___lomod                                        text20       002AFE
___lomod@counter                                cstackCOMRAM 00002A
___lomod@dividend                               cstackCOMRAM 00001A
___lomod@divisor                                cstackCOMRAM 000022
___lwdiv                                        text6        00310A
___lwdiv@counter                                cstackCOMRAM 00001E
___lwdiv@dividend                               cstackCOMRAM 00001A
___lwdiv@divisor                                cstackCOMRAM 00001C
___lwdiv@quotient                               cstackCOMRAM 00001F
___param_bank                                   (abs)        000000
___rparam_used                                  (abs)        000001
___sp                                           stack        000000
___wmul                                         text34       003874
___wmul@multiplicand                            cstackCOMRAM 00001C
___wmul@multiplier                              cstackCOMRAM 00001A
___wmul@product                                 cstackCOMRAM 00001E
___xxtofl                                       text5        0021F8
___xxtofl@arg                                   cstackBANK0  000062
___xxtofl@exp                                   cstackBANK0  000061
___xxtofl@sign                                  cstackBANK0  000060
___xxtofl@val                                   cstackCOMRAM 000021
__accesstop                                     (abs)        000060
__activetblptr                                  (abs)        000003
__end_of_EUSART1_Initialize                     text67       00363C
__end_of_EUSART1_SetErrorHandler                text70       003B1E
__end_of_EUSART1_SetFramingErrorHandler         text69       003B14
__end_of_EUSART1_SetOverrunErrorHandler         text68       003B0A
__end_of_EUSART1_Write                          text27       0039D8
__end_of_EUSART1_is_tx_ready                    text71       00384C
__end_of_I2C1_CallbackReturnReset               text102      003BC6
__end_of_I2C1_CallbackReturnStop                text103      003BCA
__end_of_I2C1_Close                             text53       0036F2
__end_of_I2C1_DO_ADDRESS_NACK                   text79       00340A
__end_of_I2C1_DO_IDLE                           text93       003AD8
__end_of_I2C1_DO_RCEN                           text88       003ACC
__end_of_I2C1_DO_RESET                          text80       003AC0
__end_of_I2C1_DO_RX                             text89       002DE6
__end_of_I2C1_DO_RX_ACK                         text83       003B46
__end_of_I2C1_DO_RX_NACK_RESTART                text81       003B36
__end_of_I2C1_DO_RX_NACK_STOP                   text82       003B3E
__end_of_I2C1_DO_SEND_ADR_READ                  text92       003AA8
__end_of_I2C1_DO_SEND_ADR_WRITE                 text91       003A98
__end_of_I2C1_DO_SEND_RESTART                   text85       003B56
__end_of_I2C1_DO_SEND_RESTART_READ              text87       003B66
__end_of_I2C1_DO_SEND_RESTART_WRITE             text86       003B5E
__end_of_I2C1_DO_SEND_STOP                      text84       003B4E
__end_of_I2C1_DO_TX                             text90       002C92
__end_of_I2C1_DO_TX_EMPTY                       text94       003016
__end_of_I2C1_Initialize                        text66       003A62
__end_of_I2C1_MasterClearIrq                    text56       003B8C
__end_of_I2C1_MasterClose                       text55       003BB6
__end_of_I2C1_MasterDisableIrq                  text54       003B86
__end_of_I2C1_MasterEnableIrq                   text49       003B80
__end_of_I2C1_MasterEnableRestart               text113      003BD2
__end_of_I2C1_MasterFsm                         text77       003262
__end_of_I2C1_MasterGetRxData                   text99       003BBE
__end_of_I2C1_MasterIsNack                      text96       003A76
__end_of_I2C1_MasterIsr                         text76       003B92
__end_of_I2C1_MasterOpen                        text48       00394C
__end_of_I2C1_MasterOperation                   text51       0035BE
__end_of_I2C1_MasterSendAck                     text98       003BA4
__end_of_I2C1_MasterSendNack                    text100      003BAA
__end_of_I2C1_MasterSendTxData                  text97       003B6E
__end_of_I2C1_MasterSetIrq                      text95       003B9E
__end_of_I2C1_MasterStart                       text52       003BB2
__end_of_I2C1_MasterStartRx                     text101      003BC2
__end_of_I2C1_MasterStop                        text112      003BCE
__end_of_I2C1_MasterWrite                       text50       003B2E
__end_of_I2C1_Open                              text46       002E84
__end_of_I2C1_Read1ByteRegister                 text41       0031F2
__end_of_I2C1_SetAddressNackCallback            text44       003A08
__end_of_I2C1_SetBuffer                         text43       0038E4
__end_of_I2C1_SetCallback                       text45       003090
__end_of_I2C1_SetDataCompleteCallback           text42       0039F0
__end_of_I2C1_SetInterruptHandler               text47       003AEC
__end_of_I2C1_Write1ByteRegister                text39       0032D0
__end_of_INTERRUPT_Initialize                   text65       003BBA
__end_of_INTERRUPT_InterruptManager             intcode      0000EA
__end_of_IOCAF0_SetInterruptHandler             text63       003B00
__end_of_OSCILLATOR_Initialize                  text64       003A20
__end_of_PIN_MANAGER_Initialize                 text62       002F9A
__end_of_PMD_Initialize                         text61       0039C0
__end_of_SYSTEM_Initialize                      text58       003988
__end_of_TMR2_Counter8BitGet                    text4        003B26
__end_of_TMR2_DefaultInterruptHandler           text74       003BD4
__end_of_TMR2_ISR                               text73       00366C
__end_of_TMR2_Initialize                        text59       00371E
__end_of_TMR2_ReadTimer                         text3        003B74
__end_of_TMR2_SetInterruptHandler               text60       003AF6
__end_of_TMR2_Start                             text15       003BAE
__end_of_TMR2_StartTimer                        text14       003B7A
__end_of___aodiv                                text30       00253A
__end_of___aomod                                text29       00269E
__end_of___fldiv                                text8        001B7A
__end_of___flge                                 text57       002A0C
__end_of___flmul                                text7        0013C6
__end_of___lodiv                                text21       002AFE
__end_of___lomod                                text20       002BCE
__end_of___lwdiv                                text6        00317E
__end_of___wmul                                 text34       00389A
__end_of___xxtofl                               text5        0023B0
__end_of__initialization                        cinit        003920
__end_of_abs                                    text28       00357E
__end_of_atoi                                   text31       0027F2
__end_of_dtoa                                   text22       001DFA
__end_of_fputc                                  text25       002F1A
__end_of_fputs                                  text24       00353C
__end_of_hallInit                               text12       003A4E
__end_of_hallRead                               text13       003822
__end_of_hallRecord                             text2        0037F8
__end_of_i2c1_fsmStateTable                     smallconst   000F21
__end_of_isdigit                                text33       0036C6
__end_of_isspace                                text32       0034F8
__end_of_main                                   text0        002032
__end_of_motorController                        text38       0039A4
__end_of_motorDeploy                            text37       0033A4
__end_of_motorFaultRead                         text40       0034B2
__end_of_motorStop                              text11       00396A
__end_of_motorStow                              text36       00333A
__end_of_motorTrigger                           text35       0038C0
__end_of_pad                                    text23       002D40
__end_of_printf                                 text16       003874
__end_of_putch                                  text26       003AE2
__end_of_rd1RegCompleteHandler                  text107      0037A2
__end_of_rd2RegCompleteHandler                  text106      003776
__end_of_rdBlkRegCompleteHandler                text104      0035FE
__end_of_system_init                            text10       003A88
__end_of_tempRead                               text9        003AB4
__end_of_timer_callback                         text75       00369A
__end_of_utoa                                   text19       0021F8
[...]
__ptext89                                       text89       002D40
__ptext9                                        text9        003AA8
__ptext90                                       text90       002BCE
__ptext91                                       text91       003A88
__ptext92                                       text92       003A98
__ptext93                                       text93       003ACC
__ptext94                                       text94       002F9A
__ptext95                                       text95       003B98
__ptext96                                       text96       003A62
__ptext97                                       text97       003B66
__ptext98                                       text98       003B9E
__ptext99                                       text99       003BBA
__ramtop                                        ramtop       000F00
__smallconst                                    smallconst   000F00
_abs                                            text28       00353C
_atoi                                           text31       00269E
_dbuf                                           bssBANK0     0000D8
_deployStatus                                   bssCOMRAM    00003E
_dtoa                                           text22       001B7A
_dtoa$2695                                      cstackBANK0  00007C
_eusart1RxLastError                             bssCOMRAM    00003F
_flags                                          bssCOMRAM    00003D
_fputc                                          text25       002E84
_fputs                                          text24       0034F8
_hallInit                                       text12       003A38
_hallRead                                       text13       0037F8
_hallRecord                                     text2        0037CE
_hall_pos                                       bssCOMRAM    000031
_hall_time                                      bssCOMRAM    00002D
_i2c1_fsmStateTable                             smallconst   000F01
_isdigit                                        text33       00369A
_isspace                                        text32       0034B2
_isspace$2752                                   cstackCOMRAM 00001E
_main                                           text0        001DFA
_motorController                                text38       003988
_motorDeploy                                    text37       00333A
_motorFaultRead                                 text40       00345E
_motorStop                                      text11       00394C
_motorStow                                      text36       0032D0
_motorTrigger                                   text35       00389A
_pad                                            text23       002C92
_prec                                           bssCOMRAM    000037
_printf                                         text16       00384C
_putch                                          text26       003AD8
_rd1RegCompleteHandler                          text107      003776
_rd2RegCompleteHandler                          text106      00374A
_rdBlkRegCompleteHandler                        text104      0035BE
_system_init                                    text10       003A76
_tempRead                                       text9        003AA8
_timer_callback                                 text75       00366C
_timer_ms                                       bssBANK0     0000D6
_timer_us                                       bssCOMRAM    000039
_utoa                                           text19       002032
_vfpfcnvrt                                      text18       0013C6
_vfprintf                                       text17       00340A
_width                                          bssCOMRAM    000035
_windSpeedCalc                                  text1        0027F2
_windSpeedCalc$3106                             cstackBANK0  00008E
_windSpeedCalc$3107                             cstackBANK0  000092
_wr1RegCompleteHandler                          text105      00371E
_wr2RegCompleteHandler                          text108      0037A2
abs@a                                           cstackBANK0  000060
atoi@n                                          cstackCOMRAM 000027
atoi@neg                                        cstackCOMRAM 000025
atoi@s                                          cstackCOMRAM 000020
btemp                                           temp         000046
dtoa@d                                          cstackBANK0  00006C
dtoa@fp                                         cstackBANK0  00006A
dtoa@i                                          cstackBANK0  00008B
dtoa@n                                          cstackBANK0  000082
dtoa@p                                          cstackBANK0  00007E
dtoa@s                                          cstackBANK0  00008A
dtoa@w                                          cstackBANK0  000080
end_of_initialization                           cinit        003920
fputc@c                                         cstackCOMRAM 00001C
fputc@fp                                        cstackCOMRAM 00001E
fputs@c                                         cstackCOMRAM 000029
fputs@fp                                        cstackCOMRAM 000027
fputs@i                                         cstackCOMRAM 00002A
fputs@s                                         cstackCOMRAM 000025
i2I2C1_SetBuffer@buffer                         cstackCOMRAM 000001
i2I2C1_SetBuffer@bufferSize                     cstackCOMRAM 000003
i2I2C1_SetCallback@cb                           cstackCOMRAM 000001
i2I2C1_SetCallback@idx                          cstackCOMRAM 000005
i2I2C1_SetCallback@ptr                          cstackCOMRAM 000003
i2I2C1_SetDataCompleteCallback@cb               cstackCOMRAM 000006
i2I2C1_SetDataCompleteCallback@ptr              cstackCOMRAM 000008
i2_I2C1_MasterClearIrq                          text78       003B92
i2_I2C1_SetBuffer                               text111      0038E4
i2_I2C1_SetCallback                             text110      003090
i2_I2C1_SetDataCompleteCallback                 text109      003A20
int$flags                                       temp         000046
intlevel0                                       text         000000
intlevel1                                       text         000000
intlevel2                                       text         000000
intlevel3                                       text         000000
isa$std                                         (abs)        000001
isa$xinst                                       (abs)        000000
isdigit@c                                       cstackCOMRAM 00001A
isspace@c                                       cstackCOMRAM 00001A
main@hall_raw                                   cstackBANK1  000100
main@motor1_fault                               cstackBANK1  000105
main@motor2_fault                               cstackBANK1  000106
main@readCount                                  cstackBANK1  000102
main@temp_data                                  cstackBANK1  000104
main@threshCount                                cstackBANK1  00010B
main@wind_speed                                 cstackBANK1  000107
motorController@address                         cstackCOMRAM 000028
motorController@data                            cstackCOMRAM 000029
motorController@dir                             cstackCOMRAM 000027
motorController@speed                           cstackCOMRAM 000026
motorFaultRead@motor_num                        cstackCOMRAM 000026
pad@buf                                         cstackBANK0  000062
pad@fp                                          cstackBANK0  000060
pad@i                                           cstackBANK0  000066
pad@p                                           cstackBANK0  000064
pad@w                                           cstackBANK0  000068
printf@ap                                       cstackBANK0  0000AF
printf@fmt                                      cstackBANK0  0000A9
putch@txData                                    cstackCOMRAM 00001B
rd1RegCompleteHandler@ptr                       cstackCOMRAM 00000A
rd2RegCompleteHandler@ptr                       cstackCOMRAM 00000A
rdBlkRegCompleteHandler@ptr                     cstackCOMRAM 00000A
stackhi                                         (abs)        000000
stacklo                                         (abs)        000000
start                                           init         0000EA
start_initialization                            cinit        003908
ttemp5                                          temp         000047
ttemp6                                          temp         00004A
ttemp7                                          temp         00004E
utoa@d                                          cstackBANK0  00006C
utoa@fp                                         cstackBANK0  00006A
utoa@i                                          cstackBANK0  000088
utoa@n                                          cstackBANK0  000080
utoa@p                                          cstackBANK0  00007E
utoa@w                                          cstackBANK0  00007C
vfpfcnvrt@ap                                    cstackBANK0  000091
vfpfcnvrt@convarg                               cstackBANK0  000097
vfpfcnvrt@cp                                    cstackBANK0  00009F
vfpfcnvrt@fmt                                   cstackBANK0  00008F
vfpfcnvrt@fp                                    cstackBANK0  00008D
vfprintf@ap                                     cstackBANK0  0000A5
vfprintf@cfmt                                   cstackBANK0  0000A7
vfprintf@fmt                                    cstackBANK0  0000A3
vfprintf@fp                                     cstackBANK0  0000A1
windSpeedCalc@dw_dt                             cstackBANK0  000086
windSpeedCalc@linearVel                         cstackBANK0  00008A
wr1RegCompleteHandler@ptr                       cstackCOMRAM 00000A
wr2RegCompleteHandler@ptr                       cstackCOMRAM 00000A
wtemp8                                          temp         000047


MODULE INFORMATION

Module		Function		Class		Link	Load	Size
C:\Program Files\Microchip\xc8\v2.40\pic\sources\c99\common\sprcmul.c
		___flmul       		CODE           	0F9A	0000	1068

C:\Program Files\Microchip\xc8\v2.40\pic\sources\c99\common\sprcmul.c estimated size: 1068

C:\Program Files\Microchip\xc8\v2.40\pic\sources\c99\common\nf_fputc.c
		_fputc         		CODE           	2E84	0000	150

C:\Program Files\Microchip\xc8\v2.40\pic\sources\c99\common\nf_fputc.c estimated size: 150

C:\Program Files\Microchip\xc8\v2.40\pic\sources\c99\common\sprcdiv.c
		___fldiv       		CODE           	17DE	0000	924

C:\Program Files\Microchip\xc8\v2.40\pic\sources\c99\common\sprcdiv.c estimated size: 924

mcc_generated_files/examples/i2c1_master_example.c
		_wr1RegCompleteHandler		CODE           	371E	0000	44
		_wr2RegCompleteHandler		CODE           	37A2	0000	44
		_I2C1_Write1ByteRegister		CODE           	3262	0000	110
		_rdBlkRegCompleteHandler		CODE           	35BE	0000	64
		_rd1RegCompleteHandler		CODE           	3776	0000	44
		_rd2RegCompleteHandler		CODE           	374A	0000	44
		_I2C1_Read1ByteRegister		CODE           	317E	0000	116

mcc_generated_files/examples/i2c1_master_example.c estimated size: 466

C:\Program Files\Microchip\xc8\v2.40\pic\sources\c99\common\lwdiv.c
		___lwdiv       		CODE           	310A	0000	116

C:\Program Files\Microchip\xc8\v2.40\pic\sources\c99\common\lwdiv.c estimated size: 116

C:\Program Files\Microchip\xc8\v2.40\pic\sources\c99\common\isspace.c
		_isspace       		CODE           	34B2	0000	70

C:\Program Files\Microchip\xc8\v2.40\pic\sources\c99\common\isspace.c estimated size: 70

C:\Program Files\Microchip\xc8\v2.40\pic\sources\c99\common\atoi.c
		_atoi          		CODE           	269E	0000	340

C:\Program Files\Microchip\xc8\v2.40\pic\sources\c99\common\atoi.c estimated size: 340

mcc_generated_files/i2c1_master.c
		_I2C1_DO_SEND_RESTART		CODE           	3B4E	0000	8
		_I2C1_DO_TX_EMPTY		CODE           	2F9A	0000	124
		_I2C1_DO_SEND_RESTART_READ		CODE           	3B5E	0000	8
		_I2C1_CallbackReturnStop		CODE           	3BC6	0000	4
		_I2C1_DO_RX    		CODE           	2D40	0000	166
		_I2C1_DO_TX    		CODE           	2BCE	0000	196
		_I2C1_SetAddressNackCallback		CODE           	39F0	0000	24
		_I2C1_DO_IDLE  		CODE           	3ACC	0000	12
		_I2C1_MasterOpen		CODE           	392A	0000	34
		_I2C1_DO_RCEN  		CODE           	3AC0	0000	12
		_I2C1_MasterSendTxData		CODE           	3B66	0000	8
		_I2C1_MasterStop		CODE           	3BCA	0000	4
		_I2C1_CallbackReturnReset		CODE           	3BC2	0000	4
		_I2C1_DO_RESET 		CODE           	3AB4	0000	12
		_I2C1_MasterStartRx		CODE           	3BBE	0000	4
		_I2C1_DO_RX_ACK		CODE           	3B3E	0000	8
		_I2C1_MasterSendNack		CODE           	3BA4	0000	6
		_I2C1_DO_RX_NACK_RESTART		CODE           	3B2E	0000	8
		_I2C1_MasterDisableIrq		CODE           	3B80	0000	6
		_I2C1_MasterOperation		CODE           	357E	0000	64
		_I2C1_SetCallback		CODE           	3016	0000	122
		_I2C1_MasterEnableRestart		CODE           	3BCE	0000	4
		_I2C1_Open     		CODE           	2DE6	0000	158
		_I2C1_DO_ADDRESS_NACK		CODE           	33A4	0000	102
		_I2C1_SetBuffer		CODE           	38C0	0000	36
		_I2C1_DO_SEND_RESTART_WRITE		CODE           	3B56	0000	8
		_I2C1_MasterClose		CODE           	3BB2	0000	4
		_I2C1_MasterWrite		CODE           	3B26	0000	8
		_I2C1_Initialize		CODE           	3A4E	0000	20
		_I2C1_Close    		CODE           	36C6	0000	44
		_I2C1_MasterIsNack		CODE           	3A62	0000	20
		_I2C1_MasterStart		CODE           	3BAE	0000	4
		_I2C1_DO_SEND_ADR_WRITE		CODE           	3A88	0000	16
		_I2C1_MasterClearIrq		CODE           	3B86	0000	6
		_I2C1_SetDataCompleteCallback		CODE           	39D8	0000	24
		_I2C1_DO_SEND_STOP		CODE           	3B46	0000	8
		_I2C1_MasterSendAck		CODE           	3B9E	0000	6
		_I2C1_MasterFsm		CODE           	31F2	0000	112
		_I2C1_MasterIsr		CODE           	3B8C	0000	6
		_I2C1_MasterGetRxData		CODE           	3BBA	0000	4
		_I2C1_SetInterruptHandler		CODE           	3AE2	0000	10
		_I2C1_MasterSetIrq		CODE           	3B98	0000	6
		_I2C1_DO_SEND_ADR_READ		CODE           	3A98	0000	16
		_I2C1_MasterEnableIrq		CODE           	3B7A	0000	6
		_I2C1_DO_RX_NACK_STOP		CODE           	3B36	0000	8

mcc_generated_files/i2c1_master.c estimated size: 1470

C:\Program Files\Microchip\xc8\v2.40\pic\sources\c99\common\Umul16.c
		___wmul        		CODE           	3874	0000	38

C:\Program Files\Microchip\xc8\v2.40\pic\sources\c99\common\Umul16.c estimated size: 38

mcc_generated_files/tmr2.c
		_TMR2_ISR      		CODE           	363C	0000	48
		_TMR2_Initialize		CODE           	36F2	0000	44
		_TMR2_Start    		CODE           	3BAA	0000	4
		_TMR2_Counter8BitGet		CODE           	3B1E	0000	8
		_TMR2_SetInterruptHandler		CODE           	3AEC	0000	10
		_TMR2_DefaultInterruptHandler		CODE           	3BD2	0000	2
		_TMR2_StartTimer		CODE           	3B74	0000	6
		_TMR2_ReadTimer		CODE           	3B6E	0000	6

mcc_generated_files/tmr2.c estimated size: 128

mcc_generated_files/interrupt_manager.c
		_INTERRUPT_Initialize		CODE           	3BB6	0000	4
		_INTERRUPT_InterruptManager		CODE           	0008	0000	226

mcc_generated_files/interrupt_manager.c estimated size: 230

C:\Program Files\Microchip\xc8\v2.40\pic\sources\c99\common\abs.c
		_abs           		CODE           	353C	0000	66

C:\Program Files\Microchip\xc8\v2.40\pic\sources\c99\common\abs.c estimated size: 66

C:\Program Files\Microchip\xc8\v2.40\pic\sources\c99\common\printf.c
		_printf        		CODE           	384C	0000	40

C:\Program Files\Microchip\xc8\v2.40\pic\sources\c99\common\printf.c estimated size: 40

mcc_generated_files/pin_manager.c
		_PIN_MANAGER_Initialize		CODE           	2F1A	0000	128
		_IOCAF0_SetInterruptHandler		CODE           	3AF6	0000	10

mcc_generated_files/pin_manager.c estimated size: 138

C:\Program Files\Microchip\xc8\v2.40\pic\sources\c99\common\isdigit.c
		_isdigit       		CODE           	369A	0000	44

C:\Program Files\Microchip\xc8\v2.40\pic\sources\c99\common\isdigit.c estimated size: 44

C:\Program Files\Microchip\xc8\v2.40\pic\sources\c99\common\xxtofl.c
		___xxtofl      		CODE           	21F8	0000	440

C:\Program Files\Microchip\xc8\v2.40\pic\sources\c99\common\xxtofl.c estimated size: 440

C:\Program Files\Microchip\xc8\v2.40\pic\sources\c99\common\nf_fputs.c
		_fputs         		CODE           	34F8	0000	68

C:\Program Files\Microchip\xc8\v2.40\pic\sources\c99\common\nf_fputs.c estimated size: 68

C:\Program Files\Microchip\xc8\v2.40\pic\sources\c99\common\lomod.c
		___lomod       		CODE           	2AFE	0000	208

C:\Program Files\Microchip\xc8\v2.40\pic\sources\c99\common\lomod.c estimated size: 208

C:\Program Files\Microchip\xc8\v2.40\pic\sources\c99\common\aomod.c
		___aomod       		CODE           	253A	0000	356

C:\Program Files\Microchip\xc8\v2.40\pic\sources\c99\common\aomod.c estimated size: 356

shared
		i2_I2C1_SetBuffer		CODE           	38E4	0000	36
		i2_I2C1_SetCallback		CODE           	3090	0000	122
		__initialization		CODE           	3908	0000	24
		_i2c1_fsmStateTable		SMALLCONST     	0F01	0000	32
		i2_I2C1_MasterClearIrq		CODE           	3B92	0000	6
		i2_I2C1_SetDataCompleteCallback		CODE           	3A20	0000	24

shared estimated size: 244

mcc_generated_files/eusart1.c
		_EUSART1_is_tx_ready		CODE           	3822	0000	42
		_EUSART1_Initialize		CODE           	35FE	0000	62
		_putch         		CODE           	3AD8	0000	10
		_EUSART1_SetFramingErrorHandler		CODE           	3B0A	0000	10
		_EUSART1_SetOverrunErrorHandler		CODE           	3B00	0000	10
		_EUSART1_SetErrorHandler		CODE           	3B14	0000	10
		_EUSART1_Write 		CODE           	39C0	0000	24

mcc_generated_files/eusart1.c estimated size: 168

mcc_generated_files/mcc.c
		_PMD_Initialize		CODE           	39A4	0000	28
		_OSCILLATOR_Initialize		CODE           	3A08	0000	24
		_SYSTEM_Initialize		CODE           	396A	0000	30

mcc_generated_files/mcc.c estimated size: 82

C:\Program Files\Microchip\xc8\v2.40\pic\sources\c99\common\flge.c
		___flge        		CODE           	2908	0000	260

C:\Program Files\Microchip\xc8\v2.40\pic\sources\c99\common\flge.c estimated size: 260

hall_effect.c
		_hallRecord    		CODE           	37CE	0000	42
		_windSpeedCalc 		CODE           	27F2	0000	278
		_hallRead      		CODE           	37F8	0000	42
		_hallInit      		CODE           	3A38	0000	22

hall_effect.c estimated size: 384

C:\Program Files\Microchip\xc8\v2.40\pic\sources\c99\common\doprnt.c
		_vfpfcnvrt     		CODE           	13C6	0000	1048
		_pad           		CODE           	2C92	0000	174
		_dtoa          		CODE           	1B7A	0000	640
		_vfprintf      		CODE           	340A	0000	84
		_utoa          		CODE           	2032	0000	454

C:\Program Files\Microchip\xc8\v2.40\pic\sources\c99\common\doprnt.c estimated size: 2400

motor_control.c
		_motorStop     		CODE           	394C	0000	30
		_motorStow     		CODE           	32D0	0000	106
		_motorTrigger  		CODE           	389A	0000	38
		_motorDeploy   		CODE           	333A	0000	106
		_motorController		CODE           	3988	0000	28
		_motorFaultRead		CODE           	345E	0000	84

motor_control.c estimated size: 392

main.c
		_system_init   		CODE           	3A76	0000	18
		_main          		CODE           	1DFA	0000	568
		_timer_callback		CODE           	366C	0000	46

main.c estimated size: 632

temp_sensor.c
		_tempRead      		CODE           	3AA8	0000	12

temp_sensor.c estimated size: 12

C:\Program Files\Microchip\xc8\v2.40\pic\sources\c99\common\lodiv.c
		___lodiv       		CODE           	2A0C	0000	242

C:\Program Files\Microchip\xc8\v2.40\pic\sources\c99\common\lodiv.c estimated size: 242

C:\Program Files\Microchip\xc8\v2.40\pic\sources\c99\common\aodiv.c
		___aodiv       		CODE           	23B0	0000	394

C:\Program Files\Microchip\xc8\v2.40\pic\sources\c99\common\aodiv.c estimated size: 394

