Microchip MPLAB XC8 Compiler V2.40

Linker command line:

-W-3 \
  --edf=C:/Users/DJMik/.mchp_packs/Microchip/PIC18F-K_DFP/1.8.249/xc8\pic\dat\20230209213641_en.msgs \
  -cn -h+dist/default/production\Team205_FinalBoard.X.production.sym \
  --cmf=dist/default/production\Team205_FinalBoard.X.production.cmf -z \
  -Q18LF26K40 -oC:\Users\DJMik\AppData\Local\Temp\xcAs54o.4 \
  --defsym=__MPLAB_BUILD=1 --fixupoverflow=error \
  -Mdist/default/production/Team205_FinalBoard.X.production.map \
  --md=C:\Users\DJMik\AppData\Local\Temp\xcAs54o.dat -E1 -ver=XC8 Compiler \
  --acfsm=1493 -ACODE=00h-0FFFFh -ACONST=00h-0FFFFh \
  -ASMALLCONST=0F00h-0FFFhx241 -AMEDIUMCONST=0F00h-0FFFFh -ACOMRAM=01h-05Fh \
  -AABS1=00h-0E87h -ABIGRAM=01h-0E87h \
  -ARAM=060h-0FFh,0100h-01FFhx13,0E00h-0E87h -ABANK0=060h-0FFh \
  -ABANK1=0100h-01FFh -ABANK2=0200h-02FFh -ABANK3=0300h-03FFh \
  -ABANK4=0400h-04FFh -ABANK5=0500h-05FFh -ABANK6=0600h-06FFh \
  -ABANK7=0700h-07FFh -ABANK8=0800h-08FFh -ABANK9=0900h-09FFh \
  -ABANK10=0A00h-0AFFh -ABANK11=0B00h-0BFFh -ABANK12=0C00h-0CFFh \
  -ABANK13=0D00h-0DFFh -ABANK14=0E00h-0E87h \
  -ASFR=0E8Dh-0EFFh,0F00h-0F5Fh,0F60h-0FFFh -ABIGSFR=0E8Dh-0FFFh \
  -ACONFIG=0300000h-030000Bh -AIDLOC=0200000h-020000Fh \
  -AEEDATA=0310000h-03103FFh -peeprom_data=EEDATA \
  -preset_vec=00h,intcode=08h,intcodelo,powerup,init -pramtop=0F00h \
  -psmallconst=SMALLCONST -pmediumconst=MEDIUMCONST -pconst=CONST \
  -AFARRAM=00h-00h \
  -prdata=COMRAM,nvrram=COMRAM,nvbit=COMRAM,rbss=COMRAM,rbit=COMRAM \
  -pfarbss=FARRAM,fardata=FARRAM,nvFARRAM=FARRAM \
  -pintsave_regs=BIGRAM,bigbss=BIGRAM,bigdata=BIGRAM -pbss=RAM \
  -pidata=CODE,irdata=CODE,ibigdata=CODE,ifardata=CODE -prparam=COMRAM \
  C:\Users\DJMik\AppData\Local\Temp\xcAs54o.o \
  dist/default/production\Team205_FinalBoard.X.production.o 

Object code version is 3.11

Machine type is 18LF26K40



                Name                               Link     Load   Length Selector   Space Scale
C:\Users\DJMik\AppData\Local\Temp\xcAs54o.o
                idloc                            200000   200000       10        0       5
                config                           300000   300000        C        0       4
                init                                1A8      1A8        4        4       0
                reset_vec                             0        0        4        0       0
dist/default/production\Team205_FinalBoard.X.production.o
                intcode                               8        8      1A0        4       0
                idloc                            200000   200000       10        0       5
                config                           300000   300000        C        0       4
                temp                                 5E       5E        1        1       1
                mediumconst                        FE8C     FE8C      174     7F46       0
                text183                            85CC     85CC       44        4       0
                text182                            9106     9106        4        4       0
                text181                            9102     9102        4        4       0
                text180                            8C9C     8C9C       24        4       0
                text179                            7DFE     7DFE       7A        4       0
                text178                            8E8E     8E8E       18        4       0
                text177                            8BA8     8BA8       2C        4       0
                text176                            8B7C     8B7C       2C        4       0
                text175                            8B50     8B50       2C        4       0
                text174                            8B24     8B24       2C        4       0
                text173                            87DC     87DC       40        4       0
                text172                            90FE     90FE        4        4       0
                text171                            90FA     90FA        4        4       0
                text170                            90F6     90F6        4        4       0
                text169                            90D4     90D4        6        4       0
                text168                            90F2     90F2        4        4       0
                text167                            90CE     90CE        6        4       0
                text166                            908A     908A        8        4       0
                text165                            8EFC     8EFC       14        4       0
                text164                            90C8     90C8        6        4       0
                text163                            7D82     7D82       7C        4       0
                text162                            8FC8     8FC8        C        4       0
                text161                            8F86     8F86       10        4       0
                text160                            8F76     8F76       10        4       0
                text159                            75DA     75DA       C4        4       0
                text158                            77FA     77FA       A6        4       0
                text157                            8FBC     8FBC        C        4       0
                text156                            9082     9082        8        4       0
                text155                            907A     907A        8        4       0
                text154                            9072     9072        8        4       0
                text153                            906A     906A        8        4       0
                text152                            9062     9062        8        4       0
                text151                            905A     905A        8        4       0
                text150                            9052     9052        8        4       0
                text149                            8FB0     8FB0        C        4       0
                text148                            811E     811E       66        4       0
                text147                            90C2     90C2        6        4       0
                text146                            7FD8     7FD8       70        4       0
                text145                            90BC     90BC        6        4       0
                text144                            90EE     90EE        4        4       0
                text143                            90B6     90B6        6        4       0
                text142                            8AF8     8AF8       2C        4       0
                text141                            90EA     90EA        4        4       0
                text140                            879C     879C       40        4       0
                text139                            904A     904A        8        4       0
                text138                            90B0     90B0        6        4       0
                text137                            8D48     8D48       22        4       0
                text136                            9038     9038        A        4       0
                text135                            7942     7942       9E        4       0
                text134                            8E76     8E76       18        4       0
                text133                            8048     8048       6E        4       0
                text132                            8DE2     8DE2       1C        4       0
                text131                            8F66     8F66       10        4       0
                text130                            8F56     8F56       10        4       0
                text129                            8F46     8F46       10        4       0
                text128                            8DA8     8DA8       1E        4       0
                text127                            875A     875A       42        4       0
                text126                            8718     8718       42        4       0
                text125                            8ACC     8ACC       2C        4       0
                text124                            8D8A     8D8A       1E        4       0
                text123                            9110     9110        2        4       0
                text122                            895A     895A       32        4       0
                text121                            8ED2     8ED2       16        4       0
                text120                            82E8     82E8       54        4       0
                text119                            8AA0     8AA0       2C        4       0
                text118                            90AA     90AA        6        4       0
                text117                            910E     910E        2        4       0
                text116                            90A4     90A4        6        4       0
                text115                            8EBC     8EBC       16        4       0
                text114                            84B6     84B6       48        4       0
                text113                            7516     7516       C4        4       0
                text112                            8BFE     8BFE       2A        4       0
                text111                            910C     910C        2        4       0
                text110                            8928     8928       32        4       0
                text109                            7F64     7F64       74        4       0
                text108                            8FA4     8FA4        C        4       0
                text107                            7EF0     7EF0       74        4       0
                text106                            7048     7048      106        4       0
                text105                            8BD4     8BD4       2A        4       0
                text104                            86D6     86D6       42        4       0
                text103                            88C2     88C2       34        4       0
                text102                            4E3E     4E3E      42A        4       0
                text101                            5EFE     5EFE      234        4       0
                text100                            8D26     8D26       22        4       0
                text99                             4552     4552      4C0        4       0
                text98                             714E     714E      104        4       0
                text97                             4092     4092      4C0        4       0
                text96                             5604     5604      39A        4       0
                text95                             8856     8856       38        4       0
                text94                             84FE     84FE       46        4       0
                text93                             66C6     66C6      1B4        4       0
                text92                              1AC      1AC     2A44        4       0
                text91                             6A04     6A04      178        4       0
                text90                             7D04     7D04       7E        4       0
                text89                             838E     838E       50        4       0
                text88                             910A     910A        2        4       0
                text87                             88F6     88F6       32        4       0
                text85                             8E5E     8E5E       18        4       0
                text84                             902E     902E        A        4       0
                text83                             9024     9024        A        4       0
                text82                             901A     901A        A        4       0
                text81                             9010     9010        A        4       0
                text80                             81E4     81E4       5A        4       0
                text79                             909E     909E        6        4       0
                text78                             90E6     90E6        4        4       0
                text77                             9098     9098        6        4       0
                text76                             8A46     8A46       2E        4       0
                text75                             90E2     90E2        4        4       0
                text74                             8588     8588       44        4       0
                text73                             9042     9042        8        4       0
                text72                             9092     9092        6        4       0
                text71                             8D04     8D04       22        4       0
                text70                             9006     9006        A        4       0
                text69                             78A0     78A0       A2        4       0
                text68                             7C86     7C86       7E        4       0
                text67                             8E46     8E46       18        4       0
                text66                             8C78     8C78       24        4       0
                text65                             8E2E     8E2E       18        4       0
                text64                             7C04     7C04       82        4       0
                text63                             898C     898C       30        4       0
                text62                             8E16     8E16       18        4       0
                text61                             7E78     7E78       78        4       0
                text60                             8D6A     8D6A       20        4       0
                text59                             8F34     8F34       12        4       0
                text58                             8EA6     8EA6       16        4       0
                text57                             8FFC     8FFC        A        4       0
                text56                             90DE     90DE        4        4       0
                text55                             8FF2     8FF2        A        4       0
                text54                             8FE8     8FE8        A        4       0
                text53                             8FDE     8FDE        A        4       0
                text52                             8FD4     8FD4        A        4       0
                text51                             7A78     7A78       86        4       0
                text50                             8EE8     8EE8       14        4       0
                text49                             90DA     90DA        4        4       0
                text48                             8DFE     8DFE       18        4       0
                text47                             7AFE     7AFE       84        4       0
                text46                             8DC6     8DC6       1C        4       0
                text45                             8A18     8A18       2E        4       0
                text44                             89EA     89EA       2E        4       0
                text43                             8CE2     8CE2       22        4       0
                text42                             8F22     8F22       12        4       0
                text41                             8F10     8F10       12        4       0
                text40                             8CC0     8CC0       22        4       0
                text39                             8694     8694       42        4       0
                text38                             8652     8652       42        4       0
                text37                             8A74     8A74       2C        4       0
                text36                             823E     823E       56        4       0
                text35                             8C50     8C50       28        4       0
                text34                             89BC     89BC       2E        4       0
                text33                             846E     846E       48        4       0
                text32                             6CE2     6CE2      158        4       0
                text31                             687A     687A      18A        4       0
                text30                             6B7C     6B7C      166        4       0
                text29                             8610     8610       42        4       0
                text28                             8184     8184       60        4       0
                text27                             8F96     8F96        E        4       0
                text26                             79E0     79E0       98        4       0
                text25                             8426     8426       48        4       0
                text24                             769E     769E       B0        4       0
                text23                             5C7C     5C7C      282        4       0
                text22                             5268     5268      39C        4       0
                text21                             774E     774E       AC        4       0
                text20                             6F42     6F42      106        4       0
                text19                             4A12     4A12      42C        4       0
                text18                             881C     881C       3A        4       0
                text17                             3BD0     3BD0      4C2        4       0
                text16                             83DE     83DE       48        4       0
                text15                             6E3A     6E3A      108        4       0
                text14                             7252     7252      100        4       0
                text13                             6132     6132      216        4       0
                text12                             80B6     80B6       68        4       0
                text11                             833C     833C       52        4       0
                text10                             8544     8544       44        4       0
                text9                              2BF0     2BF0      A28        4       0
                text8                              7352     7352       F2        4       0
                text7                              7444     7444       D2        4       0
                text6                              6348     6348      1C6        4       0
                text5                              3618     3618      5B8        4       0
                text4                              8294     8294       54        4       0
                text3                              8C28     8C28       28        4       0
                text2                              650E     650E      1B8        4       0
                text1                              7B82     7B82       82        4       0
                text0                              599E     599E      2DE        4       0
                cstackCOMRAM                          1        1       5A        1       1
                cstackBANK0                          60       60       60       60       1
                cstackBANK1                         100      100       BC      100       1
                cstackBANK2                         200      200       A5      200       1
                bssBANK3                            300      300       50      300       1
                bssBANK2                            2A5      2A5       44      200       1
                bssBANK0                             C0       C0       28       60       1
                bssCOMRAM                            5B       5B        3        1       1
                cinit                              888E     888E       34        4       0
                nvBANK2                             2E9      2E9        B      200       1
                nvBANK0                              E8       E8        6       60       1

TOTAL           Name                               Link     Load   Length     Space
        CLASS   CODE           
                intcode                               8        8      1A0         0
                init                                1A8      1A8        4         0
                reset_vec                             0        0        4         0
                text183                            85CC     85CC       44         0
                text182                            9106     9106        4         0
                text181                            9102     9102        4         0
                text180                            8C9C     8C9C       24         0
                text179                            7DFE     7DFE       7A         0
                text178                            8E8E     8E8E       18         0
                text177                            8BA8     8BA8       2C         0
                text176                            8B7C     8B7C       2C         0
                text175                            8B50     8B50       2C         0
                text174                            8B24     8B24       2C         0
                text173                            87DC     87DC       40         0
                text172                            90FE     90FE        4         0
                text171                            90FA     90FA        4         0
                text170                            90F6     90F6        4         0
                text169                            90D4     90D4        6         0
                text168                            90F2     90F2        4         0
                text167                            90CE     90CE        6         0
                text166                            908A     908A        8         0
                text165                            8EFC     8EFC       14         0
                text164                            90C8     90C8        6         0
                text163                            7D82     7D82       7C         0
                text162                            8FC8     8FC8        C         0
                text161                            8F86     8F86       10         0
                text160                            8F76     8F76       10         0
                text159                            75DA     75DA       C4         0
                text158                            77FA     77FA       A6         0
                text157                            8FBC     8FBC        C         0
                text156                            9082     9082        8         0
                text155                            907A     907A        8         0
                text154                            9072     9072        8         0
                text153                            906A     906A        8         0
                text152                            9062     9062        8         0
                text151                            905A     905A        8         0
                text150                            9052     9052        8         0
                text149                            8FB0     8FB0        C         0
                text148                            811E     811E       66         0
                text147                            90C2     90C2        6         0
                text146                            7FD8     7FD8       70         0
                text145                            90BC     90BC        6         0
                text144                            90EE     90EE        4         0
                text143                            90B6     90B6        6         0
                text142                            8AF8     8AF8       2C         0
                text141                            90EA     90EA        4         0
                text140                            879C     879C       40         0
                text139                            904A     904A        8         0
                text138                            90B0     90B0        6         0
                text137                            8D48     8D48       22         0
                text136                            9038     9038        A         0
                text135                            7942     7942       9E         0
                text134                            8E76     8E76       18         0
                text133                            8048     8048       6E         0
                text132                            8DE2     8DE2       1C         0
                text131                            8F66     8F66       10         0
                text130                            8F56     8F56       10         0
                text129                            8F46     8F46       10         0
                text128                            8DA8     8DA8       1E         0
                text127                            875A     875A       42         0
                text126                            8718     8718       42         0
                text125                            8ACC     8ACC       2C         0
                text124                            8D8A     8D8A       1E         0
                text123                            9110     9110        2         0
                text122                            895A     895A       32         0
                text121                            8ED2     8ED2       16         0
                text120                            82E8     82E8       54         0
                text119                            8AA0     8AA0       2C         0
                text118                            90AA     90AA        6         0
                text117                            910E     910E        2         0
                text116                            90A4     90A4        6         0
                text115                            8EBC     8EBC       16         0
                text114                            84B6     84B6       48         0
                text113                            7516     7516       C4         0
                text112                            8BFE     8BFE       2A         0
                text111                            910C     910C        2         0
                text110                            8928     8928       32         0
                text109                            7F64     7F64       74         0
                text108                            8FA4     8FA4        C         0
                text107                            7EF0     7EF0       74         0
                text106                            7048     7048      106         0
                text105                            8BD4     8BD4       2A         0
                text104                            86D6     86D6       42         0
                text103                            88C2     88C2       34         0
                text102                            4E3E     4E3E      42A         0
                text101                            5EFE     5EFE      234         0
                text100                            8D26     8D26       22         0
                text99                             4552     4552      4C0         0
                text98                             714E     714E      104         0
                text97                             4092     4092      4C0         0
                text96                             5604     5604      39A         0
                text95                             8856     8856       38         0
                text94                             84FE     84FE       46         0
                text93                             66C6     66C6      1B4         0
                text92                              1AC      1AC     2A44         0
                text91                             6A04     6A04      178         0
                text90                             7D04     7D04       7E         0
                text89                             838E     838E       50         0
                text88                             910A     910A        2         0
                text87                             88F6     88F6       32         0
                text85                             8E5E     8E5E       18         0
                text84                             902E     902E        A         0
                text83                             9024     9024        A         0
                text82                             901A     901A        A         0
                text81                             9010     9010        A         0
                text80                             81E4     81E4       5A         0
                text79                             909E     909E        6         0
                text78                             90E6     90E6        4         0
                text77                             9098     9098        6         0
                text76                             8A46     8A46       2E         0
                text75                             90E2     90E2        4         0
                text74                             8588     8588       44         0
                text73                             9042     9042        8         0
                text72                             9092     9092        6         0
                text71                             8D04     8D04       22         0
                text70                             9006     9006        A         0
                text69                             78A0     78A0       A2         0
                text68                             7C86     7C86       7E         0
                text67                             8E46     8E46       18         0
                text66                             8C78     8C78       24         0
                text65                             8E2E     8E2E       18         0
                text64                             7C04     7C04       82         0
                text63                             898C     898C       30         0
                text62                             8E16     8E16       18         0
                text61                             7E78     7E78       78         0
                text60                             8D6A     8D6A       20         0
                text59                             8F34     8F34       12         0
                text58                             8EA6     8EA6       16         0
                text57                             8FFC     8FFC        A         0
                text56                             90DE     90DE        4         0
                text55                             8FF2     8FF2        A         0
                text54                             8FE8     8FE8        A         0
                text53                             8FDE     8FDE        A         0
                text52                             8FD4     8FD4        A         0
                text51                             7A78     7A78       86         0
                text50                             8EE8     8EE8       14         0
                text49                             90DA     90DA        4         0
                text48                             8DFE     8DFE       18         0
                text47                             7AFE     7AFE       84         0
                text46                             8DC6     8DC6       1C         0
                text45                             8A18     8A18       2E         0
                text44                             89EA     89EA       2E         0
                text43                             8CE2     8CE2       22         0
                text42                             8F22     8F22       12         0
                text41                             8F10     8F10       12         0
                text40                             8CC0     8CC0       22         0
                text39                             8694     8694       42         0
                text38                             8652     8652       42         0
                text37                             8A74     8A74       2C         0
                text36                             823E     823E       56         0
                text35                             8C50     8C50       28         0
                text34                             89BC     89BC       2E         0
                text33                             846E     846E       48         0
                text32                             6CE2     6CE2      158         0
                text31                             687A     687A      18A         0
                text30                             6B7C     6B7C      166         0
                text29                             8610     8610       42         0
                text28                             8184     8184       60         0
                text27                             8F96     8F96        E         0
                text26                             79E0     79E0       98         0
                text25                             8426     8426       48         0
                text24                             769E     769E       B0         0
                text23                             5C7C     5C7C      282         0
                text22                             5268     5268      39C         0
                text21                             774E     774E       AC         0
                text20                             6F42     6F42      106         0
                text19                             4A12     4A12      42C         0
                text18                             881C     881C       3A         0
                text17                             3BD0     3BD0      4C2         0
                text16                             83DE     83DE       48         0
                text15                             6E3A     6E3A      108         0
                text14                             7252     7252      100         0
                text13                             6132     6132      216         0
                text12                             80B6     80B6       68         0
                text11                             833C     833C       52         0
                text10                             8544     8544       44         0
                text9                              2BF0     2BF0      A28         0
                text8                              7352     7352       F2         0
                text7                              7444     7444       D2         0
                text6                              6348     6348      1C6         0
                text5                              3618     3618      5B8         0
                text4                              8294     8294       54         0
                text3                              8C28     8C28       28         0
                text2                              650E     650E      1B8         0
                text1                              7B82     7B82       82         0
                text0                              599E     599E      2DE         0
                cinit                              888E     888E       34         0

        CLASS   CONST          

        CLASS   SMALLCONST     

        CLASS   MEDIUMCONST    
                mediumconst                        FE8C     FE8C      174         0

        CLASS   COMRAM         
                temp                                 5E       5E        1         1
                cstackCOMRAM                          1        1       5A         1
                bssCOMRAM                            5B       5B        3         1

        CLASS   ABS1           

        CLASS   BIGRAM         

        CLASS   RAM            

        CLASS   BANK0          
                cstackBANK0                          60       60       60         1
                bssBANK0                             C0       C0       28         1
                nvBANK0                              E8       E8        6         1

        CLASS   BANK1          
                cstackBANK1                         100      100       BC         1

        CLASS   BANK2          
                cstackBANK2                         200      200       A5         1
                bssBANK2                            2A5      2A5       44         1
                nvBANK2                             2E9      2E9        B         1

        CLASS   BANK3          
                bssBANK3                            300      300       50         1

        CLASS   BANK4          

        CLASS   BANK5          

        CLASS   BANK6          

        CLASS   BANK7          

        CLASS   BANK8          

        CLASS   BANK9          

        CLASS   BANK10         

        CLASS   BANK11         

        CLASS   BANK12         

        CLASS   BANK13         

        CLASS   BANK14         

        CLASS   SFR            

        CLASS   BIGSFR         

        CLASS   CONFIG         
                config                           300000   300000        C         4

        CLASS   IDLOC          
                idloc                            200000   200000       10         5

        CLASS   EEDATA         

        CLASS   FARRAM         

        CLASS   HEAP           

        CLASS   STACK          



SEGMENTS        Name                           Load    Length   Top    Selector   Space  Class

                reset_vec                      000000  000004  000004         0       0  CODE    
                cstackCOMRAM                   000001  00005E  00005F         1       1  COMRAM  
                intcode                        000008  00910A  009112         4       0  CODE    
                cstackBANK0                    000060  00008E  0000EE        60       1  BANK0   
                cstackBANK1                    000100  0000BC  0001BC       100       1  BANK1   
                cstackBANK2                    000200  0000F4  0002F4       200       1  BANK2   
                bssBANK3                       000300  000050  000350       300       1  BANK3   
                mediumconst                    00FE8C  000174  010000      7F46       0  MEDIUMCO


UNUSED ADDRESS RANGES

        Name                Unused          Largest block    Delta
        BANK0            0000EE-0000FF               12
        BANK1            0001BC-0001FF               44
        BANK10           000A00-000AFF              100
        BANK11           000B00-000BFF              100
        BANK12           000C00-000CFF              100
        BANK13           000D00-000DFF              100
        BANK14           000E00-000E87               88
        BANK2            0002F4-0002FF                C
        BANK3            000350-0003FF               B0
        BANK4            000400-0004FF              100
        BANK5            000500-0005FF              100
        BANK6            000600-0006FF              100
        BANK7            000700-0007FF              100
        BANK8            000800-0008FF              100
        BANK9            000900-0009FF              100
        BIGRAM           00005F-00005F                1
                         0000EE-0000FF               12
                         0001BC-0001FF               44
                         0002F4-0002FF                C
                         000350-000E87              B38
        BIGSFR           000E8D-000FFF              173
        CODE             000004-000007                4
                         009112-00FE8B             6D7A
        COMRAM           00005F-00005F                1
        CONST            000004-000007                4
                         009112-00FE8B             6D7A
        EEDATA           310000-3103FF              400
        MEDIUMCONST      009112-00FE8B             6D7A
        RAM              0000EE-0000FF               12
                         0001BC-0001FF               44
                         0002F4-0002FF                C
                         000350-000E87              100
        SFR              000E8D-000FFF               73
        SMALLCONST       009112-00FE8B              100

                                  Symbol Table

?___aodiv                                       cstackBANK2  000200
?___aomod                                       cstackBANK2  000200
?___fladd                                       cstackBANK2  000227
?___fldiv                                       cstackBANK2  00020E
?___flmul                                       cstackBANK2  000200
?___flneg                                       cstackBANK2  000200
?___flsub                                       cstackBANK2  000237
?___fltol                                       cstackBANK2  000200
?___fpclassifyf                                 cstackBANK2  000200
?___lodiv                                       cstackBANK2  000200
?___lomod                                       cstackBANK2  000200
?___lwdiv                                       cstackCOMRAM 000001
?___wmul                                        cstackBANK2  000200
?___xxtofl                                      cstackBANK2  000200
?_abs                                           cstackBANK2  000212
?_atoi                                          cstackBANK2  000206
?_fabsf                                         cstackCOMRAM 000001
?_floorf                                        cstackBANK2  000227
?_hallRead                                      cstackBANK2  00020C
?_isdigit                                       cstackBANK2  000200
?_isspace                                       cstackBANK2  000200
?_labs                                          cstackBANK2  000200
?_nanf                                          cstackCOMRAM 000001
?_powf                                          cstackBANK0  000089
?_printf                                        cstackBANK2  000291
?_scalbnf                                       cstackCOMRAM 00001A
?_sqrtf                                         cstackCOMRAM 000057
?_t_update                                      cstackBANK2  000237
?_vfprintf                                      cstackBANK2  000289
?_windSpeedCalc                                 cstackBANK0  00009A
?i2___fladd                                     cstackCOMRAM 000033
?i2___fldiv                                     cstackCOMRAM 00001A
?i2___flmul                                     cstackCOMRAM 000001
?i2___flneg                                     cstackCOMRAM 000001
?i2___flsub                                     cstackCOMRAM 000043
?i2___fltol                                     cstackCOMRAM 000001
?i2___xxtofl                                    cstackCOMRAM 000008
?i2_hallRead                                    cstackCOMRAM 00000D
?i2_t_update                                    cstackCOMRAM 000043
EUSART1_Read@readValue                          cstackCOMRAM 000001
EUSART1_SetErrorHandler@interruptHandler        cstackBANK2  000200
EUSART1_SetFramingErrorHandler@interruptHandler cstackBANK2  000200
EUSART1_SetOverrunErrorHandler@interruptHandler cstackBANK2  000200
EUSART1_SetRxInterruptHandler@interruptHandler  cstackBANK2  000200
EUSART1_SetTxInterruptHandler@interruptHandler  cstackBANK2  000200
EUSART1_Write@txData                            cstackBANK2  000200
I2C1_CallbackReturnReset@funPtr                 cstackCOMRAM 00000A
I2C1_Close@returnValue                          cstackBANK2  000200
I2C1_MasterOperation@read                       cstackBANK2  000200
I2C1_MasterOperation@returnValue                cstackBANK2  000201
I2C1_MasterSendTxData@data                      cstackCOMRAM 000001
I2C1_Open@address                               cstackBANK2  000202
I2C1_Open@returnValue                           cstackBANK2  000203
I2C1_Read1ByteRegister@address                  cstackBANK2  00020A
I2C1_Read1ByteRegister@reg                      cstackBANK2  000209
I2C1_Read1ByteRegister@returnValue              cstackBANK2  00020B
I2C1_SetAddressNackCallback@cb                  cstackBANK2  000205
I2C1_SetAddressNackCallback@ptr                 cstackBANK2  000207
I2C1_SetBuffer@buffer                           cstackBANK2  000200
I2C1_SetBuffer@bufferSize                       cstackBANK2  000202
I2C1_SetCallback@cb                             cstackBANK2  000200
I2C1_SetCallback@idx                            cstackBANK2  000204
I2C1_SetCallback@ptr                            cstackBANK2  000202
I2C1_SetDataCompleteCallback@cb                 cstackBANK2  000205
I2C1_SetDataCompleteCallback@ptr                cstackBANK2  000207
I2C1_SetInterruptHandler@InterruptHandler       cstackBANK2  000200
I2C1_Write1ByteRegister@address                 cstackBANK2  00020B
I2C1_Write1ByteRegister@data                    cstackBANK2  00020A
I2C1_Write1ByteRegister@reg                     cstackBANK2  000209
IOCAF0_SetInterruptHandler@InterruptHandler     cstackBANK2  000200
TMR2_SetInterruptHandler@InterruptHandler       cstackBANK2  000200
TMR4_SetInterruptHandler@InterruptHandler       cstackBANK2  000200
_ANSELA                                         (abs)        000F11
_ANSELB                                         (abs)        000F19
_ANSELC                                         (abs)        000F21
_BAUD1CON                                       (abs)        000F9F
_EUSART1_DefaultErrorHandler                    text118      0090AA
_EUSART1_DefaultFramingErrorHandler             text117      00910E
_EUSART1_DefaultOverrunErrorHandler             text116      0090A4
_EUSART1_ErrorHandler                           nvBANK2      0002E9
_EUSART1_FramingErrorHandler                    nvBANK2      0002ED
_EUSART1_Initialize                             text51       007A78
_EUSART1_OverrunErrorHandler                    nvBANK2      0002EB
_EUSART1_Read                                   text120      0082E8
_EUSART1_Receive_ISR                            text113      007516
_EUSART1_RxDataHandler                          text119      008AA0
_EUSART1_RxDefaultInterruptHandler              nvBANK0      0000EA
_EUSART1_SetErrorHandler                        text55       008FF2
_EUSART1_SetFramingErrorHandler                 text54       008FE8
_EUSART1_SetOverrunErrorHandler                 text53       008FDE
_EUSART1_SetRxInterruptHandler                  text84       00902E
_EUSART1_SetTxInterruptHandler                  text52       008FD4
_EUSART1_Transmit_ISR                           text183      0085CC
_EUSART1_TxDefaultInterruptHandler              nvBANK0      0000EC
_EUSART1_Write                                  text28       008184
_EUSART1_is_rx_ready                            text115      008EBC
_EUSART1_is_tx_ready                            text85       008E5E
_I2C1_CallbackReturnReset                       text171      0090FA
_I2C1_CallbackReturnStop                        text172      0090FE
_I2C1_Close                                     text76       008A46
_I2C1_DO_ADDRESS_NACK                           text148      00811E
_I2C1_DO_IDLE                                   text162      008FC8
_I2C1_DO_RCEN                                   text157      008FBC
_I2C1_DO_RESET                                  text149      008FB0
_I2C1_DO_RX                                     text158      0077FA
_I2C1_DO_RX_ACK                                 text152      009062
_I2C1_DO_RX_NACK_RESTART                        text150      009052
_I2C1_DO_RX_NACK_STOP                           text151      00905A
_I2C1_DO_SEND_ADR_READ                          text161      008F86
_I2C1_DO_SEND_ADR_WRITE                         text160      008F76
_I2C1_DO_SEND_RESTART                           text154      009072
_I2C1_DO_SEND_RESTART_READ                      text156      009082
_I2C1_DO_SEND_RESTART_WRITE                     text155      00907A
_I2C1_DO_SEND_STOP                              text153      00906A
_I2C1_DO_TX                                     text159      0075DA
_I2C1_DO_TX_EMPTY                               text163      007D82
_I2C1_Initialize                                text50       008EE8
_I2C1_MasterClearIrq                            text79       00909E
_I2C1_MasterClose                               text78       0090E6
_I2C1_MasterDisableIrq                          text77       009098
_I2C1_MasterEnableIrq                           text72       009092
_I2C1_MasterEnableRestart                       text182      009106
_I2C1_MasterFsm                                 text146      007FD8
_I2C1_MasterGetRxData                           text168      0090F2
_I2C1_MasterIsNack                              text165      008EFC
_I2C1_MasterIsr                                 text145      0090BC
_I2C1_MasterOpen                                text71       008D04
_I2C1_MasterOperation                           text74       008588
_I2C1_MasterSendAck                             text167      0090CE
_I2C1_MasterSendNack                            text169      0090D4
_I2C1_MasterSendTxData                          text166      00908A
_I2C1_MasterSetIrq                              text164      0090C8
_I2C1_MasterStart                               text75       0090E2
_I2C1_MasterStartRx                             text170      0090F6
_I2C1_MasterStop                                text181      009102
_I2C1_MasterWrite                               text73       009042
_I2C1_Open                                      text69       0078A0
_I2C1_Read1ByteRegister                         text64       007C04
_I2C1_SetAddressNackCallback                    text67       008E46
_I2C1_SetBuffer                                 text66       008C78
_I2C1_SetCallback                               text68       007C86
_I2C1_SetDataCompleteCallback                   text65       008E2E
_I2C1_SetInterruptHandler                       text70       009006
_I2C1_Status                                    bssBANK2     0002A5
_I2C1_Write1ByteRegister                        text61       007E78
_INLVLA                                         (abs)        000F0D
_INLVLB                                         (abs)        000F15
_INLVLC                                         (abs)        000F1D
_INLVLE                                         (abs)        000F2A
_INTCONbits                                     (abs)        000FF2
_INTERRUPT_Initialize                           text49       0090DA
_INTERRUPT_InterruptManager                     intcode      000008
_IOCAF0_DefaultInterruptHandler                 text123      009110
_IOCAF0_ISR                                     text122      00895A
_IOCAF0_InterruptHandler                        nvBANK2      0002F1
_IOCAF0_SetInterruptHandler                     text83       009024
_IOCAFbits                                      (abs)        000F0A
_IOCANbits                                      (abs)        000F0B
_IOCAPbits                                      (abs)        000F0C
_Interrupt_Handler_Initialize                   text80       0081E4
_LATA                                           (abs)        000F83
_LATAbits                                       (abs)        000F83
_LATB                                           (abs)        000F84
_LATBbits                                       (abs)        000F84
_LATC                                           (abs)        000F85
_MSSP1_InterruptHandler                         bssBANK0     0000E6
_ODCONA                                         (abs)        000F0F
_ODCONB                                         (abs)        000F17
_ODCONBbits                                     (abs)        000F17
_ODCONC                                         (abs)        000F1F
_OSCCON1                                        (abs)        000ED8
_OSCCON3                                        (abs)        000EDA
_OSCEN                                          (abs)        000EDC
_OSCFRQ                                         (abs)        000EDE
_OSCILLATOR_Initialize                          text48       008DFE
_OSCTUNE                                        (abs)        000EDD
_PIE0bits                                       (abs)        000EC2
_PIE3bits                                       (abs)        000EC5
_PIE4bits                                       (abs)        000EC6
_PIN_MANAGER_IOC                                text121      008ED2
_PIN_MANAGER_Initialize                         text47       007AFE
_PIR0bits                                       (abs)        000ECA
_PIR3bits                                       (abs)        000ECD
_PIR4bits                                       (abs)        000ECE
_PMD0                                           (abs)        000EE1
_PMD1                                           (abs)        000EE2
_PMD2                                           (abs)        000EE3
_PMD3                                           (abs)        000EE4
_PMD4                                           (abs)        000EE5
_PMD5                                           (abs)        000EE6
_PMD_Initialize                                 text46       008DC6
_PORTAbits                                      (abs)        000F8D
_PR2                                            (abs)        000FBC
_PR4                                            (abs)        000FB6
_PROJECT_INIT                                   text57       008FFC
_RC1REG                                         (abs)        000F99
_RC1STA                                         (abs)        000F9D
_RC1STAbits                                     (abs)        000F9D
_RC3PPS                                         (abs)        000EFA
_RC4PPS                                         (abs)        000EFB
_RC6PPS                                         (abs)        000EFD
_RX1PPS                                         (abs)        000EB5
_Read_EUSART1_Buffer                            text56       0090DE
_Rx1_ISR                                        text114      0084B6
_SLRCONA                                        (abs)        000F0E
_SLRCONB                                        (abs)        000F16
_SLRCONC                                        (abs)        000F1E
_SP1BRGH                                        (abs)        000F9C
_SP1BRGL                                        (abs)        000F9B
_SSP1ADD                                        (abs)        000F93
_SSP1BUF                                        (abs)        000F92
_SSP1CLKPPS                                     (abs)        000EB7
_SSP1CON1                                       (abs)        000F96
_SSP1CON1bits                                   (abs)        000F96
_SSP1CON2                                       (abs)        000F97
_SSP1CON2bits                                   (abs)        000F97
_SSP1DATPPS                                     (abs)        000EB8
_SSP1STAT                                       (abs)        000F95
_SSP1STATbits                                   (abs)        000F95
_SYSTEM_Initialize                              text43       008CE2
_T2CLKCON                                       (abs)        000FBF
_T2CON                                          (abs)        000FBD
_T2CONbits                                      (abs)        000FBD
_T2HLT                                          (abs)        000FBE
_T2HLTbits                                      (abs)        000FBE
_T2PR                                           (abs)        000FBC
_T2RST                                          (abs)        000FC0
_T2RSTbits                                      (abs)        000FC0
_T2TMR                                          (abs)        000FBB
_T4CLKCON                                       (abs)        000FB9
_T4CON                                          (abs)        000FB7
_T4CONbits                                      (abs)        000FB7
_T4HLT                                          (abs)        000FB8
_T4HLTbits                                      (abs)        000FB8
_T4PR                                           (abs)        000FB6
_T4RST                                          (abs)        000FBA
_T4RSTbits                                      (abs)        000FBA
_T4TMR                                          (abs)        000FB5
_TMR2                                           (abs)        000FBB
_TMR2_DefaultInterruptHandler                   text111      00910C
_TMR2_ISR                                       text110      008928
_TMR2_Initialize                                text45       008A18
_TMR2_InterruptHandler                          nvBANK2      0002EF
_TMR2_SetInterruptHandler                       text82       00901A
_TMR4                                           (abs)        000FB5
_TMR4_DefaultInterruptHandler                   text88       00910A
_TMR4_ISR                                       text87       0088F6
_TMR4_Initialize                                text44       0089EA
_TMR4_InterruptHandler                          nvBANK0      0000E8
_TMR4_SetInterruptHandler                       text81       009010
_TRISA                                          (abs)        000F88
_TRISB                                          (abs)        000F89
_TRISC                                          (abs)        000F8A
_TX1REG                                         (abs)        000F9A
_TX1STA                                         (abs)        000F9E
_TX1STAbits                                     (abs)        000F9E
_WPUA                                           (abs)        000F10
_WPUB                                           (abs)        000F18
_WPUC                                           (abs)        000F20
_WPUE                                           (abs)        000F2D
__HRAM                                          (abs)        000000
__Habs1                                         abs1         000000
__Hbank0                                        bank0        000000
__Hbank1                                        bank1        000000
__Hbank10                                       bank10       000000
__Hbank11                                       bank11       000000
__Hbank12                                       bank12       000000
__Hbank13                                       bank13       000000
__Hbank14                                       bank14       000000
__Hbank2                                        bank2        000000
__Hbank3                                        bank3        000000
__Hbank4                                        bank4        000000
__Hbank5                                        bank5        000000
__Hbank6                                        bank6        000000
__Hbank7                                        bank7        000000
__Hbank8                                        bank8        000000
__Hbank9                                        bank9        000000
__Hbigbss                                       bigbss       000000
__Hbigdata                                      bigdata      000000
__Hbigram                                       bigram       000000
__Hbigsfr                                       bigsfr       000000
__Hbss                                          bss          000000
__HbssBANK0                                     bssBANK0     000000
__HbssBANK2                                     bssBANK2     000000
__HbssBANK3                                     bssBANK3     000000
__HbssCOMRAM                                    bssCOMRAM    000000
__Hcinit                                        cinit        000000
__Hclrtext                                      clrtext      000000
__Hcomram                                       comram       000000
__Hconfig                                       config       30000C
__Hconst                                        const        000000
__HcstackBANK0                                  cstackBANK0  000000
__HcstackBANK1                                  cstackBANK1  000000
__HcstackBANK2                                  cstackBANK2  000000
__HcstackCOMRAM                                 cstackCOMRAM 000000
__Hdata                                         data         000000
__Heeprom_data                                  eeprom_data  000000
__Hfarbss                                       farbss       000000
__Hfardata                                      fardata      000000
__Hheap                                         heap         000000
__Hibigdata                                     ibigdata     000000
__Hidata                                        idata        000000
__Hidloc                                        idloc        200010
__Hifardata                                     ifardata     000000
__Hinit                                         init         0001AC
__Hintcode                                      intcode      0001A8
__Hintcode_body                                 intcode_body 000000
__Hintcodelo                                    intcodelo    0001A8
__Hintentry                                     intentry     000000
__Hintret                                       intret       000000
__Hintsave_regs                                 intsave_regs 000000
__Hirdata                                       irdata       000000
__Hmediumconst                                  mediumconst  010000
__HnvBANK0                                      nvBANK0      000000
__HnvBANK2                                      nvBANK2      000000
__HnvFARRAM                                     nvFARRAM     000000
__Hnvbit                                        nvbit        000000
__Hnvrram                                       nvrram       000000
__Hparam                                        rparam       000000
__Hpowerup                                      powerup      0001A8
__Hram                                          ram          000000
__Hramtop                                       ramtop       000F00
__Hrbit                                         rbit         000000
__Hrbss                                         rbss         000000
__Hrdata                                        rdata        000000
__Hreset_vec                                    reset_vec    000004
__Hrparam                                       rparam       000000
__Hsfr                                          sfr          000000
__Hsmallconst                                   smallconst   000000
__Hspace_0                                      (abs)        010000
__Hspace_1                                      (abs)        000350
__Hspace_2                                      (abs)        000000
__Hspace_4                                      (abs)        60000C
__Hstack                                        stack        000000
__Hstruct                                       struct       000000
__Htemp                                         temp         00005F
__Htext                                         text         000000
__Htext0                                        text0        000000
__Htext1                                        text1        000000
__Htext10                                       text10       000000
__Htext100                                      text100      000000
__Htext101                                      text101      000000
__Htext102                                      text102      000000
__Htext103                                      text103      000000
__Htext104                                      text104      000000
__Htext105                                      text105      000000
__Htext106                                      text106      000000
__Htext107                                      text107      000000
__Htext108                                      text108      000000
__Htext109                                      text109      000000
__Htext11                                       text11       000000
__Htext110                                      text110      000000
__Htext111                                      text111      000000
__Htext112                                      text112      000000
__Htext113                                      text113      000000
__Htext114                                      text114      000000
__Htext115                                      text115      000000
__Htext116                                      text116      000000
__Htext117                                      text117      000000
__Htext118                                      text118      000000
__Htext119                                      text119      000000
__Htext12                                       text12       000000
__Htext120                                      text120      000000
__Htext121                                      text121      000000
__Htext122                                      text122      000000
__Htext123                                      text123      000000
__Htext124                                      text124      000000
__Htext125                                      text125      000000
__Htext126                                      text126      000000
__Htext127                                      text127      000000
__Htext128                                      text128      000000
__Htext129                                      text129      000000
__Htext13                                       text13       000000
__Htext130                                      text130      000000
__Htext131                                      text131      000000
__Htext132                                      text132      000000
__Htext133                                      text133      000000
__Htext134                                      text134      000000
__Htext135                                      text135      000000
__Htext136                                      text136      000000
__Htext137                                      text137      000000
__Htext138                                      text138      000000
__Htext139                                      text139      000000
__Htext14                                       text14       000000
__Htext140                                      text140      000000
__Htext141                                      text141      000000
__Htext142                                      text142      000000
__Htext143                                      text143      000000
__Htext144                                      text144      000000
__Htext145                                      text145      000000
__Htext146                                      text146      000000
__Htext147                                      text147      000000
__Htext148                                      text148      000000
__Htext149                                      text149      000000
__Htext15                                       text15       000000
__Htext150                                      text150      000000
__Htext151                                      text151      000000
__Htext152                                      text152      000000
__Htext153                                      text153      000000
__Htext154                                      text154      000000
__Htext155                                      text155      000000
__Htext156                                      text156      000000
__Htext157                                      text157      000000
__Htext158                                      text158      000000
__Htext159                                      text159      000000
__Htext16                                       text16       000000
__Htext160                                      text160      000000
__Htext161                                      text161      000000
__Htext162                                      text162      000000
__Htext163                                      text163      000000
__Htext164                                      text164      000000
__Htext165                                      text165      000000
__Htext166                                      text166      000000
__Htext167                                      text167      000000
__Htext168                                      text168      000000
__Htext169                                      text169      000000
__Htext17                                       text17       000000
__Htext170                                      text170      000000
__Htext171                                      text171      000000
__Htext172                                      text172      000000
__Htext173                                      text173      000000
__Htext174                                      text174      000000
__Htext175                                      text175      000000
__Htext176                                      text176      000000
__Htext177                                      text177      000000
__Htext178                                      text178      000000
__Htext179                                      text179      000000
__Htext18                                       text18       000000
__Htext180                                      text180      000000
__Htext181                                      text181      000000
__Htext182                                      text182      000000
__Htext183                                      text183      000000
__Htext184                                      text184      000000
__Htext19                                       text19       000000
__Htext2                                        text2        000000
__Htext20                                       text20       000000
__Htext21                                       text21       000000
__Htext22                                       text22       000000
__Htext23                                       text23       000000
__Htext24                                       text24       000000
__Htext25                                       text25       000000
__Htext26                                       text26       000000
__Htext27                                       text27       000000
__Htext28                                       text28       000000
__Htext29                                       text29       000000
__Htext3                                        text3        000000
__Htext30                                       text30       000000
__Htext31                                       text31       000000
__Htext32                                       text32       000000
__Htext33                                       text33       000000
__Htext34                                       text34       000000
__Htext35                                       text35       000000
__Htext36                                       text36       000000
__Htext37                                       text37       000000
__Htext38                                       text38       000000
__Htext39                                       text39       000000
__Htext4                                        text4        000000
__Htext40                                       text40       000000
__Htext41                                       text41       000000
__Htext42                                       text42       000000
__Htext43                                       text43       000000
__Htext44                                       text44       000000
__Htext45                                       text45       000000
__Htext46                                       text46       000000
__Htext47                                       text47       000000
__Htext48                                       text48       000000
__Htext49                                       text49       000000
__Htext5                                        text5        000000
__Htext50                                       text50       000000
__Htext51                                       text51       000000
__Htext52                                       text52       000000
__Htext53                                       text53       000000
__Htext54                                       text54       000000
__Htext55                                       text55       000000
__Htext56                                       text56       000000
__Htext57                                       text57       000000
__Htext58                                       text58       000000
__Htext59                                       text59       000000
__Htext6                                        text6        000000
__Htext60                                       text60       000000
__Htext61                                       text61       000000
__Htext62                                       text62       000000
__Htext63                                       text63       000000
__Htext64                                       text64       000000
__Htext65                                       text65       000000
__Htext66                                       text66       000000
__Htext67                                       text67       000000
__Htext68                                       text68       000000
__Htext69                                       text69       000000
__Htext7                                        text7        000000
__Htext70                                       text70       000000
__Htext71                                       text71       000000
__Htext72                                       text72       000000
__Htext73                                       text73       000000
__Htext74                                       text74       000000
__Htext75                                       text75       000000
__Htext76                                       text76       000000
__Htext77                                       text77       000000
__Htext78                                       text78       000000
__Htext79                                       text79       000000
__Htext8                                        text8        000000
__Htext80                                       text80       000000
__Htext81                                       text81       000000
__Htext82                                       text82       000000
__Htext83                                       text83       000000
__Htext84                                       text84       000000
__Htext85                                       text85       000000
__Htext87                                       text87       000000
__Htext88                                       text88       000000
__Htext89                                       text89       000000
__Htext9                                        text9        000000
__Htext90                                       text90       000000
__Htext91                                       text91       000000
__Htext92                                       text92       000000
__Htext93                                       text93       000000
__Htext94                                       text94       000000
__Htext95                                       text95       000000
__Htext96                                       text96       000000
__Htext97                                       text97       000000
__Htext98                                       text98       000000
__Htext99                                       text99       000000
__LRAM                                          (abs)        000001
__Labs1                                         abs1         000000
__Lbank0                                        bank0        000000
__Lbank1                                        bank1        000000
__Lbank10                                       bank10       000000
__Lbank11                                       bank11       000000
__Lbank12                                       bank12       000000
__Lbank13                                       bank13       000000
__Lbank14                                       bank14       000000
__Lbank2                                        bank2        000000
__Lbank3                                        bank3        000000
__Lbank4                                        bank4        000000
__Lbank5                                        bank5        000000
__Lbank6                                        bank6        000000
__Lbank7                                        bank7        000000
__Lbank8                                        bank8        000000
__Lbank9                                        bank9        000000
__Lbigbss                                       bigbss       000000
__Lbigdata                                      bigdata      000000
__Lbigram                                       bigram       000000
__Lbigsfr                                       bigsfr       000000
__Lbss                                          bss          000000
__LbssBANK0                                     bssBANK0     000000
__LbssBANK2                                     bssBANK2     000000
__LbssBANK3                                     bssBANK3     000000
__LbssCOMRAM                                    bssCOMRAM    000000
__Lcinit                                        cinit        000000
__Lclrtext                                      clrtext      000000
__Lcomram                                       comram       000000
__Lconfig                                       config       000000
__Lconst                                        const        000000
__LcstackBANK0                                  cstackBANK0  000000
__LcstackBANK1                                  cstackBANK1  000000
__LcstackBANK2                                  cstackBANK2  000000
__LcstackCOMRAM                                 cstackCOMRAM 000000
__Ldata                                         data         000000
__Leeprom_data                                  eeprom_data  000000
__Lfarbss                                       farbss       000000
__Lfardata                                      fardata      000000
__Lheap                                         heap         000000
__Libigdata                                     ibigdata     000000
__Lidata                                        idata        000000
__Lidloc                                        idloc        000000
__Lifardata                                     ifardata     000000
__Linit                                         init         0001A8
[...]
sqrtf@ix                                        cstackBANK0  000085
sqrtf@m                                         cstackBANK0  00007D
sqrtf@q                                         cstackBANK0  000071
sqrtf@r                                         cstackBANK0  000081
sqrtf@s                                         cstackBANK0  000065
sqrtf@t                                         cstackBANK0  000075
sqrtf@x                                         cstackCOMRAM 000057
sqrtf@z                                         cstackBANK0  000079
stackhi                                         (abs)        000000
stacklo                                         (abs)        000000
start                                           init         0001A8
start_initialization                            cinit        00888E
strcpy@d                                        cstackBANK2  000206
strcpy@dest                                     cstackBANK2  000200
strcpy@s                                        cstackBANK2  000204
strcpy@src                                      cstackBANK2  000202
ttemp5                                          temp         00005F
ttemp6                                          temp         000062
ttemp7                                          temp         000066
utoa@d                                          cstackBANK2  00021F
utoa@fp                                         cstackBANK2  00021D
utoa@i                                          cstackBANK2  00023B
utoa@n                                          cstackBANK2  000233
utoa@p                                          cstackBANK2  000231
utoa@w                                          cstackBANK2  00022F
vfpfcnvrt@ap                                    cstackBANK2  000278
vfpfcnvrt@c                                     cstackBANK2  00027E
vfpfcnvrt@convarg                               cstackBANK2  00027F
vfpfcnvrt@cp                                    cstackBANK2  000287
vfpfcnvrt@fmt                                   cstackBANK2  000276
vfpfcnvrt@fp                                    cstackBANK2  000274
vfprintf@ap                                     cstackBANK2  00028D
vfprintf@cfmt                                   cstackBANK2  00028F
vfprintf@fmt                                    cstackBANK2  00028B
vfprintf@fp                                     cstackBANK2  000289
windSpeedCalc@dw_dt                             cstackBANK0  0000A2
windSpeedCalc@linearVel                         cstackBANK0  0000A6
windSpeedCalc@power                             cstackBANK0  00009E
windSpeedCalc@time                              cstackBANK0  00009A
wr1RegCompleteHandler@ptr                       cstackCOMRAM 00000A
wr2RegCompleteHandler@ptr                       cstackCOMRAM 00000A
wtemp8                                          temp         00005F


MODULE INFORMATION

Module		Function		Class		Link	Load	Size
C:\Program Files\Microchip\xc8\v2.40\pic\sources\c99\common\sprcmul.c
		___flmul       		CODE           	4A12	0000	1068

C:\Program Files\Microchip\xc8\v2.40\pic\sources\c99\common\sprcmul.c estimated size: 1068

C:\Program Files\Microchip\xc8\v2.40\pic\sources\c99\common\nf_fputc.c
		_fputc         		CODE           	79E0	0000	152

C:\Program Files\Microchip\xc8\v2.40\pic\sources\c99\common\nf_fputc.c estimated size: 152

C:\Program Files\Microchip\xc8\v2.40\pic\sources\c99\common\sprcdiv.c
		___fldiv       		CODE           	5268	0000	924

C:\Program Files\Microchip\xc8\v2.40\pic\sources\c99\common\sprcdiv.c estimated size: 924

mcc_generated_files/examples/i2c1_master_example.c
		_wr1RegCompleteHandler		CODE           	8B24	0000	44
		_wr2RegCompleteHandler		CODE           	8BA8	0000	44
		_I2C1_Write1ByteRegister		CODE           	7E78	0000	120
		_rdBlkRegCompleteHandler		CODE           	87DC	0000	64
		_rd1RegCompleteHandler		CODE           	8B7C	0000	44
		_rd2RegCompleteHandler		CODE           	8B50	0000	44
		_I2C1_Read1ByteRegister		CODE           	7C04	0000	130

mcc_generated_files/examples/i2c1_master_example.c estimated size: 490

C:\Program Files\Microchip\xc8\v2.40\pic\sources\c99\common\sqrtf.c
		_sqrtf         		CODE           	4092	0000	1216

C:\Program Files\Microchip\xc8\v2.40\pic\sources\c99\common\sqrtf.c estimated size: 1216

C:\Program Files\Microchip\xc8\v2.40\pic\sources\c99\common\lwdiv.c
		___lwdiv       		CODE           	7EF0	0000	116

C:\Program Files\Microchip\xc8\v2.40\pic\sources\c99\common\lwdiv.c estimated size: 116

C:\Program Files\Microchip\xc8\v2.40\pic\sources\c99\common\memcpy.c
		_memcpy        		CODE           	833C	0000	82

C:\Program Files\Microchip\xc8\v2.40\pic\sources\c99\common\memcpy.c estimated size: 82

C:\Program Files\Microchip\xc8\v2.40\pic\sources\c99\common\fltol.c
		___fltol       		CODE           	6E3A	0000	264

C:\Program Files\Microchip\xc8\v2.40\pic\sources\c99\common\fltol.c estimated size: 264

C:\Program Files\Microchip\xc8\v2.40\pic\sources\c99\common\scalbnf.c
		_scalbnf       		CODE           	5EFE	0000	564

C:\Program Files\Microchip\xc8\v2.40\pic\sources\c99\common\scalbnf.c estimated size: 564

C:\Program Files\Microchip\xc8\v2.40\pic\sources\c99\common\isspace.c
		_isspace       		CODE           	846E	0000	72

C:\Program Files\Microchip\xc8\v2.40\pic\sources\c99\common\isspace.c estimated size: 72

mcc_generated_files/tmr4.c
		_TMR4_ISR      		CODE           	88F6	0000	50
		_TMR4_Initialize		CODE           	89EA	0000	46
		_TMR4_SetInterruptHandler		CODE           	9010	0000	10
		_TMR4_DefaultInterruptHandler		CODE           	910A	0000	2

mcc_generated_files/tmr4.c estimated size: 108

C:\Program Files\Microchip\xc8\v2.40\pic\sources\c99\common\atoi.c
		_atoi          		CODE           	6CE2	0000	344

C:\Program Files\Microchip\xc8\v2.40\pic\sources\c99\common\atoi.c estimated size: 344

mcc_generated_files/i2c1_master.c
		_I2C1_DO_SEND_RESTART		CODE           	9072	0000	8
		_I2C1_DO_TX_EMPTY		CODE           	7D82	0000	124
		_I2C1_DO_SEND_RESTART_READ		CODE           	9082	0000	8
		_I2C1_CallbackReturnStop		CODE           	90FE	0000	4
		_I2C1_DO_RX    		CODE           	77FA	0000	166
		_I2C1_DO_TX    		CODE           	75DA	0000	196
		_I2C1_SetAddressNackCallback		CODE           	8E46	0000	24
		_I2C1_DO_IDLE  		CODE           	8FC8	0000	12
		_I2C1_MasterOpen		CODE           	8D04	0000	34
		_I2C1_DO_RCEN  		CODE           	8FBC	0000	12
		_I2C1_MasterSendTxData		CODE           	908A	0000	8
		_I2C1_MasterStop		CODE           	9102	0000	4
		_I2C1_CallbackReturnReset		CODE           	90FA	0000	4
		_I2C1_DO_RESET 		CODE           	8FB0	0000	12
		_I2C1_MasterStartRx		CODE           	90F6	0000	4
		_I2C1_DO_RX_ACK		CODE           	9062	0000	8
		_I2C1_MasterSendNack		CODE           	90D4	0000	6
		_I2C1_DO_RX_NACK_RESTART		CODE           	9052	0000	8
		_I2C1_MasterDisableIrq		CODE           	9098	0000	6
		_I2C1_MasterOperation		CODE           	8588	0000	68
		_I2C1_SetCallback		CODE           	7C86	0000	126
		_I2C1_MasterEnableRestart		CODE           	9106	0000	4
		_I2C1_Open     		CODE           	78A0	0000	162
		_I2C1_DO_ADDRESS_NACK		CODE           	811E	0000	102
		_I2C1_SetBuffer		CODE           	8C78	0000	36
		_I2C1_DO_SEND_RESTART_WRITE		CODE           	907A	0000	8
		_I2C1_MasterClose		CODE           	90E6	0000	4
		_I2C1_MasterWrite		CODE           	9042	0000	8
		_I2C1_Initialize		CODE           	8EE8	0000	20
		_I2C1_Close    		CODE           	8A46	0000	46
		_I2C1_MasterIsNack		CODE           	8EFC	0000	20
		_I2C1_MasterStart		CODE           	90E2	0000	4
		_I2C1_DO_SEND_ADR_WRITE		CODE           	8F76	0000	16
		_I2C1_MasterClearIrq		CODE           	909E	0000	6
		_I2C1_SetDataCompleteCallback		CODE           	8E2E	0000	24
		_I2C1_DO_SEND_STOP		CODE           	906A	0000	8
		_I2C1_MasterSendAck		CODE           	90CE	0000	6
		_I2C1_MasterFsm		CODE           	7FD8	0000	112
		_I2C1_MasterIsr		CODE           	90BC	0000	6
		_I2C1_MasterGetRxData		CODE           	90F2	0000	4
		_I2C1_SetInterruptHandler		CODE           	9006	0000	10
		_I2C1_MasterSetIrq		CODE           	90C8	0000	6
		_I2C1_DO_SEND_ADR_READ		CODE           	8F86	0000	16
		_I2C1_MasterEnableIrq		CODE           	9092	0000	6
		_I2C1_DO_RX_NACK_STOP		CODE           	905A	0000	8

mcc_generated_files/i2c1_master.c estimated size: 1484

C:\Program Files\Microchip\xc8\v2.40\pic\sources\c99\common\Umul16.c
		___wmul        		CODE           	8C50	0000	40

C:\Program Files\Microchip\xc8\v2.40\pic\sources\c99\common\Umul16.c estimated size: 40

C:\Program Files\Microchip\xc8\v2.40\pic\sources\c99\common\fleq.c
		___fleq        		CODE           	774E	0000	172

C:\Program Files\Microchip\xc8\v2.40\pic\sources\c99\common\fleq.c estimated size: 172

mcc_generated_files/tmr2.c
		_TMR2_ISR      		CODE           	8928	0000	50
		_TMR2_Initialize		CODE           	8A18	0000	46
		_TMR2_SetInterruptHandler		CODE           	901A	0000	10
		_TMR2_DefaultInterruptHandler		CODE           	910C	0000	2

mcc_generated_files/tmr2.c estimated size: 108

mcc_generated_files/interrupt_manager.c
		_INTERRUPT_Initialize		CODE           	90DA	0000	4
		_INTERRUPT_InterruptManager		CODE           	0008	0000	416

mcc_generated_files/interrupt_manager.c estimated size: 420

C:\Program Files\Microchip\xc8\v2.40\pic\sources\c99\common\abs.c
		_abs           		CODE           	8610	0000	66

C:\Program Files\Microchip\xc8\v2.40\pic\sources\c99\common\abs.c estimated size: 66

C:\Program Files\Microchip\xc8\v2.40\pic\sources\c99\common\printf.c
		_printf        		CODE           	8C28	0000	40

C:\Program Files\Microchip\xc8\v2.40\pic\sources\c99\common\printf.c estimated size: 40

C:\Program Files\Microchip\xc8\v2.40\pic\sources\c99\common\__fpclassifyf.c
		___fpclassifyf 		CODE           	7252	0000	256

C:\Program Files\Microchip\xc8\v2.40\pic\sources\c99\common\__fpclassifyf.c estimated size: 256

mcc_generated_files/pin_manager.c
		_PIN_MANAGER_Initialize		CODE           	7AFE	0000	132
		_IOCAF0_SetInterruptHandler		CODE           	9024	0000	10
		_PIN_MANAGER_IOC		CODE           	8ED2	0000	22
		_IOCAF0_DefaultInterruptHandler		CODE           	9110	0000	2
		_IOCAF0_ISR    		CODE           	895A	0000	50

mcc_generated_files/pin_manager.c estimated size: 216

C:\Program Files\Microchip\xc8\v2.40\pic\sources\c99\common\isdigit.c
		_isdigit       		CODE           	89BC	0000	46

C:\Program Files\Microchip\xc8\v2.40\pic\sources\c99\common\isdigit.c estimated size: 46

interrupt_handler.c
		_Rx1_ISR       		CODE           	84B6	0000	72
		_t_update      		CODE           	7B82	0000	130
		_button_override		CODE           	8D8A	0000	30
		_Interrupt_Handler_Initialize		CODE           	81E4	0000	90
		_Read_EUSART1_Buffer		CODE           	90DE	0000	4
		_internal_clock		CODE           	8BFE	0000	42
		_sensor_read   		CODE           	838E	0000	80

interrupt_handler.c estimated size: 448

C:\Program Files\Microchip\xc8\v2.40\pic\sources\c99\common\sprcadd.c
		___flsub       		CODE           	83DE	0000	72
		___fladd       		CODE           	3BD0	0000	1218

C:\Program Files\Microchip\xc8\v2.40\pic\sources\c99\common\sprcadd.c estimated size: 1290

C:\Program Files\Microchip\xc8\v2.40\pic\sources\c99\common\floorf.c
		_floorf        		CODE           	6132	0000	534

C:\Program Files\Microchip\xc8\v2.40\pic\sources\c99\common\floorf.c estimated size: 534

C:\Program Files\Microchip\xc8\v2.40\pic\sources\c99\common\powf.c
		_powf          		CODE           	01AC	0000	10820

C:\Program Files\Microchip\xc8\v2.40\pic\sources\c99\common\powf.c estimated size: 10820

C:\Program Files\Microchip\xc8\v2.40\pic\sources\c99\common\flneg.c
		___flneg       		CODE           	881C	0000	58

C:\Program Files\Microchip\xc8\v2.40\pic\sources\c99\common\flneg.c estimated size: 58

C:\Program Files\Microchip\xc8\v2.40\pic\sources\c99\common\fabsf.c
		_fabsf         		CODE           	88C2	0000	52

C:\Program Files\Microchip\xc8\v2.40\pic\sources\c99\common\fabsf.c estimated size: 52

C:\Program Files\Microchip\xc8\v2.40\pic\sources\c99\common\labs.c
		_labs          		CODE           	80B6	0000	104

C:\Program Files\Microchip\xc8\v2.40\pic\sources\c99\common\labs.c estimated size: 104

C:\Program Files\Microchip\xc8\v2.40\pic\sources\c99\common\xxtofl.c
		___xxtofl      		CODE           	650E	0000	440

C:\Program Files\Microchip\xc8\v2.40\pic\sources\c99\common\xxtofl.c estimated size: 440

C:\Program Files\Microchip\xc8\v2.40\pic\sources\c99\common\nf_fputs.c
		_fputs         		CODE           	8426	0000	72

C:\Program Files\Microchip\xc8\v2.40\pic\sources\c99\common\nf_fputs.c estimated size: 72

C:\Program Files\Microchip\xc8\v2.40\pic\sources\c99\common\lomod.c
		___lomod       		CODE           	7444	0000	210

C:\Program Files\Microchip\xc8\v2.40\pic\sources\c99\common\lomod.c estimated size: 210

C:\Program Files\Microchip\xc8\v2.40\pic\sources\c99\common\aomod.c
		___aomod       		CODE           	6B7C	0000	358

C:\Program Files\Microchip\xc8\v2.40\pic\sources\c99\common\aomod.c estimated size: 358

shared
		i2_I2C1_MasterDisableIrq		CODE           	90B6	0000	6
		_L5            		MEDIUMCONST    	0000	0000	0
		_P3            		MEDIUMCONST    	0000	0000	0
		i2_I2C1_SetBuffer		CODE           	8C9C	0000	36
		_L6            		MEDIUMCONST    	0000	0000	0
		_P4            		MEDIUMCONST    	0000	0000	0
		_P5            		MEDIUMCONST    	0000	0000	0
		i2_I2C1_MasterOpen		CODE           	8D48	0000	34
		i2_solTrigger  		CODE           	8DA8	0000	30
		i2_I2C1_MasterOperation		CODE           	879C	0000	64
		i2_I2C1_SetInterruptHandler		CODE           	9038	0000	10
		i2_I2C1_SetCallback		CODE           	7DFE	0000	122
		i2_t_update    		CODE           	7D04	0000	126
		i2_umbStow     		CODE           	8718	0000	66
		i2___flneg     		CODE           	8856	0000	56
		_lg2_l         		MEDIUMCONST    	0000	0000	0
		i2___fladd     		CODE           	4552	0000	1216
		i2_actionTrigger		CODE           	8ACC	0000	44
		i2_I2C1_MasterEnableIrq		CODE           	90B0	0000	6
		i2_I2C1_MasterClose		CODE           	90EE	0000	4
		_ivln2_l       		MEDIUMCONST    	0000	0000	0
		i2_I2C1_MasterWrite		CODE           	904A	0000	8
		_ivln2         		MEDIUMCONST    	0000	0000	0
		i2___fldiv     		CODE           	5604	0000	922
		i2___fltol     		CODE           	7048	0000	262
		i2_I2C1_Write1ByteRegister		CODE           	8048	0000	110
		__initialization		CODE           	888E	0000	42
		i2_motorOFF    		CODE           	8F56	0000	16
		i2_motorFWD    		CODE           	8F66	0000	16
		i2_motorRVR    		CODE           	8F46	0000	16
		i2___flge      		CODE           	714E	0000	260
		_bp            		MEDIUMCONST    	FF15	0000	8
		_cp            		MEDIUMCONST    	0000	0000	0
		_cp_h          		MEDIUMCONST    	0000	0000	0
		_dp_h          		MEDIUMCONST    	FEB5	0000	8
		_tiny@sqrtf$F3524		MEDIUMCONST    	0000	0000	0
		_lg2           		MEDIUMCONST    	0000	0000	0
		i2___flmul     		CODE           	4E3E	0000	1066
		_lg2_h         		MEDIUMCONST    	0000	0000	0
		_i2c1_fsmStateTable		MEDIUMCONST    	FE8D	0000	32
		_ivln2_h       		MEDIUMCONST    	0000	0000	0
		i2_I2C1_Read1ByteRegister		CODE           	7F64	0000	116
		i2_hallRead    		CODE           	8BD4	0000	42
		i2_I2C1_MasterStart		CODE           	90EA	0000	4
		i2___xxtofl    		CODE           	66C6	0000	436
		_tiny          		MEDIUMCONST    	0000	0000	0
		i2___flsub     		CODE           	84FE	0000	70
		_ovt           		MEDIUMCONST    	0000	0000	0
		_huge          		MEDIUMCONST    	0000	0000	0
		i2_I2C1_MasterClearIrq		CODE           	90C2	0000	6
		i2_motorController		CODE           	8DE2	0000	28
		i2_umbDeploy   		CODE           	875A	0000	66
		_two24         		MEDIUMCONST    	0000	0000	0
		i2_I2C1_SetDataCompleteCallback		CODE           	8E8E	0000	24
		i2_I2C1_Open   		CODE           	7942	0000	158
		_cp_l          		MEDIUMCONST    	0000	0000	0
		_dp_l          		MEDIUMCONST    	FEAD	0000	8
		_L1            		MEDIUMCONST    	0000	0000	0
		i2_I2C1_Close  		CODE           	8AF8	0000	44
		_L2            		MEDIUMCONST    	0000	0000	0
		i2_I2C1_SetAddressNackCallback		CODE           	8E76	0000	24
		_L3            		MEDIUMCONST    	0000	0000	0
		_P1            		MEDIUMCONST    	0000	0000	0
		_L4            		MEDIUMCONST    	0000	0000	0
		_P2            		MEDIUMCONST    	0000	0000	0

shared estimated size: 5612

mcc_generated_files/eusart1.c
		_EUSART1_SetRxInterruptHandler		CODE           	902E	0000	10
		_EUSART1_SetTxInterruptHandler		CODE           	8FD4	0000	10
		_EUSART1_is_rx_ready		CODE           	8EBC	0000	22
		_EUSART1_is_tx_ready		CODE           	8E5E	0000	24
		_EUSART1_Initialize		CODE           	7A78	0000	134
		_putch         		CODE           	8F96	0000	14
		_EUSART1_DefaultErrorHandler		CODE           	90AA	0000	6
		_EUSART1_SetFramingErrorHandler		CODE           	8FE8	0000	10
		_EUSART1_Read  		CODE           	82E8	0000	84
		_EUSART1_SetOverrunErrorHandler		CODE           	8FDE	0000	10
		_EUSART1_SetErrorHandler		CODE           	8FF2	0000	10
		_EUSART1_Write 		CODE           	8184	0000	96
		_EUSART1_Receive_ISR		CODE           	7516	0000	196
		_EUSART1_RxDataHandler		CODE           	8AA0	0000	44
		_EUSART1_DefaultOverrunErrorHandler		CODE           	90A4	0000	6
		_EUSART1_Transmit_ISR		CODE           	85CC	0000	68
		_EUSART1_DefaultFramingErrorHandler		CODE           	910E	0000	2

mcc_generated_files/eusart1.c estimated size: 746

C:\Program Files\Microchip\xc8\v2.40\pic\sources\c99\common\strcpy.c
		_strcpy        		CODE           	8544	0000	68

C:\Program Files\Microchip\xc8\v2.40\pic\sources\c99\common\strcpy.c estimated size: 68

mcc_generated_files/mcc.c
		_PMD_Initialize		CODE           	8DC6	0000	28
		_OSCILLATOR_Initialize		CODE           	8DFE	0000	24
		_SYSTEM_Initialize		CODE           	8CE2	0000	34

mcc_generated_files/mcc.c estimated size: 86

C:\Program Files\Microchip\xc8\v2.40\pic\sources\c99\common\flge.c
		___flge        		CODE           	6F42	0000	262

C:\Program Files\Microchip\xc8\v2.40\pic\sources\c99\common\flge.c estimated size: 262

hall_effect.c
		_hallRecord    		CODE           	86D6	0000	66
		_windSpeedCalc 		CODE           	6A04	0000	376
		_hallRead      		CODE           	898C	0000	48
		_hallInit      		CODE           	8E16	0000	24

hall_effect.c estimated size: 514

C:\Program Files\Microchip\xc8\v2.40\pic\sources\c99\common\doprnt.c
		_vfpfcnvrt     		CODE           	3618	0000	1464
		_efgtoa        		CODE           	2BF0	0000	2600
		_pad           		CODE           	769E	0000	176
		_dtoa          		CODE           	5C7C	0000	642
		_vfprintf      		CODE           	8294	0000	84
		_utoa          		CODE           	6348	0000	454

C:\Program Files\Microchip\xc8\v2.40\pic\sources\c99\common\doprnt.c estimated size: 5420

motor_control.c
		_umbStow       		CODE           	8652	0000	66
		_motorOFF      		CODE           	8F34	0000	18
		_actionTrigger 		CODE           	8A74	0000	44
		_motorStop     		CODE           	8EA6	0000	22
		_motorRVR      		CODE           	8F10	0000	18
		_solTrigger    		CODE           	8CC0	0000	34
		_motorFWD      		CODE           	8F22	0000	18
		_motorController		CODE           	8D6A	0000	32
		_motorFaultRead		CODE           	823E	0000	86
		_umbDeploy     		CODE           	8694	0000	66

motor_control.c estimated size: 404

main.c
		_PROJECT_INIT  		CODE           	8FFC	0000	10
		_main          		CODE           	599E	0000	734

main.c estimated size: 744

temp_sensor.c
		_tempRead      		CODE           	8FA4	0000	12

temp_sensor.c estimated size: 12

C:\Program Files\Microchip\xc8\v2.40\pic\sources\c99\common\lodiv.c
		___lodiv       		CODE           	7352	0000	242

C:\Program Files\Microchip\xc8\v2.40\pic\sources\c99\common\lodiv.c estimated size: 242

C:\Program Files\Microchip\xc8\v2.40\pic\sources\c99\common\aodiv.c
		___aodiv       		CODE           	687A	0000	394

C:\Program Files\Microchip\xc8\v2.40\pic\sources\c99\common\aodiv.c estimated size: 394

C:\Program Files\Microchip\xc8\v2.40\pic\sources\c99\common\nanf.c
		_nanf          		CODE           	8D26	0000	34

C:\Program Files\Microchip\xc8\v2.40\pic\sources\c99\common\nanf.c estimated size: 34

