Microchip MPLAB XC8 Compiler V2.40

Linker command line:

-W-3 \
  --edf=C:/Users/DJMik/.mchp_packs/Microchip/PIC18F-K_DFP/1.8.249/xc8\pic\dat\20230209213641_en.msgs \
  -cn -h+dist/default/production\Team205_FinalBoard.X.production.sym \
  --cmf=dist/default/production\Team205_FinalBoard.X.production.cmf -z \
  -Q18LF26K40 -oC:\Users\DJMik\AppData\Local\Temp\xcAskh4.4 \
  --defsym=__MPLAB_BUILD=1 --fixupoverflow=error \
  -Mdist/default/production/Team205_FinalBoard.X.production.map \
  --md=C:\Users\DJMik\AppData\Local\Temp\xcAskh4.dat -E1 -ver=XC8 Compiler \
  --acfsm=1493 -ACODE=00h-0FFFFh -ACONST=00h-0FFFFh \
  -ASMALLCONST=0F00h-0FFFhx241 -AMEDIUMCONST=0F00h-0FFFFh -ACOMRAM=01h-05Fh \
  -AABS1=00h-0E87h -ABIGRAM=01h-0E87h \
  -ARAM=060h-0FFh,0100h-01FFhx13,0E00h-0E87h -ABANK0=060h-0FFh \
  -ABANK1=0100h-01FFh -ABANK2=0200h-02FFh -ABANK3=0300h-03FFh \
  -ABANK4=0400h-04FFh -ABANK5=0500h-05FFh -ABANK6=0600h-06FFh \
  -ABANK7=0700h-07FFh -ABANK8=0800h-08FFh -ABANK9=0900h-09FFh \
  -ABANK10=0A00h-0AFFh -ABANK11=0B00h-0BFFh -ABANK12=0C00h-0CFFh \
  -ABANK13=0D00h-0DFFh -ABANK14=0E00h-0E87h \
  -ASFR=0E8Dh-0EFFh,0F00h-0F5Fh,0F60h-0FFFh -ABIGSFR=0E8Dh-0FFFh \
  -ACONFIG=0300000h-030000Bh -AIDLOC=0200000h-020000Fh \
  -AEEDATA=0310000h-03103FFh -peeprom_data=EEDATA \
  -preset_vec=00h,intcode=08h,intcodelo,powerup,init -pramtop=0F00h \
  -psmallconst=SMALLCONST -pmediumconst=MEDIUMCONST -pconst=CONST \
  -AFARRAM=00h-00h \
  -prdata=COMRAM,nvrram=COMRAM,nvbit=COMRAM,rbss=COMRAM,rbit=COMRAM \
  -pfarbss=FARRAM,fardata=FARRAM,nvFARRAM=FARRAM \
  -pintsave_regs=BIGRAM,bigbss=BIGRAM,bigdata=BIGRAM -pbss=RAM \
  -pidata=CODE,irdata=CODE,ibigdata=CODE,ifardata=CODE -prparam=COMRAM \
  C:\Users\DJMik\AppData\Local\Temp\xcAskh4.o \
  dist/default/production\Team205_FinalBoard.X.production.o 

Object code version is 3.11

Machine type is 18LF26K40



                Name                               Link     Load   Length Selector   Space Scale
C:\Users\DJMik\AppData\Local\Temp\xcAskh4.o
                idloc                            200000   200000       10        0       5
                config                           300000   300000        C        0       4
                init                                194      194        4        4       0
                reset_vec                             0        0        4        0       0
dist/default/production\Team205_FinalBoard.X.production.o
                intcode                               8        8      18C        4       0
                idloc                            200000   200000       10        0       5
                config                           300000   300000        C        0       4
                temp                                 5F       5F        1        1       1
                mediumconst                        FE6A     FE6A      196     7F35       0
                text216                            E0EC     E0EC       48        4       0
                text215                            EDBE     EDBE        4        4       0
                text214                            EDBA     EDBA        4        4       0
                text213                            E9B6     E9B6       24        4       0
                text212                            D7D8     D7D8       7A        4       0
                text211                            EB6E     EB6E       18        4       0
                text210                            E82C     E82C       2C        4       0
                text209                            E800     E800       2C        4       0
                text208                            E7D4     E7D4       2C        4       0
                text207                            E7A8     E7A8       2C        4       0
                text206                            E40E     E40E       40        4       0
                text205                            EDB6     EDB6        4        4       0
                text204                            EDB2     EDB2        4        4       0
                text203                            EDAE     EDAE        4        4       0
                text202                            ED90     ED90        6        4       0
                text201                            EDAA     EDAA        4        4       0
                text200                            ED8A     ED8A        6        4       0
                text199                            ED3A     ED3A        8        4       0
                text198                            EB9A     EB9A       14        4       0
                text197                            ED84     ED84        6        4       0
                text196                            D75C     D75C       7C        4       0
                text195                            EC52     EC52        C        4       0
                text194                            EBF4     EBF4       10        4       0
                text193                            EBE4     EBE4       10        4       0
                text192                            CCF0     CCF0       C4        4       0
                text191                            D1D2     D1D2       A6        4       0
                text190                            EC46     EC46        C        4       0
                text189                            ED32     ED32        8        4       0
                text188                            ED2A     ED2A        8        4       0
                text187                            ED22     ED22        8        4       0
                text186                            ED1A     ED1A        8        4       0
                text185                            ED12     ED12        8        4       0
                text184                            ED0A     ED0A        8        4       0
                text183                            ED02     ED02        8        4       0
                text182                            EC3A     EC3A        C        4       0
                text181                            DBCC     DBCC       66        4       0
                text180                            ED7E     ED7E        6        4       0
                text179                            DA28     DA28       70        4       0
                text178                            ED78     ED78        6        4       0
                text177                            DC92     DC92       5E        4       0
                text176                            E6F6     E6F6       2E        4       0
                text175                            ED72     ED72        6        4       0
                text174                            EDC8     EDC8        2        4       0
                text173                            ED6C     ED6C        6        4       0
                text172                            EB56     EB56       18        4       0
                text171                            DF82     DF82       4A        4       0
                text170                            CDB4     CDB4       C2        4       0
                text169                            E77C     E77C       2C        4       0
                text168                            EDC6     EDC6        2        4       0
                text167                            E5D8     E5D8       32        4       0
                text166                            E8FA     E8FA       28        4       0
                text165                            B2AC     B2AC      1B4        4       0
                text164                            E948     E948       26        4       0
                text163                            EDC4     EDC4        2        4       0
                text162                            E536     E536       38        4       0
                text161                            BE9E     BE9E      154        4       0
                text160                            EB3E     EB3E       18        4       0
                text159                            ECE0     ECE0        A        4       0
                text158                            D3AE     D3AE       96        4       0
                text157                            CC24     CC24       CC        4       0
                text156                            B77C     B77C      188        4       0
                text155                            BBE2     BBE2      164        4       0
                text154                            E3CE     E3CE       40        4       0
                text153                            E1BE     E1BE       44        4       0
                text152                            CF26     CF26       AE        4       0
                text151                            A1A4     A1A4      2B8        4       0
                text150                            97D8     97D8      39C        4       0
                text149                            D080     D080       AA        4       0
                text148                            C306     C306      104        4       0
                text147                            9012     9012      42A        4       0
                text146                            E4FE     E4FE       38        4       0
                text145                            8726     8726      4C0        4       0
                text144                            E134     E134       46        4       0
                text143                            C200     C200      106        4       0
                text142                            C50A     C50A       FE        4       0
                text141                            AAE4     AAE4      216        4       0
                text140                            DB66     DB66       66        4       0
                text139                            DE98     DE98       50        4       0
                text138                            E34C     E34C       42        4       0
                text137                            567C     567C      A94        4       0
                text136                            C6FA     C6FA       F0        4       0
                text135                            CA86     CA86       D0        4       0
                text134                            AEF8     AEF8      1FC        4       0
                text133                            6BA2     6BA2      6A8        4       0
                text132                            DDF2     DDF2       54        4       0
                text131                            E8D2     E8D2       28        4       0
                text130                            C8D0     C8D0       E4        4       0
                text129                            D6DE     D6DE       7E        4       0
                text128                            EDA6     EDA6        4        4       0
                text127                            ED66     ED66        6        4       0
                text126                            E750     E750       2C        4       0
                text125                            EDA2     EDA2        4        4       0
                text124                            E38E     E38E       40        4       0
                text123                            ECFA     ECFA        8        4       0
                text122                            ED60     ED60        6        4       0
                text121                            EA1E     EA1E       22        4       0
                text120                            ECD6     ECD6        A        4       0
                text119                            D278     D278       9E        4       0
                text118                            EB26     EB26       18        4       0
                text117                            D9B4     D9B4       74        4       0
                text116                            EC2E     EC2E        C        4       0
                text115                            D940     D940       74        4       0
                text114                            E858     E858       2A        4       0
                text113                            E30A     E30A       42        4       0
                text112                            E5A4     E5A4       34        4       0
                text111                            A69A     A69A      234        4       0
                text110                            E9FC     E9FC       22        4       0
                text109                            7DA4     7DA4      4C2        4       0
                text108                            2C38     2C38     2A44        4       0
                text107                            B904     B904      178        4       0
                text106                            DD48     DD48       56        4       0
                text105                            EDC2     EDC2        2        4       0
                text104                            E44E     E44E       3E        4       0
                text102                            EB0E     EB0E       18        4       0
                text101                            E66A     E66A       30        4       0
                text100                            ECCC     ECCC        A        4       0
                text99                             ECC2     ECC2        A        4       0
                text98                             ECB8     ECB8        A        4       0
                text97                             ECAE     ECAE        A        4       0
                text96                             DCF0     DCF0       58        4       0
                text95                             ED5A     ED5A        6        4       0
                text94                             ED9E     ED9E        4        4       0
                text93                             ED54     ED54        6        4       0
                text92                             E63A     E63A       30        4       0
                text91                             ED9A     ED9A        4        4       0
                text90                             DF36     DF36       4C        4       0
                text89                             ECF2     ECF2        8        4       0
                text88                             ED4E     ED4E        6        4       0
                text87                             E9DA     E9DA       22        4       0
                text86                             ECA4     ECA4        A        4       0
                text85                             D12A     D12A       A8        4       0
                text84                             D660     D660       7E        4       0
                text83                             EAF6     EAF6       18        4       0
                text82                             E992     E992       24        4       0
                text81                             EADE     EADE       18        4       0
                text80                             D5DE     D5DE       82        4       0
                text79                             E60A     E60A       30        4       0
                text78                             EAC6     EAC6       18        4       0
                text77                             ED48     ED48        6        4       0
                text76                             ED42     ED42        6        4       0
                text75                             EC9A     EC9A        A        4       0
                text74                             EC90     EC90        A        4       0
                text73                             EC86     EC86        A        4       0
                text72                             EC7C     EC7C        A        4       0
                text71                             D444     D444       8E        4       0
                text70                             EC72     EC72        A        4       0
                text69                             EC68     EC68        A        4       0
                text68                             EC5E     EC5E        A        4       0
                text67                             E0A4     E0A4       48        4       0
                text66                             EB86     EB86       14        4       0
                text65                             ED96     ED96        4        4       0
                text64                             EAAE     EAAE       18        4       0
                text63                             D4D2     D4D2       8A        4       0
                text62                             EA60     EA60       1C        4       0
                text61                             E6C8     E6C8       2E        4       0
                text60                             DEE8     DEE8       4E        4       0
                text59                             E922     E922       26        4       0
                text58                             D852     D852       78        4       0
                text57                             EA40     EA40       20        4       0
                text56                             EBD2     EBD2       12        4       0
                text55                             EBC0     EBC0       12        4       0
                text54                             EBAE     EBAE       12        4       0
                text53                             EA96     EA96       18        4       0
                text52                             E2C8     E2C8       42        4       0
                text51                             E286     E286       42        4       0
                text50                             E724     E724       2C        4       0
                text49                             EC20     EC20        E        4       0
                text48                             B0F4     B0F4      1B8        4       0
                text47                             E8AA     E8AA       28        4       0
                text46                             E69A     E69A       2E        4       0
                text45                             E05C     E05C       48        4       0
                text44                             BD46     BD46      158        4       0
                text43                             EA7C     EA7C       1A        4       0
                text42                             EC12     EC12        E        4       0
                text41                             D316     D316       98        4       0
                text40                             CB56     CB56       CE        4       0
                text39                             B5F2     B5F2      18A        4       0
                text38                             BA7C     BA7C      166        4       0
                text37                             E244     E244       42        4       0
                text36                             E014     E014       48        4       0
                text35                             CE76     CE76       B0        4       0
                text34                             9EEA     9EEA      2BA        4       0
                text33                             943C     943C      39C        4       0
                text32                             CFD4     CFD4       AC        4       0
                text31                             C0FA     C0FA      106        4       0
                text30                             8BE6     8BE6      42C        4       0
                text29                             E48C     E48C       3A        4       0
                text28                             78E2     78E2      4C2        4       0
                text27                             DFCC     DFCC       48        4       0
                text26                             BFF2     BFF2      108        4       0
                text25                             C40A     C40A      100        4       0
                text24                             A8CE     A8CE      216        4       0
                text23                             DA98     DA98       68        4       0
                text22                             DE46     DE46       52        4       0
                text21                             E17A     E17A       44        4       0
                text20                             6110     6110      A92        4       0
                text19                             C608     C608       F2        4       0
                text18                             C9B4     C9B4       D2        4       0
                text17                             ACFA     ACFA      1FE        4       0
                text16                             724A     724A      698        4       0
                text15                             DD9E     DD9E       54        4       0
                text14                             E882     E882       28        4       0
                text13                             C7EA     C7EA       E6        4       0
                text12                             D55C     D55C       82        4       0
                text11                             EC04     EC04        E        4       0
                text10                             D8CA     D8CA       76        4       0
                text9                              E202     E202       42        4       0
                text8                              E56E     E56E       36        4       0
                text7                              A45C     A45C      23E        4       0
                text6                              E96E     E96E       24        4       0
                text5                              8266     8266      4C0        4       0
                text4                               198      198     2AA0        4       0
                text3                              B460     B460      192        4       0
                text2                              DC32     DC32       60        4       0
                text1                              E4C6     E4C6       38        4       0
                text0                              9B74     9B74      376        4       0
                cstackCOMRAM                          1        1       5E        1       1
                cstackBANK0                          60       60       94       60       1
                cstackBANK1                         100      100       BC      100       1
                cstackBANK2                         200      200       F7      200       1
                cstackBANK3                         300      300       BC      300       1
                bssBANK4                            400      400       60      400       1
                dataBANK3                           3F5      3F5        8      300       1
                bssBANK3                            3BC      3BC       22      300       1
                bssBANK2                            2F7      2F7        9      200       1
                bssBANK1                            1BC      1BC       3C      100       1
                bssBANK0                             F4       F4        8       60       1
                cinit                              DB00     DB00       66        4       0
                nvBANK3                             3DE      3DE       17      300       1
                nvBANK1                             1F8      1F8        8      100       1
                nvBANK0                              FC       FC        1       60       1
                idataBANK3                         ECEA     ECEA        8        4       0

TOTAL           Name                               Link     Load   Length     Space
        CLASS   CODE           
                intcode                               8        8      18C         0
                init                                194      194        4         0
                reset_vec                             0        0        4         0
                text216                            E0EC     E0EC       48         0
                text215                            EDBE     EDBE        4         0
                text214                            EDBA     EDBA        4         0
                text213                            E9B6     E9B6       24         0
                text212                            D7D8     D7D8       7A         0
                text211                            EB6E     EB6E       18         0
                text210                            E82C     E82C       2C         0
                text209                            E800     E800       2C         0
                text208                            E7D4     E7D4       2C         0
                text207                            E7A8     E7A8       2C         0
                text206                            E40E     E40E       40         0
                text205                            EDB6     EDB6        4         0
                text204                            EDB2     EDB2        4         0
                text203                            EDAE     EDAE        4         0
                text202                            ED90     ED90        6         0
                text201                            EDAA     EDAA        4         0
                text200                            ED8A     ED8A        6         0
                text199                            ED3A     ED3A        8         0
                text198                            EB9A     EB9A       14         0
                text197                            ED84     ED84        6         0
                text196                            D75C     D75C       7C         0
                text195                            EC52     EC52        C         0
                text194                            EBF4     EBF4       10         0
                text193                            EBE4     EBE4       10         0
                text192                            CCF0     CCF0       C4         0
                text191                            D1D2     D1D2       A6         0
                text190                            EC46     EC46        C         0
                text189                            ED32     ED32        8         0
                text188                            ED2A     ED2A        8         0
                text187                            ED22     ED22        8         0
                text186                            ED1A     ED1A        8         0
                text185                            ED12     ED12        8         0
                text184                            ED0A     ED0A        8         0
                text183                            ED02     ED02        8         0
                text182                            EC3A     EC3A        C         0
                text181                            DBCC     DBCC       66         0
                text180                            ED7E     ED7E        6         0
                text179                            DA28     DA28       70         0
                text178                            ED78     ED78        6         0
                text177                            DC92     DC92       5E         0
                text176                            E6F6     E6F6       2E         0
                text175                            ED72     ED72        6         0
                text174                            EDC8     EDC8        2         0
                text173                            ED6C     ED6C        6         0
                text172                            EB56     EB56       18         0
                text171                            DF82     DF82       4A         0
                text170                            CDB4     CDB4       C2         0
                text169                            E77C     E77C       2C         0
                text168                            EDC6     EDC6        2         0
                text167                            E5D8     E5D8       32         0
                text166                            E8FA     E8FA       28         0
                text165                            B2AC     B2AC      1B4         0
                text164                            E948     E948       26         0
                text163                            EDC4     EDC4        2         0
                text162                            E536     E536       38         0
                text161                            BE9E     BE9E      154         0
                text160                            EB3E     EB3E       18         0
                text159                            ECE0     ECE0        A         0
                text158                            D3AE     D3AE       96         0
                text157                            CC24     CC24       CC         0
                text156                            B77C     B77C      188         0
                text155                            BBE2     BBE2      164         0
                text154                            E3CE     E3CE       40         0
                text153                            E1BE     E1BE       44         0
                text152                            CF26     CF26       AE         0
                text151                            A1A4     A1A4      2B8         0
                text150                            97D8     97D8      39C         0
                text149                            D080     D080       AA         0
                text148                            C306     C306      104         0
                text147                            9012     9012      42A         0
                text146                            E4FE     E4FE       38         0
                text145                            8726     8726      4C0         0
                text144                            E134     E134       46         0
                text143                            C200     C200      106         0
                text142                            C50A     C50A       FE         0
                text141                            AAE4     AAE4      216         0
                text140                            DB66     DB66       66         0
                text139                            DE98     DE98       50         0
                text138                            E34C     E34C       42         0
                text137                            567C     567C      A94         0
                text136                            C6FA     C6FA       F0         0
                text135                            CA86     CA86       D0         0
                text134                            AEF8     AEF8      1FC         0
                text133                            6BA2     6BA2      6A8         0
                text132                            DDF2     DDF2       54         0
                text131                            E8D2     E8D2       28         0
                text130                            C8D0     C8D0       E4         0
                text129                            D6DE     D6DE       7E         0
                text128                            EDA6     EDA6        4         0
                text127                            ED66     ED66        6         0
                text126                            E750     E750       2C         0
                text125                            EDA2     EDA2        4         0
                text124                            E38E     E38E       40         0
                text123                            ECFA     ECFA        8         0
                text122                            ED60     ED60        6         0
                text121                            EA1E     EA1E       22         0
                text120                            ECD6     ECD6        A         0
                text119                            D278     D278       9E         0
                text118                            EB26     EB26       18         0
                text117                            D9B4     D9B4       74         0
                text116                            EC2E     EC2E        C         0
                text115                            D940     D940       74         0
                text114                            E858     E858       2A         0
                text113                            E30A     E30A       42         0
                text112                            E5A4     E5A4       34         0
                text111                            A69A     A69A      234         0
                text110                            E9FC     E9FC       22         0
                text109                            7DA4     7DA4      4C2         0
                text108                            2C38     2C38     2A44         0
                text107                            B904     B904      178         0
                text106                            DD48     DD48       56         0
                text105                            EDC2     EDC2        2         0
                text104                            E44E     E44E       3E         0
                text102                            EB0E     EB0E       18         0
                text101                            E66A     E66A       30         0
                text100                            ECCC     ECCC        A         0
                text99                             ECC2     ECC2        A         0
                text98                             ECB8     ECB8        A         0
                text97                             ECAE     ECAE        A         0
                text96                             DCF0     DCF0       58         0
                text95                             ED5A     ED5A        6         0
                text94                             ED9E     ED9E        4         0
                text93                             ED54     ED54        6         0
                text92                             E63A     E63A       30         0
                text91                             ED9A     ED9A        4         0
                text90                             DF36     DF36       4C         0
                text89                             ECF2     ECF2        8         0
                text88                             ED4E     ED4E        6         0
                text87                             E9DA     E9DA       22         0
                text86                             ECA4     ECA4        A         0
                text85                             D12A     D12A       A8         0
                text84                             D660     D660       7E         0
                text83                             EAF6     EAF6       18         0
                text82                             E992     E992       24         0
                text81                             EADE     EADE       18         0
                text80                             D5DE     D5DE       82         0
                text79                             E60A     E60A       30         0
                text78                             EAC6     EAC6       18         0
                text77                             ED48     ED48        6         0
                text76                             ED42     ED42        6         0
                text75                             EC9A     EC9A        A         0
                text74                             EC90     EC90        A         0
                text73                             EC86     EC86        A         0
                text72                             EC7C     EC7C        A         0
                text71                             D444     D444       8E         0
                text70                             EC72     EC72        A         0
                text69                             EC68     EC68        A         0
                text68                             EC5E     EC5E        A         0
                text67                             E0A4     E0A4       48         0
                text66                             EB86     EB86       14         0
                text65                             ED96     ED96        4         0
                text64                             EAAE     EAAE       18         0
                text63                             D4D2     D4D2       8A         0
                text62                             EA60     EA60       1C         0
                text61                             E6C8     E6C8       2E         0
                text60                             DEE8     DEE8       4E         0
                text59                             E922     E922       26         0
                text58                             D852     D852       78         0
                text57                             EA40     EA40       20         0
                text56                             EBD2     EBD2       12         0
                text55                             EBC0     EBC0       12         0
                text54                             EBAE     EBAE       12         0
                text53                             EA96     EA96       18         0
                text52                             E2C8     E2C8       42         0
                text51                             E286     E286       42         0
                text50                             E724     E724       2C         0
                text49                             EC20     EC20        E         0
                text48                             B0F4     B0F4      1B8         0
                text47                             E8AA     E8AA       28         0
                text46                             E69A     E69A       2E         0
                text45                             E05C     E05C       48         0
                text44                             BD46     BD46      158         0
                text43                             EA7C     EA7C       1A         0
                text42                             EC12     EC12        E         0
                text41                             D316     D316       98         0
                text40                             CB56     CB56       CE         0
                text39                             B5F2     B5F2      18A         0
                text38                             BA7C     BA7C      166         0
                text37                             E244     E244       42         0
                text36                             E014     E014       48         0
                text35                             CE76     CE76       B0         0
                text34                             9EEA     9EEA      2BA         0
                text33                             943C     943C      39C         0
                text32                             CFD4     CFD4       AC         0
                text31                             C0FA     C0FA      106         0
                text30                             8BE6     8BE6      42C         0
                text29                             E48C     E48C       3A         0
                text28                             78E2     78E2      4C2         0
                text27                             DFCC     DFCC       48         0
                text26                             BFF2     BFF2      108         0
                text25                             C40A     C40A      100         0
                text24                             A8CE     A8CE      216         0
                text23                             DA98     DA98       68         0
                text22                             DE46     DE46       52         0
                text21                             E17A     E17A       44         0
                text20                             6110     6110      A92         0
                text19                             C608     C608       F2         0
                text18                             C9B4     C9B4       D2         0
                text17                             ACFA     ACFA      1FE         0
                text16                             724A     724A      698         0
                text15                             DD9E     DD9E       54         0
                text14                             E882     E882       28         0
                text13                             C7EA     C7EA       E6         0
                text12                             D55C     D55C       82         0
                text11                             EC04     EC04        E         0
                text10                             D8CA     D8CA       76         0
                text9                              E202     E202       42         0
                text8                              E56E     E56E       36         0
                text7                              A45C     A45C      23E         0
                text6                              E96E     E96E       24         0
                text5                              8266     8266      4C0         0
                text4                               198      198     2AA0         0
                text3                              B460     B460      192         0
                text2                              DC32     DC32       60         0
                text1                              E4C6     E4C6       38         0
                text0                              9B74     9B74      376         0
                cinit                              DB00     DB00       66         0
                idataBANK3                         ECEA     ECEA        8         0

        CLASS   CONST          

        CLASS   SMALLCONST     

        CLASS   MEDIUMCONST    
                mediumconst                        FE6A     FE6A      196         0

        CLASS   COMRAM         
                temp                                 5F       5F        1         1
                cstackCOMRAM                          1        1       5E         1

        CLASS   ABS1           

        CLASS   BIGRAM         

        CLASS   RAM            

        CLASS   BANK0          
                cstackBANK0                          60       60       94         1
                bssBANK0                             F4       F4        8         1
                nvBANK0                              FC       FC        1         1

        CLASS   BANK1          
                cstackBANK1                         100      100       BC         1
                bssBANK1                            1BC      1BC       3C         1
                nvBANK1                             1F8      1F8        8         1

        CLASS   BANK2          
                cstackBANK2                         200      200       F7         1
                bssBANK2                            2F7      2F7        9         1

        CLASS   BANK3          
                cstackBANK3                         300      300       BC         1
                dataBANK3                           3F5      3F5        8         1
                bssBANK3                            3BC      3BC       22         1
                nvBANK3                             3DE      3DE       17         1

        CLASS   BANK4          
                bssBANK4                            400      400       60         1

        CLASS   BANK5          

        CLASS   BANK6          

        CLASS   BANK7          

        CLASS   BANK8          

        CLASS   BANK9          

        CLASS   BANK10         

        CLASS   BANK11         

        CLASS   BANK12         

        CLASS   BANK13         

        CLASS   BANK14         

        CLASS   SFR            

        CLASS   BIGSFR         

        CLASS   CONFIG         
                config                           300000   300000        C         4

        CLASS   IDLOC          
                idloc                            200000   200000       10         5

        CLASS   EEDATA         

        CLASS   FARRAM         

        CLASS   HEAP           

        CLASS   STACK          



SEGMENTS        Name                           Load    Length   Top    Selector   Space  Class

                reset_vec                      000000  000004  000004         0       0  CODE    
                cstackCOMRAM                   000001  00005F  000060         1       1  COMRAM  
                intcode                        000008  00EDC2  00EDCA         4       0  CODE    
                cstackBANK0                    000060  00009D  0000FD        60       1  BANK0   
                cstackBANK1                    000100  000100  000200       100       1  BANK1   
                cstackBANK2                    000200  000100  000300       200       1  BANK2   
                cstackBANK3                    000300  0000FD  0003FD       300       1  BANK3   
                bssBANK4                       000400  000060  000460       400       1  BANK4   
                mediumconst                    00FE6A  000196  010000      7F35       0  MEDIUMCO


UNUSED ADDRESS RANGES

        Name                Unused          Largest block    Delta
        BANK0            0000FD-0000FF                3
        BANK10           000A00-000AFF              100
        BANK11           000B00-000BFF              100
        BANK12           000C00-000CFF              100
        BANK13           000D00-000DFF              100
        BANK14           000E00-000E87               88
        BANK3            0003FD-0003FF                3
        BANK4            000460-0004FF               A0
        BANK5            000500-0005FF              100
        BANK6            000600-0006FF              100
        BANK7            000700-0007FF              100
        BANK8            000800-0008FF              100
        BANK9            000900-0009FF              100
        BIGRAM           0000FD-0000FF                3
                         0003FD-0003FF                3
                         000460-000E87              A28
        BIGSFR           000E8D-000FFF              173
        CODE             000004-000007                4
                         00EDCA-00FE69             10A0
        CONST            000004-000007                4
                         00EDCA-00FE69             10A0
        EEDATA           310000-3103FF              400
        MEDIUMCONST      00EDCA-00FE69             10A0
        RAM              0000FD-0000FF                3
                         0003FD-0003FF                3
                         000460-000E87              100
        SFR              000E8D-000FFF               73
        SMALLCONST       00EDCA-00FE69              100

                                  Symbol Table

?___aodiv                                       cstackBANK2  000200
?___aomod                                       cstackBANK2  000200
?___fladd                                       cstackBANK2  000215
?___fldiv                                       cstackBANK2  000246
?___flmul                                       cstackBANK2  000225
?___flneg                                       cstackBANK2  000200
?___flsub                                       cstackBANK2  00023E
?___fltol                                       cstackBANK2  000200
?___fpclassifyf                                 cstackBANK2  000200
?___lodiv                                       cstackBANK2  000200
?___lomod                                       cstackBANK2  000200
?___lwdiv                                       cstackBANK2  000200
?___wmul                                        cstackBANK2  000200
?___xxtofl                                      cstackBANK2  000207
?_abs                                           cstackBANK2  000212
?_atoi                                          cstackBANK2  000206
?_fabsf                                         cstackBANK2  000200
?_floorf                                        cstackBANK2  00025F
?_hallRead                                      cstackBANK2  00020C
?_isdigit                                       cstackBANK2  000200
?_isspace                                       cstackBANK2  000200
?_labs                                          cstackBANK2  000200
?_nanf                                          cstackBANK2  000200
?_powf                                          cstackBANK2  00027F
?_printf                                        cstackBANK2  0002C7
?_scalbnf                                       cstackBANK2  00023E
?_sqrtf                                         cstackBANK2  000252
?_t_update                                      cstackBANK2  00025F
?_vfprintf                                      cstackBANK2  0002BF
?_windSpeedCalc                                 cstackBANK2  000290
?i2___aodiv                                     cstackCOMRAM 000001
?i2___aomod                                     cstackCOMRAM 000001
?i2___fladd                                     cstackCOMRAM 000016
?i2___fldiv                                     cstackCOMRAM 000047
?i2___flmul                                     cstackCOMRAM 000026
?i2___flneg                                     cstackCOMRAM 000001
?i2___flsub                                     cstackCOMRAM 00003F
?i2___fltol                                     cstackCOMRAM 000001
?i2___fpclassifyf                               cstackCOMRAM 000001
?i2___lodiv                                     cstackCOMRAM 000001
?i2___lomod                                     cstackCOMRAM 000001
?i2___lwdiv                                     cstackCOMRAM 000001
?i2___wmul                                      cstackCOMRAM 000001
?i2___xxtofl                                    cstackCOMRAM 000008
?i2_abs                                         cstackCOMRAM 000013
?i2_atoi                                        cstackCOMRAM 000007
?i2_fabsf                                       cstackCOMRAM 000001
?i2_floorf                                      cstackCOMRAM 000053
?i2_hallRead                                    cstackCOMRAM 00000D
?i2_labs                                        cstackCOMRAM 000001
?i2_nanf                                        cstackCOMRAM 000001
?i2_powf                                        cstackBANK0  000084
?i2_printf                                      cstackBANK0  0000C9
?i2_scalbnf                                     cstackCOMRAM 00003F
?i2_sqrtf                                       cstackCOMRAM 000053
?i2_t_update                                    cstackCOMRAM 000053
?i2_vfprintf                                    cstackBANK0  0000C1
?i2_windSpeedCalc                               cstackBANK0  000095
EUSART1_Read@readValue                          cstackCOMRAM 000001
EUSART1_SetErrorHandler@interruptHandler        cstackBANK2  000200
EUSART1_SetFramingErrorHandler@interruptHandler cstackBANK2  000200
EUSART1_SetOverrunErrorHandler@interruptHandler cstackBANK2  000200
EUSART1_SetRxInterruptHandler@interruptHandler  cstackBANK2  000200
EUSART1_SetTxInterruptHandler@interruptHandler  cstackBANK2  000200
EUSART2_SetErrorHandler@interruptHandler        cstackBANK2  000200
EUSART2_SetFramingErrorHandler@interruptHandler cstackBANK2  000200
EUSART2_SetOverrunErrorHandler@interruptHandler cstackBANK2  000200
EUSART2_Write@txData                            cstackBANK2  000200
I2C1_CallbackReturnReset@funPtr                 cstackCOMRAM 00000A
I2C1_Close@returnValue                          cstackBANK2  000200
I2C1_MasterOperation@read                       cstackBANK2  000200
I2C1_MasterOperation@returnValue                cstackBANK2  000201
I2C1_MasterSendTxData@data                      cstackCOMRAM 000001
I2C1_Open@address                               cstackBANK2  000202
I2C1_Open@returnValue                           cstackBANK2  000203
I2C1_Read1ByteRegister@address                  cstackBANK2  00020A
I2C1_Read1ByteRegister@reg                      cstackBANK2  000209
I2C1_Read1ByteRegister@returnValue              cstackBANK2  00020B
I2C1_SetAddressNackCallback@cb                  cstackBANK2  000205
I2C1_SetAddressNackCallback@ptr                 cstackBANK2  000207
I2C1_SetBuffer@buffer                           cstackBANK2  000200
I2C1_SetBuffer@bufferSize                       cstackBANK2  000202
I2C1_SetCallback@cb                             cstackBANK2  000200
I2C1_SetCallback@idx                            cstackBANK2  000204
I2C1_SetCallback@ptr                            cstackBANK2  000202
I2C1_SetDataCompleteCallback@cb                 cstackBANK2  000205
I2C1_SetDataCompleteCallback@ptr                cstackBANK2  000207
I2C1_SetInterruptHandler@InterruptHandler       cstackBANK2  000200
I2C1_Write1ByteRegister@address                 cstackBANK2  00020B
I2C1_Write1ByteRegister@data                    cstackBANK2  00020A
I2C1_Write1ByteRegister@reg                     cstackBANK2  000209
IOCAF0_SetInterruptHandler@InterruptHandler     cstackBANK2  000200
TMR2_SetInterruptHandler@InterruptHandler       cstackBANK2  000200
TMR3_SetInterruptHandler@InterruptHandler       cstackBANK2  000200
TMR3_WriteTimer@timerVal                        cstackCOMRAM 000001
_ANSELA                                         (abs)        000F11
_ANSELB                                         (abs)        000F19
_ANSELC                                         (abs)        000F21
_BAUD1CON                                       (abs)        000F9F
_BAUD2CON                                       (abs)        000E9F
_EUSART1_DefaultErrorHandler                    text175      00ED72
_EUSART1_DefaultFramingErrorHandler             text174      00EDC8
_EUSART1_DefaultOverrunErrorHandler             text173      00ED6C
_EUSART1_ErrorHandler                           nvBANK3      0003EA
_EUSART1_FramingErrorHandler                    nvBANK3      0003EE
_EUSART1_Initialize                             text71       00D444
_EUSART1_OverrunErrorHandler                    nvBANK3      0003EC
_EUSART1_Read                                   text177      00DC92
_EUSART1_Receive_ISR                            text170      00CDB4
_EUSART1_RxDataHandler                          text176      00E6F6
_EUSART1_RxDefaultInterruptHandler              nvBANK3      0003F0
_EUSART1_SetErrorHandler                        text75       00EC9A
_EUSART1_SetFramingErrorHandler                 text74       00EC90
_EUSART1_SetOverrunErrorHandler                 text73       00EC86
_EUSART1_SetRxInterruptHandler                  text100      00ECCC
_EUSART1_SetTxInterruptHandler                  text72       00EC7C
_EUSART1_Transmit_ISR                           text216      00E0EC
_EUSART1_TxDefaultInterruptHandler              nvBANK3      0003F2
_EUSART1_is_rx_ready                            text172      00EB56
_EUSART1_is_tx_ready                            text102      00EB0E
_EUSART2_DefaultErrorHandler                    (abs)        000000
_EUSART2_DefaultFramingErrorHandler             (abs)        000000
_EUSART2_DefaultOverrunErrorHandler             (abs)        000000
_EUSART2_ErrorHandler                           nvBANK3      0003E2
_EUSART2_FramingErrorHandler                    nvBANK3      0003E6
_EUSART2_Initialize                             text67       00E0A4
_EUSART2_OverrunErrorHandler                    nvBANK3      0003E4
_EUSART2_SetErrorHandler                        text70       00EC72
_EUSART2_SetFramingErrorHandler                 text69       00EC68
_EUSART2_SetOverrunErrorHandler                 text68       00EC5E
_EUSART2_Write                                  text43       00EA7C
_EUSART2_is_tx_ready                            text101      00E66A
_EUSART2_is_tx_ready$2838                       cstackBANK2  000200
_I2C1_CallbackReturnReset                       text204      00EDB2
_I2C1_CallbackReturnStop                        text205      00EDB6
_I2C1_Close                                     text92       00E63A
_I2C1_DO_ADDRESS_NACK                           text181      00DBCC
_I2C1_DO_IDLE                                   text195      00EC52
_I2C1_DO_RCEN                                   text190      00EC46
_I2C1_DO_RESET                                  text182      00EC3A
_I2C1_DO_RX                                     text191      00D1D2
_I2C1_DO_RX_ACK                                 text185      00ED12
_I2C1_DO_RX_NACK_RESTART                        text183      00ED02
_I2C1_DO_RX_NACK_STOP                           text184      00ED0A
_I2C1_DO_SEND_ADR_READ                          text194      00EBF4
_I2C1_DO_SEND_ADR_WRITE                         text193      00EBE4
_I2C1_DO_SEND_RESTART                           text187      00ED22
_I2C1_DO_SEND_RESTART_READ                      text189      00ED32
_I2C1_DO_SEND_RESTART_WRITE                     text188      00ED2A
_I2C1_DO_SEND_STOP                              text186      00ED1A
_I2C1_DO_TX                                     text192      00CCF0
_I2C1_DO_TX_EMPTY                               text196      00D75C
_I2C1_Initialize                                text66       00EB86
_I2C1_MasterClearIrq                            text95       00ED5A
_I2C1_MasterClose                               text94       00ED9E
_I2C1_MasterDisableIrq                          text93       00ED54
_I2C1_MasterEnableIrq                           text88       00ED4E
_I2C1_MasterEnableRestart                       text215      00EDBE
_I2C1_MasterFsm                                 text179      00DA28
_I2C1_MasterGetRxData                           text201      00EDAA
_I2C1_MasterIsNack                              text198      00EB9A
_I2C1_MasterIsr                                 text178      00ED78
_I2C1_MasterOpen                                text87       00E9DA
_I2C1_MasterOperation                           text90       00DF36
_I2C1_MasterSendAck                             text200      00ED8A
_I2C1_MasterSendNack                            text202      00ED90
_I2C1_MasterSendTxData                          text199      00ED3A
_I2C1_MasterSetIrq                              text197      00ED84
_I2C1_MasterStart                               text91       00ED9A
_I2C1_MasterStartRx                             text203      00EDAE
_I2C1_MasterStop                                text214      00EDBA
_I2C1_MasterWrite                               text89       00ECF2
_I2C1_Open                                      text85       00D12A
_I2C1_Read1ByteRegister                         text80       00D5DE
_I2C1_SetAddressNackCallback                    text83       00EAF6
_I2C1_SetBuffer                                 text82       00E992
_I2C1_SetCallback                               text84       00D660
_I2C1_SetDataCompleteCallback                   text81       00EADE
_I2C1_SetInterruptHandler                       text86       00ECA4
_I2C1_Status                                    bssBANK1     0001BC
_I2C1_Write1ByteRegister                        text58       00D852
_INLVLA                                         (abs)        000F0D
_INLVLB                                         (abs)        000F15
_INLVLC                                         (abs)        000F1D
_INLVLE                                         (abs)        000F2A
_INTCONbits                                     (abs)        000FF2
_INTERRUPT_Initialize                           text65       00ED96
_INTERRUPT_InterruptManager                     intcode      000008
_IOCAF0_DefaultInterruptHandler                 (abs)        000000
_IOCAF0_InterruptHandler                        nvBANK1      0001FE
_IOCAF0_SetInterruptHandler                     text99       00ECC2
_IOCAFbits                                      (abs)        000F0A
_IOCANbits                                      (abs)        000F0B
_IOCAPbits                                      (abs)        000F0C
_Interrupt_Handler_Initialize                   text96       00DCF0
_LATA                                           (abs)        000F83
_LATAbits                                       (abs)        000F83
_LATB                                           (abs)        000F84
_LATBbits                                       (abs)        000F84
_LATC                                           (abs)        000F85
_LATCbits                                       (abs)        000F85
_MSSP1_InterruptHandler                         bssBANK0     0000F6
_ODCONA                                         (abs)        000F0F
_ODCONB                                         (abs)        000F17
_ODCONBbits                                     (abs)        000F17
_ODCONC                                         (abs)        000F1F
_OSCCON1                                        (abs)        000ED8
_OSCCON3                                        (abs)        000EDA
_OSCEN                                          (abs)        000EDC
_OSCFRQ                                         (abs)        000EDE
_OSCILLATOR_Initialize                          text64       00EAAE
_OSCTUNE                                        (abs)        000EDD
_PIE3bits                                       (abs)        000EC5
_PIE4bits                                       (abs)        000EC6
_PIN_MANAGER_Initialize                         text63       00D4D2
_PIR3bits                                       (abs)        000ECD
_PIR4bits                                       (abs)        000ECE
_PMD0                                           (abs)        000EE1
_PMD1                                           (abs)        000EE2
_PMD2                                           (abs)        000EE3
_PMD3                                           (abs)        000EE4
_PMD4                                           (abs)        000EE5
_PMD5                                           (abs)        000EE6
_PMD_Initialize                                 text62       00EA60
_PORTAbits                                      (abs)        000F8D
_PR2                                            (abs)        000FBC
_PROJECT_INIT                                   text77       00ED48
_RB6PPS                                         (abs)        000EF5
_RC1REG                                         (abs)        000F99
_RC1STA                                         (abs)        000F9D
_RC1STAbits                                     (abs)        000F9D
_RC2REG                                         (abs)        000E99
_RC2STA                                         (abs)        000E9D
_RC2STAbits                                     (abs)        000E9D
_RC3PPS                                         (abs)        000EFA
_RC4PPS                                         (abs)        000EFB
_RC6PPS                                         (abs)        000EFD
_RX1PPS                                         (abs)        000EB5
_RX2PPS                                         (abs)        000E8D
_Read_EUSART1_Buffer                            text76       00ED42
_Rx1_ISR                                        text171      00DF82
_SLRCONA                                        (abs)        000F0E
_SLRCONB                                        (abs)        000F16
_SLRCONC                                        (abs)        000F1E
_SP1BRGH                                        (abs)        000F9C
_SP1BRGL                                        (abs)        000F9B
_SP2BRGH                                        (abs)        000E9C
_SP2BRGL                                        (abs)        000E9B
_SSP1ADD                                        (abs)        000F93
_SSP1BUF                                        (abs)        000F92
_SSP1CLKPPS                                     (abs)        000EB7
_SSP1CON1                                       (abs)        000F96
_SSP1CON1bits                                   (abs)        000F96
_SSP1CON2                                       (abs)        000F97
_SSP1CON2bits                                   (abs)        000F97
_SSP1DATPPS                                     (abs)        000EB8
_SSP1STAT                                       (abs)        000F95
_SSP1STATbits                                   (abs)        000F95
_SYSTEM_Initialize                              text59       00E922
_T2CLKCON                                       (abs)        000FBF
_T2CON                                          (abs)        000FBD
_T2CONbits                                      (abs)        000FBD
_T2HLT                                          (abs)        000FBE
_T2HLTbits                                      (abs)        000FBE
_T2PR                                           (abs)        000FBC
_T2RST                                          (abs)        000FC0
_T2RSTbits                                      (abs)        000FC0
_T2TMR                                          (abs)        000FBB
_T3CLK                                          (abs)        000FCC
_T3CON                                          (abs)        000FC9
_T3CONbits                                      (abs)        000FC9
_T3GATE                                         (abs)        000FCB
_T3GCON                                         (abs)        000FCA
_T3GCONbits                                     (abs)        000FCA
_TMR2                                           (abs)        000FBB
_TMR2_DefaultInterruptHandler                   text168      00EDC6
_TMR2_ISR                                       text167      00E5D8
_TMR2_Initialize                                text61       00E6C8
_TMR2_InterruptHandler                          nvBANK1      0001FC
_TMR2_SetInterruptHandler                       text98       00ECB8
_TMR3H                                          (abs)        000FC8
_TMR3L                                          (abs)        000FC7
_TMR3_DefaultInterruptHandler                   text105      00EDC2
_TMR3_ISR                                       text104      00E44E
_TMR3_Initialize                                text60       00DEE8
_TMR3_InterruptHandler                          nvBANK1      0001F8
_TMR3_SetInterruptHandler                       text97       00ECAE
_TMR3_WriteTimer                                text166      00E8FA
_TRISA                                          (abs)        000F88
_TRISB                                          (abs)        000F89
_TRISC                                          (abs)        000F8A
_TX1REG                                         (abs)        000F9A
_TX1STA                                         (abs)        000F9E
_TX1STAbits                                     (abs)        000F9E
_TX2REG                                         (abs)        000E9A
_TX2STA                                         (abs)        000E9E
_TX2STAbits                                     (abs)        000E9E
_WPUA                                           (abs)        000F10
_WPUB                                           (abs)        000F18
_WPUC                                           (abs)        000F20
_WPUE                                           (abs)        000F2D
__HRAM                                          (abs)        000000
__Habs1                                         abs1         000000
__Hbank0                                        bank0        000000
__Hbank1                                        bank1        000000
__Hbank10                                       bank10       000000
__Hbank11                                       bank11       000000
__Hbank12                                       bank12       000000
__Hbank13                                       bank13       000000
__Hbank14                                       bank14       000000
__Hbank2                                        bank2        000000
__Hbank3                                        bank3        000000
__Hbank4                                        bank4        000000
__Hbank5                                        bank5        000000
__Hbank6                                        bank6        000000
__Hbank7                                        bank7        000000
__Hbank8                                        bank8        000000
__Hbank9                                        bank9        000000
__Hbigbss                                       bigbss       000000
__Hbigdata                                      bigdata      000000
__Hbigram                                       bigram       000000
__Hbigsfr                                       bigsfr       000000
__Hbss                                          bss          000000
__HbssBANK0                                     bssBANK0     000000
__HbssBANK1                                     bssBANK1     000000
__HbssBANK2                                     bssBANK2     000000
__HbssBANK3                                     bssBANK3     000000
__HbssBANK4                                     bssBANK4     000000
__Hcinit                                        cinit        000000
__Hclrtext                                      clrtext      000000
__Hcomram                                       comram       000000
__Hconfig                                       config       30000C
__Hconst                                        const        000000
__HcstackBANK0                                  cstackBANK0  000000
__HcstackBANK1                                  cstackBANK1  000000
__HcstackBANK2                                  cstackBANK2  000000
__HcstackBANK3                                  cstackBANK3  000000
__HcstackCOMRAM                                 cstackCOMRAM 000000
__Hdata                                         data         000000
__HdataBANK3                                    dataBANK3    000000
__Heeprom_data                                  eeprom_data  000000
__Hfarbss                                       farbss       000000
__Hfardata                                      fardata      000000
__Hheap                                         heap         000000
__Hibigdata                                     ibigdata     000000
__Hidata                                        idata        000000
__HidataBANK3                                   idataBANK3   000000
__Hidloc                                        idloc        200010
__Hifardata                                     ifardata     000000
__Hinit                                         init         000198
__Hintcode                                      intcode      000194
__Hintcode_body                                 intcode_body 000000
__Hintcodelo                                    intcodelo    000194
__Hintentry                                     intentry     000000
__Hintret                                       intret       000000
__Hintsave_regs                                 intsave_regs 000000
__Hirdata                                       irdata       000000
__Hmediumconst                                  mediumconst  010000
__HnvBANK0                                      nvBANK0      000000
__HnvBANK1                                      nvBANK1      000000
__HnvBANK3                                      nvBANK3      000000
__HnvFARRAM                                     nvFARRAM     000000
__Hnvbit                                        nvbit        000000
__Hnvrram                                       nvrram       000000
__Hparam                                        rparam       000000
__Hpowerup                                      powerup      000194
__Hram                                          ram          000000
__Hramtop                                       ramtop       000F00
__Hrbit                                         rbit         000000
__Hrbss                                         rbss         000000
__Hrdata                                        rdata        000000
__Hreset_vec                                    reset_vec    000004
__Hrparam                                       rparam       000000
__Hsfr                                          sfr          000000
__Hsmallconst                                   smallconst   000000
__Hspace_0                                      (abs)        010000
__Hspace_1                                      (abs)        000460
__Hspace_2                                      (abs)        000000
__Hspace_4                                      (abs)        60000C
__Hstack                                        stack        000000
__Hstruct                                       struct       000000
__Htemp                                         temp         000060
__Htext                                         text         000000
__Htext0                                        text0        000000
__Htext1                                        text1        000000
__Htext10                                       text10       000000
__Htext100                                      text100      000000
__Htext101                                      text101      000000
__Htext102                                      text102      000000
__Htext104                                      text104      000000
__Htext105                                      text105      000000
__Htext106                                      text106      000000
__Htext107                                      text107      000000
__Htext108                                      text108      000000
__Htext109                                      text109      000000
__Htext11                                       text11       000000
__Htext110                                      text110      000000
__Htext111                                      text111      000000
__Htext112                                      text112      000000
__Htext113                                      text113      000000
__Htext114                                      text114      000000
__Htext115                                      text115      000000
__Htext116                                      text116      000000
__Htext117                                      text117      000000
__Htext118                                      text118      000000
__Htext119                                      text119      000000
__Htext12                                       text12       000000
__Htext120                                      text120      000000
__Htext121                                      text121      000000
__Htext122                                      text122      000000
__Htext123                                      text123      000000
__Htext124                                      text124      000000
__Htext125                                      text125      000000
__Htext126                                      text126      000000
__Htext127                                      text127      000000
__Htext128                                      text128      000000
__Htext129                                      text129      000000
__Htext13                                       text13       000000
__Htext130                                      text130      000000
__Htext131                                      text131      000000
__Htext132                                      text132      000000
__Htext133                                      text133      000000
__Htext134                                      text134      000000
__Htext135                                      text135      000000
__Htext136                                      text136      000000
__Htext137                                      text137      000000
__Htext138                                      text138      000000
__Htext139                                      text139      000000
__Htext14                                       text14       000000
__Htext140                                      text140      000000
__Htext141                                      text141      000000
__Htext142                                      text142      000000
__Htext143                                      text143      000000
__Htext144                                      text144      000000
__Htext145                                      text145      000000
__Htext146                                      text146      000000
__Htext147                                      text147      000000
__Htext148                                      text148      000000
__Htext149                                      text149      000000
__Htext15                                       text15       000000
__Htext150                                      text150      000000
__Htext151                                      text151      000000
__Htext152                                      text152      000000
__Htext153                                      text153      000000
__Htext154                                      text154      000000
__Htext155                                      text155      000000
__Htext156                                      text156      000000
__Htext157                                      text157      000000
__Htext158                                      text158      000000
__Htext159                                      text159      000000
__Htext16                                       text16       000000
__Htext160                                      text160      000000
__Htext161                                      text161      000000
__Htext162                                      text162      000000
__Htext163                                      text163      000000
__Htext164                                      text164      000000
__Htext165                                      text165      000000
__Htext166                                      text166      000000
__Htext167                                      text167      000000
__Htext168                                      text168      000000
__Htext169                                      text169      000000
__Htext17                                       text17       000000
__Htext170                                      text170      000000
__Htext171                                      text171      000000
__Htext172                                      text172      000000
__Htext173                                      text173      000000
__Htext174                                      text174      000000
__Htext175                                      text175      000000
__Htext176                                      text176      000000
__Htext177                                      text177      000000
__Htext178                                      text178      000000
__Htext179                                      text179      000000
[...]
vfpfcnvrt@convarg                               cstackBANK2  0002B4
vfpfcnvrt@cp                                    cstackBANK2  0002BD
vfpfcnvrt@done                                  cstackBANK2  0002B2
vfpfcnvrt@fmt                                   cstackBANK2  0002AA
vfpfcnvrt@fp                                    cstackBANK2  0002A8
vfprintf@ap                                     cstackBANK2  0002C3
vfprintf@cfmt                                   cstackBANK2  0002C5
vfprintf@fmt                                    cstackBANK2  0002C1
vfprintf@fp                                     cstackBANK2  0002BF
windSpeedCalc@dw_dt                             cstackBANK2  000298
windSpeedCalc@linearVel                         cstackBANK2  00029C
windSpeedCalc@power                             cstackBANK2  000294
windSpeedCalc@time                              cstackBANK2  000290
wr1RegCompleteHandler@ptr                       cstackCOMRAM 00000A
wr2RegCompleteHandler@ptr                       cstackCOMRAM 00000A
wtemp8                                          temp         000060


MODULE INFORMATION

Module		Function		Class		Link	Load	Size
C:\Program Files\Microchip\xc8\v2.40\pic\sources\c99\common\sprcmul.c
		___flmul       		CODE           	8BE6	0000	1068

C:\Program Files\Microchip\xc8\v2.40\pic\sources\c99\common\sprcmul.c estimated size: 1068

C:\Program Files\Microchip\xc8\v2.40\pic\sources\c99\common\nf_fputc.c
		_fputc         		CODE           	D316	0000	152

C:\Program Files\Microchip\xc8\v2.40\pic\sources\c99\common\nf_fputc.c estimated size: 152

C:\Program Files\Microchip\xc8\v2.40\pic\sources\c99\common\sprcdiv.c
		___fldiv       		CODE           	943C	0000	924

C:\Program Files\Microchip\xc8\v2.40\pic\sources\c99\common\sprcdiv.c estimated size: 924

mcc_generated_files/examples/i2c1_master_example.c
		_wr1RegCompleteHandler		CODE           	E7A8	0000	44
		_wr2RegCompleteHandler		CODE           	E82C	0000	44
		_I2C1_Write1ByteRegister		CODE           	D852	0000	120
		_rdBlkRegCompleteHandler		CODE           	E40E	0000	64
		_rd1RegCompleteHandler		CODE           	E800	0000	44
		_rd2RegCompleteHandler		CODE           	E7D4	0000	44
		_I2C1_Read1ByteRegister		CODE           	D5DE	0000	130

mcc_generated_files/examples/i2c1_master_example.c estimated size: 490

C:\Program Files\Microchip\xc8\v2.40\pic\sources\c99\common\sqrtf.c
		_sqrtf         		CODE           	8266	0000	1216

C:\Program Files\Microchip\xc8\v2.40\pic\sources\c99\common\sqrtf.c estimated size: 1216

C:\Program Files\Microchip\xc8\v2.40\pic\sources\c99\common\lwdiv.c
		___lwdiv       		CODE           	D8CA	0000	118

C:\Program Files\Microchip\xc8\v2.40\pic\sources\c99\common\lwdiv.c estimated size: 118

C:\Program Files\Microchip\xc8\v2.40\pic\sources\c99\common\memcpy.c
		_memcpy        		CODE           	DE46	0000	82

C:\Program Files\Microchip\xc8\v2.40\pic\sources\c99\common\memcpy.c estimated size: 82

mcc_generated_files/eusart2.c
		_putch         		CODE           	EC12	0000	14
		_EUSART2_SetOverrunErrorHandler		CODE           	EC5E	0000	10
		_EUSART2_SetErrorHandler		CODE           	EC72	0000	10
		_EUSART2_Write 		CODE           	EA7C	0000	26
		_EUSART2_is_tx_ready		CODE           	E66A	0000	48
		_EUSART2_Initialize		CODE           	E0A4	0000	72
		_EUSART2_SetFramingErrorHandler		CODE           	EC68	0000	10

mcc_generated_files/eusart2.c estimated size: 190

C:\Program Files\Microchip\xc8\v2.40\pic\sources\c99\common\fltol.c
		___fltol       		CODE           	BFF2	0000	264

C:\Program Files\Microchip\xc8\v2.40\pic\sources\c99\common\fltol.c estimated size: 264

C:\Program Files\Microchip\xc8\v2.40\pic\sources\c99\common\scalbnf.c
		_scalbnf       		CODE           	A45C	0000	574

C:\Program Files\Microchip\xc8\v2.40\pic\sources\c99\common\scalbnf.c estimated size: 574

C:\Program Files\Microchip\xc8\v2.40\pic\sources\c99\common\isspace.c
		_isspace       		CODE           	E05C	0000	72

C:\Program Files\Microchip\xc8\v2.40\pic\sources\c99\common\isspace.c estimated size: 72

C:\Program Files\Microchip\xc8\v2.40\pic\sources\c99\common\atoi.c
		_atoi          		CODE           	BD46	0000	344

C:\Program Files\Microchip\xc8\v2.40\pic\sources\c99\common\atoi.c estimated size: 344

mcc_generated_files/i2c1_master.c
		_I2C1_DO_SEND_RESTART		CODE           	ED22	0000	8
		_I2C1_DO_TX_EMPTY		CODE           	D75C	0000	124
		_I2C1_DO_SEND_RESTART_READ		CODE           	ED32	0000	8
		_I2C1_CallbackReturnStop		CODE           	EDB6	0000	4
		_I2C1_DO_RX    		CODE           	D1D2	0000	166
		_I2C1_DO_TX    		CODE           	CCF0	0000	196
		_I2C1_SetAddressNackCallback		CODE           	EAF6	0000	24
		_I2C1_DO_IDLE  		CODE           	EC52	0000	12
		_I2C1_MasterOpen		CODE           	E9DA	0000	34
		_I2C1_DO_RCEN  		CODE           	EC46	0000	12
		_I2C1_MasterSendTxData		CODE           	ED3A	0000	8
		_I2C1_MasterStop		CODE           	EDBA	0000	4
		_I2C1_CallbackReturnReset		CODE           	EDB2	0000	4
		_I2C1_DO_RESET 		CODE           	EC3A	0000	12
		_I2C1_MasterStartRx		CODE           	EDAE	0000	4
		_I2C1_DO_RX_ACK		CODE           	ED12	0000	8
		_I2C1_MasterSendNack		CODE           	ED90	0000	6
		_I2C1_DO_RX_NACK_RESTART		CODE           	ED02	0000	8
		_I2C1_MasterDisableIrq		CODE           	ED54	0000	6
		_I2C1_MasterOperation		CODE           	DF36	0000	76
		_I2C1_SetCallback		CODE           	D660	0000	126
		_I2C1_MasterEnableRestart		CODE           	EDBE	0000	4
		_I2C1_Open     		CODE           	D12A	0000	168
		_I2C1_DO_ADDRESS_NACK		CODE           	DBCC	0000	102
		_I2C1_SetBuffer		CODE           	E992	0000	36
		_I2C1_DO_SEND_RESTART_WRITE		CODE           	ED2A	0000	8
		_I2C1_MasterClose		CODE           	ED9E	0000	4
		_I2C1_MasterWrite		CODE           	ECF2	0000	8
		_I2C1_Initialize		CODE           	EB86	0000	20
		_I2C1_Close    		CODE           	E63A	0000	48
		_I2C1_MasterIsNack		CODE           	EB9A	0000	20
		_I2C1_MasterStart		CODE           	ED9A	0000	4
		_I2C1_DO_SEND_ADR_WRITE		CODE           	EBE4	0000	16
		_I2C1_MasterClearIrq		CODE           	ED5A	0000	6
		_I2C1_SetDataCompleteCallback		CODE           	EADE	0000	24
		_I2C1_DO_SEND_STOP		CODE           	ED1A	0000	8
		_I2C1_MasterSendAck		CODE           	ED8A	0000	6
		_I2C1_MasterFsm		CODE           	DA28	0000	112
		_I2C1_MasterIsr		CODE           	ED78	0000	6
		_I2C1_MasterGetRxData		CODE           	EDAA	0000	4
		_I2C1_SetInterruptHandler		CODE           	ECA4	0000	10
		_I2C1_MasterSetIrq		CODE           	ED84	0000	6
		_I2C1_DO_SEND_ADR_READ		CODE           	EBF4	0000	16
		_I2C1_MasterEnableIrq		CODE           	ED4E	0000	6
		_I2C1_DO_RX_NACK_STOP		CODE           	ED0A	0000	8

mcc_generated_files/i2c1_master.c estimated size: 1500

C:\Program Files\Microchip\xc8\v2.40\pic\sources\c99\common\Umul16.c
		___wmul        		CODE           	E8AA	0000	40

C:\Program Files\Microchip\xc8\v2.40\pic\sources\c99\common\Umul16.c estimated size: 40

C:\Program Files\Microchip\xc8\v2.40\pic\sources\c99\common\fleq.c
		___fleq        		CODE           	CFD4	0000	172

C:\Program Files\Microchip\xc8\v2.40\pic\sources\c99\common\fleq.c estimated size: 172

mcc_generated_files/tmr2.c
		_TMR2_ISR      		CODE           	E5D8	0000	50
		_TMR2_Initialize		CODE           	E6C8	0000	46
		_TMR2_SetInterruptHandler		CODE           	ECB8	0000	10
		_TMR2_DefaultInterruptHandler		CODE           	EDC6	0000	2

mcc_generated_files/tmr2.c estimated size: 108

mcc_generated_files/interrupt_manager.c
		_INTERRUPT_Initialize		CODE           	ED96	0000	4
		_INTERRUPT_InterruptManager		CODE           	0008	0000	396

mcc_generated_files/interrupt_manager.c estimated size: 400

C:\Program Files\Microchip\xc8\v2.40\pic\sources\c99\common\abs.c
		_abs           		CODE           	E244	0000	66

C:\Program Files\Microchip\xc8\v2.40\pic\sources\c99\common\abs.c estimated size: 66

sensor_controller.c
		_data_transmit 		CODE           	C7EA	0000	230
		_sensor_read   		CODE           	DC32	0000	96
		_set_thresh    		CODE           	E4C6	0000	56

sensor_controller.c estimated size: 382

C:\Program Files\Microchip\xc8\v2.40\pic\sources\c99\common\printf.c
		_printf        		CODE           	E882	0000	40

C:\Program Files\Microchip\xc8\v2.40\pic\sources\c99\common\printf.c estimated size: 40

C:\Program Files\Microchip\xc8\v2.40\pic\sources\c99\common\__fpclassifyf.c
		___fpclassifyf 		CODE           	C40A	0000	256

C:\Program Files\Microchip\xc8\v2.40\pic\sources\c99\common\__fpclassifyf.c estimated size: 256

mcc_generated_files/pin_manager.c
		_PIN_MANAGER_Initialize		CODE           	D4D2	0000	138
		_IOCAF0_SetInterruptHandler		CODE           	ECC2	0000	10

mcc_generated_files/pin_manager.c estimated size: 148

C:\Program Files\Microchip\xc8\v2.40\pic\sources\c99\common\isdigit.c
		_isdigit       		CODE           	E69A	0000	46

C:\Program Files\Microchip\xc8\v2.40\pic\sources\c99\common\isdigit.c estimated size: 46

interrupt_handler.c
		_Rx1_ISR       		CODE           	DF82	0000	74
		_t_update      		CODE           	D55C	0000	130
		_Interrupt_Handler_Initialize		CODE           	DCF0	0000	88
		_Read_EUSART1_Buffer		CODE           	ED42	0000	6
		_internal_clock		CODE           	E77C	0000	44

interrupt_handler.c estimated size: 342

C:\Program Files\Microchip\xc8\v2.40\pic\sources\c99\common\sprcadd.c
		___flsub       		CODE           	DFCC	0000	72
		___fladd       		CODE           	78E2	0000	1218

C:\Program Files\Microchip\xc8\v2.40\pic\sources\c99\common\sprcadd.c estimated size: 1290

C:\Program Files\Microchip\xc8\v2.40\pic\sources\c99\common\floorf.c
		_floorf        		CODE           	A8CE	0000	534

C:\Program Files\Microchip\xc8\v2.40\pic\sources\c99\common\floorf.c estimated size: 534

C:\Program Files\Microchip\xc8\v2.40\pic\sources\c99\common\powf.c
		_powf          		CODE           	0198	0000	10912

C:\Program Files\Microchip\xc8\v2.40\pic\sources\c99\common\powf.c estimated size: 10912

C:\Program Files\Microchip\xc8\v2.40\pic\sources\c99\common\flneg.c
		___flneg       		CODE           	E48C	0000	58

C:\Program Files\Microchip\xc8\v2.40\pic\sources\c99\common\flneg.c estimated size: 58

C:\Program Files\Microchip\xc8\v2.40\pic\sources\c99\common\fabsf.c
		_fabsf         		CODE           	E56E	0000	54

C:\Program Files\Microchip\xc8\v2.40\pic\sources\c99\common\fabsf.c estimated size: 54

C:\Program Files\Microchip\xc8\v2.40\pic\sources\c99\common\labs.c
		_labs          		CODE           	DA98	0000	104

C:\Program Files\Microchip\xc8\v2.40\pic\sources\c99\common\labs.c estimated size: 104

C:\Program Files\Microchip\xc8\v2.40\pic\sources\c99\common\xxtofl.c
		___xxtofl      		CODE           	B0F4	0000	440

C:\Program Files\Microchip\xc8\v2.40\pic\sources\c99\common\xxtofl.c estimated size: 440

C:\Program Files\Microchip\xc8\v2.40\pic\sources\c99\common\nf_fputs.c
		_fputs         		CODE           	E014	0000	72

C:\Program Files\Microchip\xc8\v2.40\pic\sources\c99\common\nf_fputs.c estimated size: 72

C:\Program Files\Microchip\xc8\v2.40\pic\sources\c99\common\lomod.c
		___lomod       		CODE           	C9B4	0000	210

C:\Program Files\Microchip\xc8\v2.40\pic\sources\c99\common\lomod.c estimated size: 210

C:\Program Files\Microchip\xc8\v2.40\pic\sources\c99\common\aomod.c
		___aomod       		CODE           	BA7C	0000	358

C:\Program Files\Microchip\xc8\v2.40\pic\sources\c99\common\aomod.c estimated size: 358

shared
		i2_I2C1_MasterDisableIrq		CODE           	ED66	0000	6
		i2_fabsf       		CODE           	E5A4	0000	52
		_L5            		MEDIUMCONST    	0000	0000	0
		_P3            		MEDIUMCONST    	0000	0000	0
		i2_printf      		CODE           	E8D2	0000	40
		i2_I2C1_SetBuffer		CODE           	E9B6	0000	36
		i2_vfpfcnvrt   		CODE           	6BA2	0000	1704
		_L6            		MEDIUMCONST    	0000	0000	0
		_P4            		MEDIUMCONST    	0000	0000	0
		i2_sqrtf       		CODE           	7DA4	0000	1218
		i2_pad         		CODE           	CF26	0000	174
		i2_atoi        		CODE           	BE9E	0000	340
		_P5            		MEDIUMCONST    	0000	0000	0
		i2_tempRead    		CODE           	EC2E	0000	12
		i2_abs         		CODE           	E3CE	0000	64
		i2_floorf      		CODE           	AAE4	0000	534
		i2_labs        		CODE           	DB66	0000	102
		i2_putch       		CODE           	ECE0	0000	10
		i2___fleq      		CODE           	D080	0000	170
		i2_isspace     		CODE           	E536	0000	56
		i2_I2C1_MasterOpen		CODE           	EA1E	0000	34
		i2_utoa        		CODE           	AEF8	0000	508
		i2_I2C1_MasterOperation		CODE           	E38E	0000	64
		i2_I2C1_SetInterruptHandler		CODE           	ECD6	0000	10
		i2___lwdiv     		CODE           	D940	0000	116
		i2_vfprintf    		CODE           	DDF2	0000	84
		i2_isdigit     		CODE           	EDC4	0000	2
		i2_I2C1_SetCallback		CODE           	D7D8	0000	122
		i2_sensor_read 		CODE           	DD48	0000	86
		i2_t_update    		CODE           	D6DE	0000	126
		i2___flneg     		CODE           	E4FE	0000	56
		_lg2_l         		MEDIUMCONST    	0000	0000	0
		i2_strcpy      		CODE           	E34C	0000	66
		i2___fladd     		CODE           	8726	0000	1216
		i2_ctoa        		CODE           	CC24	0000	204
		i2_I2C1_MasterEnableIrq		CODE           	ED60	0000	6
		i2_I2C1_MasterClose		CODE           	EDA6	0000	4
		i2___wmul      		CODE           	E948	0000	38
		_ivln2_l       		MEDIUMCONST    	0000	0000	0
		i2_scalbnf     		CODE           	A69A	0000	564
		i2_I2C1_MasterWrite		CODE           	ECFA	0000	8
		i2_dtoa        		CODE           	A1A4	0000	696
		_ivln2         		MEDIUMCONST    	0000	0000	0
		i2___fldiv     		CODE           	97D8	0000	924
		i2___fltol     		CODE           	C200	0000	262
		__initialization		CODE           	DB00	0000	92
		i2___flge      		CODE           	C306	0000	260
		i2___lodiv     		CODE           	C6FA	0000	240
		_bp            		MEDIUMCONST    	FEF3	0000	8
		_cp            		MEDIUMCONST    	0000	0000	0
		_cp_h          		MEDIUMCONST    	0000	0000	0
		_dp_h          		MEDIUMCONST    	FE93	0000	8
		i2_EUSART2_Write		CODE           	EB3E	0000	24
		_lg2           		MEDIUMCONST    	0000	0000	0
		_tiny@sqrtf$F3709		MEDIUMCONST    	0000	0000	0
		i2_powf        		CODE           	2C38	0000	10820
		i2_data_transmit		CODE           	C8D0	0000	228
		i2___aodiv     		CODE           	B77C	0000	392
		i2___flmul     		CODE           	9012	0000	1066
		_lg2_h         		MEDIUMCONST    	0000	0000	0
		_i2c1_fsmStateTable		MEDIUMCONST    	FE6B	0000	32
		_ivln2_h       		MEDIUMCONST    	0000	0000	0
		i2_I2C1_Read1ByteRegister		CODE           	D9B4	0000	116
		i2_hallRead    		CODE           	E858	0000	42
		i2_I2C1_MasterStart		CODE           	EDA2	0000	4
		i2___xxtofl    		CODE           	B2AC	0000	436
		_tiny          		MEDIUMCONST    	0000	0000	0
		i2___lomod     		CODE           	CA86	0000	208
		i2___fpclassifyf		CODE           	C50A	0000	254
		i2_hallRecord  		CODE           	E30A	0000	66
		i2___flsub     		CODE           	E134	0000	70
		i2_nanf        		CODE           	E9FC	0000	34
		_ovt           		MEDIUMCONST    	0000	0000	0
		i2_windSpeedCalc		CODE           	B904	0000	376
		i2_efgtoa      		CODE           	567C	0000	2708
		_huge          		MEDIUMCONST    	0000	0000	0
		i2_I2C1_MasterClearIrq		CODE           	ED7E	0000	6
		i2___aomod     		CODE           	BBE2	0000	356
		i2_fputc       		CODE           	D3AE	0000	150
		i2_fputs       		CODE           	E1BE	0000	68
		_two24         		MEDIUMCONST    	0000	0000	0
		i2_I2C1_SetDataCompleteCallback		CODE           	EB6E	0000	24
		i2_I2C1_Open   		CODE           	D278	0000	158
		_cp_l          		MEDIUMCONST    	0000	0000	0
		_dp_l          		MEDIUMCONST    	FE8B	0000	8
		i2_memcpy      		CODE           	DE98	0000	80
		_L1            		MEDIUMCONST    	0000	0000	0
		i2_I2C1_Close  		CODE           	E750	0000	44
		_L2            		MEDIUMCONST    	0000	0000	0
		i2_I2C1_SetAddressNackCallback		CODE           	EB26	0000	24
		_L3            		MEDIUMCONST    	0000	0000	0
		_P1            		MEDIUMCONST    	0000	0000	0
		_L4            		MEDIUMCONST    	0000	0000	0
		_P2            		MEDIUMCONST    	0000	0000	0

shared estimated size: 28116

mcc_generated_files/eusart1.c
		_EUSART1_SetRxInterruptHandler		CODE           	ECCC	0000	10
		_EUSART1_SetTxInterruptHandler		CODE           	EC7C	0000	10
		_EUSART1_is_rx_ready		CODE           	EB56	0000	24
		_EUSART1_is_tx_ready		CODE           	EB0E	0000	24
		_EUSART1_Initialize		CODE           	D444	0000	142
		_EUSART1_DefaultErrorHandler		CODE           	ED72	0000	6
		_EUSART1_SetFramingErrorHandler		CODE           	EC90	0000	10
		_EUSART1_Read  		CODE           	DC92	0000	94
		_EUSART1_SetOverrunErrorHandler		CODE           	EC86	0000	10
		_EUSART1_SetErrorHandler		CODE           	EC9A	0000	10
		_EUSART1_Receive_ISR		CODE           	CDB4	0000	194
		_EUSART1_RxDataHandler		CODE           	E6F6	0000	46
		_EUSART1_DefaultOverrunErrorHandler		CODE           	ED6C	0000	6
		_EUSART1_Transmit_ISR		CODE           	E0EC	0000	72
		_EUSART1_DefaultFramingErrorHandler		CODE           	EDC8	0000	2

mcc_generated_files/eusart1.c estimated size: 660

C:\Program Files\Microchip\xc8\v2.40\pic\sources\c99\common\strcpy.c
		_strcpy        		CODE           	E17A	0000	68

C:\Program Files\Microchip\xc8\v2.40\pic\sources\c99\common\strcpy.c estimated size: 68

mcc_generated_files/mcc.c
		_PMD_Initialize		CODE           	EA60	0000	28
		_OSCILLATOR_Initialize		CODE           	EAAE	0000	24
		_SYSTEM_Initialize		CODE           	E922	0000	38

mcc_generated_files/mcc.c estimated size: 90

C:\Program Files\Microchip\xc8\v2.40\pic\sources\c99\common\flge.c
		___flge        		CODE           	C0FA	0000	262

C:\Program Files\Microchip\xc8\v2.40\pic\sources\c99\common\flge.c estimated size: 262

mcc_generated_files/tmr3.c
		_TMR3_ISR      		CODE           	E44E	0000	62
		_TMR3_Initialize		CODE           	DEE8	0000	78
		_TMR3_SetInterruptHandler		CODE           	ECAE	0000	10
		_TMR3_DefaultInterruptHandler		CODE           	EDC2	0000	2
		_TMR3_WriteTimer		CODE           	E8FA	0000	40

mcc_generated_files/tmr3.c estimated size: 192

hall_effect.c
		_hallRecord    		CODE           	E202	0000	66
		_windSpeedCalc 		CODE           	B460	0000	402
		_hallRead      		CODE           	E60A	0000	48
		_hallInit      		CODE           	EAC6	0000	24

hall_effect.c estimated size: 540

C:\Program Files\Microchip\xc8\v2.40\pic\sources\c99\common\doprnt.c
		_vfpfcnvrt     		CODE           	724A	0000	1688
		_efgtoa        		CODE           	6110	0000	2706
		_pad           		CODE           	CE76	0000	176
		_ctoa          		CODE           	CB56	0000	206
		_dtoa          		CODE           	9EEA	0000	698
		_vfprintf      		CODE           	DD9E	0000	84
		_utoa          		CODE           	ACFA	0000	510

C:\Program Files\Microchip\xc8\v2.40\pic\sources\c99\common\doprnt.c estimated size: 6068

motor_control.c
		_umbStow       		CODE           	E286	0000	66
		_motorOFF      		CODE           	EBC0	0000	18
		_actionTrigger 		CODE           	E724	0000	44
		_motorRVR      		CODE           	EBAE	0000	18
		_solTrigger    		CODE           	EA96	0000	24
		_motorFWD      		CODE           	EBD2	0000	18
		_motorController		CODE           	EA40	0000	32
		_motorFaultRead		CODE           	EC20	0000	14
		_umbDeploy     		CODE           	E2C8	0000	66

motor_control.c estimated size: 300

main.c
		_PROJECT_INIT  		CODE           	ED48	0000	6
		_main          		CODE           	9B74	0000	886

main.c estimated size: 892

temp_sensor.c
		_tempRead      		CODE           	EC04	0000	14

temp_sensor.c estimated size: 14

C:\Program Files\Microchip\xc8\v2.40\pic\sources\c99\common\lodiv.c
		___lodiv       		CODE           	C608	0000	242

C:\Program Files\Microchip\xc8\v2.40\pic\sources\c99\common\lodiv.c estimated size: 242

C:\Program Files\Microchip\xc8\v2.40\pic\sources\c99\common\aodiv.c
		___aodiv       		CODE           	B5F2	0000	394

C:\Program Files\Microchip\xc8\v2.40\pic\sources\c99\common\aodiv.c estimated size: 394

C:\Program Files\Microchip\xc8\v2.40\pic\sources\c99\common\nanf.c
		_nanf          		CODE           	E96E	0000	36

C:\Program Files\Microchip\xc8\v2.40\pic\sources\c99\common\nanf.c estimated size: 36

