Microchip MPLAB XC8 Compiler V2.40

Linker command line:

-W-3 \
  --edf=C:/Users/DJMik/.mchp_packs/Microchip/PIC18F-K_DFP/1.8.249/xc8\pic\dat\20230209213641_en.msgs \
  -cn -h+dist/default/production\Team205_FinalBoard.X.production.sym \
  --cmf=dist/default/production\Team205_FinalBoard.X.production.cmf -z \
  -Q18LF26K40 -oC:\Users\DJMik\AppData\Local\Temp\xcAsjj8.4 \
  --defsym=__MPLAB_BUILD=1 --fixupoverflow=error \
  -Mdist/default/production/Team205_FinalBoard.X.production.map \
  --md=C:\Users\DJMik\AppData\Local\Temp\xcAsjj8.dat -E1 -ver=XC8 Compiler \
  --acfsm=1493 -ACODE=00h-0FFFFh -ACONST=00h-0FFFFh \
  -ASMALLCONST=0F00h-0FFFhx241 -AMEDIUMCONST=0F00h-0FFFFh -ACOMRAM=01h-05Fh \
  -AABS1=00h-0E87h -ABIGRAM=01h-0E87h \
  -ARAM=060h-0FFh,0100h-01FFhx13,0E00h-0E87h -ABANK0=060h-0FFh \
  -ABANK1=0100h-01FFh -ABANK2=0200h-02FFh -ABANK3=0300h-03FFh \
  -ABANK4=0400h-04FFh -ABANK5=0500h-05FFh -ABANK6=0600h-06FFh \
  -ABANK7=0700h-07FFh -ABANK8=0800h-08FFh -ABANK9=0900h-09FFh \
  -ABANK10=0A00h-0AFFh -ABANK11=0B00h-0BFFh -ABANK12=0C00h-0CFFh \
  -ABANK13=0D00h-0DFFh -ABANK14=0E00h-0E87h \
  -ASFR=0E8Dh-0EFFh,0F00h-0F5Fh,0F60h-0FFFh -ABIGSFR=0E8Dh-0FFFh \
  -ACONFIG=0300000h-030000Bh -AIDLOC=0200000h-020000Fh \
  -AEEDATA=0310000h-03103FFh -peeprom_data=EEDATA \
  -preset_vec=00h,intcode=08h,intcodelo,powerup,init -pramtop=0F00h \
  -psmallconst=SMALLCONST -pmediumconst=MEDIUMCONST -pconst=CONST \
  -AFARRAM=00h-00h \
  -prdata=COMRAM,nvrram=COMRAM,nvbit=COMRAM,rbss=COMRAM,rbit=COMRAM \
  -pfarbss=FARRAM,fardata=FARRAM,nvFARRAM=FARRAM \
  -pintsave_regs=BIGRAM,bigbss=BIGRAM,bigdata=BIGRAM -pbss=RAM \
  -pidata=CODE,irdata=CODE,ibigdata=CODE,ifardata=CODE -prparam=COMRAM \
  C:\Users\DJMik\AppData\Local\Temp\xcAsjj8.o \
  dist/default/production\Team205_FinalBoard.X.production.o 

Object code version is 3.11

Machine type is 18LF26K40



                Name                               Link     Load   Length Selector   Space Scale
C:\Users\DJMik\AppData\Local\Temp\xcAsjj8.o
                idloc                            200000   200000       10        0       5
                config                           300000   300000        C        0       4
                init                                194      194        4        4       0
                reset_vec                             0        0        4        0       0
dist/default/production\Team205_FinalBoard.X.production.o
                intcode                               8        8      18C        4       0
                idloc                            200000   200000       10        0       5
                config                           300000   300000        C        0       4
                temp                                 5F       5F        1        1       1
                mediumconst                        FE82     FE82      17E     7F41       0
                text209                            DCE0     DCE0       48        4       0
                text208                            E950     E950        4        4       0
                text207                            E94C     E94C        4        4       0
                text206                            E596     E596       24        4       0
                text205                            D480     D480       7A        4       0
                text204                            E73E     E73E       18        4       0
                text203                            E408     E408       2C        4       0
                text202                            E3DC     E3DC       2C        4       0
                text201                            E3B0     E3B0       2C        4       0
                text200                            E384     E384       2C        4       0
                text199                            E048     E048       40        4       0
                text198                            E948     E948        4        4       0
                text197                            E944     E944        4        4       0
                text196                            E940     E940        4        4       0
                text195                            E922     E922        6        4       0
                text194                            E93C     E93C        4        4       0
                text193                            E91C     E91C        6        4       0
                text192                            E8CC     E8CC        8        4       0
                text191                            E76A     E76A       14        4       0
                text190                            E916     E916        6        4       0
                text189                            D404     D404       7C        4       0
                text188                            E814     E814        C        4       0
                text187                            E7C4     E7C4       10        4       0
                text186                            E7B4     E7B4       10        4       0
                text185                            C9A2     C9A2       C4        4       0
                text184                            CE84     CE84       A6        4       0
                text183                            E808     E808        C        4       0
                text182                            E8C4     E8C4        8        4       0
                text181                            E8BC     E8BC        8        4       0
                text180                            E8B4     E8B4        8        4       0
                text179                            E8AC     E8AC        8        4       0
                text178                            E8A4     E8A4        8        4       0
                text177                            E89C     E89C        8        4       0
                text176                            E894     E894        8        4       0
                text175                            E7FC     E7FC        C        4       0
                text174                            D80E     D80E       66        4       0
                text173                            E910     E910        6        4       0
                text172                            D6D0     D6D0       70        4       0
                text171                            E90A     E90A        6        4       0
                text170                            D8D4     D8D4       5C        4       0
                text169                            E358     E358       2C        4       0
                text168                            E904     E904        6        4       0
                text167                            E95E     E95E        2        4       0
                text166                            E8FE     E8FE        6        4       0
                text165                            E726     E726       18        4       0
                text164                            DBBE     DBBE       4A        4       0
                text163                            CA66     CA66       C2        4       0
                text162                            E45E     E45E       2A        4       0
                text161                            E95C     E95C        2        4       0
                text160                            E212     E212       32        4       0
                text159                            E500     E500       28        4       0
                text158                            AF5E     AF5E      1B4        4       0
                text157                            E528     E528       26        4       0
                text156                            E95A     E95A        2        4       0
                text155                            E170     E170       38        4       0
                text154                            BB50     BB50      154        4       0
                text153                            E958     E958        2        4       0
                text152                            D060     D060       96        4       0
                text151                            C8D6     C8D6       CC        4       0
                text150                            B42E     B42E      188        4       0
                text149                            B894     B894      164        4       0
                text148                            E008     E008       40        4       0
                text147                            DDF8     DDF8       44        4       0
                text146                            CBD8     CBD8       AE        4       0
                text145                            9F02     9F02      27E        4       0
                text144                            960E     960E      39C        4       0
                text143                            CD32     CD32       AA        4       0
                text142                            BFB8     BFB8      104        4       0
                text141                            8E48     8E48      42A        4       0
                text140                            E138     E138       38        4       0
                text139                            855C     855C      4C0        4       0
                text138                            DD6E     DD6E       46        4       0
                text137                            BEB2     BEB2      106        4       0
                text136                            C1BC     C1BC       FE        4       0
                text135                            A808     A808      216        4       0
                text134                            D7A8     D7A8       66        4       0
                text133                            DAD4     DAD4       50        4       0
                text132                            DF86     DF86       42        4       0
                text131                            60A4     60A4      A24        4       0
                text130                            C3AC     C3AC       F0        4       0
                text129                            C738     C738       D0        4       0
                text128                            ABE4     ABE4      1C2        4       0
                text127                            6AC8     6AC8      62C        4       0
                text126                            DA2E     DA2E       54        4       0
                text125                            E4D8     E4D8       28        4       0
                text124                            C582     C582       E4        4       0
                text123                            D386     D386       7E        4       0
                text122                            E938     E938        4        4       0
                text121                            E8F8     E8F8        6        4       0
                text120                            E32C     E32C       2C        4       0
                text119                            E934     E934        4        4       0
                text118                            DFC8     DFC8       40        4       0
                text117                            E88C     E88C        8        4       0
                text116                            E8F2     E8F2        6        4       0
                text115                            E620     E620       22        4       0
                text114                            E87A     E87A        A        4       0
                text113                            CF2A     CF2A       9E        4       0
                text112                            E70E     E70E       18        4       0
                text111                            D65C     D65C       74        4       0
                text110                            E7F0     E7F0        C        4       0
                text109                            D5E8     D5E8       74        4       0
                text108                            E434     E434       2A        4       0
                text107                            DF44     DF44       42        4       0
                text106                            E1DE     E1DE       34        4       0
                text105                            A3BE     A3BE      234        4       0
                text104                            E5FE     E5FE       22        4       0
                text103                            7BDA     7BDA      4C2        4       0
                text102                            2C38     2C38     2A44        4       0
                text101                            B5B6     B5B6      178        4       0
                text100                            D930     D930       56        4       0
                text99                             E956     E956        2        4       0
                text98                             E088     E088       3E        4       0
                text96                             E6F6     E6F6       18        4       0
                text95                             E870     E870        A        4       0
                text94                             E866     E866        A        4       0
                text93                             E85C     E85C        A        4       0
                text92                             E852     E852        A        4       0
                text91                             D9DA     D9DA       54        4       0
                text90                             E8EC     E8EC        6        4       0
                text89                             E930     E930        4        4       0
                text88                             E8E6     E8E6        6        4       0
                text87                             E274     E274       30        4       0
                text86                             E92C     E92C        4        4       0
                text85                             DB72     DB72       4C        4       0
                text84                             E884     E884        8        4       0
                text83                             E8E0     E8E0        6        4       0
                text82                             E5DC     E5DC       22        4       0
                text81                             E848     E848        A        4       0
                text80                             CDDC     CDDC       A8        4       0
                text79                             D308     D308       7E        4       0
                text78                             E6DE     E6DE       18        4       0
                text77                             E572     E572       24        4       0
                text76                             E6C6     E6C6       18        4       0
                text75                             D286     D286       82        4       0
                text74                             E244     E244       30        4       0
                text73                             E6AE     E6AE       18        4       0
                text72                             E8DA     E8DA        6        4       0
                text71                             E8D4     E8D4        6        4       0
                text70                             E83E     E83E        A        4       0
                text69                             E834     E834        A        4       0
                text68                             E82A     E82A        A        4       0
                text67                             E820     E820        A        4       0
                text66                             D0F6     D0F6       8C        4       0
                text65                             E756     E756       14        4       0
                text64                             E928     E928        4        4       0
                text63                             E696     E696       18        4       0
                text62                             D204     D204       82        4       0
                text61                             E662     E662       1C        4       0
                text60                             E2D2     E2D2       2E        4       0
                text59                             DB24     DB24       4E        4       0
                text58                             E5BA     E5BA       22        4       0
                text57                             D4FA     D4FA       78        4       0
                text56                             E642     E642       20        4       0
                text55                             E7A2     E7A2       12        4       0
                text54                             E790     E790       12        4       0
                text53                             E77E     E77E       12        4       0
                text52                             E67E     E67E       18        4       0
                text51                             DF02     DF02       42        4       0
                text50                             DEC0     DEC0       42        4       0
                text49                             E300     E300       2C        4       0
                text48                             E7E2     E7E2        E        4       0
                text47                             ADA6     ADA6      1B8        4       0
                text46                             E4B0     E4B0       28        4       0
                text45                             E2A4     E2A4       2E        4       0
                text44                             DC98     DC98       48        4       0
                text43                             B9F8     B9F8      158        4       0
                text42                             E954     E954        2        4       0
                text41                             CFC8     CFC8       98        4       0
                text40                             C808     C808       CE        4       0
                text39                             B2A4     B2A4      18A        4       0
                text38                             B72E     B72E      166        4       0
                text37                             DE7E     DE7E       42        4       0
                text36                             DC50     DC50       48        4       0
                text35                             CB28     CB28       B0        4       0
                text34                             9C80     9C80      282        4       0
                text33                             9272     9272      39C        4       0
                text32                             CC86     CC86       AC        4       0
                text31                             BDAC     BDAC      106        4       0
                text30                             8A1C     8A1C      42C        4       0
                text29                             E0C6     E0C6       3A        4       0
                text28                             7718     7718      4C2        4       0
                text27                             DC08     DC08       48        4       0
                text26                             BCA4     BCA4      108        4       0
                text25                             C0BC     C0BC      100        4       0
                text24                             A5F2     A5F2      216        4       0
                text23                             D740     D740       68        4       0
                text22                             DA82     DA82       52        4       0
                text21                             DDB4     DDB4       44        4       0
                text20                             567C     567C      A28        4       0
                text19                             C2BA     C2BA       F2        4       0
                text18                             C666     C666       D2        4       0
                text17                             AA1E     AA1E      1C6        4       0
                text16                             70F4     70F4      624        4       0
                text15                             D986     D986       54        4       0
                text14                             E488     E488       28        4       0
                text13                             C49C     C49C       E6        4       0
                text12                             D182     D182       82        4       0
                text11                             E7D4     E7D4        E        4       0
                text10                             D572     D572       76        4       0
                text9                              DE3C     DE3C       42        4       0
                text8                              E1A8     E1A8       36        4       0
                text7                              A180     A180      23E        4       0
                text6                              E54E     E54E       24        4       0
                text5                              809C     809C      4C0        4       0
                text4                               198      198     2AA0        4       0
                text3                              B112     B112      192        4       0
                text2                              D874     D874       60        4       0
                text1                              E100     E100       38        4       0
                text0                              99AA     99AA      2D6        4       0
                cstackCOMRAM                          1        1       5E        1       1
                cstackBANK0                          60       60       92       60       1
                cstackBANK1                         100      100       BC      100       1
                cstackBANK2                         200      200       F5      200       1
                cstackBANK3                         300      300       BC      300       1
                bssBANK4                            400      400       50      400       1
                bssBANK3                            3BC      3BC       31      300       1
                bssBANK2                            2F5      2F5        B      200       1
                bssBANK1                            1BC      1BC       3A      100       1
                bssBANK0                             F2       F2        8       60       1
                cinit                              DD28     DD28       46        4       0
                nvBANK3                             3ED      3ED        D      300       1
                nvBANK1                             1F6      1F6        A      100       1
                nvBANK0                              FA       FA        3       60       1

TOTAL           Name                               Link     Load   Length     Space
        CLASS   CODE           
                intcode                               8        8      18C         0
                init                                194      194        4         0
                reset_vec                             0        0        4         0
                text209                            DCE0     DCE0       48         0
                text208                            E950     E950        4         0
                text207                            E94C     E94C        4         0
                text206                            E596     E596       24         0
                text205                            D480     D480       7A         0
                text204                            E73E     E73E       18         0
                text203                            E408     E408       2C         0
                text202                            E3DC     E3DC       2C         0
                text201                            E3B0     E3B0       2C         0
                text200                            E384     E384       2C         0
                text199                            E048     E048       40         0
                text198                            E948     E948        4         0
                text197                            E944     E944        4         0
                text196                            E940     E940        4         0
                text195                            E922     E922        6         0
                text194                            E93C     E93C        4         0
                text193                            E91C     E91C        6         0
                text192                            E8CC     E8CC        8         0
                text191                            E76A     E76A       14         0
                text190                            E916     E916        6         0
                text189                            D404     D404       7C         0
                text188                            E814     E814        C         0
                text187                            E7C4     E7C4       10         0
                text186                            E7B4     E7B4       10         0
                text185                            C9A2     C9A2       C4         0
                text184                            CE84     CE84       A6         0
                text183                            E808     E808        C         0
                text182                            E8C4     E8C4        8         0
                text181                            E8BC     E8BC        8         0
                text180                            E8B4     E8B4        8         0
                text179                            E8AC     E8AC        8         0
                text178                            E8A4     E8A4        8         0
                text177                            E89C     E89C        8         0
                text176                            E894     E894        8         0
                text175                            E7FC     E7FC        C         0
                text174                            D80E     D80E       66         0
                text173                            E910     E910        6         0
                text172                            D6D0     D6D0       70         0
                text171                            E90A     E90A        6         0
                text170                            D8D4     D8D4       5C         0
                text169                            E358     E358       2C         0
                text168                            E904     E904        6         0
                text167                            E95E     E95E        2         0
                text166                            E8FE     E8FE        6         0
                text165                            E726     E726       18         0
                text164                            DBBE     DBBE       4A         0
                text163                            CA66     CA66       C2         0
                text162                            E45E     E45E       2A         0
                text161                            E95C     E95C        2         0
                text160                            E212     E212       32         0
                text159                            E500     E500       28         0
                text158                            AF5E     AF5E      1B4         0
                text157                            E528     E528       26         0
                text156                            E95A     E95A        2         0
                text155                            E170     E170       38         0
                text154                            BB50     BB50      154         0
                text153                            E958     E958        2         0
                text152                            D060     D060       96         0
                text151                            C8D6     C8D6       CC         0
                text150                            B42E     B42E      188         0
                text149                            B894     B894      164         0
                text148                            E008     E008       40         0
                text147                            DDF8     DDF8       44         0
                text146                            CBD8     CBD8       AE         0
                text145                            9F02     9F02      27E         0
                text144                            960E     960E      39C         0
                text143                            CD32     CD32       AA         0
                text142                            BFB8     BFB8      104         0
                text141                            8E48     8E48      42A         0
                text140                            E138     E138       38         0
                text139                            855C     855C      4C0         0
                text138                            DD6E     DD6E       46         0
                text137                            BEB2     BEB2      106         0
                text136                            C1BC     C1BC       FE         0
                text135                            A808     A808      216         0
                text134                            D7A8     D7A8       66         0
                text133                            DAD4     DAD4       50         0
                text132                            DF86     DF86       42         0
                text131                            60A4     60A4      A24         0
                text130                            C3AC     C3AC       F0         0
                text129                            C738     C738       D0         0
                text128                            ABE4     ABE4      1C2         0
                text127                            6AC8     6AC8      62C         0
                text126                            DA2E     DA2E       54         0
                text125                            E4D8     E4D8       28         0
                text124                            C582     C582       E4         0
                text123                            D386     D386       7E         0
                text122                            E938     E938        4         0
                text121                            E8F8     E8F8        6         0
                text120                            E32C     E32C       2C         0
                text119                            E934     E934        4         0
                text118                            DFC8     DFC8       40         0
                text117                            E88C     E88C        8         0
                text116                            E8F2     E8F2        6         0
                text115                            E620     E620       22         0
                text114                            E87A     E87A        A         0
                text113                            CF2A     CF2A       9E         0
                text112                            E70E     E70E       18         0
                text111                            D65C     D65C       74         0
                text110                            E7F0     E7F0        C         0
                text109                            D5E8     D5E8       74         0
                text108                            E434     E434       2A         0
                text107                            DF44     DF44       42         0
                text106                            E1DE     E1DE       34         0
                text105                            A3BE     A3BE      234         0
                text104                            E5FE     E5FE       22         0
                text103                            7BDA     7BDA      4C2         0
                text102                            2C38     2C38     2A44         0
                text101                            B5B6     B5B6      178         0
                text100                            D930     D930       56         0
                text99                             E956     E956        2         0
                text98                             E088     E088       3E         0
                text96                             E6F6     E6F6       18         0
                text95                             E870     E870        A         0
                text94                             E866     E866        A         0
                text93                             E85C     E85C        A         0
                text92                             E852     E852        A         0
                text91                             D9DA     D9DA       54         0
                text90                             E8EC     E8EC        6         0
                text89                             E930     E930        4         0
                text88                             E8E6     E8E6        6         0
                text87                             E274     E274       30         0
                text86                             E92C     E92C        4         0
                text85                             DB72     DB72       4C         0
                text84                             E884     E884        8         0
                text83                             E8E0     E8E0        6         0
                text82                             E5DC     E5DC       22         0
                text81                             E848     E848        A         0
                text80                             CDDC     CDDC       A8         0
                text79                             D308     D308       7E         0
                text78                             E6DE     E6DE       18         0
                text77                             E572     E572       24         0
                text76                             E6C6     E6C6       18         0
                text75                             D286     D286       82         0
                text74                             E244     E244       30         0
                text73                             E6AE     E6AE       18         0
                text72                             E8DA     E8DA        6         0
                text71                             E8D4     E8D4        6         0
                text70                             E83E     E83E        A         0
                text69                             E834     E834        A         0
                text68                             E82A     E82A        A         0
                text67                             E820     E820        A         0
                text66                             D0F6     D0F6       8C         0
                text65                             E756     E756       14         0
                text64                             E928     E928        4         0
                text63                             E696     E696       18         0
                text62                             D204     D204       82         0
                text61                             E662     E662       1C         0
                text60                             E2D2     E2D2       2E         0
                text59                             DB24     DB24       4E         0
                text58                             E5BA     E5BA       22         0
                text57                             D4FA     D4FA       78         0
                text56                             E642     E642       20         0
                text55                             E7A2     E7A2       12         0
                text54                             E790     E790       12         0
                text53                             E77E     E77E       12         0
                text52                             E67E     E67E       18         0
                text51                             DF02     DF02       42         0
                text50                             DEC0     DEC0       42         0
                text49                             E300     E300       2C         0
                text48                             E7E2     E7E2        E         0
                text47                             ADA6     ADA6      1B8         0
                text46                             E4B0     E4B0       28         0
                text45                             E2A4     E2A4       2E         0
                text44                             DC98     DC98       48         0
                text43                             B9F8     B9F8      158         0
                text42                             E954     E954        2         0
                text41                             CFC8     CFC8       98         0
                text40                             C808     C808       CE         0
                text39                             B2A4     B2A4      18A         0
                text38                             B72E     B72E      166         0
                text37                             DE7E     DE7E       42         0
                text36                             DC50     DC50       48         0
                text35                             CB28     CB28       B0         0
                text34                             9C80     9C80      282         0
                text33                             9272     9272      39C         0
                text32                             CC86     CC86       AC         0
                text31                             BDAC     BDAC      106         0
                text30                             8A1C     8A1C      42C         0
                text29                             E0C6     E0C6       3A         0
                text28                             7718     7718      4C2         0
                text27                             DC08     DC08       48         0
                text26                             BCA4     BCA4      108         0
                text25                             C0BC     C0BC      100         0
                text24                             A5F2     A5F2      216         0
                text23                             D740     D740       68         0
                text22                             DA82     DA82       52         0
                text21                             DDB4     DDB4       44         0
                text20                             567C     567C      A28         0
                text19                             C2BA     C2BA       F2         0
                text18                             C666     C666       D2         0
                text17                             AA1E     AA1E      1C6         0
                text16                             70F4     70F4      624         0
                text15                             D986     D986       54         0
                text14                             E488     E488       28         0
                text13                             C49C     C49C       E6         0
                text12                             D182     D182       82         0
                text11                             E7D4     E7D4        E         0
                text10                             D572     D572       76         0
                text9                              DE3C     DE3C       42         0
                text8                              E1A8     E1A8       36         0
                text7                              A180     A180      23E         0
                text6                              E54E     E54E       24         0
                text5                              809C     809C      4C0         0
                text4                               198      198     2AA0         0
                text3                              B112     B112      192         0
                text2                              D874     D874       60         0
                text1                              E100     E100       38         0
                text0                              99AA     99AA      2D6         0
                cinit                              DD28     DD28       46         0

        CLASS   CONST          

        CLASS   SMALLCONST     

        CLASS   MEDIUMCONST    
                mediumconst                        FE82     FE82      17E         0

        CLASS   COMRAM         
                temp                                 5F       5F        1         1
                cstackCOMRAM                          1        1       5E         1

        CLASS   ABS1           

        CLASS   BIGRAM         

        CLASS   RAM            

        CLASS   BANK0          
                cstackBANK0                          60       60       92         1
                bssBANK0                             F2       F2        8         1
                nvBANK0                              FA       FA        3         1

        CLASS   BANK1          
                cstackBANK1                         100      100       BC         1
                bssBANK1                            1BC      1BC       3A         1
                nvBANK1                             1F6      1F6        A         1

        CLASS   BANK2          
                cstackBANK2                         200      200       F5         1
                bssBANK2                            2F5      2F5        B         1

        CLASS   BANK3          
                cstackBANK3                         300      300       BC         1
                bssBANK3                            3BC      3BC       31         1
                nvBANK3                             3ED      3ED        D         1

        CLASS   BANK4          
                bssBANK4                            400      400       50         1

        CLASS   BANK5          

        CLASS   BANK6          

        CLASS   BANK7          

        CLASS   BANK8          

        CLASS   BANK9          

        CLASS   BANK10         

        CLASS   BANK11         

        CLASS   BANK12         

        CLASS   BANK13         

        CLASS   BANK14         

        CLASS   SFR            

        CLASS   BIGSFR         

        CLASS   CONFIG         
                config                           300000   300000        C         4

        CLASS   IDLOC          
                idloc                            200000   200000       10         5

        CLASS   EEDATA         

        CLASS   FARRAM         

        CLASS   HEAP           

        CLASS   STACK          



SEGMENTS        Name                           Load    Length   Top    Selector   Space  Class

                reset_vec                      000000  000004  000004         0       0  CODE    
                cstackCOMRAM                   000001  00005F  000060         1       1  COMRAM  
                intcode                        000008  00E958  00E960         4       0  CODE    
                cstackBANK0                    000060  00009D  0000FD        60       1  BANK0   
                cstackBANK1                    000100  000100  000200       100       1  BANK1   
                cstackBANK2                    000200  000100  000300       200       1  BANK2   
                cstackBANK3                    000300  0000FA  0003FA       300       1  BANK3   
                bssBANK4                       000400  000050  000450       400       1  BANK4   
                mediumconst                    00FE82  00017E  010000      7F41       0  MEDIUMCO


UNUSED ADDRESS RANGES

        Name                Unused          Largest block    Delta
        BANK0            0000FD-0000FF                3
        BANK10           000A00-000AFF              100
        BANK11           000B00-000BFF              100
        BANK12           000C00-000CFF              100
        BANK13           000D00-000DFF              100
        BANK14           000E00-000E87               88
        BANK3            0003FA-0003FF                6
        BANK4            000450-0004FF               B0
        BANK5            000500-0005FF              100
        BANK6            000600-0006FF              100
        BANK7            000700-0007FF              100
        BANK8            000800-0008FF              100
        BANK9            000900-0009FF              100
        BIGRAM           0000FD-0000FF                3
                         0003FA-0003FF                6
                         000450-000E87              A38
        BIGSFR           000E8D-000FFF              173
        CODE             000004-000007                4
                         00E960-00FE81             1522
        CONST            000004-000007                4
                         00E960-00FE81             1522
        EEDATA           310000-3103FF              400
        MEDIUMCONST      00E960-00FE81             1522
        RAM              0000FD-0000FF                3
                         0003FA-0003FF                6
                         000450-000E87              100
        SFR              000E8D-000FFF               73
        SMALLCONST       00E960-00FE81              100

                                  Symbol Table

?___aodiv                                       cstackBANK2  000200
?___aomod                                       cstackBANK2  000200
?___fladd                                       cstackBANK2  000215
?___fldiv                                       cstackBANK2  000246
?___flmul                                       cstackBANK2  000225
?___flneg                                       cstackBANK2  000200
?___flsub                                       cstackBANK2  00023E
?___fltol                                       cstackBANK2  000200
?___fpclassifyf                                 cstackBANK2  000200
?___lodiv                                       cstackBANK2  000200
?___lomod                                       cstackBANK2  000200
?___lwdiv                                       cstackBANK2  000200
?___wmul                                        cstackBANK2  000200
?___xxtofl                                      cstackBANK2  000207
?_abs                                           cstackBANK2  000212
?_atoi                                          cstackBANK2  000206
?_fabsf                                         cstackBANK2  000200
?_floorf                                        cstackBANK2  00025F
?_hallRead                                      cstackBANK2  00020C
?_isdigit                                       cstackBANK2  000200
?_isspace                                       cstackBANK2  000200
?_labs                                          cstackBANK2  000200
?_nanf                                          cstackBANK2  000200
?_powf                                          cstackBANK2  00027F
?_printf                                        cstackBANK2  0002C5
?_scalbnf                                       cstackBANK2  00023E
?_sqrtf                                         cstackBANK2  000252
?_t_update                                      cstackBANK2  00025F
?_vfprintf                                      cstackBANK2  0002BD
?_windSpeedCalc                                 cstackBANK2  000290
?i2___aodiv                                     cstackCOMRAM 000001
?i2___aomod                                     cstackCOMRAM 000001
?i2___fladd                                     cstackCOMRAM 000016
?i2___fldiv                                     cstackCOMRAM 000047
?i2___flmul                                     cstackCOMRAM 000026
?i2___flneg                                     cstackCOMRAM 000001
?i2___flsub                                     cstackCOMRAM 00003F
?i2___fltol                                     cstackCOMRAM 000001
?i2___fpclassifyf                               cstackCOMRAM 000001
?i2___lodiv                                     cstackCOMRAM 000001
?i2___lomod                                     cstackCOMRAM 000001
?i2___lwdiv                                     cstackCOMRAM 000001
?i2___wmul                                      cstackCOMRAM 000001
?i2___xxtofl                                    cstackCOMRAM 000008
?i2_abs                                         cstackCOMRAM 000013
?i2_atoi                                        cstackCOMRAM 000007
?i2_fabsf                                       cstackCOMRAM 000001
?i2_floorf                                      cstackCOMRAM 000053
?i2_hallRead                                    cstackCOMRAM 00000D
?i2_labs                                        cstackCOMRAM 000001
?i2_nanf                                        cstackCOMRAM 000001
?i2_powf                                        cstackBANK0  000084
?i2_printf                                      cstackBANK0  0000C7
?i2_scalbnf                                     cstackCOMRAM 00003F
?i2_sqrtf                                       cstackCOMRAM 000053
?i2_t_update                                    cstackCOMRAM 000053
?i2_vfprintf                                    cstackBANK0  0000BF
?i2_windSpeedCalc                               cstackBANK0  000095
EUSART1_Read@readValue                          cstackCOMRAM 000001
EUSART1_SetErrorHandler@interruptHandler        cstackBANK2  000200
EUSART1_SetFramingErrorHandler@interruptHandler cstackBANK2  000200
EUSART1_SetOverrunErrorHandler@interruptHandler cstackBANK2  000200
EUSART1_SetRxInterruptHandler@interruptHandler  cstackBANK2  000200
EUSART1_SetTxInterruptHandler@interruptHandler  cstackBANK2  000200
I2C1_CallbackReturnReset@funPtr                 cstackCOMRAM 00000A
I2C1_Close@returnValue                          cstackBANK2  000200
I2C1_MasterOperation@read                       cstackBANK2  000200
I2C1_MasterOperation@returnValue                cstackBANK2  000201
I2C1_MasterSendTxData@data                      cstackCOMRAM 000001
I2C1_Open@address                               cstackBANK2  000202
I2C1_Open@returnValue                           cstackBANK2  000203
I2C1_Read1ByteRegister@address                  cstackBANK2  00020A
I2C1_Read1ByteRegister@reg                      cstackBANK2  000209
I2C1_Read1ByteRegister@returnValue              cstackBANK2  00020B
I2C1_SetAddressNackCallback@cb                  cstackBANK2  000205
I2C1_SetAddressNackCallback@ptr                 cstackBANK2  000207
I2C1_SetBuffer@buffer                           cstackBANK2  000200
I2C1_SetBuffer@bufferSize                       cstackBANK2  000202
I2C1_SetCallback@cb                             cstackBANK2  000200
I2C1_SetCallback@idx                            cstackBANK2  000204
I2C1_SetCallback@ptr                            cstackBANK2  000202
I2C1_SetDataCompleteCallback@cb                 cstackBANK2  000205
I2C1_SetDataCompleteCallback@ptr                cstackBANK2  000207
I2C1_SetInterruptHandler@InterruptHandler       cstackBANK2  000200
I2C1_Write1ByteRegister@address                 cstackBANK2  00020B
I2C1_Write1ByteRegister@data                    cstackBANK2  00020A
I2C1_Write1ByteRegister@reg                     cstackBANK2  000209
IOCAF0_SetInterruptHandler@InterruptHandler     cstackBANK2  000200
TMR2_SetInterruptHandler@InterruptHandler       cstackBANK2  000200
TMR3_SetInterruptHandler@InterruptHandler       cstackBANK2  000200
TMR3_WriteTimer@timerVal                        cstackCOMRAM 000001
_ANSELA                                         (abs)        000F11
_ANSELB                                         (abs)        000F19
_ANSELC                                         (abs)        000F21
_BAUD1CON                                       (abs)        000F9F
_EUSART1_DefaultErrorHandler                    text168      00E904
_EUSART1_DefaultFramingErrorHandler             text167      00E95E
_EUSART1_DefaultOverrunErrorHandler             text166      00E8FE
_EUSART1_ErrorHandler                           nvBANK3      0003F3
_EUSART1_FramingErrorHandler                    nvBANK3      0003F7
_EUSART1_Initialize                             text66       00D0F6
_EUSART1_OverrunErrorHandler                    nvBANK3      0003F5
_EUSART1_Read                                   text170      00D8D4
_EUSART1_Receive_ISR                            text163      00CA66
_EUSART1_RxDataHandler                          text169      00E358
_EUSART1_RxDefaultInterruptHandler              nvBANK1      0001FA
_EUSART1_SetErrorHandler                        text70       00E83E
_EUSART1_SetFramingErrorHandler                 text69       00E834
_EUSART1_SetOverrunErrorHandler                 text68       00E82A
_EUSART1_SetRxInterruptHandler                  text95       00E870
_EUSART1_SetTxInterruptHandler                  text67       00E820
_EUSART1_Transmit_ISR                           text209      00DCE0
_EUSART1_TxDefaultInterruptHandler              nvBANK1      0001FC
_EUSART1_is_rx_ready                            text165      00E726
_EUSART1_is_tx_ready                            text96       00E6F6
_I2C1_CallbackReturnReset                       text197      00E944
_I2C1_CallbackReturnStop                        text198      00E948
_I2C1_Close                                     text87       00E274
_I2C1_DO_ADDRESS_NACK                           text174      00D80E
_I2C1_DO_IDLE                                   text188      00E814
_I2C1_DO_RCEN                                   text183      00E808
_I2C1_DO_RESET                                  text175      00E7FC
_I2C1_DO_RX                                     text184      00CE84
_I2C1_DO_RX_ACK                                 text178      00E8A4
_I2C1_DO_RX_NACK_RESTART                        text176      00E894
_I2C1_DO_RX_NACK_STOP                           text177      00E89C
_I2C1_DO_SEND_ADR_READ                          text187      00E7C4
_I2C1_DO_SEND_ADR_WRITE                         text186      00E7B4
_I2C1_DO_SEND_RESTART                           text180      00E8B4
_I2C1_DO_SEND_RESTART_READ                      text182      00E8C4
_I2C1_DO_SEND_RESTART_WRITE                     text181      00E8BC
_I2C1_DO_SEND_STOP                              text179      00E8AC
_I2C1_DO_TX                                     text185      00C9A2
_I2C1_DO_TX_EMPTY                               text189      00D404
_I2C1_Initialize                                text65       00E756
_I2C1_MasterClearIrq                            text90       00E8EC
_I2C1_MasterClose                               text89       00E930
_I2C1_MasterDisableIrq                          text88       00E8E6
_I2C1_MasterEnableIrq                           text83       00E8E0
_I2C1_MasterEnableRestart                       text208      00E950
_I2C1_MasterFsm                                 text172      00D6D0
_I2C1_MasterGetRxData                           text194      00E93C
_I2C1_MasterIsNack                              text191      00E76A
_I2C1_MasterIsr                                 text171      00E90A
_I2C1_MasterOpen                                text82       00E5DC
_I2C1_MasterOperation                           text85       00DB72
_I2C1_MasterSendAck                             text193      00E91C
_I2C1_MasterSendNack                            text195      00E922
_I2C1_MasterSendTxData                          text192      00E8CC
_I2C1_MasterSetIrq                              text190      00E916
_I2C1_MasterStart                               text86       00E92C
_I2C1_MasterStartRx                             text196      00E940
_I2C1_MasterStop                                text207      00E94C
_I2C1_MasterWrite                               text84       00E884
_I2C1_Open                                      text80       00CDDC
_I2C1_Read1ByteRegister                         text75       00D286
_I2C1_SetAddressNackCallback                    text78       00E6DE
_I2C1_SetBuffer                                 text77       00E572
_I2C1_SetCallback                               text79       00D308
_I2C1_SetDataCompleteCallback                   text76       00E6C6
_I2C1_SetInterruptHandler                       text81       00E848
_I2C1_Status                                    bssBANK1     0001BC
_I2C1_Write1ByteRegister                        text57       00D4FA
_INLVLA                                         (abs)        000F0D
_INLVLB                                         (abs)        000F15
_INLVLC                                         (abs)        000F1D
_INLVLE                                         (abs)        000F2A
_INTCONbits                                     (abs)        000FF2
_INTERRUPT_Initialize                           text64       00E928
_INTERRUPT_InterruptManager                     intcode      000008
_IOCAF0_DefaultInterruptHandler                 (abs)        000000
_IOCAF0_InterruptHandler                        nvBANK1      0001FE
_IOCAF0_SetInterruptHandler                     text94       00E866
_IOCAFbits                                      (abs)        000F0A
_IOCANbits                                      (abs)        000F0B
_IOCAPbits                                      (abs)        000F0C
_Interrupt_Handler_Initialize                   text91       00D9DA
_LATA                                           (abs)        000F83
_LATAbits                                       (abs)        000F83
_LATB                                           (abs)        000F84
_LATBbits                                       (abs)        000F84
_LATC                                           (abs)        000F85
_LATCbits                                       (abs)        000F85
_MSSP1_InterruptHandler                         bssBANK0     0000F6
_ODCONA                                         (abs)        000F0F
_ODCONB                                         (abs)        000F17
_ODCONBbits                                     (abs)        000F17
_ODCONC                                         (abs)        000F1F
_OSCCON1                                        (abs)        000ED8
_OSCCON3                                        (abs)        000EDA
_OSCEN                                          (abs)        000EDC
_OSCFRQ                                         (abs)        000EDE
_OSCILLATOR_Initialize                          text63       00E696
_OSCTUNE                                        (abs)        000EDD
_PIE3bits                                       (abs)        000EC5
_PIE4bits                                       (abs)        000EC6
_PIN_MANAGER_Initialize                         text62       00D204
_PIR3bits                                       (abs)        000ECD
_PIR4bits                                       (abs)        000ECE
_PMD0                                           (abs)        000EE1
_PMD1                                           (abs)        000EE2
_PMD2                                           (abs)        000EE3
_PMD3                                           (abs)        000EE4
_PMD4                                           (abs)        000EE5
_PMD5                                           (abs)        000EE6
_PMD_Initialize                                 text61       00E662
_PORTAbits                                      (abs)        000F8D
_PR2                                            (abs)        000FBC
_PROJECT_INIT                                   text72       00E8DA
_RC1REG                                         (abs)        000F99
_RC1STA                                         (abs)        000F9D
_RC1STAbits                                     (abs)        000F9D
_RC3PPS                                         (abs)        000EFA
_RC4PPS                                         (abs)        000EFB
_RC6PPS                                         (abs)        000EFD
_RX1PPS                                         (abs)        000EB5
_Read_EUSART1_Buffer                            text71       00E8D4
_Rx1_ISR                                        text164      00DBBE
_SLRCONA                                        (abs)        000F0E
_SLRCONB                                        (abs)        000F16
_SLRCONC                                        (abs)        000F1E
_SP1BRGH                                        (abs)        000F9C
_SP1BRGL                                        (abs)        000F9B
_SSP1ADD                                        (abs)        000F93
_SSP1BUF                                        (abs)        000F92
_SSP1CLKPPS                                     (abs)        000EB7
_SSP1CON1                                       (abs)        000F96
_SSP1CON1bits                                   (abs)        000F96
_SSP1CON2                                       (abs)        000F97
_SSP1CON2bits                                   (abs)        000F97
_SSP1DATPPS                                     (abs)        000EB8
_SSP1STAT                                       (abs)        000F95
_SSP1STATbits                                   (abs)        000F95
_SYSTEM_Initialize                              text58       00E5BA
_T2CLKCON                                       (abs)        000FBF
_T2CON                                          (abs)        000FBD
_T2CONbits                                      (abs)        000FBD
_T2HLT                                          (abs)        000FBE
_T2HLTbits                                      (abs)        000FBE
_T2PR                                           (abs)        000FBC
_T2RST                                          (abs)        000FC0
_T2RSTbits                                      (abs)        000FC0
_T2TMR                                          (abs)        000FBB
_T3CLK                                          (abs)        000FCC
_T3CON                                          (abs)        000FC9
_T3CONbits                                      (abs)        000FC9
_T3GATE                                         (abs)        000FCB
_T3GCON                                         (abs)        000FCA
_T3GCONbits                                     (abs)        000FCA
_TMR2                                           (abs)        000FBB
_TMR2_DefaultInterruptHandler                   text161      00E95C
_TMR2_ISR                                       text160      00E212
_TMR2_Initialize                                text60       00E2D2
_TMR2_InterruptHandler                          nvBANK1      0001F8
_TMR2_SetInterruptHandler                       text93       00E85C
_TMR3H                                          (abs)        000FC8
_TMR3L                                          (abs)        000FC7
_TMR3_DefaultInterruptHandler                   text99       00E956
_TMR3_ISR                                       text98       00E088
_TMR3_Initialize                                text59       00DB24
_TMR3_InterruptHandler                          nvBANK1      0001F6
_TMR3_SetInterruptHandler                       text92       00E852
_TMR3_WriteTimer                                text159      00E500
_TRISA                                          (abs)        000F88
_TRISB                                          (abs)        000F89
_TRISC                                          (abs)        000F8A
_TX1REG                                         (abs)        000F9A
_TX1STA                                         (abs)        000F9E
_TX1STAbits                                     (abs)        000F9E
_WPUA                                           (abs)        000F10
_WPUB                                           (abs)        000F18
_WPUC                                           (abs)        000F20
_WPUE                                           (abs)        000F2D
__HRAM                                          (abs)        000000
__Habs1                                         abs1         000000
__Hbank0                                        bank0        000000
__Hbank1                                        bank1        000000
__Hbank10                                       bank10       000000
__Hbank11                                       bank11       000000
__Hbank12                                       bank12       000000
__Hbank13                                       bank13       000000
__Hbank14                                       bank14       000000
__Hbank2                                        bank2        000000
__Hbank3                                        bank3        000000
__Hbank4                                        bank4        000000
__Hbank5                                        bank5        000000
__Hbank6                                        bank6        000000
__Hbank7                                        bank7        000000
__Hbank8                                        bank8        000000
__Hbank9                                        bank9        000000
__Hbigbss                                       bigbss       000000
__Hbigdata                                      bigdata      000000
__Hbigram                                       bigram       000000
__Hbigsfr                                       bigsfr       000000
__Hbss                                          bss          000000
__HbssBANK0                                     bssBANK0     000000
__HbssBANK1                                     bssBANK1     000000
__HbssBANK2                                     bssBANK2     000000
__HbssBANK3                                     bssBANK3     000000
__HbssBANK4                                     bssBANK4     000000
__Hcinit                                        cinit        000000
__Hclrtext                                      clrtext      000000
__Hcomram                                       comram       000000
__Hconfig                                       config       30000C
__Hconst                                        const        000000
__HcstackBANK0                                  cstackBANK0  000000
__HcstackBANK1                                  cstackBANK1  000000
__HcstackBANK2                                  cstackBANK2  000000
__HcstackBANK3                                  cstackBANK3  000000
__HcstackCOMRAM                                 cstackCOMRAM 000000
__Hdata                                         data         000000
__Heeprom_data                                  eeprom_data  000000
__Hfarbss                                       farbss       000000
__Hfardata                                      fardata      000000
__Hheap                                         heap         000000
__Hibigdata                                     ibigdata     000000
__Hidata                                        idata        000000
__Hidloc                                        idloc        200010
__Hifardata                                     ifardata     000000
__Hinit                                         init         000198
__Hintcode                                      intcode      000194
__Hintcode_body                                 intcode_body 000000
__Hintcodelo                                    intcodelo    000194
__Hintentry                                     intentry     000000
__Hintret                                       intret       000000
__Hintsave_regs                                 intsave_regs 000000
__Hirdata                                       irdata       000000
__Hmediumconst                                  mediumconst  010000
__HnvBANK0                                      nvBANK0      000000
__HnvBANK1                                      nvBANK1      000000
__HnvBANK3                                      nvBANK3      000000
__HnvFARRAM                                     nvFARRAM     000000
__Hnvbit                                        nvbit        000000
__Hnvrram                                       nvrram       000000
__Hparam                                        rparam       000000
__Hpowerup                                      powerup      000194
__Hram                                          ram          000000
__Hramtop                                       ramtop       000F00
__Hrbit                                         rbit         000000
__Hrbss                                         rbss         000000
__Hrdata                                        rdata        000000
__Hreset_vec                                    reset_vec    000004
__Hrparam                                       rparam       000000
__Hsfr                                          sfr          000000
__Hsmallconst                                   smallconst   000000
__Hspace_0                                      (abs)        010000
__Hspace_1                                      (abs)        000450
__Hspace_2                                      (abs)        000000
__Hspace_4                                      (abs)        60000C
__Hstack                                        stack        000000
__Hstruct                                       struct       000000
__Htemp                                         temp         000060
__Htext                                         text         000000
__Htext0                                        text0        000000
__Htext1                                        text1        000000
__Htext10                                       text10       000000
__Htext100                                      text100      000000
__Htext101                                      text101      000000
__Htext102                                      text102      000000
__Htext103                                      text103      000000
__Htext104                                      text104      000000
__Htext105                                      text105      000000
__Htext106                                      text106      000000
__Htext107                                      text107      000000
__Htext108                                      text108      000000
__Htext109                                      text109      000000
__Htext11                                       text11       000000
__Htext110                                      text110      000000
__Htext111                                      text111      000000
__Htext112                                      text112      000000
__Htext113                                      text113      000000
__Htext114                                      text114      000000
__Htext115                                      text115      000000
__Htext116                                      text116      000000
__Htext117                                      text117      000000
__Htext118                                      text118      000000
__Htext119                                      text119      000000
__Htext12                                       text12       000000
__Htext120                                      text120      000000
__Htext121                                      text121      000000
__Htext122                                      text122      000000
__Htext123                                      text123      000000
__Htext124                                      text124      000000
__Htext125                                      text125      000000
__Htext126                                      text126      000000
__Htext127                                      text127      000000
__Htext128                                      text128      000000
__Htext129                                      text129      000000
__Htext13                                       text13       000000
__Htext130                                      text130      000000
__Htext131                                      text131      000000
__Htext132                                      text132      000000
__Htext133                                      text133      000000
__Htext134                                      text134      000000
__Htext135                                      text135      000000
__Htext136                                      text136      000000
__Htext137                                      text137      000000
__Htext138                                      text138      000000
__Htext139                                      text139      000000
__Htext14                                       text14       000000
__Htext140                                      text140      000000
__Htext141                                      text141      000000
__Htext142                                      text142      000000
__Htext143                                      text143      000000
__Htext144                                      text144      000000
__Htext145                                      text145      000000
__Htext146                                      text146      000000
__Htext147                                      text147      000000
__Htext148                                      text148      000000
__Htext149                                      text149      000000
__Htext15                                       text15       000000
__Htext150                                      text150      000000
__Htext151                                      text151      000000
__Htext152                                      text152      000000
__Htext153                                      text153      000000
__Htext154                                      text154      000000
__Htext155                                      text155      000000
__Htext156                                      text156      000000
__Htext157                                      text157      000000
__Htext158                                      text158      000000
__Htext159                                      text159      000000
__Htext16                                       text16       000000
__Htext160                                      text160      000000
__Htext161                                      text161      000000
__Htext162                                      text162      000000
__Htext163                                      text163      000000
__Htext164                                      text164      000000
__Htext165                                      text165      000000
__Htext166                                      text166      000000
__Htext167                                      text167      000000
__Htext168                                      text168      000000
__Htext169                                      text169      000000
__Htext17                                       text17       000000
__Htext170                                      text170      000000
__Htext171                                      text171      000000
__Htext172                                      text172      000000
__Htext173                                      text173      000000
__Htext174                                      text174      000000
__Htext175                                      text175      000000
__Htext176                                      text176      000000
__Htext177                                      text177      000000
__Htext178                                      text178      000000
__Htext179                                      text179      000000
__Htext18                                       text18       000000
__Htext180                                      text180      000000
__Htext181                                      text181      000000
__Htext182                                      text182      000000
__Htext183                                      text183      000000
__Htext184                                      text184      000000
__Htext185                                      text185      000000
__Htext186                                      text186      000000
__Htext187                                      text187      000000
__Htext188                                      text188      000000
__Htext189                                      text189      000000
__Htext19                                       text19       000000
__Htext190                                      text190      000000
__Htext191                                      text191      000000
__Htext192                                      text192      000000
__Htext193                                      text193      000000
__Htext194                                      text194      000000
__Htext195                                      text195      000000
__Htext196                                      text196      000000
__Htext197                                      text197      000000
__Htext198                                      text198      000000
__Htext199                                      text199      000000
__Htext2                                        text2        000000
__Htext20                                       text20       000000
__Htext200                                      text200      000000
__Htext201                                      text201      000000
__Htext202                                      text202      000000
__Htext203                                      text203      000000
__Htext204                                      text204      000000
__Htext205                                      text205      000000
__Htext206                                      text206      000000
__Htext207                                      text207      000000
__Htext208                                      text208      000000
__Htext209                                      text209      000000
__Htext21                                       text21       000000
__Htext210                                      text210      000000
__Htext22                                       text22       000000
__Htext23                                       text23       000000
__Htext24                                       text24       000000
__Htext25                                       text25       000000
__Htext26                                       text26       000000
__Htext27                                       text27       000000
__Htext28                                       text28       000000
__Htext29                                       text29       000000
__Htext3                                        text3        000000
__Htext30                                       text30       000000
__Htext31                                       text31       000000
__Htext32                                       text32       000000
__Htext33                                       text33       000000
__Htext34                                       text34       000000
__Htext35                                       text35       000000
__Htext36                                       text36       000000
[...]
utoa@n                                          cstackBANK2  000231
utoa@p                                          cstackBANK2  00022F
utoa@w                                          cstackBANK2  00022D
vfpfcnvrt@ap                                    cstackBANK2  0002AC
vfpfcnvrt@c                                     cstackBANK2  0002BA
vfpfcnvrt@convarg                               cstackBANK2  0002B2
vfpfcnvrt@cp                                    cstackBANK2  0002BB
vfpfcnvrt@fmt                                   cstackBANK2  0002AA
vfpfcnvrt@fp                                    cstackBANK2  0002A8
vfprintf@ap                                     cstackBANK2  0002C1
vfprintf@cfmt                                   cstackBANK2  0002C3
vfprintf@fmt                                    cstackBANK2  0002BF
vfprintf@fp                                     cstackBANK2  0002BD
windSpeedCalc@dw_dt                             cstackBANK2  000298
windSpeedCalc@linearVel                         cstackBANK2  00029C
windSpeedCalc@power                             cstackBANK2  000294
windSpeedCalc@time                              cstackBANK2  000290
wr1RegCompleteHandler@ptr                       cstackCOMRAM 00000A
wr2RegCompleteHandler@ptr                       cstackCOMRAM 00000A
wtemp8                                          temp         000060


MODULE INFORMATION

Module		Function		Class		Link	Load	Size
C:\Program Files\Microchip\xc8\v2.40\pic\sources\c99\common\sprcmul.c
		___flmul       		CODE           	8A1C	0000	1068

C:\Program Files\Microchip\xc8\v2.40\pic\sources\c99\common\sprcmul.c estimated size: 1068

C:\Program Files\Microchip\xc8\v2.40\pic\sources\c99\common\nf_fputc.c
		_fputc         		CODE           	CFC8	0000	152

C:\Program Files\Microchip\xc8\v2.40\pic\sources\c99\common\nf_fputc.c estimated size: 152

C:\Program Files\Microchip\xc8\v2.40\pic\sources\c99\common\sprcdiv.c
		___fldiv       		CODE           	9272	0000	924

C:\Program Files\Microchip\xc8\v2.40\pic\sources\c99\common\sprcdiv.c estimated size: 924

mcc_generated_files/examples/i2c1_master_example.c
		_wr1RegCompleteHandler		CODE           	E384	0000	44
		_wr2RegCompleteHandler		CODE           	E408	0000	44
		_I2C1_Write1ByteRegister		CODE           	D4FA	0000	120
		_rdBlkRegCompleteHandler		CODE           	E048	0000	64
		_rd1RegCompleteHandler		CODE           	E3DC	0000	44
		_rd2RegCompleteHandler		CODE           	E3B0	0000	44
		_I2C1_Read1ByteRegister		CODE           	D286	0000	130

mcc_generated_files/examples/i2c1_master_example.c estimated size: 490

C:\Program Files\Microchip\xc8\v2.40\pic\sources\c99\common\sqrtf.c
		_sqrtf         		CODE           	809C	0000	1216

C:\Program Files\Microchip\xc8\v2.40\pic\sources\c99\common\sqrtf.c estimated size: 1216

C:\Program Files\Microchip\xc8\v2.40\pic\sources\c99\common\lwdiv.c
		___lwdiv       		CODE           	D572	0000	118

C:\Program Files\Microchip\xc8\v2.40\pic\sources\c99\common\lwdiv.c estimated size: 118

C:\Program Files\Microchip\xc8\v2.40\pic\sources\c99\common\memcpy.c
		_memcpy        		CODE           	DA82	0000	82

C:\Program Files\Microchip\xc8\v2.40\pic\sources\c99\common\memcpy.c estimated size: 82

C:\Program Files\Microchip\xc8\v2.40\pic\sources\c99\common\fltol.c
		___fltol       		CODE           	BCA4	0000	264

C:\Program Files\Microchip\xc8\v2.40\pic\sources\c99\common\fltol.c estimated size: 264

C:\Program Files\Microchip\xc8\v2.40\pic\sources\c99\common\scalbnf.c
		_scalbnf       		CODE           	A180	0000	574

C:\Program Files\Microchip\xc8\v2.40\pic\sources\c99\common\scalbnf.c estimated size: 574

C:\Program Files\Microchip\xc8\v2.40\pic\sources\c99\common\isspace.c
		_isspace       		CODE           	DC98	0000	72

C:\Program Files\Microchip\xc8\v2.40\pic\sources\c99\common\isspace.c estimated size: 72

C:\Program Files\Microchip\xc8\v2.40\pic\sources\c99\common\atoi.c
		_atoi          		CODE           	B9F8	0000	344

C:\Program Files\Microchip\xc8\v2.40\pic\sources\c99\common\atoi.c estimated size: 344

mcc_generated_files/i2c1_master.c
		_I2C1_DO_SEND_RESTART		CODE           	E8B4	0000	8
		_I2C1_DO_TX_EMPTY		CODE           	D404	0000	124
		_I2C1_DO_SEND_RESTART_READ		CODE           	E8C4	0000	8
		_I2C1_CallbackReturnStop		CODE           	E948	0000	4
		_I2C1_DO_RX    		CODE           	CE84	0000	166
		_I2C1_DO_TX    		CODE           	C9A2	0000	196
		_I2C1_SetAddressNackCallback		CODE           	E6DE	0000	24
		_I2C1_DO_IDLE  		CODE           	E814	0000	12
		_I2C1_MasterOpen		CODE           	E5DC	0000	34
		_I2C1_DO_RCEN  		CODE           	E808	0000	12
		_I2C1_MasterSendTxData		CODE           	E8CC	0000	8
		_I2C1_MasterStop		CODE           	E94C	0000	4
		_I2C1_CallbackReturnReset		CODE           	E944	0000	4
		_I2C1_DO_RESET 		CODE           	E7FC	0000	12
		_I2C1_MasterStartRx		CODE           	E940	0000	4
		_I2C1_DO_RX_ACK		CODE           	E8A4	0000	8
		_I2C1_MasterSendNack		CODE           	E922	0000	6
		_I2C1_DO_RX_NACK_RESTART		CODE           	E894	0000	8
		_I2C1_MasterDisableIrq		CODE           	E8E6	0000	6
		_I2C1_MasterOperation		CODE           	DB72	0000	76
		_I2C1_SetCallback		CODE           	D308	0000	126
		_I2C1_MasterEnableRestart		CODE           	E950	0000	4
		_I2C1_Open     		CODE           	CDDC	0000	168
		_I2C1_DO_ADDRESS_NACK		CODE           	D80E	0000	102
		_I2C1_SetBuffer		CODE           	E572	0000	36
		_I2C1_DO_SEND_RESTART_WRITE		CODE           	E8BC	0000	8
		_I2C1_MasterClose		CODE           	E930	0000	4
		_I2C1_MasterWrite		CODE           	E884	0000	8
		_I2C1_Initialize		CODE           	E756	0000	20
		_I2C1_Close    		CODE           	E274	0000	48
		_I2C1_MasterIsNack		CODE           	E76A	0000	20
		_I2C1_MasterStart		CODE           	E92C	0000	4
		_I2C1_DO_SEND_ADR_WRITE		CODE           	E7B4	0000	16
		_I2C1_MasterClearIrq		CODE           	E8EC	0000	6
		_I2C1_SetDataCompleteCallback		CODE           	E6C6	0000	24
		_I2C1_DO_SEND_STOP		CODE           	E8AC	0000	8
		_I2C1_MasterSendAck		CODE           	E91C	0000	6
		_I2C1_MasterFsm		CODE           	D6D0	0000	112
		_I2C1_MasterIsr		CODE           	E90A	0000	6
		_I2C1_MasterGetRxData		CODE           	E93C	0000	4
		_I2C1_SetInterruptHandler		CODE           	E848	0000	10
		_I2C1_MasterSetIrq		CODE           	E916	0000	6
		_I2C1_DO_SEND_ADR_READ		CODE           	E7C4	0000	16
		_I2C1_MasterEnableIrq		CODE           	E8E0	0000	6
		_I2C1_DO_RX_NACK_STOP		CODE           	E89C	0000	8

mcc_generated_files/i2c1_master.c estimated size: 1500

C:\Program Files\Microchip\xc8\v2.40\pic\sources\c99\common\Umul16.c
		___wmul        		CODE           	E4B0	0000	40

C:\Program Files\Microchip\xc8\v2.40\pic\sources\c99\common\Umul16.c estimated size: 40

C:\Program Files\Microchip\xc8\v2.40\pic\sources\c99\common\fleq.c
		___fleq        		CODE           	CC86	0000	172

C:\Program Files\Microchip\xc8\v2.40\pic\sources\c99\common\fleq.c estimated size: 172

mcc_generated_files/tmr2.c
		_TMR2_ISR      		CODE           	E212	0000	50
		_TMR2_Initialize		CODE           	E2D2	0000	46
		_TMR2_SetInterruptHandler		CODE           	E85C	0000	10
		_TMR2_DefaultInterruptHandler		CODE           	E95C	0000	2

mcc_generated_files/tmr2.c estimated size: 108

mcc_generated_files/interrupt_manager.c
		_INTERRUPT_Initialize		CODE           	E928	0000	4
		_INTERRUPT_InterruptManager		CODE           	0008	0000	396

mcc_generated_files/interrupt_manager.c estimated size: 400

C:\Program Files\Microchip\xc8\v2.40\pic\sources\c99\common\abs.c
		_abs           		CODE           	DE7E	0000	66

C:\Program Files\Microchip\xc8\v2.40\pic\sources\c99\common\abs.c estimated size: 66

sensor_controller.c
		_data_transmit 		CODE           	C49C	0000	230
		_sensor_read   		CODE           	D874	0000	96
		_set_thresh    		CODE           	E100	0000	56

sensor_controller.c estimated size: 382

C:\Program Files\Microchip\xc8\v2.40\pic\sources\c99\common\printf.c
		_printf        		CODE           	E488	0000	40

C:\Program Files\Microchip\xc8\v2.40\pic\sources\c99\common\printf.c estimated size: 40

C:\Program Files\Microchip\xc8\v2.40\pic\sources\c99\common\__fpclassifyf.c
		___fpclassifyf 		CODE           	C0BC	0000	256

C:\Program Files\Microchip\xc8\v2.40\pic\sources\c99\common\__fpclassifyf.c estimated size: 256

mcc_generated_files/pin_manager.c
		_PIN_MANAGER_Initialize		CODE           	D204	0000	130
		_IOCAF0_SetInterruptHandler		CODE           	E866	0000	10

mcc_generated_files/pin_manager.c estimated size: 140

C:\Program Files\Microchip\xc8\v2.40\pic\sources\c99\common\isdigit.c
		_isdigit       		CODE           	E2A4	0000	46

C:\Program Files\Microchip\xc8\v2.40\pic\sources\c99\common\isdigit.c estimated size: 46

interrupt_handler.c
		_Rx1_ISR       		CODE           	DBBE	0000	74
		_t_update      		CODE           	D182	0000	130
		_Interrupt_Handler_Initialize		CODE           	D9DA	0000	84
		_Read_EUSART1_Buffer		CODE           	E8D4	0000	6
		_internal_clock		CODE           	E45E	0000	42

interrupt_handler.c estimated size: 336

C:\Program Files\Microchip\xc8\v2.40\pic\sources\c99\common\sprcadd.c
		___flsub       		CODE           	DC08	0000	72
		___fladd       		CODE           	7718	0000	1218

C:\Program Files\Microchip\xc8\v2.40\pic\sources\c99\common\sprcadd.c estimated size: 1290

C:\Program Files\Microchip\xc8\v2.40\pic\sources\c99\common\floorf.c
		_floorf        		CODE           	A5F2	0000	534

C:\Program Files\Microchip\xc8\v2.40\pic\sources\c99\common\floorf.c estimated size: 534

C:\Program Files\Microchip\xc8\v2.40\pic\sources\c99\common\powf.c
		_powf          		CODE           	0198	0000	10912

C:\Program Files\Microchip\xc8\v2.40\pic\sources\c99\common\powf.c estimated size: 10912

C:\Program Files\Microchip\xc8\v2.40\pic\sources\c99\common\flneg.c
		___flneg       		CODE           	E0C6	0000	58

C:\Program Files\Microchip\xc8\v2.40\pic\sources\c99\common\flneg.c estimated size: 58

C:\Program Files\Microchip\xc8\v2.40\pic\sources\c99\common\fabsf.c
		_fabsf         		CODE           	E1A8	0000	54

C:\Program Files\Microchip\xc8\v2.40\pic\sources\c99\common\fabsf.c estimated size: 54

C:\Program Files\Microchip\xc8\v2.40\pic\sources\c99\common\labs.c
		_labs          		CODE           	D740	0000	104

C:\Program Files\Microchip\xc8\v2.40\pic\sources\c99\common\labs.c estimated size: 104

C:\Program Files\Microchip\xc8\v2.40\pic\sources\c99\common\xxtofl.c
		___xxtofl      		CODE           	ADA6	0000	440

C:\Program Files\Microchip\xc8\v2.40\pic\sources\c99\common\xxtofl.c estimated size: 440

C:\Program Files\Microchip\xc8\v2.40\pic\sources\c99\common\nf_fputs.c
		_fputs         		CODE           	DC50	0000	72

C:\Program Files\Microchip\xc8\v2.40\pic\sources\c99\common\nf_fputs.c estimated size: 72

C:\Program Files\Microchip\xc8\v2.40\pic\sources\c99\common\lomod.c
		___lomod       		CODE           	C666	0000	210

C:\Program Files\Microchip\xc8\v2.40\pic\sources\c99\common\lomod.c estimated size: 210

C:\Program Files\Microchip\xc8\v2.40\pic\sources\c99\common\aomod.c
		___aomod       		CODE           	B72E	0000	358

C:\Program Files\Microchip\xc8\v2.40\pic\sources\c99\common\aomod.c estimated size: 358

shared
		i2_I2C1_MasterDisableIrq		CODE           	E8F8	0000	6
		i2_fabsf       		CODE           	E1DE	0000	52
		_L5            		MEDIUMCONST    	0000	0000	0
		_P3            		MEDIUMCONST    	0000	0000	0
		i2_printf      		CODE           	E4D8	0000	40
		i2_I2C1_SetBuffer		CODE           	E596	0000	36
		i2_vfpfcnvrt   		CODE           	6AC8	0000	1580
		_L6            		MEDIUMCONST    	0000	0000	0
		_P4            		MEDIUMCONST    	0000	0000	0
		i2_sqrtf       		CODE           	7BDA	0000	1218
		i2_pad         		CODE           	CBD8	0000	174
		i2_atoi        		CODE           	BB50	0000	340
		_P5            		MEDIUMCONST    	0000	0000	0
		i2_tempRead    		CODE           	E7F0	0000	12
		i2_abs         		CODE           	E008	0000	64
		i2_floorf      		CODE           	A808	0000	534
		i2_labs        		CODE           	D7A8	0000	102
		i2_putch       		CODE           	E958	0000	2
		i2___fleq      		CODE           	CD32	0000	170
		i2_isspace     		CODE           	E170	0000	56
		i2_I2C1_MasterOpen		CODE           	E620	0000	34
		i2_utoa        		CODE           	ABE4	0000	450
		i2_I2C1_MasterOperation		CODE           	DFC8	0000	64
		i2_I2C1_SetInterruptHandler		CODE           	E87A	0000	10
		i2___lwdiv     		CODE           	D5E8	0000	116
		i2_vfprintf    		CODE           	DA2E	0000	84
		i2_isdigit     		CODE           	E95A	0000	2
		i2_I2C1_SetCallback		CODE           	D480	0000	122
		i2_sensor_read 		CODE           	D930	0000	86
		i2_t_update    		CODE           	D386	0000	126
		i2___flneg     		CODE           	E138	0000	56
		_lg2_l         		MEDIUMCONST    	0000	0000	0
		i2_strcpy      		CODE           	DF86	0000	66
		i2___fladd     		CODE           	855C	0000	1216
		i2_ctoa        		CODE           	C8D6	0000	204
		i2_I2C1_MasterEnableIrq		CODE           	E8F2	0000	6
		i2_I2C1_MasterClose		CODE           	E938	0000	4
		i2___wmul      		CODE           	E528	0000	38
		_ivln2_l       		MEDIUMCONST    	0000	0000	0
		i2_scalbnf     		CODE           	A3BE	0000	564
		i2_I2C1_MasterWrite		CODE           	E88C	0000	8
		i2_dtoa        		CODE           	9F02	0000	638
		_ivln2         		MEDIUMCONST    	0000	0000	0
		i2___fldiv     		CODE           	960E	0000	924
		i2___fltol     		CODE           	BEB2	0000	262
		__initialization		CODE           	DD28	0000	60
		i2___flge      		CODE           	BFB8	0000	260
		i2___lodiv     		CODE           	C3AC	0000	240
		_bp            		MEDIUMCONST    	FF13	0000	8
		_cp            		MEDIUMCONST    	0000	0000	0
		_cp_h          		MEDIUMCONST    	0000	0000	0
		_dp_h          		MEDIUMCONST    	FEAB	0000	8
		_tiny@sqrtf$F3506		MEDIUMCONST    	0000	0000	0
		_lg2           		MEDIUMCONST    	0000	0000	0
		main@F10836    		MEDIUMCONST    	FEB3	0000	8
		i2_powf        		CODE           	2C38	0000	10820
		i2_data_transmit		CODE           	C582	0000	228
		i2___aodiv     		CODE           	B42E	0000	392
		i2___flmul     		CODE           	8E48	0000	1066
		_lg2_h         		MEDIUMCONST    	0000	0000	0
		_i2c1_fsmStateTable		MEDIUMCONST    	FE83	0000	32
		_ivln2_h       		MEDIUMCONST    	0000	0000	0
		i2_I2C1_Read1ByteRegister		CODE           	D65C	0000	116
		i2_hallRead    		CODE           	E434	0000	42
		i2_I2C1_MasterStart		CODE           	E934	0000	4
		i2___xxtofl    		CODE           	AF5E	0000	436
		_tiny          		MEDIUMCONST    	0000	0000	0
		i2___lomod     		CODE           	C738	0000	208
		i2___fpclassifyf		CODE           	C1BC	0000	254
		i2_hallRecord  		CODE           	DF44	0000	66
		i2___flsub     		CODE           	DD6E	0000	70
		i2_nanf        		CODE           	E5FE	0000	34
		_ovt           		MEDIUMCONST    	0000	0000	0
		i2_windSpeedCalc		CODE           	B5B6	0000	376
		i2_efgtoa      		CODE           	60A4	0000	2596
		_huge          		MEDIUMCONST    	0000	0000	0
		i2_I2C1_MasterClearIrq		CODE           	E910	0000	6
		i2___aomod     		CODE           	B894	0000	356
		i2_fputc       		CODE           	D060	0000	150
		i2_fputs       		CODE           	DDF8	0000	68
		_two24         		MEDIUMCONST    	0000	0000	0
		i2_I2C1_SetDataCompleteCallback		CODE           	E73E	0000	24
		i2_I2C1_Open   		CODE           	CF2A	0000	158
		_cp_l          		MEDIUMCONST    	0000	0000	0
		_dp_l          		MEDIUMCONST    	FEA3	0000	8
		i2_memcpy      		CODE           	DAD4	0000	80
		_L1            		MEDIUMCONST    	0000	0000	0
		i2_I2C1_Close  		CODE           	E32C	0000	44
		_L2            		MEDIUMCONST    	0000	0000	0
		i2_I2C1_SetAddressNackCallback		CODE           	E70E	0000	24
		_L3            		MEDIUMCONST    	0000	0000	0
		_P1            		MEDIUMCONST    	0000	0000	0
		_L4            		MEDIUMCONST    	0000	0000	0
		_P2            		MEDIUMCONST    	0000	0000	0

shared estimated size: 27708

mcc_generated_files/eusart1.c
		_EUSART1_SetRxInterruptHandler		CODE           	E870	0000	10
		_EUSART1_SetTxInterruptHandler		CODE           	E820	0000	10
		_EUSART1_is_rx_ready		CODE           	E726	0000	24
		_EUSART1_is_tx_ready		CODE           	E6F6	0000	24
		_EUSART1_Initialize		CODE           	D0F6	0000	140
		_EUSART1_DefaultErrorHandler		CODE           	E904	0000	6
		_EUSART1_SetFramingErrorHandler		CODE           	E834	0000	10
		_EUSART1_Read  		CODE           	D8D4	0000	92
		_EUSART1_SetOverrunErrorHandler		CODE           	E82A	0000	10
		_EUSART1_SetErrorHandler		CODE           	E83E	0000	10
		_EUSART1_Receive_ISR		CODE           	CA66	0000	194
		_EUSART1_RxDataHandler		CODE           	E358	0000	44
		_EUSART1_DefaultOverrunErrorHandler		CODE           	E8FE	0000	6
		_EUSART1_Transmit_ISR		CODE           	DCE0	0000	72
		_EUSART1_DefaultFramingErrorHandler		CODE           	E95E	0000	2

mcc_generated_files/eusart1.c estimated size: 654

C:\Program Files\Microchip\xc8\v2.40\pic\sources\c99\common\strcpy.c
		_strcpy        		CODE           	DDB4	0000	68

C:\Program Files\Microchip\xc8\v2.40\pic\sources\c99\common\strcpy.c estimated size: 68

mcc_generated_files/mcc.c
		_PMD_Initialize		CODE           	E662	0000	28
		_OSCILLATOR_Initialize		CODE           	E696	0000	24
		_SYSTEM_Initialize		CODE           	E5BA	0000	34

mcc_generated_files/mcc.c estimated size: 86

C:\Program Files\Microchip\xc8\v2.40\pic\sources\c99\common\flge.c
		___flge        		CODE           	BDAC	0000	262

C:\Program Files\Microchip\xc8\v2.40\pic\sources\c99\common\flge.c estimated size: 262

mcc_generated_files/tmr3.c
		_TMR3_ISR      		CODE           	E088	0000	62
		_TMR3_Initialize		CODE           	DB24	0000	78
		_TMR3_SetInterruptHandler		CODE           	E852	0000	10
		_TMR3_DefaultInterruptHandler		CODE           	E956	0000	2
		_TMR3_WriteTimer		CODE           	E500	0000	40

mcc_generated_files/tmr3.c estimated size: 192

C:\Program Files\Microchip\xc8\v2.40\pic\sources\c99\common\putch.c
		_putch         		CODE           	E954	0000	2

C:\Program Files\Microchip\xc8\v2.40\pic\sources\c99\common\putch.c estimated size: 2

hall_effect.c
		_hallRecord    		CODE           	DE3C	0000	66
		_windSpeedCalc 		CODE           	B112	0000	402
		_hallRead      		CODE           	E244	0000	48
		_hallInit      		CODE           	E6AE	0000	24

hall_effect.c estimated size: 540

C:\Program Files\Microchip\xc8\v2.40\pic\sources\c99\common\doprnt.c
		_vfpfcnvrt     		CODE           	70F4	0000	1572
		_efgtoa        		CODE           	567C	0000	2600
		_pad           		CODE           	CB28	0000	176
		_ctoa          		CODE           	C808	0000	206
		_dtoa          		CODE           	9C80	0000	642
		_vfprintf      		CODE           	D986	0000	84
		_utoa          		CODE           	AA1E	0000	454

C:\Program Files\Microchip\xc8\v2.40\pic\sources\c99\common\doprnt.c estimated size: 5734

motor_control.c
		_umbStow       		CODE           	DEC0	0000	66
		_motorOFF      		CODE           	E790	0000	18
		_actionTrigger 		CODE           	E300	0000	44
		_motorRVR      		CODE           	E77E	0000	18
		_solTrigger    		CODE           	E67E	0000	24
		_motorFWD      		CODE           	E7A2	0000	18
		_motorController		CODE           	E642	0000	32
		_motorFaultRead		CODE           	E7E2	0000	14
		_umbDeploy     		CODE           	DF02	0000	66

motor_control.c estimated size: 300

main.c
		_PROJECT_INIT  		CODE           	E8DA	0000	6
		_main          		CODE           	99AA	0000	726

main.c estimated size: 732

temp_sensor.c
		_tempRead      		CODE           	E7D4	0000	14

temp_sensor.c estimated size: 14

C:\Program Files\Microchip\xc8\v2.40\pic\sources\c99\common\lodiv.c
		___lodiv       		CODE           	C2BA	0000	242

C:\Program Files\Microchip\xc8\v2.40\pic\sources\c99\common\lodiv.c estimated size: 242

C:\Program Files\Microchip\xc8\v2.40\pic\sources\c99\common\aodiv.c
		___aodiv       		CODE           	B2A4	0000	394

C:\Program Files\Microchip\xc8\v2.40\pic\sources\c99\common\aodiv.c estimated size: 394

C:\Program Files\Microchip\xc8\v2.40\pic\sources\c99\common\nanf.c
		_nanf          		CODE           	E54E	0000	36

C:\Program Files\Microchip\xc8\v2.40\pic\sources\c99\common\nanf.c estimated size: 36

