Microchip MPLAB XC8 Compiler V2.40

Linker command line:

-W-3 \
  --edf=C:/Users/DJMik/.mchp_packs/Microchip/PIC18F-K_DFP/1.8.249/xc8\pic\dat\20230209213641_en.msgs \
  -cn -h+dist/default/production\Team205_FinalBoard.X.production.sym \
  --cmf=dist/default/production\Team205_FinalBoard.X.production.cmf -z \
  -Q18LF26K40 -oC:\Users\DJMik\AppData\Local\Temp\xcAsp3s.4 \
  --defsym=__MPLAB_BUILD=1 --fixupoverflow=error \
  -Mdist/default/production/Team205_FinalBoard.X.production.map \
  --md=C:\Users\DJMik\AppData\Local\Temp\xcAsp3s.dat -E1 -ver=XC8 Compiler \
  --acfsm=1493 -ACODE=00h-0FFFFh -ACONST=00h-0FFFFh \
  -ASMALLCONST=0F00h-0FFFhx241 -AMEDIUMCONST=0F00h-0FFFFh -ACOMRAM=01h-05Fh \
  -AABS1=00h-0E87h -ABIGRAM=01h-0E87h \
  -ARAM=060h-0FFh,0100h-01FFhx13,0E00h-0E87h -ABANK0=060h-0FFh \
  -ABANK1=0100h-01FFh -ABANK2=0200h-02FFh -ABANK3=0300h-03FFh \
  -ABANK4=0400h-04FFh -ABANK5=0500h-05FFh -ABANK6=0600h-06FFh \
  -ABANK7=0700h-07FFh -ABANK8=0800h-08FFh -ABANK9=0900h-09FFh \
  -ABANK10=0A00h-0AFFh -ABANK11=0B00h-0BFFh -ABANK12=0C00h-0CFFh \
  -ABANK13=0D00h-0DFFh -ABANK14=0E00h-0E87h \
  -ASFR=0E8Dh-0EFFh,0F00h-0F5Fh,0F60h-0FFFh -ABIGSFR=0E8Dh-0FFFh \
  -ACONFIG=0300000h-030000Bh -AIDLOC=0200000h-020000Fh \
  -AEEDATA=0310000h-03103FFh -peeprom_data=EEDATA \
  -preset_vec=00h,intcode=08h,intcodelo,powerup,init -pramtop=0F00h \
  -psmallconst=SMALLCONST -pmediumconst=MEDIUMCONST -pconst=CONST \
  -AFARRAM=00h-00h \
  -prdata=COMRAM,nvrram=COMRAM,nvbit=COMRAM,rbss=COMRAM,rbit=COMRAM \
  -pfarbss=FARRAM,fardata=FARRAM,nvFARRAM=FARRAM \
  -pintsave_regs=BIGRAM,bigbss=BIGRAM,bigdata=BIGRAM -pbss=RAM \
  -pidata=CODE,irdata=CODE,ibigdata=CODE,ifardata=CODE -prparam=COMRAM \
  C:\Users\DJMik\AppData\Local\Temp\xcAsp3s.o \
  dist/default/production\Team205_FinalBoard.X.production.o 

Object code version is 3.11

Machine type is 18LF26K40



                Name                               Link     Load   Length Selector   Space Scale
C:\Users\DJMik\AppData\Local\Temp\xcAsp3s.o
                idloc                            200000   200000       10        0       5
                config                           300000   300000        C        0       4
                init                                 C6       C6        4        4       0
                reset_vec                             0        0        4        0       0
dist/default/production\Team205_FinalBoard.X.production.o
                intcode                               8        8       BE        4       0
                idloc                            200000   200000       10        0       5
                config                           300000   300000        C        0       4
                temp                                 46       46        1        1       1
                smallconst                          F00      F00       86      780       0
                text105                            3A56     3A56        4      7C3       0
                text104                            3A52     3A52        4      7C3       0
                text103                            379A     379A       24      7C3       0
                text102                            2FAE     2FAE       7A      7C3       0
                text101                            38D6     38D6       18      7C3       0
                text100                            367E     367E       2C      7C3       0
                text99                             3652     3652       2C      7C3       0
                text98                             3626     3626       2C      7C3       0
                text97                             35FA     35FA       2C      7C3       0
                text96                             34F4     34F4       40      7C3       0
                text95                             3A4E     3A4E        4      7C3       0
                text94                             3A4A     3A4A        4      7C3       0
                text93                             3A46     3A46        4      7C3       0
                text92                             3A2C     3A2C        6      7C3       0
                text91                             3A42     3A42        4      7C3       0
                text90                             3A26     3A26        6      7C3       0
                text89                             39EE     39EE        8      7C3       0
                text88                             3902     3902       14      7C3       0
                text87                             3A20     3A20        6      7C3       0
                text86                             2EB8     2EB8       7C      7C3       0
                text85                             3968     3968        C      7C3       0
                text84                             3926     3926       10      7C3       0
                text83                             3916     3916       10      7C3       0
                text82                             2B6C     2B6C       C4      7C3       0
                text81                             2CDE     2CDE       A6      7C3       0
                text80                             395C     395C        C      7C3       0
                text79                             39E6     39E6        8      7C3       0
                text78                             39DE     39DE        8      7C3       0
                text77                             39D6     39D6        8      7C3       0
                text76                             39CE     39CE        8      7C3       0
                text75                             39C6     39C6        8      7C3       0
                text74                             39BE     39BE        8      7C3       0
                text73                             39B6     39B6        8      7C3       0
                text72                             3950     3950        C      7C3       0
                text71                             3330     3330       66      7C3       0
                text70                             3A1A     3A1A        6      7C3       0
                text69                             3110     3110       70      7C3       0
                text68                             3A14     3A14        6      7C3       0
                text66                             36FE     36FE       2A      7C3       0
                text65                             399C     399C        A      7C3       0
                text64                             3992     3992        A      7C3       0
                text63                             3988     3988        A      7C3       0
                text62                             3534     3534       3E      7C3       0
                text61                             38EE     38EE       14      7C3       0
                text60                             3A3E     3A3E        4      7C3       0
                text59                             38BE     38BE       18      7C3       0
                text58                             31EE     31EE       6E      7C3       0
                text57                             385A     385A       1C      7C3       0
                text56                             3820     3820       1E      7C3       0
                text55                             3802     3802       1E      7C3       0
                text54                             28A6     28A6      104      7C3       0
                text53                             3A0E     3A0E        6      7C3       0
                text52                             3A3A     3A3A        4      7C3       0
                text51                             3A08     3A08        6      7C3       0
                text50                             35CE     35CE       2C      7C3       0
                text49                             3A36     3A36        4      7C3       0
                text48                             34B4     34B4       40      7C3       0
                text47                             39AE     39AE        8      7C3       0
                text46                             3A02     3A02        6      7C3       0
                text45                             37E0     37E0       22      7C3       0
                text44                             397E     397E        A      7C3       0
                text43                             2D84     2D84       9E      7C3       0
                text42                             2F34     2F34       7A      7C3       0
                text41                             38A6     38A6       18      7C3       0
                text40                             3776     3776       24      7C3       0
                text39                             388E     388E       18      7C3       0
                text38                             3180     3180       6E      7C3       0
                text37                             383E     383E       1C      7C3       0
                text36                             32C6     32C6       6A      7C3       0
                text35                             309C     309C       74      7C3       0
                text34                             3936     3936        E      7C3       0
                text33                             325C     325C       6A      7C3       0
                text32                             3750     3750       26      7C3       0
                text31                             35A2     35A2       2C      7C3       0
                text30                             33EA     33EA       46      7C3       0
                text29                             263E     263E      154      7C3       0
                text28                             2350     2350      18A      7C3       0
                text27                             24DA     24DA      164      7C3       0
                text26                             3474     3474       40      7C3       0
                text25                             3876     3876       18      7C3       0
                text24                             3974     3974        A      7C3       0
                text23                             2E22     2E22       96      7C3       0
                text22                             3430     3430       44      7C3       0
                text21                             2C30     2C30       AE      7C3       0
                text20                             1B66     1B66      280      7C3       0
                text19                             29AA     29AA       F2      7C3       0
                text18                             2A9C     2A9C       D0      7C3       0
                text17                             1FD6     1FD6      1C6      7C3       0
                text16                             13B2     13B2      418      7C3       0
                text15                             3396     3396       54      7C3       0
                text14                             3728     3728       28      7C3       0
                text13                             39A6     39A6        8      7C3       0
                text12                             39FC     39FC        6      7C3       0
                text11                             3A32     3A32        4      7C3       0
                text10                             39F6     39F6        6      7C3       0
                text9                              36D4     36D4       2A      7C3       0
                text8                              3572     3572       30      7C3       0
                text7                              3944     3944        C      7C3       0
                text6                              17CA     17CA      39C      7C3       0
                text5                               F86      F86      42C      7C3       0
                text4                              3028     3028       74      7C3       0
                text3                              219C     219C      1B4      7C3       0
                text2                              36AA     36AA       2A      7C3       0
                text1                              2792     2792      114      7C3       0
                text0                              1DE6     1DE6      1F0      7C3       0
                cstackCOMRAM                          1        1       2F        1       1
                cstackBANK0                          60       60       5C       60       1
                cstackBANK1                         100      100        E      100       1
                bssBANK0                             BC       BC       44       60       1
                bssCOMRAM                            30       30       10        1       1
                cinit                              37BE     37BE       22      7C3       0
                nvCOMRAM                             40       40        6        1       1

TOTAL           Name                               Link     Load   Length     Space
        CLASS   CODE           
                intcode                               8        8       BE         0
                init                                 C6       C6        4         0
                reset_vec                             0        0        4         0
                text105                            3A56     3A56        4         0
                text104                            3A52     3A52        4         0
                text103                            379A     379A       24         0
                text102                            2FAE     2FAE       7A         0
                text101                            38D6     38D6       18         0
                text100                            367E     367E       2C         0
                text99                             3652     3652       2C         0
                text98                             3626     3626       2C         0
                text97                             35FA     35FA       2C         0
                text96                             34F4     34F4       40         0
                text95                             3A4E     3A4E        4         0
                text94                             3A4A     3A4A        4         0
                text93                             3A46     3A46        4         0
                text92                             3A2C     3A2C        6         0
                text91                             3A42     3A42        4         0
                text90                             3A26     3A26        6         0
                text89                             39EE     39EE        8         0
                text88                             3902     3902       14         0
                text87                             3A20     3A20        6         0
                text86                             2EB8     2EB8       7C         0
                text85                             3968     3968        C         0
                text84                             3926     3926       10         0
                text83                             3916     3916       10         0
                text82                             2B6C     2B6C       C4         0
                text81                             2CDE     2CDE       A6         0
                text80                             395C     395C        C         0
                text79                             39E6     39E6        8         0
                text78                             39DE     39DE        8         0
                text77                             39D6     39D6        8         0
                text76                             39CE     39CE        8         0
                text75                             39C6     39C6        8         0
                text74                             39BE     39BE        8         0
                text73                             39B6     39B6        8         0
                text72                             3950     3950        C         0
                text71                             3330     3330       66         0
                text70                             3A1A     3A1A        6         0
                text69                             3110     3110       70         0
                text68                             3A14     3A14        6         0
                text66                             36FE     36FE       2A         0
                text65                             399C     399C        A         0
                text64                             3992     3992        A         0
                text63                             3988     3988        A         0
                text62                             3534     3534       3E         0
                text61                             38EE     38EE       14         0
                text60                             3A3E     3A3E        4         0
                text59                             38BE     38BE       18         0
                text58                             31EE     31EE       6E         0
                text57                             385A     385A       1C         0
                text56                             3820     3820       1E         0
                text55                             3802     3802       1E         0
                text54                             28A6     28A6      104         0
                text53                             3A0E     3A0E        6         0
                text52                             3A3A     3A3A        4         0
                text51                             3A08     3A08        6         0
                text50                             35CE     35CE       2C         0
                text49                             3A36     3A36        4         0
                text48                             34B4     34B4       40         0
                text47                             39AE     39AE        8         0
                text46                             3A02     3A02        6         0
                text45                             37E0     37E0       22         0
                text44                             397E     397E        A         0
                text43                             2D84     2D84       9E         0
                text42                             2F34     2F34       7A         0
                text41                             38A6     38A6       18         0
                text40                             3776     3776       24         0
                text39                             388E     388E       18         0
                text38                             3180     3180       6E         0
                text37                             383E     383E       1C         0
                text36                             32C6     32C6       6A         0
                text35                             309C     309C       74         0
                text34                             3936     3936        E         0
                text33                             325C     325C       6A         0
                text32                             3750     3750       26         0
                text31                             35A2     35A2       2C         0
                text30                             33EA     33EA       46         0
                text29                             263E     263E      154         0
                text28                             2350     2350      18A         0
                text27                             24DA     24DA      164         0
                text26                             3474     3474       40         0
                text25                             3876     3876       18         0
                text24                             3974     3974        A         0
                text23                             2E22     2E22       96         0
                text22                             3430     3430       44         0
                text21                             2C30     2C30       AE         0
                text20                             1B66     1B66      280         0
                text19                             29AA     29AA       F2         0
                text18                             2A9C     2A9C       D0         0
                text17                             1FD6     1FD6      1C6         0
                text16                             13B2     13B2      418         0
                text15                             3396     3396       54         0
                text14                             3728     3728       28         0
                text13                             39A6     39A6        8         0
                text12                             39FC     39FC        6         0
                text11                             3A32     3A32        4         0
                text10                             39F6     39F6        6         0
                text9                              36D4     36D4       2A         0
                text8                              3572     3572       30         0
                text7                              3944     3944        C         0
                text6                              17CA     17CA      39C         0
                text5                               F86      F86      42C         0
                text4                              3028     3028       74         0
                text3                              219C     219C      1B4         0
                text2                              36AA     36AA       2A         0
                text1                              2792     2792      114         0
                text0                              1DE6     1DE6      1F0         0
                cinit                              37BE     37BE       22         0

        CLASS   CONST          

        CLASS   SMALLCONST     
                smallconst                          F00      F00       86         0

        CLASS   MEDIUMCONST    

        CLASS   COMRAM         
                temp                                 46       46        1         1
                cstackCOMRAM                          1        1       2F         1
                bssCOMRAM                            30       30       10         1
                nvCOMRAM                             40       40        6         1

        CLASS   ABS1           

        CLASS   BIGRAM         

        CLASS   RAM            

        CLASS   BANK0          
                cstackBANK0                          60       60       5C         1
                bssBANK0                             BC       BC       44         1

        CLASS   BANK1          
                cstackBANK1                         100      100        E         1

        CLASS   BANK2          

        CLASS   BANK3          

        CLASS   BANK4          

        CLASS   BANK5          

        CLASS   BANK6          

        CLASS   BANK7          

        CLASS   BANK8          

        CLASS   BANK9          

        CLASS   BANK10         

        CLASS   BANK11         

        CLASS   BANK12         

        CLASS   BANK13         

        CLASS   BANK14         

        CLASS   SFR            

        CLASS   BIGSFR         

        CLASS   CONFIG         
                config                           300000   300000        C         4

        CLASS   IDLOC          
                idloc                            200000   200000       10         5

        CLASS   EEDATA         

        CLASS   FARRAM         

        CLASS   HEAP           

        CLASS   STACK          



SEGMENTS        Name                           Load    Length   Top    Selector   Space  Class

                reset_vec                      000000  000004  000004         0       0  CODE    
                cstackCOMRAM                   000001  000046  000047         1       1  COMRAM  
                intcode                        000008  0000C2  0000CA         4       0  CODE    
                cstackBANK0                    000060  0000A0  000100        60       1  BANK0   
                cstackBANK1                    000100  00000E  00010E       100       1  BANK1   
                smallconst                     000F00  000086  000F86       780       0  SMALLCON
                text5                          000F86  002AD4  003A5A       7C3       0  CODE    


UNUSED ADDRESS RANGES

        Name                Unused          Largest block    Delta
        BANK1            00010E-0001FF               F2
        BANK10           000A00-000AFF              100
        BANK11           000B00-000BFF              100
        BANK12           000C00-000CFF              100
        BANK13           000D00-000DFF              100
        BANK14           000E00-000E87               88
        BANK2            000200-0002FF              100
        BANK3            000300-0003FF              100
        BANK4            000400-0004FF              100
        BANK5            000500-0005FF              100
        BANK6            000600-0006FF              100
        BANK7            000700-0007FF              100
        BANK8            000800-0008FF              100
        BANK9            000900-0009FF              100
        BIGRAM           000047-00005F               19
                         00010E-000E87              D7A
        BIGSFR           000E8D-000FFF              173
        CODE             000004-000007                4
                         0000CA-000EFF              E36
                         003A5A-00FFFF             C5A6
        COMRAM           000047-00005F               19
        CONST            000004-000007                4
                         0000CA-000EFF              E36
                         003A5A-00FFFF             C5A6
        EEDATA           310000-3103FF              400
        MEDIUMCONST      003A5A-00FFFF             C5A6
        RAM              00010E-000E87              100
        SFR              000E8D-000FFF               73
        SMALLCONST       003A5A-00FFFF              100

                                  Symbol Table

?___aodiv                                       cstackCOMRAM 00001A
?___aomod                                       cstackCOMRAM 00001A
?___fldiv                                       cstackCOMRAM 000026
?___flmul                                       cstackCOMRAM 00001A
?___lodiv                                       cstackCOMRAM 00001A
?___lomod                                       cstackCOMRAM 00001A
?___lwdiv                                       cstackCOMRAM 00001A
?___wmul                                        cstackCOMRAM 00001A
?___xxtofl                                      cstackCOMRAM 000021
?_abs                                           cstackCOMRAM 00002C
?_atoi                                          cstackCOMRAM 000020
?_hallRead                                      cstackCOMRAM 000026
?_isdigit                                       cstackCOMRAM 00001A
?_isspace                                       cstackCOMRAM 00001A
?_printf                                        cstackBANK0  0000A9
?_vfprintf                                      cstackBANK0  0000A1
?_windSpeedCalc                                 cstackBANK0  00007E
EUSART1_SetErrorHandler@interruptHandler        cstackCOMRAM 00001A
EUSART1_SetFramingErrorHandler@interruptHandler cstackCOMRAM 00001A
EUSART1_SetOverrunErrorHandler@interruptHandler cstackCOMRAM 00001A
EUSART1_Write@txData                            cstackCOMRAM 00001A
I2C1_CallbackReturnReset@funPtr                 cstackCOMRAM 00000A
I2C1_Close@returnValue                          cstackCOMRAM 00001A
I2C1_MasterOperation@read                       cstackCOMRAM 00001A
I2C1_MasterOperation@returnValue                cstackCOMRAM 00001B
I2C1_MasterSendTxData@data                      cstackCOMRAM 000001
I2C1_Open@address                               cstackCOMRAM 00001C
I2C1_Open@returnValue                           cstackCOMRAM 00001D
I2C1_Read1ByteRegister@address                  cstackCOMRAM 000024
I2C1_Read1ByteRegister@reg                      cstackCOMRAM 000023
I2C1_Read1ByteRegister@returnValue              cstackCOMRAM 000025
I2C1_SetAddressNackCallback@cb                  cstackCOMRAM 00001F
I2C1_SetAddressNackCallback@ptr                 cstackCOMRAM 000021
I2C1_SetBuffer@buffer                           cstackCOMRAM 00001A
I2C1_SetBuffer@bufferSize                       cstackCOMRAM 00001C
I2C1_SetCallback@cb                             cstackCOMRAM 00001A
I2C1_SetCallback@idx                            cstackCOMRAM 00001E
I2C1_SetCallback@ptr                            cstackCOMRAM 00001C
I2C1_SetDataCompleteCallback@cb                 cstackCOMRAM 00001F
I2C1_SetDataCompleteCallback@ptr                cstackCOMRAM 000021
I2C1_SetInterruptHandler@InterruptHandler       cstackCOMRAM 00001A
I2C1_Write1ByteRegister@address                 cstackCOMRAM 000025
I2C1_Write1ByteRegister@data                    cstackCOMRAM 000024
I2C1_Write1ByteRegister@reg                     cstackCOMRAM 000023
TMR2_Counter8BitGet@readVal                     cstackCOMRAM 00001A
_ANSELA                                         (abs)        000F11
_ANSELB                                         (abs)        000F19
_ANSELC                                         (abs)        000F21
_BAUD1CON                                       (abs)        000F9F
_EUSART1_DefaultErrorHandler                    (abs)        000000
_EUSART1_DefaultFramingErrorHandler             (abs)        000000
_EUSART1_DefaultOverrunErrorHandler             (abs)        000000
_EUSART1_ErrorHandler                           nvCOMRAM     000040
_EUSART1_FramingErrorHandler                    nvCOMRAM     000044
_EUSART1_Initialize                             text62       003534
_EUSART1_OverrunErrorHandler                    nvCOMRAM     000042
_EUSART1_SetErrorHandler                        text65       00399C
_EUSART1_SetFramingErrorHandler                 text64       003992
_EUSART1_SetOverrunErrorHandler                 text63       003988
_EUSART1_Write                                  text25       003876
_EUSART1_is_tx_ready                            text66       0036FE
_EUSART1_is_tx_ready$1681                       cstackCOMRAM 00001A
_I2C1_CallbackReturnReset                       text94       003A4A
_I2C1_CallbackReturnStop                        text95       003A4E
_I2C1_Close                                     text50       0035CE
_I2C1_DO_ADDRESS_NACK                           text71       003330
_I2C1_DO_IDLE                                   text85       003968
_I2C1_DO_RCEN                                   text80       00395C
_I2C1_DO_RESET                                  text72       003950
_I2C1_DO_RX                                     text81       002CDE
_I2C1_DO_RX_ACK                                 text75       0039C6
_I2C1_DO_RX_NACK_RESTART                        text73       0039B6
_I2C1_DO_RX_NACK_STOP                           text74       0039BE
_I2C1_DO_SEND_ADR_READ                          text84       003926
_I2C1_DO_SEND_ADR_WRITE                         text83       003916
_I2C1_DO_SEND_RESTART                           text77       0039D6
_I2C1_DO_SEND_RESTART_READ                      text79       0039E6
_I2C1_DO_SEND_RESTART_WRITE                     text78       0039DE
_I2C1_DO_SEND_STOP                              text76       0039CE
_I2C1_DO_TX                                     text82       002B6C
_I2C1_DO_TX_EMPTY                               text86       002EB8
_I2C1_Initialize                                text61       0038EE
_I2C1_MasterClearIrq                            text53       003A0E
_I2C1_MasterClose                               text52       003A3A
_I2C1_MasterDisableIrq                          text51       003A08
_I2C1_MasterEnableIrq                           text46       003A02
_I2C1_MasterEnableRestart                       text105      003A56
_I2C1_MasterFsm                                 text69       003110
_I2C1_MasterGetRxData                           text91       003A42
_I2C1_MasterIsNack                              text88       003902
_I2C1_MasterIsr                                 text68       003A14
_I2C1_MasterOpen                                text45       0037E0
_I2C1_MasterOperation                           text48       0034B4
_I2C1_MasterSendAck                             text90       003A26
_I2C1_MasterSendNack                            text92       003A2C
_I2C1_MasterSendTxData                          text89       0039EE
_I2C1_MasterSetIrq                              text87       003A20
_I2C1_MasterStart                               text49       003A36
_I2C1_MasterStartRx                             text93       003A46
_I2C1_MasterStop                                text104      003A52
_I2C1_MasterWrite                               text47       0039AE
_I2C1_Open                                      text43       002D84
_I2C1_Read1ByteRegister                         text35       00309C
_I2C1_SetAddressNackCallback                    text41       0038A6
_I2C1_SetBuffer                                 text40       003776
_I2C1_SetCallback                               text42       002F34
_I2C1_SetDataCompleteCallback                   text39       00388E
_I2C1_SetInterruptHandler                       text44       00397E
_I2C1_Status                                    bssBANK0     0000BC
_I2C1_Write1ByteRegister                        text38       003180
_INLVLA                                         (abs)        000F0D
_INLVLB                                         (abs)        000F15
_INLVLC                                         (abs)        000F1D
_INLVLE                                         (abs)        000F2A
_INTCONbits                                     (abs)        000FF2
_INTERRUPT_Initialize                           text60       003A3E
_INTERRUPT_InterruptManager                     intcode      000008
_LATA                                           (abs)        000F83
_LATB                                           (abs)        000F84
_LATBbits                                       (abs)        000F84
_LATC                                           (abs)        000F85
_MSSP1_InterruptHandler                         bssCOMRAM    00003C
_ODCONA                                         (abs)        000F0F
_ODCONB                                         (abs)        000F17
_ODCONBbits                                     (abs)        000F17
_ODCONC                                         (abs)        000F1F
_OSCCON1                                        (abs)        000ED8
_OSCCON3                                        (abs)        000EDA
_OSCEN                                          (abs)        000EDC
_OSCFRQ                                         (abs)        000EDE
_OSCILLATOR_Initialize                          text59       0038BE
_OSCTUNE                                        (abs)        000EDD
_PIE3bits                                       (abs)        000EC5
_PIN_MANAGER_Initialize                         text58       0031EE
_PIR3bits                                       (abs)        000ECD
_PIR4bits                                       (abs)        000ECE
_PMD0                                           (abs)        000EE1
_PMD1                                           (abs)        000EE2
_PMD2                                           (abs)        000EE3
_PMD3                                           (abs)        000EE4
_PMD4                                           (abs)        000EE5
_PMD5                                           (abs)        000EE6
_PMD_Initialize                                 text57       00385A
_PORTAbits                                      (abs)        000F8D
_PR2                                            (abs)        000FBC
_RC1REG                                         (abs)        000F99
_RC1STA                                         (abs)        000F9D
_RC1STAbits                                     (abs)        000F9D
_RC3PPS                                         (abs)        000EFA
_RC4PPS                                         (abs)        000EFB
_RC6PPS                                         (abs)        000EFD
_RX1PPS                                         (abs)        000EB5
_SLRCONA                                        (abs)        000F0E
_SLRCONB                                        (abs)        000F16
_SLRCONC                                        (abs)        000F1E
_SP1BRGH                                        (abs)        000F9C
_SP1BRGL                                        (abs)        000F9B
_SSP1ADD                                        (abs)        000F93
_SSP1BUF                                        (abs)        000F92
_SSP1CLKPPS                                     (abs)        000EB7
_SSP1CON1                                       (abs)        000F96
_SSP1CON1bits                                   (abs)        000F96
_SSP1CON2                                       (abs)        000F97
_SSP1CON2bits                                   (abs)        000F97
_SSP1DATPPS                                     (abs)        000EB8
_SSP1STAT                                       (abs)        000F95
_SSP1STATbits                                   (abs)        000F95
_SYSTEM_Initialize                              text55       003802
_T2CLKCON                                       (abs)        000FBF
_T2CON                                          (abs)        000FBD
_T2CONbits                                      (abs)        000FBD
_T2HLT                                          (abs)        000FBE
_T2HLTbits                                      (abs)        000FBE
_T2PR                                           (abs)        000FBC
_T2RST                                          (abs)        000FC0
_T2RSTbits                                      (abs)        000FC0
_T2TMR                                          (abs)        000FBB
_TMR2                                           (abs)        000FBB
_TMR2_Counter8BitGet                            text13       0039A6
_TMR2_Initialize                                text56       003820
_TMR2_ReadTimer                                 text12       0039FC
_TMR2_Start                                     text11       003A32
_TMR2_StartTimer                                text10       0039F6
_TRISA                                          (abs)        000F88
_TRISB                                          (abs)        000F89
_TRISC                                          (abs)        000F8A
_TX1REG                                         (abs)        000F9A
_TX1STA                                         (abs)        000F9E
_TX1STAbits                                     (abs)        000F9E
_WPUA                                           (abs)        000F10
_WPUB                                           (abs)        000F18
_WPUC                                           (abs)        000F20
_WPUE                                           (abs)        000F2D
__HRAM                                          (abs)        000000
__Habs1                                         abs1         000000
__Hbank0                                        bank0        000000
__Hbank1                                        bank1        000000
__Hbank10                                       bank10       000000
__Hbank11                                       bank11       000000
__Hbank12                                       bank12       000000
__Hbank13                                       bank13       000000
__Hbank14                                       bank14       000000
__Hbank2                                        bank2        000000
__Hbank3                                        bank3        000000
__Hbank4                                        bank4        000000
__Hbank5                                        bank5        000000
__Hbank6                                        bank6        000000
__Hbank7                                        bank7        000000
__Hbank8                                        bank8        000000
__Hbank9                                        bank9        000000
__Hbigbss                                       bigbss       000000
__Hbigdata                                      bigdata      000000
__Hbigram                                       bigram       000000
__Hbigsfr                                       bigsfr       000000
__Hbss                                          bss          000000
__HbssBANK0                                     bssBANK0     000000
__HbssCOMRAM                                    bssCOMRAM    000000
__Hcinit                                        cinit        000000
__Hclrtext                                      clrtext      000000
__Hcomram                                       comram       000000
__Hconfig                                       config       30000C
__Hconst                                        const        000000
__HcstackBANK0                                  cstackBANK0  000000
__HcstackBANK1                                  cstackBANK1  000000
__HcstackCOMRAM                                 cstackCOMRAM 000000
__Hdata                                         data         000000
__Heeprom_data                                  eeprom_data  000000
__Hfarbss                                       farbss       000000
__Hfardata                                      fardata      000000
__Hheap                                         heap         000000
__Hibigdata                                     ibigdata     000000
__Hidata                                        idata        000000
__Hidloc                                        idloc        200010
__Hifardata                                     ifardata     000000
__Hinit                                         init         0000CA
__Hintcode                                      intcode      0000C6
__Hintcode_body                                 intcode_body 000000
__Hintcodelo                                    intcodelo    0000C6
__Hintentry                                     intentry     000000
__Hintret                                       intret       000000
__Hintsave_regs                                 intsave_regs 000000
__Hirdata                                       irdata       000000
__Hmediumconst                                  mediumconst  000000
__HnvCOMRAM                                     nvCOMRAM     000000
__HnvFARRAM                                     nvFARRAM     000000
__Hnvbit                                        nvbit        000000
__Hnvrram                                       nvrram       000000
__Hparam                                        rparam       000000
__Hpowerup                                      powerup      0000C6
__Hram                                          ram          000000
__Hramtop                                       ramtop       000F00
__Hrbit                                         rbit         000000
__Hrbss                                         rbss         000000
__Hrdata                                        rdata        000000
__Hreset_vec                                    reset_vec    000004
__Hrparam                                       rparam       000000
__Hsfr                                          sfr          000000
__Hsmallconst                                   smallconst   000F86
__Hspace_0                                      (abs)        003A5A
__Hspace_1                                      (abs)        00010E
__Hspace_2                                      (abs)        000000
__Hspace_4                                      (abs)        60000C
__Hstack                                        stack        000000
__Hstruct                                       struct       000000
__Htemp                                         temp         000047
__Htext                                         text         000000
__Htext0                                        text0        000000
__Htext1                                        text1        000000
__Htext10                                       text10       000000
__Htext100                                      text100      000000
__Htext101                                      text101      000000
__Htext102                                      text102      000000
__Htext103                                      text103      000000
__Htext104                                      text104      000000
__Htext105                                      text105      000000
__Htext106                                      text106      000000
__Htext11                                       text11       000000
__Htext12                                       text12       000000
__Htext13                                       text13       000000
__Htext14                                       text14       000000
__Htext15                                       text15       000000
__Htext16                                       text16       000000
__Htext17                                       text17       000000
__Htext18                                       text18       000000
__Htext19                                       text19       000000
__Htext2                                        text2        000000
__Htext20                                       text20       000000
__Htext21                                       text21       000000
__Htext22                                       text22       000000
__Htext23                                       text23       000000
__Htext24                                       text24       000000
__Htext25                                       text25       000000
__Htext26                                       text26       000000
__Htext27                                       text27       000000
__Htext28                                       text28       000000
__Htext29                                       text29       000000
__Htext3                                        text3        000000
__Htext30                                       text30       000000
__Htext31                                       text31       000000
__Htext32                                       text32       000000
__Htext33                                       text33       000000
__Htext34                                       text34       000000
__Htext35                                       text35       000000
__Htext36                                       text36       000000
__Htext37                                       text37       000000
__Htext38                                       text38       000000
__Htext39                                       text39       000000
__Htext4                                        text4        000000
__Htext40                                       text40       000000
__Htext41                                       text41       000000
__Htext42                                       text42       000000
__Htext43                                       text43       000000
__Htext44                                       text44       000000
__Htext45                                       text45       000000
__Htext46                                       text46       000000
__Htext47                                       text47       000000
__Htext48                                       text48       000000
__Htext49                                       text49       000000
__Htext5                                        text5        000000
__Htext50                                       text50       000000
__Htext51                                       text51       000000
__Htext52                                       text52       000000
__Htext53                                       text53       000000
__Htext54                                       text54       000000
__Htext55                                       text55       000000
__Htext56                                       text56       000000
__Htext57                                       text57       000000
__Htext58                                       text58       000000
__Htext59                                       text59       000000
__Htext6                                        text6        000000
__Htext60                                       text60       000000
__Htext61                                       text61       000000
__Htext62                                       text62       000000
__Htext63                                       text63       000000
__Htext64                                       text64       000000
__Htext65                                       text65       000000
__Htext66                                       text66       000000
__Htext68                                       text68       000000
__Htext69                                       text69       000000
__Htext7                                        text7        000000
__Htext70                                       text70       000000
__Htext71                                       text71       000000
__Htext72                                       text72       000000
__Htext73                                       text73       000000
__Htext74                                       text74       000000
__Htext75                                       text75       000000
__Htext76                                       text76       000000
__Htext77                                       text77       000000
__Htext78                                       text78       000000
__Htext79                                       text79       000000
__Htext8                                        text8        000000
__Htext80                                       text80       000000
__Htext81                                       text81       000000
__Htext82                                       text82       000000
__Htext83                                       text83       000000
__Htext84                                       text84       000000
__Htext85                                       text85       000000
__Htext86                                       text86       000000
__Htext87                                       text87       000000
__Htext88                                       text88       000000
__Htext89                                       text89       000000
__Htext9                                        text9        000000
__Htext90                                       text90       000000
__Htext91                                       text91       000000
__Htext92                                       text92       000000
__Htext93                                       text93       000000
__Htext94                                       text94       000000
__Htext95                                       text95       000000
__Htext96                                       text96       000000
__Htext97                                       text97       000000
__Htext98                                       text98       000000
__Htext99                                       text99       000000
__LRAM                                          (abs)        000001
__Labs1                                         abs1         000000
__Lbank0                                        bank0        000000
__Lbank1                                        bank1        000000
__Lbank10                                       bank10       000000
__Lbank11                                       bank11       000000
__Lbank12                                       bank12       000000
__Lbank13                                       bank13       000000
__Lbank14                                       bank14       000000
__Lbank2                                        bank2        000000
__Lbank3                                        bank3        000000
__Lbank4                                        bank4        000000
__Lbank5                                        bank5        000000
__Lbank6                                        bank6        000000
__Lbank7                                        bank7        000000
__Lbank8                                        bank8        000000
__Lbank9                                        bank9        000000
__Lbigbss                                       bigbss       000000
__Lbigdata                                      bigdata      000000
__Lbigram                                       bigram       000000
__Lbigsfr                                       bigsfr       000000
__Lbss                                          bss          000000
__LbssBANK0                                     bssBANK0     000000
__LbssCOMRAM                                    bssCOMRAM    000000
__Lcinit                                        cinit        000000
__Lclrtext                                      clrtext      000000
__Lcomram                                       comram       000000
__Lconfig                                       config       000000
__Lconst                                        const        000000
__LcstackBANK0                                  cstackBANK0  000000
__LcstackBANK1                                  cstackBANK1  000000
__LcstackCOMRAM                                 cstackCOMRAM 000000
__Ldata                                         data         000000
__Leeprom_data                                  eeprom_data  000000
__Lfarbss                                       farbss       000000
__Lfardata                                      fardata      000000
__Lheap                                         heap         000000
__Libigdata                                     ibigdata     000000
__Lidata                                        idata        000000
__Lidloc                                        idloc        000000
__Lifardata                                     ifardata     000000
__Linit                                         init         0000C6
__Lintcode                                      intcode      000008
__Lintcode_body                                 intcode_body 000000
__Lintcodelo                                    intcodelo    0000C6
__Lintentry                                     intentry     000000
__Lintret                                       intret       000000
__Lintsave_regs                                 intsave_regs 000000
__Lirdata                                       irdata       000000
__Lmediumconst                                  mediumconst  000000
__LnvCOMRAM                                     nvCOMRAM     000000
__LnvFARRAM                                     nvFARRAM     000000
__Lnvbit                                        nvbit        000000
__Lnvrram                                       nvrram       000000
__Lparam                                        rparam       000000
__Lpowerup                                      powerup      0000C6
__Lram                                          ram          000000
__Lramtop                                       ramtop       000F00
__Lrbit                                         rbit         000000
__Lrbss                                         rbss         000000
__Lrdata                                        rdata        000000
__Lreset_vec                                    reset_vec    000000
__Lrparam                                       rparam       000000
__Lsfr                                          sfr          000000
__Lsmallconst                                   smallconst   000F00
__Lspace_0                                      (abs)        000000
__Lspace_1                                      (abs)        000000
__Lspace_2                                      (abs)        000000
__Lspace_4                                      (abs)        000000
__Lstack                                        stack        000000
__Lstruct                                       struct       000000
__Ltemp                                         temp         000046
__Ltext                                         text         000000
__Ltext0                                        text0        000000
__Ltext1                                        text1        000000
__Ltext10                                       text10       000000
__Ltext100                                      text100      000000
__Ltext101                                      text101      000000
__Ltext102                                      text102      000000
__Ltext103                                      text103      000000
__Ltext104                                      text104      000000
__Ltext105                                      text105      000000
__Ltext106                                      text106      000000
__Ltext11                                       text11       000000
__Ltext12                                       text12       000000
__Ltext13                                       text13       000000
__Ltext14                                       text14       000000
__Ltext15                                       text15       000000
__Ltext16                                       text16       000000
__Ltext17                                       text17       000000
__Ltext18                                       text18       000000
__Ltext19                                       text19       000000
__Ltext2                                        text2        000000
__Ltext20                                       text20       000000
__Ltext21                                       text21       000000
__Ltext22                                       text22       000000
__Ltext23                                       text23       000000
__Ltext24                                       text24       000000
__Ltext25                                       text25       000000
__Ltext26                                       text26       000000
__Ltext27                                       text27       000000
__Ltext28                                       text28       000000
__Ltext29                                       text29       000000
__Ltext3                                        text3        000000
__Ltext30                                       text30       000000
__Ltext31                                       text31       000000
__Ltext32                                       text32       000000
__Ltext33                                       text33       000000
__Ltext34                                       text34       000000
__Ltext35                                       text35       000000
__Ltext36                                       text36       000000
__Ltext37                                       text37       000000
__Ltext38                                       text38       000000
__Ltext39                                       text39       000000
__Ltext4                                        text4        000000
__Ltext40                                       text40       000000
__Ltext41                                       text41       000000
__Ltext42                                       text42       000000
__Ltext43                                       text43       000000
__Ltext44                                       text44       000000
__Ltext45                                       text45       000000
__Ltext46                                       text46       000000
__Ltext47                                       text47       000000
__Ltext48                                       text48       000000
__Ltext49                                       text49       000000
__Ltext5                                        text5        000000
__Ltext50                                       text50       000000
__Ltext51                                       text51       000000
__Ltext52                                       text52       000000
__Ltext53                                       text53       000000
__Ltext54                                       text54       000000
__Ltext55                                       text55       000000
__Ltext56                                       text56       000000
__Ltext57                                       text57       000000
__Ltext58                                       text58       000000
__Ltext59                                       text59       000000
__Ltext6                                        text6        000000
__Ltext60                                       text60       000000
__Ltext61                                       text61       000000
__Ltext62                                       text62       000000
__Ltext63                                       text63       000000
__Ltext64                                       text64       000000
__Ltext65                                       text65       000000
__Ltext66                                       text66       000000
__Ltext68                                       text68       000000
__Ltext69                                       text69       000000
__Ltext7                                        text7        000000
__Ltext70                                       text70       000000
__Ltext71                                       text71       000000
__Ltext72                                       text72       000000
__Ltext73                                       text73       000000
__Ltext74                                       text74       000000
__Ltext75                                       text75       000000
__Ltext76                                       text76       000000
__Ltext77                                       text77       000000
__Ltext78                                       text78       000000
__Ltext79                                       text79       000000
__Ltext8                                        text8        000000
__Ltext80                                       text80       000000
__Ltext81                                       text81       000000
__Ltext82                                       text82       000000
__Ltext83                                       text83       000000
__Ltext84                                       text84       000000
__Ltext85                                       text85       000000
__Ltext86                                       text86       000000
__Ltext87                                       text87       000000
__Ltext88                                       text88       000000
__Ltext89                                       text89       000000
__Ltext9                                        text9        000000
__Ltext90                                       text90       000000
__Ltext91                                       text91       000000
__Ltext92                                       text92       000000
__Ltext93                                       text93       000000
__Ltext94                                       text94       000000
__Ltext95                                       text95       000000
__Ltext96                                       text96       000000
__Ltext97                                       text97       000000
__Ltext98                                       text98       000000
__Ltext99                                       text99       000000
__S0                                            (abs)        003A5A
__S1                                            (abs)        00010E
__S4                                            (abs)        000000
__S5                                            (abs)        000000
___aodiv                                        text28       002350
___aodiv@counter                                cstackBANK0  000060
___aodiv@dividend                               cstackCOMRAM 00001A
___aodiv@divisor                                cstackCOMRAM 000022
___aodiv@quotient                               cstackBANK0  000062
___aodiv@sign                                   cstackBANK0  000061
___aomod                                        text27       0024DA
___aomod@counter                                cstackCOMRAM 00002A
___aomod@dividend                               cstackCOMRAM 00001A
___aomod@divisor                                cstackCOMRAM 000022
___aomod@sign                                   cstackCOMRAM 00002B
___fldiv                                        text6        0017CA
___fldiv@a                                      cstackCOMRAM 00002A
___fldiv@aexp                                   cstackBANK0  00007D
___fldiv@b                                      cstackCOMRAM 000026
___fldiv@bexp                                   cstackBANK0  00007C
___fldiv@grs                                    cstackBANK0  000078
___fldiv@new_exp                                cstackBANK0  000076
___fldiv@rem                                    cstackBANK0  000071
___fldiv@sign                                   cstackBANK0  000075
___flge                                         text54       0028A6
___flge@ff1                                     cstackCOMRAM 00001A
___flge@ff2                                     cstackCOMRAM 00001E
___flmul                                        text5        000F86
___flmul@a                                      cstackCOMRAM 00001E
___flmul@aexp                                   cstackBANK0  000061
___flmul@b                                      cstackCOMRAM 00001A
___flmul@bexp                                   cstackBANK0  000066
___flmul@grs                                    cstackBANK0  000062
___flmul@prod                                   cstackBANK0  000067
___flmul@sign                                   cstackBANK0  000060
___flmul@temp                                   cstackBANK0  00006B
___heap_hi                                      (abs)        000000
___heap_lo                                      (abs)        000000
___inthi_sp                                     stack        000000
___intlo_sp                                     stack        000000
___lodiv                                        text19       0029AA
___lodiv@counter                                cstackBANK0  000068
___lodiv@dividend                               cstackCOMRAM 00001A
___lodiv@divisor                                cstackCOMRAM 000022
___lodiv@quotient                               cstackBANK0  000060
___lomod                                        text18       002A9C
___lomod@counter                                cstackCOMRAM 00002A
___lomod@dividend                               cstackCOMRAM 00001A
___lomod@divisor                                cstackCOMRAM 000022
___lwdiv                                        text4        003028
___lwdiv@counter                                cstackCOMRAM 00001E
___lwdiv@dividend                               cstackCOMRAM 00001A
___lwdiv@divisor                                cstackCOMRAM 00001C
___lwdiv@quotient                               cstackCOMRAM 00001F
___param_bank                                   (abs)        000000
___rparam_used                                  (abs)        000001
___sp                                           stack        000000
___wmul                                         text32       003750
___wmul@multiplicand                            cstackCOMRAM 00001C
___wmul@multiplier                              cstackCOMRAM 00001A
___wmul@product                                 cstackCOMRAM 00001E
___xxtofl                                       text3        00219C
___xxtofl@arg                                   cstackCOMRAM 00002B
___xxtofl@exp                                   cstackCOMRAM 00002A
___xxtofl@sign                                  cstackCOMRAM 000029
___xxtofl@val                                   cstackCOMRAM 000021
__accesstop                                     (abs)        000060
__activetblptr                                  (abs)        000003
__end_of_EUSART1_Initialize                     text62       003572
__end_of_EUSART1_SetErrorHandler                text65       0039A6
__end_of_EUSART1_SetFramingErrorHandler         text64       00399C
__end_of_EUSART1_SetOverrunErrorHandler         text63       003992
__end_of_EUSART1_Write                          text25       00388E
__end_of_EUSART1_is_tx_ready                    text66       003728
__end_of_I2C1_CallbackReturnReset               text94       003A4E
__end_of_I2C1_CallbackReturnStop                text95       003A52
__end_of_I2C1_Close                             text50       0035FA
__end_of_I2C1_DO_ADDRESS_NACK                   text71       003396
__end_of_I2C1_DO_IDLE                           text85       003974
__end_of_I2C1_DO_RCEN                           text80       003968
__end_of_I2C1_DO_RESET                          text72       00395C
__end_of_I2C1_DO_RX                             text81       002D84
__end_of_I2C1_DO_RX_ACK                         text75       0039CE
__end_of_I2C1_DO_RX_NACK_RESTART                text73       0039BE
__end_of_I2C1_DO_RX_NACK_STOP                   text74       0039C6
__end_of_I2C1_DO_SEND_ADR_READ                  text84       003936
__end_of_I2C1_DO_SEND_ADR_WRITE                 text83       003926
__end_of_I2C1_DO_SEND_RESTART                   text77       0039DE
__end_of_I2C1_DO_SEND_RESTART_READ              text79       0039EE
__end_of_I2C1_DO_SEND_RESTART_WRITE             text78       0039E6
__end_of_I2C1_DO_SEND_STOP                      text76       0039D6
__end_of_I2C1_DO_TX                             text82       002C30
__end_of_I2C1_DO_TX_EMPTY                       text86       002F34
__end_of_I2C1_Initialize                        text61       003902
__end_of_I2C1_MasterClearIrq                    text53       003A14
__end_of_I2C1_MasterClose                       text52       003A3E
__end_of_I2C1_MasterDisableIrq                  text51       003A0E
__end_of_I2C1_MasterEnableIrq                   text46       003A08
__end_of_I2C1_MasterEnableRestart               text105      003A5A
__end_of_I2C1_MasterFsm                         text69       003180
__end_of_I2C1_MasterGetRxData                   text91       003A46
__end_of_I2C1_MasterIsNack                      text88       003916
__end_of_I2C1_MasterIsr                         text68       003A1A
__end_of_I2C1_MasterOpen                        text45       003802
__end_of_I2C1_MasterOperation                   text48       0034F4
__end_of_I2C1_MasterSendAck                     text90       003A2C
__end_of_I2C1_MasterSendNack                    text92       003A32
__end_of_I2C1_MasterSendTxData                  text89       0039F6
__end_of_I2C1_MasterSetIrq                      text87       003A26
__end_of_I2C1_MasterStart                       text49       003A3A
__end_of_I2C1_MasterStartRx                     text93       003A4A
__end_of_I2C1_MasterStop                        text104      003A56
__end_of_I2C1_MasterWrite                       text47       0039B6
__end_of_I2C1_Open                              text43       002E22
__end_of_I2C1_Read1ByteRegister                 text35       003110
__end_of_I2C1_SetAddressNackCallback            text41       0038BE
__end_of_I2C1_SetBuffer                         text40       00379A
__end_of_I2C1_SetCallback                       text42       002FAE
__end_of_I2C1_SetDataCompleteCallback           text39       0038A6
__end_of_I2C1_SetInterruptHandler               text44       003988
__end_of_I2C1_Write1ByteRegister                text38       0031EE
__end_of_INTERRUPT_Initialize                   text60       003A42
__end_of_INTERRUPT_InterruptManager             intcode      0000C6
__end_of_OSCILLATOR_Initialize                  text59       0038D6
__end_of_PIN_MANAGER_Initialize                 text58       00325C
__end_of_PMD_Initialize                         text57       003876
__end_of_SYSTEM_Initialize                      text55       003820
__end_of_TMR2_Counter8BitGet                    text13       0039AE
__end_of_TMR2_Initialize                        text56       00383E
__end_of_TMR2_ReadTimer                         text12       003A02
__end_of_TMR2_Start                             text11       003A36
__end_of_TMR2_StartTimer                        text10       0039FC
__end_of___aodiv                                text28       0024DA
__end_of___aomod                                text27       00263E
__end_of___fldiv                                text6        001B66
__end_of___flge                                 text54       0029AA
__end_of___flmul                                text5        0013B2
__end_of___lodiv                                text19       002A9C
__end_of___lomod                                text18       002B6C
__end_of___lwdiv                                text4        00309C
__end_of___wmul                                 text32       003776
__end_of___xxtofl                               text3        002350
__end_of__initialization                        cinit        0037D6
__end_of_abs                                    text26       0034B4
__end_of_atoi                                   text29       002792
__end_of_dtoa                                   text20       001DE6
__end_of_fputc                                  text23       002EB8
__end_of_fputs                                  text22       003474
__end_of_hallRead                               text9        0036FE
__end_of_hallRecord                             text2        0036D4
__end_of_i2c1_fsmStateTable                     smallconst   000F21
__end_of_isdigit                                text31       0035CE
__end_of_isspace                                text30       003430
__end_of_main                                   text0        001FD6
__end_of_motorController                        text37       00385A
__end_of_motorDeploy                            text36       003330
__end_of_motorFaultRead                         text34       003944
__end_of_motorStow                              text33       0032C6
__end_of_pad                                    text21       002CDE
__end_of_printf                                 text14       003750
__end_of_putch                                  text24       00397E
__end_of_rd1RegCompleteHandler                  text99       00367E
__end_of_rd2RegCompleteHandler                  text98       003652
__end_of_rdBlkRegCompleteHandler                text96       003534
__end_of_system_init                            text8        0035A2
__end_of_tempRead                               text7        003950
__end_of_utoa                                   text17       00219C
__end_of_vfpfcnvrt                              text16       0017CA
__end_of_vfprintf                               text15       0033EA
__end_of_windSpeedCalc                          text1        0028A6
__end_of_wr1RegCompleteHandler                  text97       003626
__end_of_wr2RegCompleteHandler                  text100      0036AA
__end_ofi2_I2C1_MasterClearIrq                  text70       003A20
__end_ofi2_I2C1_SetBuffer                       text103      0037BE
__end_ofi2_I2C1_SetCallback                     text102      003028
__end_ofi2_I2C1_SetDataCompleteCallback         text101      0038EE
__initialization                                cinit        0037BE
__mediumconst                                   mediumconst  000000
__pbssBANK0                                     bssBANK0     0000BC
__pbssCOMRAM                                    bssCOMRAM    000030
__pcinit                                        cinit        0037BE
__pcstackBANK0                                  cstackBANK0  000060
__pcstackBANK1                                  cstackBANK1  000100
__pcstackCOMRAM                                 cstackCOMRAM 000001
__pintcode                                      intcode      000008
__pnvCOMRAM                                     nvCOMRAM     000040
__psmallconst                                   smallconst   000F00
__ptext0                                        text0        001DE6
__ptext1                                        text1        002792
__ptext10                                       text10       0039F6
__ptext100                                      text100      00367E
__ptext101                                      text101      0038D6
__ptext102                                      text102      002FAE
__ptext103                                      text103      00379A
__ptext104                                      text104      003A52
__ptext105                                      text105      003A56
__ptext106                                      text106      000000
__ptext11                                       text11       003A32
__ptext12                                       text12       0039FC
__ptext13                                       text13       0039A6
__ptext14                                       text14       003728
__ptext15                                       text15       003396
__ptext16                                       text16       0013B2
__ptext17                                       text17       001FD6
__ptext18                                       text18       002A9C
__ptext19                                       text19       0029AA
__ptext2                                        text2        0036AA
__ptext20                                       text20       001B66
__ptext21                                       text21       002C30
__ptext22                                       text22       003430
__ptext23                                       text23       002E22
__ptext24                                       text24       003974
__ptext25                                       text25       003876
__ptext26                                       text26       003474
__ptext27                                       text27       0024DA
[...]
__ptext80                                       text80       00395C
__ptext81                                       text81       002CDE
__ptext82                                       text82       002B6C
__ptext83                                       text83       003916
__ptext84                                       text84       003926
__ptext85                                       text85       003968
__ptext86                                       text86       002EB8
__ptext87                                       text87       003A20
__ptext88                                       text88       003902
__ptext89                                       text89       0039EE
__ptext9                                        text9        0036D4
__ptext90                                       text90       003A26
__ptext91                                       text91       003A42
__ptext92                                       text92       003A2C
__ptext93                                       text93       003A46
__ptext94                                       text94       003A4A
__ptext95                                       text95       003A4E
__ptext96                                       text96       0034F4
__ptext97                                       text97       0035FA
__ptext98                                       text98       003626
__ptext99                                       text99       003652
__ramtop                                        ramtop       000F00
__smallconst                                    smallconst   000F00
_abs                                            text26       003474
_atoi                                           text29       00263E
_dbuf                                           bssBANK0     0000E0
_dtoa                                           text20       001B66
_dtoa$2473                                      cstackBANK0  00007C
_eusart1RxLastError                             bssCOMRAM    00003F
_flags                                          bssCOMRAM    00003E
_fputc                                          text23       002E22
_fputs                                          text22       003430
_hallRead                                       text9        0036D4
_hallRecord                                     text2        0036AA
_hall_pos                                       bssCOMRAM    000034
_hall_time                                      bssCOMRAM    000030
_i2c1_fsmStateTable                             smallconst   000F01
_isdigit                                        text31       0035A2
_isspace                                        text30       0033EA
_isspace$2530                                   cstackCOMRAM 00001E
_main                                           text0        001DE6
_motorController                                text37       00383E
_motorDeploy                                    text36       0032C6
_motorFaultRead                                 text34       003936
_motorStow                                      text33       00325C
_pad                                            text21       002C30
_prec                                           bssCOMRAM    00003A
_printf                                         text14       003728
_putch                                          text24       003974
_rd1RegCompleteHandler                          text99       003652
_rd2RegCompleteHandler                          text98       003626
_rdBlkRegCompleteHandler                        text96       0034F4
_system_init                                    text8        003572
_tempRead                                       text7        003944
_utoa                                           text17       001FD6
_vfpfcnvrt                                      text16       0013B2
_vfprintf                                       text15       003396
_width                                          bssCOMRAM    000038
_windSpeedCalc                                  text1        002792
_windSpeedCalc$2881                             cstackBANK0  00008A
_windSpeedCalc$2882                             cstackBANK0  00008E
_wr1RegCompleteHandler                          text97       0035FA
_wr2RegCompleteHandler                          text100      00367E
abs@a                                           cstackCOMRAM 00002C
atoi@n                                          cstackCOMRAM 000027
atoi@neg                                        cstackCOMRAM 000025
atoi@s                                          cstackCOMRAM 000020
btemp                                           temp         000046
dtoa@d                                          cstackBANK0  00006C
dtoa@fp                                         cstackBANK0  00006A
dtoa@i                                          cstackBANK0  00008B
dtoa@n                                          cstackBANK0  000082
dtoa@p                                          cstackBANK0  00007E
dtoa@s                                          cstackBANK0  00008A
dtoa@w                                          cstackBANK0  000080
end_of_initialization                           cinit        0037D6
fputc@c                                         cstackCOMRAM 00001C
fputc@fp                                        cstackCOMRAM 00001E
fputs@c                                         cstackCOMRAM 000029
fputs@fp                                        cstackCOMRAM 000027
fputs@i                                         cstackCOMRAM 00002A
fputs@s                                         cstackCOMRAM 000025
i2I2C1_SetBuffer@buffer                         cstackCOMRAM 000001
i2I2C1_SetBuffer@bufferSize                     cstackCOMRAM 000003
i2I2C1_SetCallback@cb                           cstackCOMRAM 000001
i2I2C1_SetCallback@idx                          cstackCOMRAM 000005
i2I2C1_SetCallback@ptr                          cstackCOMRAM 000003
i2I2C1_SetDataCompleteCallback@cb               cstackCOMRAM 000006
i2I2C1_SetDataCompleteCallback@ptr              cstackCOMRAM 000008
i2_I2C1_MasterClearIrq                          text70       003A1A
i2_I2C1_SetBuffer                               text103      00379A
i2_I2C1_SetCallback                             text102      002FAE
i2_I2C1_SetDataCompleteCallback                 text101      0038D6
int$flags                                       temp         000046
intlevel0                                       text         000000
intlevel1                                       text         000000
intlevel2                                       text         000000
intlevel3                                       text         000000
isa$std                                         (abs)        000001
isa$xinst                                       (abs)        000000
isdigit@c                                       cstackCOMRAM 00001A
isspace@c                                       cstackCOMRAM 00001A
main@deployStatus                               cstackBANK1  000107
main@hall_raw                                   cstackBANK1  000100
main@motor1_fault                               cstackBANK1  000105
main@motor2_fault                               cstackBANK1  000106
main@readCount                                  cstackBANK1  000102
main@temp_data                                  cstackBANK1  000104
main@threshCount                                cstackBANK1  00010C
main@wind_speed                                 cstackBANK1  000108
motorController@address                         cstackCOMRAM 000028
motorController@data                            cstackCOMRAM 000029
motorController@dir                             cstackCOMRAM 000027
motorController@speed                           cstackCOMRAM 000026
motorFaultRead@address                          cstackCOMRAM 000026
pad@buf                                         cstackBANK0  000062
pad@fp                                          cstackBANK0  000060
pad@i                                           cstackBANK0  000066
pad@p                                           cstackBANK0  000064
pad@w                                           cstackBANK0  000068
printf@ap                                       cstackBANK0  0000B9
printf@fmt                                      cstackBANK0  0000A9
putch@txData                                    cstackCOMRAM 00001B
rd1RegCompleteHandler@ptr                       cstackCOMRAM 00000A
rd2RegCompleteHandler@ptr                       cstackCOMRAM 00000A
rdBlkRegCompleteHandler@ptr                     cstackCOMRAM 00000A
stackhi                                         (abs)        000000
stacklo                                         (abs)        000000
start                                           init         0000C6
start_initialization                            cinit        0037BE
ttemp5                                          temp         000047
ttemp6                                          temp         00004A
ttemp7                                          temp         00004E
utoa@d                                          cstackBANK0  00006C
utoa@fp                                         cstackBANK0  00006A
utoa@i                                          cstackBANK0  000088
utoa@n                                          cstackBANK0  000080
utoa@p                                          cstackBANK0  00007E
utoa@w                                          cstackBANK0  00007C
vfpfcnvrt@ap                                    cstackBANK0  000091
vfpfcnvrt@convarg                               cstackBANK0  000097
vfpfcnvrt@cp                                    cstackBANK0  00009F
vfpfcnvrt@fmt                                   cstackBANK0  00008F
vfpfcnvrt@fp                                    cstackBANK0  00008D
vfprintf@ap                                     cstackBANK0  0000A5
vfprintf@cfmt                                   cstackBANK0  0000A7
vfprintf@fmt                                    cstackBANK0  0000A3
vfprintf@fp                                     cstackBANK0  0000A1
windSpeedCalc@dw_dt                             cstackBANK0  000082
windSpeedCalc@linearVel                         cstackBANK0  000086
wr1RegCompleteHandler@ptr                       cstackCOMRAM 00000A
wr2RegCompleteHandler@ptr                       cstackCOMRAM 00000A
wtemp8                                          temp         000047


MODULE INFORMATION

Module		Function		Class		Link	Load	Size
C:\Program Files\Microchip\xc8\v2.40\pic\sources\c99\common\sprcmul.c
		___flmul       		CODE           	0F86	0000	1068

C:\Program Files\Microchip\xc8\v2.40\pic\sources\c99\common\sprcmul.c estimated size: 1068

C:\Program Files\Microchip\xc8\v2.40\pic\sources\c99\common\nf_fputc.c
		_fputc         		CODE           	2E22	0000	150

C:\Program Files\Microchip\xc8\v2.40\pic\sources\c99\common\nf_fputc.c estimated size: 150

C:\Program Files\Microchip\xc8\v2.40\pic\sources\c99\common\sprcdiv.c
		___fldiv       		CODE           	17CA	0000	924

C:\Program Files\Microchip\xc8\v2.40\pic\sources\c99\common\sprcdiv.c estimated size: 924

mcc_generated_files/examples/i2c1_master_example.c
		_wr1RegCompleteHandler		CODE           	35FA	0000	44
		_wr2RegCompleteHandler		CODE           	367E	0000	44
		_I2C1_Write1ByteRegister		CODE           	3180	0000	110
		_rdBlkRegCompleteHandler		CODE           	34F4	0000	64
		_rd1RegCompleteHandler		CODE           	3652	0000	44
		_rd2RegCompleteHandler		CODE           	3626	0000	44
		_I2C1_Read1ByteRegister		CODE           	309C	0000	116

mcc_generated_files/examples/i2c1_master_example.c estimated size: 466

C:\Program Files\Microchip\xc8\v2.40\pic\sources\c99\common\lwdiv.c
		___lwdiv       		CODE           	3028	0000	116

C:\Program Files\Microchip\xc8\v2.40\pic\sources\c99\common\lwdiv.c estimated size: 116

C:\Program Files\Microchip\xc8\v2.40\pic\sources\c99\common\isspace.c
		_isspace       		CODE           	33EA	0000	70

C:\Program Files\Microchip\xc8\v2.40\pic\sources\c99\common\isspace.c estimated size: 70

C:\Program Files\Microchip\xc8\v2.40\pic\sources\c99\common\atoi.c
		_atoi          		CODE           	263E	0000	340

C:\Program Files\Microchip\xc8\v2.40\pic\sources\c99\common\atoi.c estimated size: 340

mcc_generated_files/i2c1_master.c
		_I2C1_DO_SEND_RESTART		CODE           	39D6	0000	8
		_I2C1_DO_TX_EMPTY		CODE           	2EB8	0000	124
		_I2C1_DO_SEND_RESTART_READ		CODE           	39E6	0000	8
		_I2C1_CallbackReturnStop		CODE           	3A4E	0000	4
		_I2C1_DO_RX    		CODE           	2CDE	0000	166
		_I2C1_DO_TX    		CODE           	2B6C	0000	196
		_I2C1_SetAddressNackCallback		CODE           	38A6	0000	24
		_I2C1_DO_IDLE  		CODE           	3968	0000	12
		_I2C1_MasterOpen		CODE           	37E0	0000	34
		_I2C1_DO_RCEN  		CODE           	395C	0000	12
		_I2C1_MasterSendTxData		CODE           	39EE	0000	8
		_I2C1_MasterStop		CODE           	3A52	0000	4
		_I2C1_CallbackReturnReset		CODE           	3A4A	0000	4
		_I2C1_DO_RESET 		CODE           	3950	0000	12
		_I2C1_MasterStartRx		CODE           	3A46	0000	4
		_I2C1_DO_RX_ACK		CODE           	39C6	0000	8
		_I2C1_MasterSendNack		CODE           	3A2C	0000	6
		_I2C1_DO_RX_NACK_RESTART		CODE           	39B6	0000	8
		_I2C1_MasterDisableIrq		CODE           	3A08	0000	6
		_I2C1_MasterOperation		CODE           	34B4	0000	64
		_I2C1_SetCallback		CODE           	2F34	0000	122
		_I2C1_MasterEnableRestart		CODE           	3A56	0000	4
		_I2C1_Open     		CODE           	2D84	0000	158
		_I2C1_DO_ADDRESS_NACK		CODE           	3330	0000	102
		_I2C1_SetBuffer		CODE           	3776	0000	36
		_I2C1_DO_SEND_RESTART_WRITE		CODE           	39DE	0000	8
		_I2C1_MasterClose		CODE           	3A3A	0000	4
		_I2C1_MasterWrite		CODE           	39AE	0000	8
		_I2C1_Initialize		CODE           	38EE	0000	20
		_I2C1_Close    		CODE           	35CE	0000	44
		_I2C1_MasterIsNack		CODE           	3902	0000	20
		_I2C1_MasterStart		CODE           	3A36	0000	4
		_I2C1_DO_SEND_ADR_WRITE		CODE           	3916	0000	16
		_I2C1_MasterClearIrq		CODE           	3A0E	0000	6
		_I2C1_SetDataCompleteCallback		CODE           	388E	0000	24
		_I2C1_DO_SEND_STOP		CODE           	39CE	0000	8
		_I2C1_MasterSendAck		CODE           	3A26	0000	6
		_I2C1_MasterFsm		CODE           	3110	0000	112
		_I2C1_MasterIsr		CODE           	3A14	0000	6
		_I2C1_MasterGetRxData		CODE           	3A42	0000	4
		_I2C1_SetInterruptHandler		CODE           	397E	0000	10
		_I2C1_MasterSetIrq		CODE           	3A20	0000	6
		_I2C1_DO_SEND_ADR_READ		CODE           	3926	0000	16
		_I2C1_MasterEnableIrq		CODE           	3A02	0000	6
		_I2C1_DO_RX_NACK_STOP		CODE           	39BE	0000	8

mcc_generated_files/i2c1_master.c estimated size: 1470

C:\Program Files\Microchip\xc8\v2.40\pic\sources\c99\common\Umul16.c
		___wmul        		CODE           	3750	0000	38

C:\Program Files\Microchip\xc8\v2.40\pic\sources\c99\common\Umul16.c estimated size: 38

mcc_generated_files/tmr2.c
		_TMR2_Initialize		CODE           	3820	0000	30
		_TMR2_Start    		CODE           	3A32	0000	4
		_TMR2_Counter8BitGet		CODE           	39A6	0000	8
		_TMR2_StartTimer		CODE           	39F6	0000	6
		_TMR2_ReadTimer		CODE           	39FC	0000	6

mcc_generated_files/tmr2.c estimated size: 54

mcc_generated_files/interrupt_manager.c
		_INTERRUPT_Initialize		CODE           	3A3E	0000	4
		_INTERRUPT_InterruptManager		CODE           	0008	0000	190

mcc_generated_files/interrupt_manager.c estimated size: 194

C:\Program Files\Microchip\xc8\v2.40\pic\sources\c99\common\abs.c
		_abs           		CODE           	3474	0000	64

C:\Program Files\Microchip\xc8\v2.40\pic\sources\c99\common\abs.c estimated size: 64

C:\Program Files\Microchip\xc8\v2.40\pic\sources\c99\common\printf.c
		_printf        		CODE           	3728	0000	40

C:\Program Files\Microchip\xc8\v2.40\pic\sources\c99\common\printf.c estimated size: 40

mcc_generated_files/pin_manager.c
		_PIN_MANAGER_Initialize		CODE           	31EE	0000	110

mcc_generated_files/pin_manager.c estimated size: 110

C:\Program Files\Microchip\xc8\v2.40\pic\sources\c99\common\isdigit.c
		_isdigit       		CODE           	35A2	0000	44

C:\Program Files\Microchip\xc8\v2.40\pic\sources\c99\common\isdigit.c estimated size: 44

C:\Program Files\Microchip\xc8\v2.40\pic\sources\c99\common\xxtofl.c
		___xxtofl      		CODE           	219C	0000	436

C:\Program Files\Microchip\xc8\v2.40\pic\sources\c99\common\xxtofl.c estimated size: 436

C:\Program Files\Microchip\xc8\v2.40\pic\sources\c99\common\nf_fputs.c
		_fputs         		CODE           	3430	0000	68

C:\Program Files\Microchip\xc8\v2.40\pic\sources\c99\common\nf_fputs.c estimated size: 68

C:\Program Files\Microchip\xc8\v2.40\pic\sources\c99\common\lomod.c
		___lomod       		CODE           	2A9C	0000	208

C:\Program Files\Microchip\xc8\v2.40\pic\sources\c99\common\lomod.c estimated size: 208

C:\Program Files\Microchip\xc8\v2.40\pic\sources\c99\common\aomod.c
		___aomod       		CODE           	24DA	0000	356

C:\Program Files\Microchip\xc8\v2.40\pic\sources\c99\common\aomod.c estimated size: 356

shared
		i2_I2C1_SetBuffer		CODE           	379A	0000	36
		i2_I2C1_SetCallback		CODE           	2FAE	0000	122
		__initialization		CODE           	37BE	0000	24
		_i2c1_fsmStateTable		SMALLCONST     	0F01	0000	32
		i2_I2C1_MasterClearIrq		CODE           	3A1A	0000	6
		i2_I2C1_SetDataCompleteCallback		CODE           	38D6	0000	24

shared estimated size: 244

mcc_generated_files/eusart1.c
		_EUSART1_is_tx_ready		CODE           	36FE	0000	42
		_EUSART1_Initialize		CODE           	3534	0000	62
		_putch         		CODE           	3974	0000	10
		_EUSART1_SetFramingErrorHandler		CODE           	3992	0000	10
		_EUSART1_SetOverrunErrorHandler		CODE           	3988	0000	10
		_EUSART1_SetErrorHandler		CODE           	399C	0000	10
		_EUSART1_Write 		CODE           	3876	0000	24

mcc_generated_files/eusart1.c estimated size: 168

mcc_generated_files/mcc.c
		_PMD_Initialize		CODE           	385A	0000	28
		_OSCILLATOR_Initialize		CODE           	38BE	0000	24
		_SYSTEM_Initialize		CODE           	3802	0000	30

mcc_generated_files/mcc.c estimated size: 82

C:\Program Files\Microchip\xc8\v2.40\pic\sources\c99\common\flge.c
		___flge        		CODE           	28A6	0000	260

C:\Program Files\Microchip\xc8\v2.40\pic\sources\c99\common\flge.c estimated size: 260

C:\Program Files\Microchip\xc8\v2.40\pic\sources\c99\common\doprnt.c
		_vfpfcnvrt     		CODE           	13B2	0000	1048
		_pad           		CODE           	2C30	0000	174
		_dtoa          		CODE           	1B66	0000	640
		_vfprintf      		CODE           	3396	0000	84
		_utoa          		CODE           	1FD6	0000	454

C:\Program Files\Microchip\xc8\v2.40\pic\sources\c99\common\doprnt.c estimated size: 2400

main.c
		_system_init   		CODE           	3572	0000	48
		_motorStow     		CODE           	325C	0000	106
		_hallRecord    		CODE           	36AA	0000	42
		_main          		CODE           	1DE6	0000	496
		_windSpeedCalc 		CODE           	2792	0000	276
		_tempRead      		CODE           	3944	0000	12
		_motorDeploy   		CODE           	32C6	0000	106
		_motorController		CODE           	383E	0000	28
		_hallRead      		CODE           	36D4	0000	42
		_motorFaultRead		CODE           	3936	0000	14

main.c estimated size: 1170

C:\Program Files\Microchip\xc8\v2.40\pic\sources\c99\common\lodiv.c
		___lodiv       		CODE           	29AA	0000	242

C:\Program Files\Microchip\xc8\v2.40\pic\sources\c99\common\lodiv.c estimated size: 242

C:\Program Files\Microchip\xc8\v2.40\pic\sources\c99\common\aodiv.c
		___aodiv       		CODE           	2350	0000	394

C:\Program Files\Microchip\xc8\v2.40\pic\sources\c99\common\aodiv.c estimated size: 394

