Microchip MPLAB XC8 Compiler V2.40

Linker command line:

-W-3 \
  --edf=C:/Users/DJMik/.mchp_packs/Microchip/PIC18F-K_DFP/1.8.249/xc8\pic\dat\20230209213641_en.msgs \
  -cn -h+dist/default/production\Team205_FinalBoard.X.production.sym \
  --cmf=dist/default/production\Team205_FinalBoard.X.production.cmf -z \
  -Q18LF26K40 -oC:\Users\DJMik\AppData\Local\Temp\xcAs6fs.4 \
  --defsym=__MPLAB_BUILD=1 --fixupoverflow=error \
  -Mdist/default/production/Team205_FinalBoard.X.production.map \
  --md=C:\Users\DJMik\AppData\Local\Temp\xcAs6fs.dat -E1 -ver=XC8 Compiler \
  --acfsm=1493 -ACODE=00h-0FFFFh -ACONST=00h-0FFFFh \
  -ASMALLCONST=0F00h-0FFFhx241 -AMEDIUMCONST=0F00h-0FFFFh -ACOMRAM=01h-05Fh \
  -AABS1=00h-0E87h -ABIGRAM=01h-0E87h \
  -ARAM=060h-0FFh,0100h-01FFhx13,0E00h-0E87h -ABANK0=060h-0FFh \
  -ABANK1=0100h-01FFh -ABANK2=0200h-02FFh -ABANK3=0300h-03FFh \
  -ABANK4=0400h-04FFh -ABANK5=0500h-05FFh -ABANK6=0600h-06FFh \
  -ABANK7=0700h-07FFh -ABANK8=0800h-08FFh -ABANK9=0900h-09FFh \
  -ABANK10=0A00h-0AFFh -ABANK11=0B00h-0BFFh -ABANK12=0C00h-0CFFh \
  -ABANK13=0D00h-0DFFh -ABANK14=0E00h-0E87h \
  -ASFR=0E8Dh-0EFFh,0F00h-0F5Fh,0F60h-0FFFh -ABIGSFR=0E8Dh-0FFFh \
  -ACONFIG=0300000h-030000Bh -AIDLOC=0200000h-020000Fh \
  -AEEDATA=0310000h-03103FFh -peeprom_data=EEDATA \
  -preset_vec=00h,intcode=08h,intcodelo,powerup,init -pramtop=0F00h \
  -psmallconst=SMALLCONST -pmediumconst=MEDIUMCONST -pconst=CONST \
  -AFARRAM=00h-00h \
  -prdata=COMRAM,nvrram=COMRAM,nvbit=COMRAM,rbss=COMRAM,rbit=COMRAM \
  -pfarbss=FARRAM,fardata=FARRAM,nvFARRAM=FARRAM \
  -pintsave_regs=BIGRAM,bigbss=BIGRAM,bigdata=BIGRAM -pbss=RAM \
  -pidata=CODE,irdata=CODE,ibigdata=CODE,ifardata=CODE -prparam=COMRAM \
  C:\Users\DJMik\AppData\Local\Temp\xcAs6fs.o \
  dist/default/production\Team205_FinalBoard.X.production.o 

Object code version is 3.11

Machine type is 18LF26K40



                Name                               Link     Load   Length Selector   Space Scale
C:\Users\DJMik\AppData\Local\Temp\xcAs6fs.o
                idloc                            200000   200000       10        0       5
                config                           300000   300000        C        0       4
                init                                194      194        4        4       0
                reset_vec                             0        0        4        0       0
dist/default/production\Team205_FinalBoard.X.production.o
                intcode                               8        8      18C        4       0
                idloc                            200000   200000       10        0       5
                config                           300000   300000        C        0       4
                temp                                 5F       5F        1        1       1
                mediumconst                        FE6A     FE6A      196     7F35       0
                text216                            E0CA     E0CA       48        4       0
                text215                            EDA0     EDA0        4        4       0
                text214                            ED9C     ED9C        4        4       0
                text213                            E994     E994       24        4       0
                text212                            D7B6     D7B6       7A        4       0
                text211                            EB4C     EB4C       18        4       0
                text210                            E80A     E80A       2C        4       0
                text209                            E7DE     E7DE       2C        4       0
                text208                            E7B2     E7B2       2C        4       0
                text207                            E786     E786       2C        4       0
                text206                            E3EC     E3EC       40        4       0
                text205                            ED98     ED98        4        4       0
                text204                            ED94     ED94        4        4       0
                text203                            ED90     ED90        4        4       0
                text202                            ED72     ED72        6        4       0
                text201                            ED8C     ED8C        4        4       0
                text200                            ED6C     ED6C        6        4       0
                text199                            ED22     ED22        8        4       0
                text198                            EB78     EB78       14        4       0
                text197                            ED66     ED66        6        4       0
                text196                            D73A     D73A       7C        4       0
                text195                            EC30     EC30        C        4       0
                text194                            EBD2     EBD2       10        4       0
                text193                            EBC2     EBC2       10        4       0
                text192                            CCCE     CCCE       C4        4       0
                text191                            D1B0     D1B0       A6        4       0
                text190                            EC24     EC24        C        4       0
                text189                            ED1A     ED1A        8        4       0
                text188                            ED12     ED12        8        4       0
                text187                            ED0A     ED0A        8        4       0
                text186                            ED02     ED02        8        4       0
                text185                            ECFA     ECFA        8        4       0
                text184                            ECF2     ECF2        8        4       0
                text183                            ECEA     ECEA        8        4       0
                text182                            EC18     EC18        C        4       0
                text181                            DBAA     DBAA       66        4       0
                text180                            ED60     ED60        6        4       0
                text179                            DA06     DA06       70        4       0
                text178                            ED5A     ED5A        6        4       0
                text177                            DC70     DC70       5E        4       0
                text176                            E6D4     E6D4       2E        4       0
                text175                            ED54     ED54        6        4       0
                text174                            EDAA     EDAA        2        4       0
                text173                            ED4E     ED4E        6        4       0
                text172                            EB34     EB34       18        4       0
                text171                            DF60     DF60       4A        4       0
                text170                            CD92     CD92       C2        4       0
                text169                            E75A     E75A       2C        4       0
                text168                            EDA8     EDA8        2        4       0
                text167                            E5B6     E5B6       32        4       0
                text166                            E8D8     E8D8       28        4       0
                text165                            B28C     B28C      1B4        4       0
                text164                            E926     E926       26        4       0
                text163                            EDA6     EDA6        2        4       0
                text162                            E514     E514       38        4       0
                text161                            BE7E     BE7E      154        4       0
                text160                            EB1C     EB1C       18        4       0
                text159                            ECC8     ECC8        A        4       0
                text158                            D38C     D38C       96        4       0
                text157                            CC02     CC02       CC        4       0
                text156                            B75C     B75C      188        4       0
                text155                            BBC2     BBC2      164        4       0
                text154                            E3AC     E3AC       40        4       0
                text153                            E19C     E19C       44        4       0
                text152                            CF04     CF04       AE        4       0
                text151                            A184     A184      2B8        4       0
                text150                            97D8     97D8      39C        4       0
                text149                            D05E     D05E       AA        4       0
                text148                            C2E6     C2E6      104        4       0
                text147                            9012     9012      42A        4       0
                text146                            E4DC     E4DC       38        4       0
                text145                            8726     8726      4C0        4       0
                text144                            E112     E112       46        4       0
                text143                            C1E0     C1E0      106        4       0
                text142                            C4EA     C4EA       FE        4       0
                text141                            AAC4     AAC4      216        4       0
                text140                            DB44     DB44       66        4       0
                text139                            DE76     DE76       50        4       0
                text138                            E32A     E32A       42        4       0
                text137                            567C     567C      A94        4       0
                text136                            C6DA     C6DA       F0        4       0
                text135                            CA64     CA64       D0        4       0
                text134                            AED8     AED8      1FC        4       0
                text133                            6BA2     6BA2      6A8        4       0
                text132                            DDD0     DDD0       54        4       0
                text131                            E8B0     E8B0       28        4       0
                text130                            C8AE     C8AE       E4        4       0
                text129                            D6BC     D6BC       7E        4       0
                text128                            ED88     ED88        4        4       0
                text127                            ED48     ED48        6        4       0
                text126                            E72E     E72E       2C        4       0
                text125                            ED84     ED84        4        4       0
                text124                            E36C     E36C       40        4       0
                text123                            ECE2     ECE2        8        4       0
                text122                            ED42     ED42        6        4       0
                text121                            E9FC     E9FC       22        4       0
                text120                            ECBE     ECBE        A        4       0
                text119                            D256     D256       9E        4       0
                text118                            EB04     EB04       18        4       0
                text117                            D992     D992       74        4       0
                text116                            EC0C     EC0C        C        4       0
                text115                            D91E     D91E       74        4       0
                text114                            E836     E836       2A        4       0
                text113                            E2E8     E2E8       42        4       0
                text112                            E582     E582       34        4       0
                text111                            A67A     A67A      234        4       0
                text110                            E9DA     E9DA       22        4       0
                text109                            7DA4     7DA4      4C2        4       0
                text108                            2C38     2C38     2A44        4       0
                text107                            B8E4     B8E4      178        4       0
                text106                            DD26     DD26       56        4       0
                text105                            EDA4     EDA4        2        4       0
                text104                            E42C     E42C       3E        4       0
                text102                            EAEC     EAEC       18        4       0
                text101                            E648     E648       30        4       0
                text100                            ECB4     ECB4        A        4       0
                text99                             ECAA     ECAA        A        4       0
                text98                             ECA0     ECA0        A        4       0
                text97                             EC96     EC96        A        4       0
                text96                             DCCE     DCCE       58        4       0
                text95                             ED3C     ED3C        6        4       0
                text94                             ED80     ED80        4        4       0
                text93                             ED36     ED36        6        4       0
                text92                             E618     E618       30        4       0
                text91                             ED7C     ED7C        4        4       0
                text90                             DF14     DF14       4C        4       0
                text89                             ECDA     ECDA        8        4       0
                text88                             ED30     ED30        6        4       0
                text87                             E9B8     E9B8       22        4       0
                text86                             EC8C     EC8C        A        4       0
                text85                             D108     D108       A8        4       0
                text84                             D63E     D63E       7E        4       0
                text83                             EAD4     EAD4       18        4       0
                text82                             E970     E970       24        4       0
                text81                             EABC     EABC       18        4       0
                text80                             D5BC     D5BC       82        4       0
                text79                             E5E8     E5E8       30        4       0
                text78                             EAA4     EAA4       18        4       0
                text77                             D830     D830       78        4       0
                text76                             EA1E     EA1E       20        4       0
                text75                             EBB0     EBB0       12        4       0
                text74                             EC82     EC82        A        4       0
                text73                             ED2A     ED2A        6        4       0
                text72                             EC78     EC78        A        4       0
                text71                             EC6E     EC6E        A        4       0
                text70                             EC64     EC64        A        4       0
                text69                             EC5A     EC5A        A        4       0
                text68                             D422     D422       8E        4       0
                text67                             EC50     EC50        A        4       0
                text66                             EC46     EC46        A        4       0
                text65                             EC3C     EC3C        A        4       0
                text64                             E082     E082       48        4       0
                text63                             EB64     EB64       14        4       0
                text62                             ED78     ED78        4        4       0
                text61                             EA8C     EA8C       18        4       0
                text60                             D4B0     D4B0       8A        4       0
                text59                             EA3E     EA3E       1C        4       0
                text58                             E6A6     E6A6       2E        4       0
                text57                             DEC6     DEC6       4E        4       0
                text56                             E900     E900       26        4       0
                text55                             EB9E     EB9E       12        4       0
                text54                             EB8C     EB8C       12        4       0
                text53                             EA74     EA74       18        4       0
                text52                             E2A6     E2A6       42        4       0
                text51                             E264     E264       42        4       0
                text50                             E702     E702       2C        4       0
                text49                             EBFE     EBFE        E        4       0
                text48                             B0D4     B0D4      1B8        4       0
                text47                             E888     E888       28        4       0
                text46                             E678     E678       2E        4       0
                text45                             E03A     E03A       48        4       0
                text44                             BD26     BD26      158        4       0
                text43                             EA5A     EA5A       1A        4       0
                text42                             EBF0     EBF0        E        4       0
                text41                             D2F4     D2F4       98        4       0
                text40                             CB34     CB34       CE        4       0
                text39                             B5D2     B5D2      18A        4       0
                text38                             BA5C     BA5C      166        4       0
                text37                             E222     E222       42        4       0
                text36                             DFF2     DFF2       48        4       0
                text35                             CE54     CE54       B0        4       0
                text34                             9ECA     9ECA      2BA        4       0
                text33                             943C     943C      39C        4       0
                text32                             CFB2     CFB2       AC        4       0
                text31                             C0DA     C0DA      106        4       0
                text30                             8BE6     8BE6      42C        4       0
                text29                             E46A     E46A       3A        4       0
                text28                             78E2     78E2      4C2        4       0
                text27                             DFAA     DFAA       48        4       0
                text26                             BFD2     BFD2      108        4       0
                text25                             C3EA     C3EA      100        4       0
                text24                             A8AE     A8AE      216        4       0
                text23                             DA76     DA76       68        4       0
                text22                             DE24     DE24       52        4       0
                text21                             E158     E158       44        4       0
                text20                             6110     6110      A92        4       0
                text19                             C5E8     C5E8       F2        4       0
                text18                             C992     C992       D2        4       0
                text17                             ACDA     ACDA      1FE        4       0
                text16                             724A     724A      698        4       0
                text15                             DD7C     DD7C       54        4       0
                text14                             E860     E860       28        4       0
                text13                             C7CA     C7CA       E4        4       0
                text12                             D53A     D53A       82        4       0
                text11                             EBE2     EBE2        E        4       0
                text10                             D8A8     D8A8       76        4       0
                text9                              E1E0     E1E0       42        4       0
                text8                              E54C     E54C       36        4       0
                text7                              A43C     A43C      23E        4       0
                text6                              E94C     E94C       24        4       0
                text5                              8266     8266      4C0        4       0
                text4                               198      198     2AA0        4       0
                text3                              B440     B440      192        4       0
                text2                              DC10     DC10       60        4       0
                text1                              E4A4     E4A4       38        4       0
                text0                              9B74     9B74      356        4       0
                cstackCOMRAM                          1        1       5E        1       1
                cstackBANK0                          60       60       94       60       1
                cstackBANK1                         100      100       BC      100       1
                cstackBANK2                         200      200       F6      200       1
                cstackBANK3                         300      300       BC      300       1
                bssBANK4                            400      400       60      400       1
                dataBANK3                           3F4      3F4        8      300       1
                bssBANK3                            3BC      3BC       28      300       1
                bssBANK2                            2F6      2F6        A      200       1
                bssBANK1                            1BC      1BC       3C      100       1
                bssBANK0                             F4       F4        8       60       1
                cinit                              DADE     DADE       66        4       0
                nvBANK3                             3E4      3E4       10      300       1
                nvBANK1                             1F8      1F8        8      100       1
                nvBANK0                              FC       FC        1       60       1
                idataBANK3                         ECD2     ECD2        8        4       0

TOTAL           Name                               Link     Load   Length     Space
        CLASS   CODE           
                intcode                               8        8      18C         0
                init                                194      194        4         0
                reset_vec                             0        0        4         0
                text216                            E0CA     E0CA       48         0
                text215                            EDA0     EDA0        4         0
                text214                            ED9C     ED9C        4         0
                text213                            E994     E994       24         0
                text212                            D7B6     D7B6       7A         0
                text211                            EB4C     EB4C       18         0
                text210                            E80A     E80A       2C         0
                text209                            E7DE     E7DE       2C         0
                text208                            E7B2     E7B2       2C         0
                text207                            E786     E786       2C         0
                text206                            E3EC     E3EC       40         0
                text205                            ED98     ED98        4         0
                text204                            ED94     ED94        4         0
                text203                            ED90     ED90        4         0
                text202                            ED72     ED72        6         0
                text201                            ED8C     ED8C        4         0
                text200                            ED6C     ED6C        6         0
                text199                            ED22     ED22        8         0
                text198                            EB78     EB78       14         0
                text197                            ED66     ED66        6         0
                text196                            D73A     D73A       7C         0
                text195                            EC30     EC30        C         0
                text194                            EBD2     EBD2       10         0
                text193                            EBC2     EBC2       10         0
                text192                            CCCE     CCCE       C4         0
                text191                            D1B0     D1B0       A6         0
                text190                            EC24     EC24        C         0
                text189                            ED1A     ED1A        8         0
                text188                            ED12     ED12        8         0
                text187                            ED0A     ED0A        8         0
                text186                            ED02     ED02        8         0
                text185                            ECFA     ECFA        8         0
                text184                            ECF2     ECF2        8         0
                text183                            ECEA     ECEA        8         0
                text182                            EC18     EC18        C         0
                text181                            DBAA     DBAA       66         0
                text180                            ED60     ED60        6         0
                text179                            DA06     DA06       70         0
                text178                            ED5A     ED5A        6         0
                text177                            DC70     DC70       5E         0
                text176                            E6D4     E6D4       2E         0
                text175                            ED54     ED54        6         0
                text174                            EDAA     EDAA        2         0
                text173                            ED4E     ED4E        6         0
                text172                            EB34     EB34       18         0
                text171                            DF60     DF60       4A         0
                text170                            CD92     CD92       C2         0
                text169                            E75A     E75A       2C         0
                text168                            EDA8     EDA8        2         0
                text167                            E5B6     E5B6       32         0
                text166                            E8D8     E8D8       28         0
                text165                            B28C     B28C      1B4         0
                text164                            E926     E926       26         0
                text163                            EDA6     EDA6        2         0
                text162                            E514     E514       38         0
                text161                            BE7E     BE7E      154         0
                text160                            EB1C     EB1C       18         0
                text159                            ECC8     ECC8        A         0
                text158                            D38C     D38C       96         0
                text157                            CC02     CC02       CC         0
                text156                            B75C     B75C      188         0
                text155                            BBC2     BBC2      164         0
                text154                            E3AC     E3AC       40         0
                text153                            E19C     E19C       44         0
                text152                            CF04     CF04       AE         0
                text151                            A184     A184      2B8         0
                text150                            97D8     97D8      39C         0
                text149                            D05E     D05E       AA         0
                text148                            C2E6     C2E6      104         0
                text147                            9012     9012      42A         0
                text146                            E4DC     E4DC       38         0
                text145                            8726     8726      4C0         0
                text144                            E112     E112       46         0
                text143                            C1E0     C1E0      106         0
                text142                            C4EA     C4EA       FE         0
                text141                            AAC4     AAC4      216         0
                text140                            DB44     DB44       66         0
                text139                            DE76     DE76       50         0
                text138                            E32A     E32A       42         0
                text137                            567C     567C      A94         0
                text136                            C6DA     C6DA       F0         0
                text135                            CA64     CA64       D0         0
                text134                            AED8     AED8      1FC         0
                text133                            6BA2     6BA2      6A8         0
                text132                            DDD0     DDD0       54         0
                text131                            E8B0     E8B0       28         0
                text130                            C8AE     C8AE       E4         0
                text129                            D6BC     D6BC       7E         0
                text128                            ED88     ED88        4         0
                text127                            ED48     ED48        6         0
                text126                            E72E     E72E       2C         0
                text125                            ED84     ED84        4         0
                text124                            E36C     E36C       40         0
                text123                            ECE2     ECE2        8         0
                text122                            ED42     ED42        6         0
                text121                            E9FC     E9FC       22         0
                text120                            ECBE     ECBE        A         0
                text119                            D256     D256       9E         0
                text118                            EB04     EB04       18         0
                text117                            D992     D992       74         0
                text116                            EC0C     EC0C        C         0
                text115                            D91E     D91E       74         0
                text114                            E836     E836       2A         0
                text113                            E2E8     E2E8       42         0
                text112                            E582     E582       34         0
                text111                            A67A     A67A      234         0
                text110                            E9DA     E9DA       22         0
                text109                            7DA4     7DA4      4C2         0
                text108                            2C38     2C38     2A44         0
                text107                            B8E4     B8E4      178         0
                text106                            DD26     DD26       56         0
                text105                            EDA4     EDA4        2         0
                text104                            E42C     E42C       3E         0
                text102                            EAEC     EAEC       18         0
                text101                            E648     E648       30         0
                text100                            ECB4     ECB4        A         0
                text99                             ECAA     ECAA        A         0
                text98                             ECA0     ECA0        A         0
                text97                             EC96     EC96        A         0
                text96                             DCCE     DCCE       58         0
                text95                             ED3C     ED3C        6         0
                text94                             ED80     ED80        4         0
                text93                             ED36     ED36        6         0
                text92                             E618     E618       30         0
                text91                             ED7C     ED7C        4         0
                text90                             DF14     DF14       4C         0
                text89                             ECDA     ECDA        8         0
                text88                             ED30     ED30        6         0
                text87                             E9B8     E9B8       22         0
                text86                             EC8C     EC8C        A         0
                text85                             D108     D108       A8         0
                text84                             D63E     D63E       7E         0
                text83                             EAD4     EAD4       18         0
                text82                             E970     E970       24         0
                text81                             EABC     EABC       18         0
                text80                             D5BC     D5BC       82         0
                text79                             E5E8     E5E8       30         0
                text78                             EAA4     EAA4       18         0
                text77                             D830     D830       78         0
                text76                             EA1E     EA1E       20         0
                text75                             EBB0     EBB0       12         0
                text74                             EC82     EC82        A         0
                text73                             ED2A     ED2A        6         0
                text72                             EC78     EC78        A         0
                text71                             EC6E     EC6E        A         0
                text70                             EC64     EC64        A         0
                text69                             EC5A     EC5A        A         0
                text68                             D422     D422       8E         0
                text67                             EC50     EC50        A         0
                text66                             EC46     EC46        A         0
                text65                             EC3C     EC3C        A         0
                text64                             E082     E082       48         0
                text63                             EB64     EB64       14         0
                text62                             ED78     ED78        4         0
                text61                             EA8C     EA8C       18         0
                text60                             D4B0     D4B0       8A         0
                text59                             EA3E     EA3E       1C         0
                text58                             E6A6     E6A6       2E         0
                text57                             DEC6     DEC6       4E         0
                text56                             E900     E900       26         0
                text55                             EB9E     EB9E       12         0
                text54                             EB8C     EB8C       12         0
                text53                             EA74     EA74       18         0
                text52                             E2A6     E2A6       42         0
                text51                             E264     E264       42         0
                text50                             E702     E702       2C         0
                text49                             EBFE     EBFE        E         0
                text48                             B0D4     B0D4      1B8         0
                text47                             E888     E888       28         0
                text46                             E678     E678       2E         0
                text45                             E03A     E03A       48         0
                text44                             BD26     BD26      158         0
                text43                             EA5A     EA5A       1A         0
                text42                             EBF0     EBF0        E         0
                text41                             D2F4     D2F4       98         0
                text40                             CB34     CB34       CE         0
                text39                             B5D2     B5D2      18A         0
                text38                             BA5C     BA5C      166         0
                text37                             E222     E222       42         0
                text36                             DFF2     DFF2       48         0
                text35                             CE54     CE54       B0         0
                text34                             9ECA     9ECA      2BA         0
                text33                             943C     943C      39C         0
                text32                             CFB2     CFB2       AC         0
                text31                             C0DA     C0DA      106         0
                text30                             8BE6     8BE6      42C         0
                text29                             E46A     E46A       3A         0
                text28                             78E2     78E2      4C2         0
                text27                             DFAA     DFAA       48         0
                text26                             BFD2     BFD2      108         0
                text25                             C3EA     C3EA      100         0
                text24                             A8AE     A8AE      216         0
                text23                             DA76     DA76       68         0
                text22                             DE24     DE24       52         0
                text21                             E158     E158       44         0
                text20                             6110     6110      A92         0
                text19                             C5E8     C5E8       F2         0
                text18                             C992     C992       D2         0
                text17                             ACDA     ACDA      1FE         0
                text16                             724A     724A      698         0
                text15                             DD7C     DD7C       54         0
                text14                             E860     E860       28         0
                text13                             C7CA     C7CA       E4         0
                text12                             D53A     D53A       82         0
                text11                             EBE2     EBE2        E         0
                text10                             D8A8     D8A8       76         0
                text9                              E1E0     E1E0       42         0
                text8                              E54C     E54C       36         0
                text7                              A43C     A43C      23E         0
                text6                              E94C     E94C       24         0
                text5                              8266     8266      4C0         0
                text4                               198      198     2AA0         0
                text3                              B440     B440      192         0
                text2                              DC10     DC10       60         0
                text1                              E4A4     E4A4       38         0
                text0                              9B74     9B74      356         0
                cinit                              DADE     DADE       66         0
                idataBANK3                         ECD2     ECD2        8         0

        CLASS   CONST          

        CLASS   SMALLCONST     

        CLASS   MEDIUMCONST    
                mediumconst                        FE6A     FE6A      196         0

        CLASS   COMRAM         
                temp                                 5F       5F        1         1
                cstackCOMRAM                          1        1       5E         1

        CLASS   ABS1           

        CLASS   BIGRAM         

        CLASS   RAM            

        CLASS   BANK0          
                cstackBANK0                          60       60       94         1
                bssBANK0                             F4       F4        8         1
                nvBANK0                              FC       FC        1         1

        CLASS   BANK1          
                cstackBANK1                         100      100       BC         1
                bssBANK1                            1BC      1BC       3C         1
                nvBANK1                             1F8      1F8        8         1

        CLASS   BANK2          
                cstackBANK2                         200      200       F6         1
                bssBANK2                            2F6      2F6        A         1

        CLASS   BANK3          
                cstackBANK3                         300      300       BC         1
                dataBANK3                           3F4      3F4        8         1
                bssBANK3                            3BC      3BC       28         1
                nvBANK3                             3E4      3E4       10         1

        CLASS   BANK4          
                bssBANK4                            400      400       60         1

        CLASS   BANK5          

        CLASS   BANK6          

        CLASS   BANK7          

        CLASS   BANK8          

        CLASS   BANK9          

        CLASS   BANK10         

        CLASS   BANK11         

        CLASS   BANK12         

        CLASS   BANK13         

        CLASS   BANK14         

        CLASS   SFR            

        CLASS   BIGSFR         

        CLASS   CONFIG         
                config                           300000   300000        C         4

        CLASS   IDLOC          
                idloc                            200000   200000       10         5

        CLASS   EEDATA         

        CLASS   FARRAM         

        CLASS   HEAP           

        CLASS   STACK          



SEGMENTS        Name                           Load    Length   Top    Selector   Space  Class

                reset_vec                      000000  000004  000004         0       0  CODE    
                cstackCOMRAM                   000001  00005F  000060         1       1  COMRAM  
                intcode                        000008  00EDA4  00EDAC         4       0  CODE    
                cstackBANK0                    000060  00009D  0000FD        60       1  BANK0   
                cstackBANK1                    000100  000100  000200       100       1  BANK1   
                cstackBANK2                    000200  000100  000300       200       1  BANK2   
                cstackBANK3                    000300  0000FC  0003FC       300       1  BANK3   
                bssBANK4                       000400  000060  000460       400       1  BANK4   
                mediumconst                    00FE6A  000196  010000      7F35       0  MEDIUMCO


UNUSED ADDRESS RANGES

        Name                Unused          Largest block    Delta
        BANK0            0000FD-0000FF                3
        BANK10           000A00-000AFF              100
        BANK11           000B00-000BFF              100
        BANK12           000C00-000CFF              100
        BANK13           000D00-000DFF              100
        BANK14           000E00-000E87               88
        BANK3            0003FC-0003FF                4
        BANK4            000460-0004FF               A0
        BANK5            000500-0005FF              100
        BANK6            000600-0006FF              100
        BANK7            000700-0007FF              100
        BANK8            000800-0008FF              100
        BANK9            000900-0009FF              100
        BIGRAM           0000FD-0000FF                3
                         0003FC-0003FF                4
                         000460-000E87              A28
        BIGSFR           000E8D-000FFF              173
        CODE             000004-000007                4
                         00EDAC-00FE69             10BE
        CONST            000004-000007                4
                         00EDAC-00FE69             10BE
        EEDATA           310000-3103FF              400
        MEDIUMCONST      00EDAC-00FE69             10BE
        RAM              0000FD-0000FF                3
                         0003FC-0003FF                4
                         000460-000E87              100
        SFR              000E8D-000FFF               73
        SMALLCONST       00EDAC-00FE69              100

                                  Symbol Table

?___aodiv                                       cstackBANK2  000200
?___aomod                                       cstackBANK2  000200
?___fladd                                       cstackBANK2  000215
?___fldiv                                       cstackBANK2  000246
?___flmul                                       cstackBANK2  000225
?___flneg                                       cstackBANK2  000200
?___flsub                                       cstackBANK2  00023E
?___fltol                                       cstackBANK2  000200
?___fpclassifyf                                 cstackBANK2  000200
?___lodiv                                       cstackBANK2  000200
?___lomod                                       cstackBANK2  000200
?___lwdiv                                       cstackBANK2  000200
?___wmul                                        cstackBANK2  000200
?___xxtofl                                      cstackBANK2  000207
?_abs                                           cstackBANK2  000212
?_atoi                                          cstackBANK2  000206
?_fabsf                                         cstackBANK2  000200
?_floorf                                        cstackBANK2  00025F
?_hallRead                                      cstackBANK2  00020C
?_isdigit                                       cstackBANK2  000200
?_isspace                                       cstackBANK2  000200
?_labs                                          cstackBANK2  000200
?_nanf                                          cstackBANK2  000200
?_powf                                          cstackBANK2  00027F
?_printf                                        cstackBANK2  0002C7
?_scalbnf                                       cstackBANK2  00023E
?_sqrtf                                         cstackBANK2  000252
?_t_update                                      cstackBANK2  00025F
?_vfprintf                                      cstackBANK2  0002BF
?_windSpeedCalc                                 cstackBANK2  000290
?i2___aodiv                                     cstackCOMRAM 000001
?i2___aomod                                     cstackCOMRAM 000001
?i2___fladd                                     cstackCOMRAM 000016
?i2___fldiv                                     cstackCOMRAM 000047
?i2___flmul                                     cstackCOMRAM 000026
?i2___flneg                                     cstackCOMRAM 000001
?i2___flsub                                     cstackCOMRAM 00003F
?i2___fltol                                     cstackCOMRAM 000001
?i2___fpclassifyf                               cstackCOMRAM 000001
?i2___lodiv                                     cstackCOMRAM 000001
?i2___lomod                                     cstackCOMRAM 000001
?i2___lwdiv                                     cstackCOMRAM 000001
?i2___wmul                                      cstackCOMRAM 000001
?i2___xxtofl                                    cstackCOMRAM 000008
?i2_abs                                         cstackCOMRAM 000013
?i2_atoi                                        cstackCOMRAM 000007
?i2_fabsf                                       cstackCOMRAM 000001
?i2_floorf                                      cstackCOMRAM 000053
?i2_hallRead                                    cstackCOMRAM 00000D
?i2_labs                                        cstackCOMRAM 000001
?i2_nanf                                        cstackCOMRAM 000001
?i2_powf                                        cstackBANK0  000084
?i2_printf                                      cstackBANK0  0000C9
?i2_scalbnf                                     cstackCOMRAM 00003F
?i2_sqrtf                                       cstackCOMRAM 000053
?i2_t_update                                    cstackCOMRAM 000053
?i2_vfprintf                                    cstackBANK0  0000C1
?i2_windSpeedCalc                               cstackBANK0  000095
EUSART1_Read@readValue                          cstackCOMRAM 000001
EUSART1_SetErrorHandler@interruptHandler        cstackBANK2  000200
EUSART1_SetFramingErrorHandler@interruptHandler cstackBANK2  000200
EUSART1_SetOverrunErrorHandler@interruptHandler cstackBANK2  000200
EUSART1_SetRxInterruptHandler@interruptHandler  cstackBANK2  000200
EUSART1_SetTxInterruptHandler@interruptHandler  cstackBANK2  000200
EUSART2_SetErrorHandler@interruptHandler        cstackBANK2  000200
EUSART2_SetFramingErrorHandler@interruptHandler cstackBANK2  000200
EUSART2_SetOverrunErrorHandler@interruptHandler cstackBANK2  000200
EUSART2_Write@txData                            cstackBANK2  000200
I2C1_CallbackReturnReset@funPtr                 cstackCOMRAM 00000A
I2C1_Close@returnValue                          cstackBANK2  000200
I2C1_MasterOperation@read                       cstackBANK2  000200
I2C1_MasterOperation@returnValue                cstackBANK2  000201
I2C1_MasterSendTxData@data                      cstackCOMRAM 000001
I2C1_Open@address                               cstackBANK2  000202
I2C1_Open@returnValue                           cstackBANK2  000203
I2C1_Read1ByteRegister@address                  cstackBANK2  00020A
I2C1_Read1ByteRegister@reg                      cstackBANK2  000209
I2C1_Read1ByteRegister@returnValue              cstackBANK2  00020B
I2C1_SetAddressNackCallback@cb                  cstackBANK2  000205
I2C1_SetAddressNackCallback@ptr                 cstackBANK2  000207
I2C1_SetBuffer@buffer                           cstackBANK2  000200
I2C1_SetBuffer@bufferSize                       cstackBANK2  000202
I2C1_SetCallback@cb                             cstackBANK2  000200
I2C1_SetCallback@idx                            cstackBANK2  000204
I2C1_SetCallback@ptr                            cstackBANK2  000202
I2C1_SetDataCompleteCallback@cb                 cstackBANK2  000205
I2C1_SetDataCompleteCallback@ptr                cstackBANK2  000207
I2C1_SetInterruptHandler@InterruptHandler       cstackBANK2  000200
I2C1_Write1ByteRegister@address                 cstackBANK2  00020B
I2C1_Write1ByteRegister@data                    cstackBANK2  00020A
I2C1_Write1ByteRegister@reg                     cstackBANK2  000209
IOCAF0_SetInterruptHandler@InterruptHandler     cstackBANK2  000200
TMR2_SetInterruptHandler@InterruptHandler       cstackBANK2  000200
TMR3_SetInterruptHandler@InterruptHandler       cstackBANK2  000200
TMR3_WriteTimer@timerVal                        cstackCOMRAM 000001
_ANSELA                                         (abs)        000F11
_ANSELB                                         (abs)        000F19
_ANSELC                                         (abs)        000F21
_BAUD1CON                                       (abs)        000F9F
_BAUD2CON                                       (abs)        000E9F
_EUSART1_DefaultErrorHandler                    text175      00ED54
_EUSART1_DefaultFramingErrorHandler             text174      00EDAA
_EUSART1_DefaultOverrunErrorHandler             text173      00ED4E
_EUSART1_ErrorHandler                           nvBANK3      0003EA
_EUSART1_FramingErrorHandler                    nvBANK3      0003EE
_EUSART1_Initialize                             text68       00D422
_EUSART1_OverrunErrorHandler                    nvBANK3      0003EC
_EUSART1_Read                                   text177      00DC70
_EUSART1_Receive_ISR                            text170      00CD92
_EUSART1_RxDataHandler                          text176      00E6D4
_EUSART1_RxDefaultInterruptHandler              nvBANK3      0003F0
_EUSART1_SetErrorHandler                        text72       00EC78
_EUSART1_SetFramingErrorHandler                 text71       00EC6E
_EUSART1_SetOverrunErrorHandler                 text70       00EC64
_EUSART1_SetRxInterruptHandler                  text100      00ECB4
_EUSART1_SetTxInterruptHandler                  text69       00EC5A
_EUSART1_Transmit_ISR                           text216      00E0CA
_EUSART1_TxDefaultInterruptHandler              nvBANK3      0003F2
_EUSART1_is_rx_ready                            text172      00EB34
_EUSART1_is_tx_ready                            text102      00EAEC
_EUSART2_DefaultErrorHandler                    (abs)        000000
_EUSART2_DefaultFramingErrorHandler             (abs)        000000
_EUSART2_DefaultOverrunErrorHandler             (abs)        000000
_EUSART2_ErrorHandler                           nvBANK3      0003E4
_EUSART2_FramingErrorHandler                    nvBANK3      0003E8
_EUSART2_Initialize                             text64       00E082
_EUSART2_OverrunErrorHandler                    nvBANK3      0003E6
_EUSART2_SetErrorHandler                        text67       00EC50
_EUSART2_SetFramingErrorHandler                 text66       00EC46
_EUSART2_SetOverrunErrorHandler                 text65       00EC3C
_EUSART2_Write                                  text43       00EA5A
_EUSART2_is_tx_ready                            text101      00E648
_EUSART2_is_tx_ready$2350                       cstackBANK2  000200
_I2C1_CallbackReturnReset                       text204      00ED94
_I2C1_CallbackReturnStop                        text205      00ED98
_I2C1_Close                                     text92       00E618
_I2C1_DO_ADDRESS_NACK                           text181      00DBAA
_I2C1_DO_IDLE                                   text195      00EC30
_I2C1_DO_RCEN                                   text190      00EC24
_I2C1_DO_RESET                                  text182      00EC18
_I2C1_DO_RX                                     text191      00D1B0
_I2C1_DO_RX_ACK                                 text185      00ECFA
_I2C1_DO_RX_NACK_RESTART                        text183      00ECEA
_I2C1_DO_RX_NACK_STOP                           text184      00ECF2
_I2C1_DO_SEND_ADR_READ                          text194      00EBD2
_I2C1_DO_SEND_ADR_WRITE                         text193      00EBC2
_I2C1_DO_SEND_RESTART                           text187      00ED0A
_I2C1_DO_SEND_RESTART_READ                      text189      00ED1A
_I2C1_DO_SEND_RESTART_WRITE                     text188      00ED12
_I2C1_DO_SEND_STOP                              text186      00ED02
_I2C1_DO_TX                                     text192      00CCCE
_I2C1_DO_TX_EMPTY                               text196      00D73A
_I2C1_Initialize                                text63       00EB64
_I2C1_MasterClearIrq                            text95       00ED3C
_I2C1_MasterClose                               text94       00ED80
_I2C1_MasterDisableIrq                          text93       00ED36
_I2C1_MasterEnableIrq                           text88       00ED30
_I2C1_MasterEnableRestart                       text215      00EDA0
_I2C1_MasterFsm                                 text179      00DA06
_I2C1_MasterGetRxData                           text201      00ED8C
_I2C1_MasterIsNack                              text198      00EB78
_I2C1_MasterIsr                                 text178      00ED5A
_I2C1_MasterOpen                                text87       00E9B8
_I2C1_MasterOperation                           text90       00DF14
_I2C1_MasterSendAck                             text200      00ED6C
_I2C1_MasterSendNack                            text202      00ED72
_I2C1_MasterSendTxData                          text199      00ED22
_I2C1_MasterSetIrq                              text197      00ED66
_I2C1_MasterStart                               text91       00ED7C
_I2C1_MasterStartRx                             text203      00ED90
_I2C1_MasterStop                                text214      00ED9C
_I2C1_MasterWrite                               text89       00ECDA
_I2C1_Open                                      text85       00D108
_I2C1_Read1ByteRegister                         text80       00D5BC
_I2C1_SetAddressNackCallback                    text83       00EAD4
_I2C1_SetBuffer                                 text82       00E970
_I2C1_SetCallback                               text84       00D63E
_I2C1_SetDataCompleteCallback                   text81       00EABC
_I2C1_SetInterruptHandler                       text86       00EC8C
_I2C1_Status                                    bssBANK1     0001BC
_I2C1_Write1ByteRegister                        text77       00D830
_INLVLA                                         (abs)        000F0D
_INLVLB                                         (abs)        000F15
_INLVLC                                         (abs)        000F1D
_INLVLE                                         (abs)        000F2A
_INTCONbits                                     (abs)        000FF2
_INTERRUPT_Initialize                           text62       00ED78
_INTERRUPT_InterruptManager                     intcode      000008
_IOCAF0_DefaultInterruptHandler                 (abs)        000000
_IOCAF0_InterruptHandler                        nvBANK1      0001FE
_IOCAF0_SetInterruptHandler                     text99       00ECAA
_IOCAFbits                                      (abs)        000F0A
_IOCANbits                                      (abs)        000F0B
_IOCAPbits                                      (abs)        000F0C
_Interrupt_Handler_Initialize                   text96       00DCCE
_LATA                                           (abs)        000F83
_LATAbits                                       (abs)        000F83
_LATB                                           (abs)        000F84
_LATBbits                                       (abs)        000F84
_LATC                                           (abs)        000F85
_LATCbits                                       (abs)        000F85
_MSSP1_InterruptHandler                         bssBANK0     0000F6
_ODCONA                                         (abs)        000F0F
_ODCONB                                         (abs)        000F17
_ODCONBbits                                     (abs)        000F17
_ODCONC                                         (abs)        000F1F
_OSCCON1                                        (abs)        000ED8
_OSCCON3                                        (abs)        000EDA
_OSCEN                                          (abs)        000EDC
_OSCFRQ                                         (abs)        000EDE
_OSCILLATOR_Initialize                          text61       00EA8C
_OSCTUNE                                        (abs)        000EDD
_PIE3bits                                       (abs)        000EC5
_PIE4bits                                       (abs)        000EC6
_PIN_MANAGER_Initialize                         text60       00D4B0
_PIR3bits                                       (abs)        000ECD
_PIR4bits                                       (abs)        000ECE
_PMD0                                           (abs)        000EE1
_PMD1                                           (abs)        000EE2
_PMD2                                           (abs)        000EE3
_PMD3                                           (abs)        000EE4
_PMD4                                           (abs)        000EE5
_PMD5                                           (abs)        000EE6
_PMD_Initialize                                 text59       00EA3E
_PORTAbits                                      (abs)        000F8D
_PR2                                            (abs)        000FBC
_PROJECT_INIT                                   text74       00EC82
_RB6PPS                                         (abs)        000EF5
_RC1REG                                         (abs)        000F99
_RC1STA                                         (abs)        000F9D
_RC1STAbits                                     (abs)        000F9D
_RC2REG                                         (abs)        000E99
_RC2STA                                         (abs)        000E9D
_RC2STAbits                                     (abs)        000E9D
_RC3PPS                                         (abs)        000EFA
_RC4PPS                                         (abs)        000EFB
_RC6PPS                                         (abs)        000EFD
_RX1PPS                                         (abs)        000EB5
_RX2PPS                                         (abs)        000E8D
_Read_EUSART1_Buffer                            text73       00ED2A
_Rx1_ISR                                        text171      00DF60
_SLRCONA                                        (abs)        000F0E
_SLRCONB                                        (abs)        000F16
_SLRCONC                                        (abs)        000F1E
_SP1BRGH                                        (abs)        000F9C
_SP1BRGL                                        (abs)        000F9B
_SP2BRGH                                        (abs)        000E9C
_SP2BRGL                                        (abs)        000E9B
_SSP1ADD                                        (abs)        000F93
_SSP1BUF                                        (abs)        000F92
_SSP1CLKPPS                                     (abs)        000EB7
_SSP1CON1                                       (abs)        000F96
_SSP1CON1bits                                   (abs)        000F96
_SSP1CON2                                       (abs)        000F97
_SSP1CON2bits                                   (abs)        000F97
_SSP1DATPPS                                     (abs)        000EB8
_SSP1STAT                                       (abs)        000F95
_SSP1STATbits                                   (abs)        000F95
_SYSTEM_Initialize                              text56       00E900
_T2CLKCON                                       (abs)        000FBF
_T2CON                                          (abs)        000FBD
_T2CONbits                                      (abs)        000FBD
_T2HLT                                          (abs)        000FBE
_T2HLTbits                                      (abs)        000FBE
_T2PR                                           (abs)        000FBC
_T2RST                                          (abs)        000FC0
_T2RSTbits                                      (abs)        000FC0
_T2TMR                                          (abs)        000FBB
_T3CLK                                          (abs)        000FCC
_T3CON                                          (abs)        000FC9
_T3CONbits                                      (abs)        000FC9
_T3GATE                                         (abs)        000FCB
_T3GCON                                         (abs)        000FCA
_T3GCONbits                                     (abs)        000FCA
_TMR2                                           (abs)        000FBB
_TMR2_DefaultInterruptHandler                   text168      00EDA8
_TMR2_ISR                                       text167      00E5B6
_TMR2_Initialize                                text58       00E6A6
_TMR2_InterruptHandler                          nvBANK1      0001FC
_TMR2_SetInterruptHandler                       text98       00ECA0
_TMR3H                                          (abs)        000FC8
_TMR3L                                          (abs)        000FC7
_TMR3_DefaultInterruptHandler                   text105      00EDA4
_TMR3_ISR                                       text104      00E42C
_TMR3_Initialize                                text57       00DEC6
_TMR3_InterruptHandler                          nvBANK1      0001F8
_TMR3_SetInterruptHandler                       text97       00EC96
_TMR3_WriteTimer                                text166      00E8D8
_TRISA                                          (abs)        000F88
_TRISB                                          (abs)        000F89
_TRISC                                          (abs)        000F8A
_TX1REG                                         (abs)        000F9A
_TX1STA                                         (abs)        000F9E
_TX1STAbits                                     (abs)        000F9E
_TX2REG                                         (abs)        000E9A
_TX2STA                                         (abs)        000E9E
_TX2STAbits                                     (abs)        000E9E
_WPUA                                           (abs)        000F10
_WPUB                                           (abs)        000F18
_WPUC                                           (abs)        000F20
_WPUE                                           (abs)        000F2D
__HRAM                                          (abs)        000000
__Habs1                                         abs1         000000
__Hbank0                                        bank0        000000
__Hbank1                                        bank1        000000
__Hbank10                                       bank10       000000
__Hbank11                                       bank11       000000
__Hbank12                                       bank12       000000
__Hbank13                                       bank13       000000
__Hbank14                                       bank14       000000
__Hbank2                                        bank2        000000
__Hbank3                                        bank3        000000
__Hbank4                                        bank4        000000
__Hbank5                                        bank5        000000
__Hbank6                                        bank6        000000
__Hbank7                                        bank7        000000
__Hbank8                                        bank8        000000
__Hbank9                                        bank9        000000
__Hbigbss                                       bigbss       000000
__Hbigdata                                      bigdata      000000
__Hbigram                                       bigram       000000
__Hbigsfr                                       bigsfr       000000
__Hbss                                          bss          000000
__HbssBANK0                                     bssBANK0     000000
__HbssBANK1                                     bssBANK1     000000
__HbssBANK2                                     bssBANK2     000000
__HbssBANK3                                     bssBANK3     000000
__HbssBANK4                                     bssBANK4     000000
__Hcinit                                        cinit        000000
__Hclrtext                                      clrtext      000000
__Hcomram                                       comram       000000
__Hconfig                                       config       30000C
__Hconst                                        const        000000
__HcstackBANK0                                  cstackBANK0  000000
__HcstackBANK1                                  cstackBANK1  000000
__HcstackBANK2                                  cstackBANK2  000000
__HcstackBANK3                                  cstackBANK3  000000
__HcstackCOMRAM                                 cstackCOMRAM 000000
__Hdata                                         data         000000
__HdataBANK3                                    dataBANK3    000000
__Heeprom_data                                  eeprom_data  000000
__Hfarbss                                       farbss       000000
__Hfardata                                      fardata      000000
__Hheap                                         heap         000000
__Hibigdata                                     ibigdata     000000
__Hidata                                        idata        000000
__HidataBANK3                                   idataBANK3   000000
__Hidloc                                        idloc        200010
__Hifardata                                     ifardata     000000
__Hinit                                         init         000198
__Hintcode                                      intcode      000194
__Hintcode_body                                 intcode_body 000000
__Hintcodelo                                    intcodelo    000194
__Hintentry                                     intentry     000000
__Hintret                                       intret       000000
__Hintsave_regs                                 intsave_regs 000000
__Hirdata                                       irdata       000000
__Hmediumconst                                  mediumconst  010000
__HnvBANK0                                      nvBANK0      000000
__HnvBANK1                                      nvBANK1      000000
__HnvBANK3                                      nvBANK3      000000
__HnvFARRAM                                     nvFARRAM     000000
__Hnvbit                                        nvbit        000000
__Hnvrram                                       nvrram       000000
__Hparam                                        rparam       000000
__Hpowerup                                      powerup      000194
__Hram                                          ram          000000
__Hramtop                                       ramtop       000F00
__Hrbit                                         rbit         000000
__Hrbss                                         rbss         000000
__Hrdata                                        rdata        000000
__Hreset_vec                                    reset_vec    000004
__Hrparam                                       rparam       000000
__Hsfr                                          sfr          000000
__Hsmallconst                                   smallconst   000000
__Hspace_0                                      (abs)        010000
__Hspace_1                                      (abs)        000460
__Hspace_2                                      (abs)        000000
__Hspace_4                                      (abs)        60000C
__Hstack                                        stack        000000
__Hstruct                                       struct       000000
__Htemp                                         temp         000060
__Htext                                         text         000000
__Htext0                                        text0        000000
__Htext1                                        text1        000000
__Htext10                                       text10       000000
__Htext100                                      text100      000000
__Htext101                                      text101      000000
__Htext102                                      text102      000000
__Htext104                                      text104      000000
__Htext105                                      text105      000000
__Htext106                                      text106      000000
__Htext107                                      text107      000000
__Htext108                                      text108      000000
__Htext109                                      text109      000000
__Htext11                                       text11       000000
__Htext110                                      text110      000000
__Htext111                                      text111      000000
__Htext112                                      text112      000000
__Htext113                                      text113      000000
__Htext114                                      text114      000000
__Htext115                                      text115      000000
__Htext116                                      text116      000000
__Htext117                                      text117      000000
__Htext118                                      text118      000000
__Htext119                                      text119      000000
__Htext12                                       text12       000000
__Htext120                                      text120      000000
__Htext121                                      text121      000000
__Htext122                                      text122      000000
__Htext123                                      text123      000000
__Htext124                                      text124      000000
__Htext125                                      text125      000000
__Htext126                                      text126      000000
__Htext127                                      text127      000000
__Htext128                                      text128      000000
__Htext129                                      text129      000000
__Htext13                                       text13       000000
__Htext130                                      text130      000000
__Htext131                                      text131      000000
__Htext132                                      text132      000000
__Htext133                                      text133      000000
__Htext134                                      text134      000000
__Htext135                                      text135      000000
__Htext136                                      text136      000000
__Htext137                                      text137      000000
__Htext138                                      text138      000000
__Htext139                                      text139      000000
__Htext14                                       text14       000000
__Htext140                                      text140      000000
__Htext141                                      text141      000000
__Htext142                                      text142      000000
__Htext143                                      text143      000000
__Htext144                                      text144      000000
__Htext145                                      text145      000000
__Htext146                                      text146      000000
__Htext147                                      text147      000000
__Htext148                                      text148      000000
__Htext149                                      text149      000000
__Htext15                                       text15       000000
__Htext150                                      text150      000000
__Htext151                                      text151      000000
__Htext152                                      text152      000000
__Htext153                                      text153      000000
__Htext154                                      text154      000000
__Htext155                                      text155      000000
__Htext156                                      text156      000000
__Htext157                                      text157      000000
__Htext158                                      text158      000000
__Htext159                                      text159      000000
__Htext16                                       text16       000000
__Htext160                                      text160      000000
__Htext161                                      text161      000000
__Htext162                                      text162      000000
__Htext163                                      text163      000000
__Htext164                                      text164      000000
__Htext165                                      text165      000000
__Htext166                                      text166      000000
__Htext167                                      text167      000000
__Htext168                                      text168      000000
__Htext169                                      text169      000000
__Htext17                                       text17       000000
__Htext170                                      text170      000000
__Htext171                                      text171      000000
__Htext172                                      text172      000000
__Htext173                                      text173      000000
__Htext174                                      text174      000000
__Htext175                                      text175      000000
__Htext176                                      text176      000000
__Htext177                                      text177      000000
__Htext178                                      text178      000000
__Htext179                                      text179      000000
[...]
vfpfcnvrt@convarg                               cstackBANK2  0002B4
vfpfcnvrt@cp                                    cstackBANK2  0002BD
vfpfcnvrt@done                                  cstackBANK2  0002B2
vfpfcnvrt@fmt                                   cstackBANK2  0002AA
vfpfcnvrt@fp                                    cstackBANK2  0002A8
vfprintf@ap                                     cstackBANK2  0002C3
vfprintf@cfmt                                   cstackBANK2  0002C5
vfprintf@fmt                                    cstackBANK2  0002C1
vfprintf@fp                                     cstackBANK2  0002BF
windSpeedCalc@dw_dt                             cstackBANK2  000298
windSpeedCalc@linearVel                         cstackBANK2  00029C
windSpeedCalc@power                             cstackBANK2  000294
windSpeedCalc@time                              cstackBANK2  000290
wr1RegCompleteHandler@ptr                       cstackCOMRAM 00000A
wr2RegCompleteHandler@ptr                       cstackCOMRAM 00000A
wtemp8                                          temp         000060


MODULE INFORMATION

Module		Function		Class		Link	Load	Size
C:\Program Files\Microchip\xc8\v2.40\pic\sources\c99\common\sprcmul.c
		___flmul       		CODE           	8BE6	0000	1068

C:\Program Files\Microchip\xc8\v2.40\pic\sources\c99\common\sprcmul.c estimated size: 1068

C:\Program Files\Microchip\xc8\v2.40\pic\sources\c99\common\nf_fputc.c
		_fputc         		CODE           	D2F4	0000	152

C:\Program Files\Microchip\xc8\v2.40\pic\sources\c99\common\nf_fputc.c estimated size: 152

C:\Program Files\Microchip\xc8\v2.40\pic\sources\c99\common\sprcdiv.c
		___fldiv       		CODE           	943C	0000	924

C:\Program Files\Microchip\xc8\v2.40\pic\sources\c99\common\sprcdiv.c estimated size: 924

mcc_generated_files/examples/i2c1_master_example.c
		_wr1RegCompleteHandler		CODE           	E786	0000	44
		_wr2RegCompleteHandler		CODE           	E80A	0000	44
		_I2C1_Write1ByteRegister		CODE           	D830	0000	120
		_rdBlkRegCompleteHandler		CODE           	E3EC	0000	64
		_rd1RegCompleteHandler		CODE           	E7DE	0000	44
		_rd2RegCompleteHandler		CODE           	E7B2	0000	44
		_I2C1_Read1ByteRegister		CODE           	D5BC	0000	130

mcc_generated_files/examples/i2c1_master_example.c estimated size: 490

C:\Program Files\Microchip\xc8\v2.40\pic\sources\c99\common\sqrtf.c
		_sqrtf         		CODE           	8266	0000	1216

C:\Program Files\Microchip\xc8\v2.40\pic\sources\c99\common\sqrtf.c estimated size: 1216

C:\Program Files\Microchip\xc8\v2.40\pic\sources\c99\common\lwdiv.c
		___lwdiv       		CODE           	D8A8	0000	118

C:\Program Files\Microchip\xc8\v2.40\pic\sources\c99\common\lwdiv.c estimated size: 118

C:\Program Files\Microchip\xc8\v2.40\pic\sources\c99\common\memcpy.c
		_memcpy        		CODE           	DE24	0000	82

C:\Program Files\Microchip\xc8\v2.40\pic\sources\c99\common\memcpy.c estimated size: 82

mcc_generated_files/eusart2.c
		_putch         		CODE           	EBF0	0000	14
		_EUSART2_SetOverrunErrorHandler		CODE           	EC3C	0000	10
		_EUSART2_SetErrorHandler		CODE           	EC50	0000	10
		_EUSART2_Write 		CODE           	EA5A	0000	26
		_EUSART2_is_tx_ready		CODE           	E648	0000	48
		_EUSART2_Initialize		CODE           	E082	0000	72
		_EUSART2_SetFramingErrorHandler		CODE           	EC46	0000	10

mcc_generated_files/eusart2.c estimated size: 190

C:\Program Files\Microchip\xc8\v2.40\pic\sources\c99\common\fltol.c
		___fltol       		CODE           	BFD2	0000	264

C:\Program Files\Microchip\xc8\v2.40\pic\sources\c99\common\fltol.c estimated size: 264

C:\Program Files\Microchip\xc8\v2.40\pic\sources\c99\common\scalbnf.c
		_scalbnf       		CODE           	A43C	0000	574

C:\Program Files\Microchip\xc8\v2.40\pic\sources\c99\common\scalbnf.c estimated size: 574

C:\Program Files\Microchip\xc8\v2.40\pic\sources\c99\common\isspace.c
		_isspace       		CODE           	E03A	0000	72

C:\Program Files\Microchip\xc8\v2.40\pic\sources\c99\common\isspace.c estimated size: 72

C:\Program Files\Microchip\xc8\v2.40\pic\sources\c99\common\atoi.c
		_atoi          		CODE           	BD26	0000	344

C:\Program Files\Microchip\xc8\v2.40\pic\sources\c99\common\atoi.c estimated size: 344

mcc_generated_files/i2c1_master.c
		_I2C1_DO_SEND_RESTART		CODE           	ED0A	0000	8
		_I2C1_DO_TX_EMPTY		CODE           	D73A	0000	124
		_I2C1_DO_SEND_RESTART_READ		CODE           	ED1A	0000	8
		_I2C1_CallbackReturnStop		CODE           	ED98	0000	4
		_I2C1_DO_RX    		CODE           	D1B0	0000	166
		_I2C1_DO_TX    		CODE           	CCCE	0000	196
		_I2C1_SetAddressNackCallback		CODE           	EAD4	0000	24
		_I2C1_DO_IDLE  		CODE           	EC30	0000	12
		_I2C1_MasterOpen		CODE           	E9B8	0000	34
		_I2C1_DO_RCEN  		CODE           	EC24	0000	12
		_I2C1_MasterSendTxData		CODE           	ED22	0000	8
		_I2C1_MasterStop		CODE           	ED9C	0000	4
		_I2C1_CallbackReturnReset		CODE           	ED94	0000	4
		_I2C1_DO_RESET 		CODE           	EC18	0000	12
		_I2C1_MasterStartRx		CODE           	ED90	0000	4
		_I2C1_DO_RX_ACK		CODE           	ECFA	0000	8
		_I2C1_MasterSendNack		CODE           	ED72	0000	6
		_I2C1_DO_RX_NACK_RESTART		CODE           	ECEA	0000	8
		_I2C1_MasterDisableIrq		CODE           	ED36	0000	6
		_I2C1_MasterOperation		CODE           	DF14	0000	76
		_I2C1_SetCallback		CODE           	D63E	0000	126
		_I2C1_MasterEnableRestart		CODE           	EDA0	0000	4
		_I2C1_Open     		CODE           	D108	0000	168
		_I2C1_DO_ADDRESS_NACK		CODE           	DBAA	0000	102
		_I2C1_SetBuffer		CODE           	E970	0000	36
		_I2C1_DO_SEND_RESTART_WRITE		CODE           	ED12	0000	8
		_I2C1_MasterClose		CODE           	ED80	0000	4
		_I2C1_MasterWrite		CODE           	ECDA	0000	8
		_I2C1_Initialize		CODE           	EB64	0000	20
		_I2C1_Close    		CODE           	E618	0000	48
		_I2C1_MasterIsNack		CODE           	EB78	0000	20
		_I2C1_MasterStart		CODE           	ED7C	0000	4
		_I2C1_DO_SEND_ADR_WRITE		CODE           	EBC2	0000	16
		_I2C1_MasterClearIrq		CODE           	ED3C	0000	6
		_I2C1_SetDataCompleteCallback		CODE           	EABC	0000	24
		_I2C1_DO_SEND_STOP		CODE           	ED02	0000	8
		_I2C1_MasterSendAck		CODE           	ED6C	0000	6
		_I2C1_MasterFsm		CODE           	DA06	0000	112
		_I2C1_MasterIsr		CODE           	ED5A	0000	6
		_I2C1_MasterGetRxData		CODE           	ED8C	0000	4
		_I2C1_SetInterruptHandler		CODE           	EC8C	0000	10
		_I2C1_MasterSetIrq		CODE           	ED66	0000	6
		_I2C1_DO_SEND_ADR_READ		CODE           	EBD2	0000	16
		_I2C1_MasterEnableIrq		CODE           	ED30	0000	6
		_I2C1_DO_RX_NACK_STOP		CODE           	ECF2	0000	8

mcc_generated_files/i2c1_master.c estimated size: 1500

C:\Program Files\Microchip\xc8\v2.40\pic\sources\c99\common\Umul16.c
		___wmul        		CODE           	E888	0000	40

C:\Program Files\Microchip\xc8\v2.40\pic\sources\c99\common\Umul16.c estimated size: 40

C:\Program Files\Microchip\xc8\v2.40\pic\sources\c99\common\fleq.c
		___fleq        		CODE           	CFB2	0000	172

C:\Program Files\Microchip\xc8\v2.40\pic\sources\c99\common\fleq.c estimated size: 172

mcc_generated_files/tmr2.c
		_TMR2_ISR      		CODE           	E5B6	0000	50
		_TMR2_Initialize		CODE           	E6A6	0000	46
		_TMR2_SetInterruptHandler		CODE           	ECA0	0000	10
		_TMR2_DefaultInterruptHandler		CODE           	EDA8	0000	2

mcc_generated_files/tmr2.c estimated size: 108

mcc_generated_files/interrupt_manager.c
		_INTERRUPT_Initialize		CODE           	ED78	0000	4
		_INTERRUPT_InterruptManager		CODE           	0008	0000	396

mcc_generated_files/interrupt_manager.c estimated size: 400

C:\Program Files\Microchip\xc8\v2.40\pic\sources\c99\common\abs.c
		_abs           		CODE           	E222	0000	66

C:\Program Files\Microchip\xc8\v2.40\pic\sources\c99\common\abs.c estimated size: 66

sensor_controller.c
		_data_transmit 		CODE           	C7CA	0000	228
		_sensor_read   		CODE           	DC10	0000	96
		_set_thresh    		CODE           	E4A4	0000	56

sensor_controller.c estimated size: 380

C:\Program Files\Microchip\xc8\v2.40\pic\sources\c99\common\printf.c
		_printf        		CODE           	E860	0000	40

C:\Program Files\Microchip\xc8\v2.40\pic\sources\c99\common\printf.c estimated size: 40

C:\Program Files\Microchip\xc8\v2.40\pic\sources\c99\common\__fpclassifyf.c
		___fpclassifyf 		CODE           	C3EA	0000	256

C:\Program Files\Microchip\xc8\v2.40\pic\sources\c99\common\__fpclassifyf.c estimated size: 256

mcc_generated_files/pin_manager.c
		_PIN_MANAGER_Initialize		CODE           	D4B0	0000	138
		_IOCAF0_SetInterruptHandler		CODE           	ECAA	0000	10

mcc_generated_files/pin_manager.c estimated size: 148

C:\Program Files\Microchip\xc8\v2.40\pic\sources\c99\common\isdigit.c
		_isdigit       		CODE           	E678	0000	46

C:\Program Files\Microchip\xc8\v2.40\pic\sources\c99\common\isdigit.c estimated size: 46

interrupt_handler.c
		_Rx1_ISR       		CODE           	DF60	0000	74
		_t_update      		CODE           	D53A	0000	130
		_Interrupt_Handler_Initialize		CODE           	DCCE	0000	88
		_Read_EUSART1_Buffer		CODE           	ED2A	0000	6
		_internal_clock		CODE           	E75A	0000	44

interrupt_handler.c estimated size: 342

C:\Program Files\Microchip\xc8\v2.40\pic\sources\c99\common\sprcadd.c
		___flsub       		CODE           	DFAA	0000	72
		___fladd       		CODE           	78E2	0000	1218

C:\Program Files\Microchip\xc8\v2.40\pic\sources\c99\common\sprcadd.c estimated size: 1290

C:\Program Files\Microchip\xc8\v2.40\pic\sources\c99\common\floorf.c
		_floorf        		CODE           	A8AE	0000	534

C:\Program Files\Microchip\xc8\v2.40\pic\sources\c99\common\floorf.c estimated size: 534

C:\Program Files\Microchip\xc8\v2.40\pic\sources\c99\common\powf.c
		_powf          		CODE           	0198	0000	10912

C:\Program Files\Microchip\xc8\v2.40\pic\sources\c99\common\powf.c estimated size: 10912

C:\Program Files\Microchip\xc8\v2.40\pic\sources\c99\common\flneg.c
		___flneg       		CODE           	E46A	0000	58

C:\Program Files\Microchip\xc8\v2.40\pic\sources\c99\common\flneg.c estimated size: 58

C:\Program Files\Microchip\xc8\v2.40\pic\sources\c99\common\fabsf.c
		_fabsf         		CODE           	E54C	0000	54

C:\Program Files\Microchip\xc8\v2.40\pic\sources\c99\common\fabsf.c estimated size: 54

C:\Program Files\Microchip\xc8\v2.40\pic\sources\c99\common\labs.c
		_labs          		CODE           	DA76	0000	104

C:\Program Files\Microchip\xc8\v2.40\pic\sources\c99\common\labs.c estimated size: 104

C:\Program Files\Microchip\xc8\v2.40\pic\sources\c99\common\xxtofl.c
		___xxtofl      		CODE           	B0D4	0000	440

C:\Program Files\Microchip\xc8\v2.40\pic\sources\c99\common\xxtofl.c estimated size: 440

C:\Program Files\Microchip\xc8\v2.40\pic\sources\c99\common\nf_fputs.c
		_fputs         		CODE           	DFF2	0000	72

C:\Program Files\Microchip\xc8\v2.40\pic\sources\c99\common\nf_fputs.c estimated size: 72

C:\Program Files\Microchip\xc8\v2.40\pic\sources\c99\common\lomod.c
		___lomod       		CODE           	C992	0000	210

C:\Program Files\Microchip\xc8\v2.40\pic\sources\c99\common\lomod.c estimated size: 210

C:\Program Files\Microchip\xc8\v2.40\pic\sources\c99\common\aomod.c
		___aomod       		CODE           	BA5C	0000	358

C:\Program Files\Microchip\xc8\v2.40\pic\sources\c99\common\aomod.c estimated size: 358

shared
		i2_I2C1_MasterDisableIrq		CODE           	ED48	0000	6
		i2_fabsf       		CODE           	E582	0000	52
		_L5            		MEDIUMCONST    	0000	0000	0
		_P3            		MEDIUMCONST    	0000	0000	0
		i2_printf      		CODE           	E8B0	0000	40
		i2_I2C1_SetBuffer		CODE           	E994	0000	36
		i2_vfpfcnvrt   		CODE           	6BA2	0000	1704
		_L6            		MEDIUMCONST    	0000	0000	0
		_P4            		MEDIUMCONST    	0000	0000	0
		i2_sqrtf       		CODE           	7DA4	0000	1218
		i2_pad         		CODE           	CF04	0000	174
		i2_atoi        		CODE           	BE7E	0000	340
		_P5            		MEDIUMCONST    	0000	0000	0
		i2_tempRead    		CODE           	EC0C	0000	12
		i2_abs         		CODE           	E3AC	0000	64
		i2_floorf      		CODE           	AAC4	0000	534
		i2_labs        		CODE           	DB44	0000	102
		i2_putch       		CODE           	ECC8	0000	10
		i2___fleq      		CODE           	D05E	0000	170
		i2_isspace     		CODE           	E514	0000	56
		i2_I2C1_MasterOpen		CODE           	E9FC	0000	34
		i2_utoa        		CODE           	AED8	0000	508
		i2_I2C1_MasterOperation		CODE           	E36C	0000	64
		i2_I2C1_SetInterruptHandler		CODE           	ECBE	0000	10
		i2___lwdiv     		CODE           	D91E	0000	116
		i2_vfprintf    		CODE           	DDD0	0000	84
		i2_isdigit     		CODE           	EDA6	0000	2
		i2_I2C1_SetCallback		CODE           	D7B6	0000	122
		i2_sensor_read 		CODE           	DD26	0000	86
		i2_t_update    		CODE           	D6BC	0000	126
		i2___flneg     		CODE           	E4DC	0000	56
		_lg2_l         		MEDIUMCONST    	0000	0000	0
		i2_strcpy      		CODE           	E32A	0000	66
		i2___fladd     		CODE           	8726	0000	1216
		i2_ctoa        		CODE           	CC02	0000	204
		i2_I2C1_MasterEnableIrq		CODE           	ED42	0000	6
		i2_I2C1_MasterClose		CODE           	ED88	0000	4
		i2___wmul      		CODE           	E926	0000	38
		_ivln2_l       		MEDIUMCONST    	0000	0000	0
		i2_scalbnf     		CODE           	A67A	0000	564
		i2_I2C1_MasterWrite		CODE           	ECE2	0000	8
		i2_dtoa        		CODE           	A184	0000	696
		_ivln2         		MEDIUMCONST    	0000	0000	0
		i2___fldiv     		CODE           	97D8	0000	924
		i2___fltol     		CODE           	C1E0	0000	262
		__initialization		CODE           	DADE	0000	92
		i2___flge      		CODE           	C2E6	0000	260
		i2___lodiv     		CODE           	C6DA	0000	240
		_bp            		MEDIUMCONST    	FEF3	0000	8
		_cp            		MEDIUMCONST    	0000	0000	0
		_cp_h          		MEDIUMCONST    	0000	0000	0
		_dp_h          		MEDIUMCONST    	FE93	0000	8
		i2_EUSART2_Write		CODE           	EB1C	0000	24
		_lg2           		MEDIUMCONST    	0000	0000	0
		_tiny@sqrtf$F3707		MEDIUMCONST    	0000	0000	0
		i2_powf        		CODE           	2C38	0000	10820
		i2_data_transmit		CODE           	C8AE	0000	228
		i2___aodiv     		CODE           	B75C	0000	392
		i2___flmul     		CODE           	9012	0000	1066
		_lg2_h         		MEDIUMCONST    	0000	0000	0
		_i2c1_fsmStateTable		MEDIUMCONST    	FE6B	0000	32
		_ivln2_h       		MEDIUMCONST    	0000	0000	0
		i2_I2C1_Read1ByteRegister		CODE           	D992	0000	116
		i2_hallRead    		CODE           	E836	0000	42
		i2_I2C1_MasterStart		CODE           	ED84	0000	4
		i2___xxtofl    		CODE           	B28C	0000	436
		_tiny          		MEDIUMCONST    	0000	0000	0
		i2___lomod     		CODE           	CA64	0000	208
		i2___fpclassifyf		CODE           	C4EA	0000	254
		i2_hallRecord  		CODE           	E2E8	0000	66
		i2___flsub     		CODE           	E112	0000	70
		i2_nanf        		CODE           	E9DA	0000	34
		_ovt           		MEDIUMCONST    	0000	0000	0
		i2_windSpeedCalc		CODE           	B8E4	0000	376
		i2_efgtoa      		CODE           	567C	0000	2708
		_huge          		MEDIUMCONST    	0000	0000	0
		i2_I2C1_MasterClearIrq		CODE           	ED60	0000	6
		i2___aomod     		CODE           	BBC2	0000	356
		i2_fputc       		CODE           	D38C	0000	150
		i2_fputs       		CODE           	E19C	0000	68
		_two24         		MEDIUMCONST    	0000	0000	0
		i2_I2C1_SetDataCompleteCallback		CODE           	EB4C	0000	24
		i2_I2C1_Open   		CODE           	D256	0000	158
		_cp_l          		MEDIUMCONST    	0000	0000	0
		_dp_l          		MEDIUMCONST    	FE8B	0000	8
		i2_memcpy      		CODE           	DE76	0000	80
		_L1            		MEDIUMCONST    	0000	0000	0
		i2_I2C1_Close  		CODE           	E72E	0000	44
		_L2            		MEDIUMCONST    	0000	0000	0
		i2_I2C1_SetAddressNackCallback		CODE           	EB04	0000	24
		_L3            		MEDIUMCONST    	0000	0000	0
		_P1            		MEDIUMCONST    	0000	0000	0
		_L4            		MEDIUMCONST    	0000	0000	0
		_P2            		MEDIUMCONST    	0000	0000	0

shared estimated size: 28116

mcc_generated_files/eusart1.c
		_EUSART1_SetRxInterruptHandler		CODE           	ECB4	0000	10
		_EUSART1_SetTxInterruptHandler		CODE           	EC5A	0000	10
		_EUSART1_is_rx_ready		CODE           	EB34	0000	24
		_EUSART1_is_tx_ready		CODE           	EAEC	0000	24
		_EUSART1_Initialize		CODE           	D422	0000	142
		_EUSART1_DefaultErrorHandler		CODE           	ED54	0000	6
		_EUSART1_SetFramingErrorHandler		CODE           	EC6E	0000	10
		_EUSART1_Read  		CODE           	DC70	0000	94
		_EUSART1_SetOverrunErrorHandler		CODE           	EC64	0000	10
		_EUSART1_SetErrorHandler		CODE           	EC78	0000	10
		_EUSART1_Receive_ISR		CODE           	CD92	0000	194
		_EUSART1_RxDataHandler		CODE           	E6D4	0000	46
		_EUSART1_DefaultOverrunErrorHandler		CODE           	ED4E	0000	6
		_EUSART1_Transmit_ISR		CODE           	E0CA	0000	72
		_EUSART1_DefaultFramingErrorHandler		CODE           	EDAA	0000	2

mcc_generated_files/eusart1.c estimated size: 660

C:\Program Files\Microchip\xc8\v2.40\pic\sources\c99\common\strcpy.c
		_strcpy        		CODE           	E158	0000	68

C:\Program Files\Microchip\xc8\v2.40\pic\sources\c99\common\strcpy.c estimated size: 68

mcc_generated_files/mcc.c
		_PMD_Initialize		CODE           	EA3E	0000	28
		_OSCILLATOR_Initialize		CODE           	EA8C	0000	24
		_SYSTEM_Initialize		CODE           	E900	0000	38

mcc_generated_files/mcc.c estimated size: 90

C:\Program Files\Microchip\xc8\v2.40\pic\sources\c99\common\flge.c
		___flge        		CODE           	C0DA	0000	262

C:\Program Files\Microchip\xc8\v2.40\pic\sources\c99\common\flge.c estimated size: 262

mcc_generated_files/tmr3.c
		_TMR3_ISR      		CODE           	E42C	0000	62
		_TMR3_Initialize		CODE           	DEC6	0000	78
		_TMR3_SetInterruptHandler		CODE           	EC96	0000	10
		_TMR3_DefaultInterruptHandler		CODE           	EDA4	0000	2
		_TMR3_WriteTimer		CODE           	E8D8	0000	40

mcc_generated_files/tmr3.c estimated size: 192

hall_effect.c
		_hallRecord    		CODE           	E1E0	0000	66
		_windSpeedCalc 		CODE           	B440	0000	402
		_hallRead      		CODE           	E5E8	0000	48
		_hallInit      		CODE           	EAA4	0000	24

hall_effect.c estimated size: 540

C:\Program Files\Microchip\xc8\v2.40\pic\sources\c99\common\doprnt.c
		_vfpfcnvrt     		CODE           	724A	0000	1688
		_efgtoa        		CODE           	6110	0000	2706
		_pad           		CODE           	CE54	0000	176
		_ctoa          		CODE           	CB34	0000	206
		_dtoa          		CODE           	9ECA	0000	698
		_vfprintf      		CODE           	DD7C	0000	84
		_utoa          		CODE           	ACDA	0000	510

C:\Program Files\Microchip\xc8\v2.40\pic\sources\c99\common\doprnt.c estimated size: 6068

motor_control.c
		_umbStow       		CODE           	E264	0000	66
		_motorOFF      		CODE           	EBB0	0000	18
		_actionTrigger 		CODE           	E702	0000	44
		_motorRVR      		CODE           	EB8C	0000	18
		_solTrigger    		CODE           	EA74	0000	24
		_motorFWD      		CODE           	EB9E	0000	18
		_motorController		CODE           	EA1E	0000	32
		_motorFaultRead		CODE           	EBFE	0000	14
		_umbDeploy     		CODE           	E2A6	0000	66

motor_control.c estimated size: 300

main.c
		_PROJECT_INIT  		CODE           	EC82	0000	10
		_main          		CODE           	9B74	0000	854

main.c estimated size: 864

temp_sensor.c
		_tempRead      		CODE           	EBE2	0000	14

temp_sensor.c estimated size: 14

C:\Program Files\Microchip\xc8\v2.40\pic\sources\c99\common\lodiv.c
		___lodiv       		CODE           	C5E8	0000	242

C:\Program Files\Microchip\xc8\v2.40\pic\sources\c99\common\lodiv.c estimated size: 242

C:\Program Files\Microchip\xc8\v2.40\pic\sources\c99\common\aodiv.c
		___aodiv       		CODE           	B5D2	0000	394

C:\Program Files\Microchip\xc8\v2.40\pic\sources\c99\common\aodiv.c estimated size: 394

C:\Program Files\Microchip\xc8\v2.40\pic\sources\c99\common\nanf.c
		_nanf          		CODE           	E94C	0000	36

C:\Program Files\Microchip\xc8\v2.40\pic\sources\c99\common\nanf.c estimated size: 36

