Microchip MPLAB XC8 Compiler V2.40

Linker command line:

-W-3 \
  --edf=C:/Users/DJMik/.mchp_packs/Microchip/PIC18F-K_DFP/1.8.249/xc8\pic\dat\20230209213641_en.msgs \
  -cn -h+dist/default/production\Team205_FinalBoard.X.production.sym \
  --cmf=dist/default/production\Team205_FinalBoard.X.production.cmf -z \
  -Q18LF26K40 -oC:\Users\DJMik\AppData\Local\Temp\xcAs178.4 \
  --defsym=__MPLAB_BUILD=1 --fixupoverflow=error \
  -Mdist/default/production/Team205_FinalBoard.X.production.map \
  --md=C:\Users\DJMik\AppData\Local\Temp\xcAs178.dat -E1 -ver=XC8 Compiler \
  --acfsm=1493 -ACODE=00h-0FFFFh -ACONST=00h-0FFFFh \
  -ASMALLCONST=0F00h-0FFFhx241 -AMEDIUMCONST=0F00h-0FFFFh -ACOMRAM=01h-05Fh \
  -AABS1=00h-0E87h -ABIGRAM=01h-0E87h \
  -ARAM=060h-0FFh,0100h-01FFhx13,0E00h-0E87h -ABANK0=060h-0FFh \
  -ABANK1=0100h-01FFh -ABANK2=0200h-02FFh -ABANK3=0300h-03FFh \
  -ABANK4=0400h-04FFh -ABANK5=0500h-05FFh -ABANK6=0600h-06FFh \
  -ABANK7=0700h-07FFh -ABANK8=0800h-08FFh -ABANK9=0900h-09FFh \
  -ABANK10=0A00h-0AFFh -ABANK11=0B00h-0BFFh -ABANK12=0C00h-0CFFh \
  -ABANK13=0D00h-0DFFh -ABANK14=0E00h-0E87h \
  -ASFR=0E8Dh-0EFFh,0F00h-0F5Fh,0F60h-0FFFh -ABIGSFR=0E8Dh-0FFFh \
  -ACONFIG=0300000h-030000Bh -AIDLOC=0200000h-020000Fh \
  -AEEDATA=0310000h-03103FFh -peeprom_data=EEDATA \
  -preset_vec=00h,intcode=08h,intcodelo,powerup,init -pramtop=0F00h \
  -psmallconst=SMALLCONST -pmediumconst=MEDIUMCONST -pconst=CONST \
  -AFARRAM=00h-00h \
  -prdata=COMRAM,nvrram=COMRAM,nvbit=COMRAM,rbss=COMRAM,rbit=COMRAM \
  -pfarbss=FARRAM,fardata=FARRAM,nvFARRAM=FARRAM \
  -pintsave_regs=BIGRAM,bigbss=BIGRAM,bigdata=BIGRAM -pbss=RAM \
  -pidata=CODE,irdata=CODE,ibigdata=CODE,ifardata=CODE -prparam=COMRAM \
  C:\Users\DJMik\AppData\Local\Temp\xcAs178.o \
  dist/default/production\Team205_FinalBoard.X.production.o 

Object code version is 3.11

Machine type is 18LF26K40



                Name                               Link     Load   Length Selector   Space Scale
C:\Users\DJMik\AppData\Local\Temp\xcAs178.o
                idloc                            200000   200000       10        0       5
                config                           300000   300000        C        0       4
                init                                1A8      1A8        4        4       0
                reset_vec                             0        0        4        0       0
dist/default/production\Team205_FinalBoard.X.production.o
                intcode                               8        8      1A0        4       0
                idloc                            200000   200000       10        0       5
                config                           300000   300000        C        0       4
                temp                                 5F       5F        1        1       1
                mediumconst                        FE8C     FE8C      174     7F46       0
                text191                            BA22     BA22       44        4       0
                text190                            C5E2     C5E2        4        4       0
                text189                            C5DE     C5DE        4        4       0
                text188                            C1A2     C1A2       24        4       0
                text187                            B12E     B12E       7A        4       0
                text186                            C37C     C37C       18        4       0
                text185                            C062     C062       2C        4       0
                text184                            C036     C036       2C        4       0
                text183                            C00A     C00A       2C        4       0
                text182                            BFDE     BFDE       2C        4       0
                text181                            BCB4     BCB4       40        4       0
                text180                            C5DA     C5DA        4        4       0
                text179                            C5D6     C5D6        4        4       0
                text178                            C5D2     C5D2        4        4       0
                text177                            C5B0     C5B0        6        4       0
                text176                            C5CE     C5CE        4        4       0
                text175                            C5AA     C5AA        6        4       0
                text174                            C566     C566        8        4       0
                text173                            C3D4     C3D4       14        4       0
                text172                            C5A4     C5A4        6        4       0
                text171                            B0B2     B0B2       7C        4       0
                text170                            C4AE     C4AE        C        4       0
                text169                            C45E     C45E       10        4       0
                text168                            C44E     C44E       10        4       0
                text167                            A904     A904       C4        4       0
                text166                            ABCC     ABCC       A6        4       0
                text165                            C4A2     C4A2        C        4       0
                text164                            C55E     C55E        8        4       0
                text163                            C556     C556        8        4       0
                text162                            C54E     C54E        8        4       0
                text161                            C546     C546        8        4       0
                text160                            C53E     C53E        8        4       0
                text159                            C536     C536        8        4       0
                text158                            C52E     C52E        8        4       0
                text157                            C496     C496        C        4       0
                text156                            B4C4     B4C4       66        4       0
                text155                            C59E     C59E        6        4       0
                text154                            B37E     B37E       70        4       0
                text153                            C598     C598        6        4       0
                text152                            C5CA     C5CA        4        4       0
                text151                            C592     C592        6        4       0
                text150                            BFB2     BFB2       2C        4       0
                text149                            C5C6     C5C6        4        4       0
                text148                            BC74     BC74       40        4       0
                text147                            C526     C526        8        4       0
                text146                            C58C     C58C        6        4       0
                text145                            C24E     C24E       22        4       0
                text144                            C514     C514        A        4       0
                text143                            AC72     AC72       9E        4       0
                text142                            C364     C364       18        4       0
                text141                            B3EE     B3EE       6E        4       0
                text140                            C2E8     C2E8       1C        4       0
                text139                            C43E     C43E       10        4       0
                text138                            C42E     C42E       10        4       0
                text137                            C41E     C41E       10        4       0
                text136                            C2AE     C2AE       1E        4       0
                text135                            BBF2     BBF2       42        4       0
                text134                            BBB0     BBB0       42        4       0
                text133                            BF86     BF86       2C        4       0
                text132                            C290     C290       1E        4       0
                text131                            C5EC     C5EC        2        4       0
                text130                            BE40     BE40       32        4       0
                text129                            C3AA     C3AA       16        4       0
                text128                            B6E8     B6E8       54        4       0
                text127                            BF5A     BF5A       2C        4       0
                text126                            C586     C586        6        4       0
                text125                            C5EA     C5EA        2        4       0
                text124                            C580     C580        6        4       0
                text123                            C394     C394       16        4       0
                text122                            B950     B950       48        4       0
                text121                            A83E     A83E       C6        4       0
                text120                            C0B8     C0B8       2A        4       0
                text119                            C5E8     C5E8        2        4       0
                text118                            BE0E     BE0E       32        4       0
                text117                            C132     C132       28        4       0
                text116                            74B2     74B2      4C0        4       0
                text115                            8564     8564      39C        4       0
                text114                            986A     986A      1B4        4       0
                text113                            B034     B034       7E        4       0
                text112                            B30A     B30A       74        4       0
                text111                            C48A     C48A        C        4       0
                text110                            B296     B296       74        4       0
                text109                            A370     A370      106        4       0
                text108                            C08E     C08E       2A        4       0
                text107                            BB6E     BB6E       42        4       0
                text106                            BD6C     BD6C       38        4       0
                text105                            B998     B998       46        4       0
                text104                            BDDA     BDDA       34        4       0
                text103                            7D9E     7D9E      42A        4       0
                text102                            90A2     90A2      234        4       0
                text101                            A476     A476      104        4       0
                text100                            C22C     C22C       22        4       0
                text99                             6FF2     6FF2      4C0        4       0
                text98                             2C4C     2C4C     2A44        4       0
                text97                             9D2C     9D2C      178        4       0
                text96                             B78E     B78E       50        4       0
                text95                             C5E6     C5E6        2        4       0
                text94                             BCF4     BCF4       3E        4       0
                text92                             C34C     C34C       18        4       0
                text91                             C50A     C50A        A        4       0
                text90                             C500     C500        A        4       0
                text89                             C4F6     C4F6        A        4       0
                text88                             C4EC     C4EC        A        4       0
                text87                             B5E4     B5E4       5A        4       0
                text86                             C5C2     C5C2        4        4       0
                text85                             C4E2     C4E2        A        4       0
                text84                             C4D8     C4D8        A        4       0
                text83                             C4CE     C4CE        A        4       0
                text82                             C4C4     C4C4        A        4       0
                text81                             ADA8     ADA8       86        4       0
                text80                             C3C0     C3C0       14        4       0
                text79                             C5BE     C5BE        4        4       0
                text78                             C334     C334       18        4       0
                text77                             AE2E     AE2E       84        4       0
                text76                             C2CC     C2CC       1C        4       0
                text75                             BF00     BF00       2E        4       0
                text74                             B7DE     B7DE       4E        4       0
                text73                             C20A     C20A       22        4       0
                text72                             C57A     C57A        6        4       0
                text71                             C5BA     C5BA        4        4       0
                text70                             C574     C574        6        4       0
                text69                             BEA2     BEA2       30        4       0
                text68                             C5B6     C5B6        4        4       0
                text67                             B82C     B82C       4C        4       0
                text66                             C51E     C51E        8        4       0
                text65                             C56E     C56E        6        4       0
                text64                             C1E8     C1E8       22        4       0
                text63                             C4BA     C4BA        A        4       0
                text62                             AB24     AB24       A8        4       0
                text61                             AFB6     AFB6       7E        4       0
                text60                             C31C     C31C       18        4       0
                text59                             C17E     C17E       24        4       0
                text58                             C304     C304       18        4       0
                text57                             B1A8     B1A8       78        4       0
                text56                             C270     C270       20        4       0
                text55                             C40C     C40C       12        4       0
                text54                             C3FA     C3FA       12        4       0
                text53                             C3E8     C3E8       12        4       0
                text52                             C1C6     C1C6       22        4       0
                text51                             BB2C     BB2C       42        4       0
                text50                             BAEA     BAEA       42        4       0
                text49                             BF2E     BF2E       2C        4       0
                text48                             AF34     AF34       82        4       0
                text47                             B63E     B63E       56        4       0
                text46                             C10A     C10A       28        4       0
                text45                             BED2     BED2       2E        4       0
                text44                             B908     B908       48        4       0
                text43                             A00A     A00A      158        4       0
                text42                             9A1E     9A1E      18A        4       0
                text41                             9EA4     9EA4      166        4       0
                text40                             BAA8     BAA8       42        4       0
                text39                             B52A     B52A       60        4       0
                text38                             C47C     C47C        E        4       0
                text37                             AD10     AD10       98        4       0
                text36                             B8C0     B8C0       48        4       0
                text35                             A9C8     A9C8       B0        4       0
                text34                             8BE2     8BE2      282        4       0
                text33                             81C8     81C8      39C        4       0
                text32                             AA78     AA78       AC        4       0
                text31                             A26A     A26A      106        4       0
                text30                             7972     7972      42C        4       0
                text29                             BD32     BD32       3A        4       0
                text28                             6670     6670      4C2        4       0
                text27                             B878     B878       48        4       0
                text26                             A162     A162      108        4       0
                text25                             A57A     A57A      100        4       0
                text24                             92D6     92D6      216        4       0
                text23                             B45C     B45C       68        4       0
                text22                             B73C     B73C       52        4       0
                text21                             B9DE     B9DE       44        4       0
                text20                             5690     5690      A28        4       0
                text19                             A67A     A67A       F2        4       0
                text18                             A76C     A76C       D2        4       0
                text17                             94EC     94EC      1C6        4       0
                text16                             60B8     60B8      5B8        4       0
                text15                             B694     B694       54        4       0
                text14                             C0E2     C0E2       28        4       0
                text13                             96B2     96B2      1B8        4       0
                text12                             AEB2     AEB2       82        4       0
                text11                             C46E     C46E        E        4       0
                text10                             B220     B220       76        4       0
                text9                              BE72     BE72       30        4       0
                text8                              BA66     BA66       42        4       0
                text7                              BDA4     BDA4       36        4       0
                text6                              8E64     8E64      23E        4       0
                text5                              C15A     C15A       24        4       0
                text4                              6B32     6B32      4C0        4       0
                text3                               1AC      1AC     2AA0        4       0
                text2                              9BA8     9BA8      184        4       0
                text1                              B58A     B58A       5A        4       0
                text0                              8900     8900      2E2        4       0
                cstackCOMRAM                          1        1       5B        1       1
                cstackBANK0                          60       60       5B       60       1
                cstackBANK1                         100      100       BC      100       1
                cstackBANK2                         200      200       D9      200       1
                cstackBANK3                         300      300       BC      300       1
                bssBANK4                            400      400       50      400       1
                bssBANK2                            2D9      2D9       21      200       1
                bssBANK1                            1BC      1BC       10      100       1
                bssBANK0                             BB       BB       34       60       1
                bssCOMRAM                            5C       5C        3        1       1
                cinit                              BC34     BC34       40        4       0
                nvBANK3                             3BC      3BC        2      300       1
                nvBANK2                             2FA      2FA        6      200       1
                nvBANK1                             1CC      1CC        6      100       1
                nvBANK0                              EF       EF        C       60       1

TOTAL           Name                               Link     Load   Length     Space
        CLASS   CODE           
                intcode                               8        8      1A0         0
                init                                1A8      1A8        4         0
                reset_vec                             0        0        4         0
                text191                            BA22     BA22       44         0
                text190                            C5E2     C5E2        4         0
                text189                            C5DE     C5DE        4         0
                text188                            C1A2     C1A2       24         0
                text187                            B12E     B12E       7A         0
                text186                            C37C     C37C       18         0
                text185                            C062     C062       2C         0
                text184                            C036     C036       2C         0
                text183                            C00A     C00A       2C         0
                text182                            BFDE     BFDE       2C         0
                text181                            BCB4     BCB4       40         0
                text180                            C5DA     C5DA        4         0
                text179                            C5D6     C5D6        4         0
                text178                            C5D2     C5D2        4         0
                text177                            C5B0     C5B0        6         0
                text176                            C5CE     C5CE        4         0
                text175                            C5AA     C5AA        6         0
                text174                            C566     C566        8         0
                text173                            C3D4     C3D4       14         0
                text172                            C5A4     C5A4        6         0
                text171                            B0B2     B0B2       7C         0
                text170                            C4AE     C4AE        C         0
                text169                            C45E     C45E       10         0
                text168                            C44E     C44E       10         0
                text167                            A904     A904       C4         0
                text166                            ABCC     ABCC       A6         0
                text165                            C4A2     C4A2        C         0
                text164                            C55E     C55E        8         0
                text163                            C556     C556        8         0
                text162                            C54E     C54E        8         0
                text161                            C546     C546        8         0
                text160                            C53E     C53E        8         0
                text159                            C536     C536        8         0
                text158                            C52E     C52E        8         0
                text157                            C496     C496        C         0
                text156                            B4C4     B4C4       66         0
                text155                            C59E     C59E        6         0
                text154                            B37E     B37E       70         0
                text153                            C598     C598        6         0
                text152                            C5CA     C5CA        4         0
                text151                            C592     C592        6         0
                text150                            BFB2     BFB2       2C         0
                text149                            C5C6     C5C6        4         0
                text148                            BC74     BC74       40         0
                text147                            C526     C526        8         0
                text146                            C58C     C58C        6         0
                text145                            C24E     C24E       22         0
                text144                            C514     C514        A         0
                text143                            AC72     AC72       9E         0
                text142                            C364     C364       18         0
                text141                            B3EE     B3EE       6E         0
                text140                            C2E8     C2E8       1C         0
                text139                            C43E     C43E       10         0
                text138                            C42E     C42E       10         0
                text137                            C41E     C41E       10         0
                text136                            C2AE     C2AE       1E         0
                text135                            BBF2     BBF2       42         0
                text134                            BBB0     BBB0       42         0
                text133                            BF86     BF86       2C         0
                text132                            C290     C290       1E         0
                text131                            C5EC     C5EC        2         0
                text130                            BE40     BE40       32         0
                text129                            C3AA     C3AA       16         0
                text128                            B6E8     B6E8       54         0
                text127                            BF5A     BF5A       2C         0
                text126                            C586     C586        6         0
                text125                            C5EA     C5EA        2         0
                text124                            C580     C580        6         0
                text123                            C394     C394       16         0
                text122                            B950     B950       48         0
                text121                            A83E     A83E       C6         0
                text120                            C0B8     C0B8       2A         0
                text119                            C5E8     C5E8        2         0
                text118                            BE0E     BE0E       32         0
                text117                            C132     C132       28         0
                text116                            74B2     74B2      4C0         0
                text115                            8564     8564      39C         0
                text114                            986A     986A      1B4         0
                text113                            B034     B034       7E         0
                text112                            B30A     B30A       74         0
                text111                            C48A     C48A        C         0
                text110                            B296     B296       74         0
                text109                            A370     A370      106         0
                text108                            C08E     C08E       2A         0
                text107                            BB6E     BB6E       42         0
                text106                            BD6C     BD6C       38         0
                text105                            B998     B998       46         0
                text104                            BDDA     BDDA       34         0
                text103                            7D9E     7D9E      42A         0
                text102                            90A2     90A2      234         0
                text101                            A476     A476      104         0
                text100                            C22C     C22C       22         0
                text99                             6FF2     6FF2      4C0         0
                text98                             2C4C     2C4C     2A44         0
                text97                             9D2C     9D2C      178         0
                text96                             B78E     B78E       50         0
                text95                             C5E6     C5E6        2         0
                text94                             BCF4     BCF4       3E         0
                text92                             C34C     C34C       18         0
                text91                             C50A     C50A        A         0
                text90                             C500     C500        A         0
                text89                             C4F6     C4F6        A         0
                text88                             C4EC     C4EC        A         0
                text87                             B5E4     B5E4       5A         0
                text86                             C5C2     C5C2        4         0
                text85                             C4E2     C4E2        A         0
                text84                             C4D8     C4D8        A         0
                text83                             C4CE     C4CE        A         0
                text82                             C4C4     C4C4        A         0
                text81                             ADA8     ADA8       86         0
                text80                             C3C0     C3C0       14         0
                text79                             C5BE     C5BE        4         0
                text78                             C334     C334       18         0
                text77                             AE2E     AE2E       84         0
                text76                             C2CC     C2CC       1C         0
                text75                             BF00     BF00       2E         0
                text74                             B7DE     B7DE       4E         0
                text73                             C20A     C20A       22         0
                text72                             C57A     C57A        6         0
                text71                             C5BA     C5BA        4         0
                text70                             C574     C574        6         0
                text69                             BEA2     BEA2       30         0
                text68                             C5B6     C5B6        4         0
                text67                             B82C     B82C       4C         0
                text66                             C51E     C51E        8         0
                text65                             C56E     C56E        6         0
                text64                             C1E8     C1E8       22         0
                text63                             C4BA     C4BA        A         0
                text62                             AB24     AB24       A8         0
                text61                             AFB6     AFB6       7E         0
                text60                             C31C     C31C       18         0
                text59                             C17E     C17E       24         0
                text58                             C304     C304       18         0
                text57                             B1A8     B1A8       78         0
                text56                             C270     C270       20         0
                text55                             C40C     C40C       12         0
                text54                             C3FA     C3FA       12         0
                text53                             C3E8     C3E8       12         0
                text52                             C1C6     C1C6       22         0
                text51                             BB2C     BB2C       42         0
                text50                             BAEA     BAEA       42         0
                text49                             BF2E     BF2E       2C         0
                text48                             AF34     AF34       82         0
                text47                             B63E     B63E       56         0
                text46                             C10A     C10A       28         0
                text45                             BED2     BED2       2E         0
                text44                             B908     B908       48         0
                text43                             A00A     A00A      158         0
                text42                             9A1E     9A1E      18A         0
                text41                             9EA4     9EA4      166         0
                text40                             BAA8     BAA8       42         0
                text39                             B52A     B52A       60         0
                text38                             C47C     C47C        E         0
                text37                             AD10     AD10       98         0
                text36                             B8C0     B8C0       48         0
                text35                             A9C8     A9C8       B0         0
                text34                             8BE2     8BE2      282         0
                text33                             81C8     81C8      39C         0
                text32                             AA78     AA78       AC         0
                text31                             A26A     A26A      106         0
                text30                             7972     7972      42C         0
                text29                             BD32     BD32       3A         0
                text28                             6670     6670      4C2         0
                text27                             B878     B878       48         0
                text26                             A162     A162      108         0
                text25                             A57A     A57A      100         0
                text24                             92D6     92D6      216         0
                text23                             B45C     B45C       68         0
                text22                             B73C     B73C       52         0
                text21                             B9DE     B9DE       44         0
                text20                             5690     5690      A28         0
                text19                             A67A     A67A       F2         0
                text18                             A76C     A76C       D2         0
                text17                             94EC     94EC      1C6         0
                text16                             60B8     60B8      5B8         0
                text15                             B694     B694       54         0
                text14                             C0E2     C0E2       28         0
                text13                             96B2     96B2      1B8         0
                text12                             AEB2     AEB2       82         0
                text11                             C46E     C46E        E         0
                text10                             B220     B220       76         0
                text9                              BE72     BE72       30         0
                text8                              BA66     BA66       42         0
                text7                              BDA4     BDA4       36         0
                text6                              8E64     8E64      23E         0
                text5                              C15A     C15A       24         0
                text4                              6B32     6B32      4C0         0
                text3                               1AC      1AC     2AA0         0
                text2                              9BA8     9BA8      184         0
                text1                              B58A     B58A       5A         0
                text0                              8900     8900      2E2         0
                cinit                              BC34     BC34       40         0

        CLASS   CONST          

        CLASS   SMALLCONST     

        CLASS   MEDIUMCONST    
                mediumconst                        FE8C     FE8C      174         0

        CLASS   COMRAM         
                temp                                 5F       5F        1         1
                cstackCOMRAM                          1        1       5B         1
                bssCOMRAM                            5C       5C        3         1

        CLASS   ABS1           

        CLASS   BIGRAM         

        CLASS   RAM            

        CLASS   BANK0          
                cstackBANK0                          60       60       5B         1
                bssBANK0                             BB       BB       34         1
                nvBANK0                              EF       EF        C         1

        CLASS   BANK1          
                cstackBANK1                         100      100       BC         1
                bssBANK1                            1BC      1BC       10         1
                nvBANK1                             1CC      1CC        6         1

        CLASS   BANK2          
                cstackBANK2                         200      200       D9         1
                bssBANK2                            2D9      2D9       21         1
                nvBANK2                             2FA      2FA        6         1

        CLASS   BANK3          
                cstackBANK3                         300      300       BC         1
                nvBANK3                             3BC      3BC        2         1

        CLASS   BANK4          
                bssBANK4                            400      400       50         1

        CLASS   BANK5          

        CLASS   BANK6          

        CLASS   BANK7          

        CLASS   BANK8          

        CLASS   BANK9          

        CLASS   BANK10         

        CLASS   BANK11         

        CLASS   BANK12         

        CLASS   BANK13         

        CLASS   BANK14         

        CLASS   SFR            

        CLASS   BIGSFR         

        CLASS   CONFIG         
                config                           300000   300000        C         4

        CLASS   IDLOC          
                idloc                            200000   200000       10         5

        CLASS   EEDATA         

        CLASS   FARRAM         

        CLASS   HEAP           

        CLASS   STACK          



SEGMENTS        Name                           Load    Length   Top    Selector   Space  Class

                reset_vec                      000000  000004  000004         0       0  CODE    
                cstackCOMRAM                   000001  00005F  000060         1       1  COMRAM  
                intcode                        000008  00C5E6  00C5EE         4       0  CODE    
                cstackBANK0                    000060  00009B  0000FB        60       1  BANK0   
                cstackBANK1                    000100  0000D2  0001D2       100       1  BANK1   
                cstackBANK2                    000200  000100  000300       200       1  BANK2   
                cstackBANK3                    000300  0000BE  0003BE       300       1  BANK3   
                bssBANK4                       000400  000050  000450       400       1  BANK4   
                mediumconst                    00FE8C  000174  010000      7F46       0  MEDIUMCO


UNUSED ADDRESS RANGES

        Name                Unused          Largest block    Delta
        BANK0            0000FB-0000FF                5
        BANK1            0001D2-0001FF               2E
        BANK10           000A00-000AFF              100
        BANK11           000B00-000BFF              100
        BANK12           000C00-000CFF              100
        BANK13           000D00-000DFF              100
        BANK14           000E00-000E87               88
        BANK3            0003BE-0003FF               42
        BANK4            000450-0004FF               B0
        BANK5            000500-0005FF              100
        BANK6            000600-0006FF              100
        BANK7            000700-0007FF              100
        BANK8            000800-0008FF              100
        BANK9            000900-0009FF              100
        BIGRAM           0000FB-0000FF                5
                         0001D2-0001FF               2E
                         0003BE-0003FF               42
                         000450-000E87              A38
        BIGSFR           000E8D-000FFF              173
        CODE             000004-000007                4
                         00C5EE-00FE8B             389E
        CONST            000004-000007                4
                         00C5EE-00FE8B             389E
        EEDATA           310000-3103FF              400
        MEDIUMCONST      00C5EE-00FE8B             389E
        RAM              0000FB-0000FF                5
                         0001D2-0001FF               2E
                         0003BE-0003FF               42
                         000450-000E87              100
        SFR              000E8D-000FFF               73
        SMALLCONST       00C5EE-00FE8B              100

                                  Symbol Table

?___aodiv                                       cstackBANK2  000200
?___aomod                                       cstackBANK2  000200
?___fladd                                       cstackBANK2  000215
?___fldiv                                       cstackBANK2  000246
?___flmul                                       cstackBANK2  000225
?___flneg                                       cstackBANK2  000200
?___flsub                                       cstackBANK2  00023E
?___fltol                                       cstackBANK2  000200
?___fpclassifyf                                 cstackBANK2  000200
?___lodiv                                       cstackBANK2  000200
?___lomod                                       cstackBANK2  000200
?___lwdiv                                       cstackBANK2  000200
?___wmul                                        cstackBANK2  000200
?___xxtofl                                      cstackBANK2  000207
?_abs                                           cstackBANK2  000212
?_atoi                                          cstackBANK2  000206
?_fabsf                                         cstackBANK2  000200
?_floorf                                        cstackBANK2  00025F
?_hallRead                                      cstackBANK2  00020C
?_isdigit                                       cstackBANK2  000200
?_isspace                                       cstackBANK2  000200
?_labs                                          cstackBANK2  000200
?_nanf                                          cstackBANK2  000200
?_powf                                          cstackBANK2  00027F
?_printf                                        cstackBANK2  0002C5
?_scalbnf                                       cstackBANK2  00023E
?_sqrtf                                         cstackBANK2  000252
?_t_update                                      cstackBANK2  00025F
?_vfprintf                                      cstackBANK2  0002BD
?_windSpeedCalc                                 cstackBANK2  000290
?i2___fladd                                     cstackCOMRAM 000016
?i2___fldiv                                     cstackCOMRAM 000047
?i2___flmul                                     cstackCOMRAM 000026
?i2___flneg                                     cstackCOMRAM 000001
?i2___flsub                                     cstackCOMRAM 00003F
?i2___fltol                                     cstackCOMRAM 000001
?i2___lwdiv                                     cstackCOMRAM 000001
?i2___xxtofl                                    cstackCOMRAM 000008
?i2_fabsf                                       cstackCOMRAM 000001
?i2_hallRead                                    cstackCOMRAM 00000D
?i2_nanf                                        cstackCOMRAM 000001
?i2_powf                                        cstackBANK0  000084
?i2_scalbnf                                     cstackCOMRAM 00003F
?i2_sqrtf                                       cstackCOMRAM 000053
?i2_t_update                                    cstackCOMRAM 000053
?i2_windSpeedCalc                               cstackBANK0  000095
EUSART1_Read@readValue                          cstackCOMRAM 000001
EUSART1_SetErrorHandler@interruptHandler        cstackBANK2  000200
EUSART1_SetFramingErrorHandler@interruptHandler cstackBANK2  000200
EUSART1_SetOverrunErrorHandler@interruptHandler cstackBANK2  000200
EUSART1_SetRxInterruptHandler@interruptHandler  cstackBANK2  000200
EUSART1_SetTxInterruptHandler@interruptHandler  cstackBANK2  000200
EUSART1_Write@txData                            cstackBANK2  000200
I2C1_CallbackReturnReset@funPtr                 cstackCOMRAM 00000A
I2C1_Close@returnValue                          cstackBANK2  000200
I2C1_MasterOperation@read                       cstackBANK2  000200
I2C1_MasterOperation@returnValue                cstackBANK2  000201
I2C1_MasterSendTxData@data                      cstackCOMRAM 000001
I2C1_Open@address                               cstackBANK2  000202
I2C1_Open@returnValue                           cstackBANK2  000203
I2C1_Read1ByteRegister@address                  cstackBANK2  00020A
I2C1_Read1ByteRegister@reg                      cstackBANK2  000209
I2C1_Read1ByteRegister@returnValue              cstackBANK2  00020B
I2C1_SetAddressNackCallback@cb                  cstackBANK2  000205
I2C1_SetAddressNackCallback@ptr                 cstackBANK2  000207
I2C1_SetBuffer@buffer                           cstackBANK2  000200
I2C1_SetBuffer@bufferSize                       cstackBANK2  000202
I2C1_SetCallback@cb                             cstackBANK2  000200
I2C1_SetCallback@idx                            cstackBANK2  000204
I2C1_SetCallback@ptr                            cstackBANK2  000202
I2C1_SetDataCompleteCallback@cb                 cstackBANK2  000205
I2C1_SetDataCompleteCallback@ptr                cstackBANK2  000207
I2C1_SetInterruptHandler@InterruptHandler       cstackBANK2  000200
I2C1_Write1ByteRegister@address                 cstackBANK2  00020B
I2C1_Write1ByteRegister@data                    cstackBANK2  00020A
I2C1_Write1ByteRegister@reg                     cstackBANK2  000209
IOCAF0_SetInterruptHandler@InterruptHandler     cstackBANK2  000200
TMR2_SetInterruptHandler@InterruptHandler       cstackBANK2  000200
TMR3_SetInterruptHandler@InterruptHandler       cstackBANK2  000200
TMR3_WriteTimer@timerVal                        cstackCOMRAM 000001
_ANSELA                                         (abs)        000F11
_ANSELB                                         (abs)        000F19
_ANSELC                                         (abs)        000F21
_BAUD1CON                                       (abs)        000F9F
_EUSART1_DefaultErrorHandler                    text126      00C586
_EUSART1_DefaultFramingErrorHandler             text125      00C5EA
_EUSART1_DefaultOverrunErrorHandler             text124      00C580
_EUSART1_ErrorHandler                           nvBANK1      0001CC
_EUSART1_FramingErrorHandler                    nvBANK1      0001D0
_EUSART1_Initialize                             text81       00ADA8
_EUSART1_OverrunErrorHandler                    nvBANK1      0001CE
_EUSART1_Read                                   text128      00B6E8
_EUSART1_Receive_ISR                            text121      00A83E
_EUSART1_RxDataHandler                          text127      00BF5A
_EUSART1_RxDefaultInterruptHandler              nvBANK0      0000F5
_EUSART1_SetErrorHandler                        text85       00C4E2
_EUSART1_SetFramingErrorHandler                 text84       00C4D8
_EUSART1_SetOverrunErrorHandler                 text83       00C4CE
_EUSART1_SetRxInterruptHandler                  text91       00C50A
_EUSART1_SetTxInterruptHandler                  text82       00C4C4
_EUSART1_Transmit_ISR                           text191      00BA22
_EUSART1_TxDefaultInterruptHandler              nvBANK0      0000F7
_EUSART1_Write                                  text39       00B52A
_EUSART1_is_rx_ready                            text123      00C394
_EUSART1_is_tx_ready                            text92       00C34C
_I2C1_CallbackReturnReset                       text179      00C5D6
_I2C1_CallbackReturnStop                        text180      00C5DA
_I2C1_Close                                     text69       00BEA2
_I2C1_DO_ADDRESS_NACK                           text156      00B4C4
_I2C1_DO_IDLE                                   text170      00C4AE
_I2C1_DO_RCEN                                   text165      00C4A2
_I2C1_DO_RESET                                  text157      00C496
_I2C1_DO_RX                                     text166      00ABCC
_I2C1_DO_RX_ACK                                 text160      00C53E
_I2C1_DO_RX_NACK_RESTART                        text158      00C52E
_I2C1_DO_RX_NACK_STOP                           text159      00C536
_I2C1_DO_SEND_ADR_READ                          text169      00C45E
_I2C1_DO_SEND_ADR_WRITE                         text168      00C44E
_I2C1_DO_SEND_RESTART                           text162      00C54E
_I2C1_DO_SEND_RESTART_READ                      text164      00C55E
_I2C1_DO_SEND_RESTART_WRITE                     text163      00C556
_I2C1_DO_SEND_STOP                              text161      00C546
_I2C1_DO_TX                                     text167      00A904
_I2C1_DO_TX_EMPTY                               text171      00B0B2
_I2C1_Initialize                                text80       00C3C0
_I2C1_MasterClearIrq                            text72       00C57A
_I2C1_MasterClose                               text71       00C5BA
_I2C1_MasterDisableIrq                          text70       00C574
_I2C1_MasterEnableIrq                           text65       00C56E
_I2C1_MasterEnableRestart                       text190      00C5E2
_I2C1_MasterFsm                                 text154      00B37E
_I2C1_MasterGetRxData                           text176      00C5CE
_I2C1_MasterIsNack                              text173      00C3D4
_I2C1_MasterIsr                                 text153      00C598
_I2C1_MasterOpen                                text64       00C1E8
_I2C1_MasterOperation                           text67       00B82C
_I2C1_MasterSendAck                             text175      00C5AA
_I2C1_MasterSendNack                            text177      00C5B0
_I2C1_MasterSendTxData                          text174      00C566
_I2C1_MasterSetIrq                              text172      00C5A4
_I2C1_MasterStart                               text68       00C5B6
_I2C1_MasterStartRx                             text178      00C5D2
_I2C1_MasterStop                                text189      00C5DE
_I2C1_MasterWrite                               text66       00C51E
_I2C1_Open                                      text62       00AB24
_I2C1_Read1ByteRegister                         text48       00AF34
_I2C1_SetAddressNackCallback                    text60       00C31C
_I2C1_SetBuffer                                 text59       00C17E
_I2C1_SetCallback                               text61       00AFB6
_I2C1_SetDataCompleteCallback                   text58       00C304
_I2C1_SetInterruptHandler                       text63       00C4BA
_I2C1_Status                                    bssBANK0     0000BB
_I2C1_Write1ByteRegister                        text57       00B1A8
_INLVLA                                         (abs)        000F0D
_INLVLB                                         (abs)        000F15
_INLVLC                                         (abs)        000F1D
_INLVLE                                         (abs)        000F2A
_INTCONbits                                     (abs)        000FF2
_INTERRUPT_Initialize                           text79       00C5BE
_INTERRUPT_InterruptManager                     intcode      000008
_IOCAF0_DefaultInterruptHandler                 text131      00C5EC
_IOCAF0_ISR                                     text130      00BE40
_IOCAF0_InterruptHandler                        nvBANK0      0000F9
_IOCAF0_SetInterruptHandler                     text90       00C500
_IOCAFbits                                      (abs)        000F0A
_IOCANbits                                      (abs)        000F0B
_IOCAPbits                                      (abs)        000F0C
_Interrupt_Handler_Initialize                   text87       00B5E4
_LATA                                           (abs)        000F83
_LATAbits                                       (abs)        000F83
_LATB                                           (abs)        000F84
_LATBbits                                       (abs)        000F84
_LATC                                           (abs)        000F85
_MSSP1_InterruptHandler                         bssBANK0     0000ED
_ODCONA                                         (abs)        000F0F
_ODCONB                                         (abs)        000F17
_ODCONBbits                                     (abs)        000F17
_ODCONC                                         (abs)        000F1F
_OSCCON1                                        (abs)        000ED8
_OSCCON3                                        (abs)        000EDA
_OSCEN                                          (abs)        000EDC
_OSCFRQ                                         (abs)        000EDE
_OSCILLATOR_Initialize                          text78       00C334
_OSCTUNE                                        (abs)        000EDD
_PIE0bits                                       (abs)        000EC2
_PIE3bits                                       (abs)        000EC5
_PIE4bits                                       (abs)        000EC6
_PIN_MANAGER_IOC                                text129      00C3AA
_PIN_MANAGER_Initialize                         text77       00AE2E
_PIR0bits                                       (abs)        000ECA
_PIR3bits                                       (abs)        000ECD
_PIR4bits                                       (abs)        000ECE
_PMD0                                           (abs)        000EE1
_PMD1                                           (abs)        000EE2
_PMD2                                           (abs)        000EE3
_PMD3                                           (abs)        000EE4
_PMD4                                           (abs)        000EE5
_PMD5                                           (abs)        000EE6
_PMD_Initialize                                 text76       00C2CC
_PORTAbits                                      (abs)        000F8D
_PR2                                            (abs)        000FBC
_RC1REG                                         (abs)        000F99
_RC1STA                                         (abs)        000F9D
_RC1STAbits                                     (abs)        000F9D
_RC3PPS                                         (abs)        000EFA
_RC4PPS                                         (abs)        000EFB
_RC6PPS                                         (abs)        000EFD
_RX1PPS                                         (abs)        000EB5
_Read_EUSART1_Buffer                            text86       00C5C2
_Rx1_ISR                                        text122      00B950
_SLRCONA                                        (abs)        000F0E
_SLRCONB                                        (abs)        000F16
_SLRCONC                                        (abs)        000F1E
_SP1BRGH                                        (abs)        000F9C
_SP1BRGL                                        (abs)        000F9B
_SSP1ADD                                        (abs)        000F93
_SSP1BUF                                        (abs)        000F92
_SSP1CLKPPS                                     (abs)        000EB7
_SSP1CON1                                       (abs)        000F96
_SSP1CON1bits                                   (abs)        000F96
_SSP1CON2                                       (abs)        000F97
_SSP1CON2bits                                   (abs)        000F97
_SSP1DATPPS                                     (abs)        000EB8
_SSP1STAT                                       (abs)        000F95
_SSP1STATbits                                   (abs)        000F95
_SYSTEM_Initialize                              text73       00C20A
_T2CLKCON                                       (abs)        000FBF
_T2CON                                          (abs)        000FBD
_T2CONbits                                      (abs)        000FBD
_T2HLT                                          (abs)        000FBE
_T2HLTbits                                      (abs)        000FBE
_T2PR                                           (abs)        000FBC
_T2RST                                          (abs)        000FC0
_T2RSTbits                                      (abs)        000FC0
_T2TMR                                          (abs)        000FBB
_T3CLK                                          (abs)        000FCC
_T3CON                                          (abs)        000FC9
_T3CONbits                                      (abs)        000FC9
_T3GATE                                         (abs)        000FCB
_T3GCON                                         (abs)        000FCA
_T3GCONbits                                     (abs)        000FCA
_TMR2                                           (abs)        000FBB
_TMR2_DefaultInterruptHandler                   text119      00C5E8
_TMR2_ISR                                       text118      00BE0E
_TMR2_Initialize                                text75       00BF00
_TMR2_InterruptHandler                          nvBANK0      0000F3
_TMR2_SetInterruptHandler                       text89       00C4F6
_TMR3H                                          (abs)        000FC8
_TMR3L                                          (abs)        000FC7
_TMR3_DefaultInterruptHandler                   text95       00C5E6
_TMR3_ISR                                       text94       00BCF4
_TMR3_Initialize                                text74       00B7DE
_TMR3_InterruptHandler                          nvBANK0      0000EF
_TMR3_SetInterruptHandler                       text88       00C4EC
_TMR3_WriteTimer                                text117      00C132
_TRISA                                          (abs)        000F88
_TRISB                                          (abs)        000F89
_TRISC                                          (abs)        000F8A
_TX1REG                                         (abs)        000F9A
_TX1STA                                         (abs)        000F9E
_TX1STAbits                                     (abs)        000F9E
_WPUA                                           (abs)        000F10
_WPUB                                           (abs)        000F18
_WPUC                                           (abs)        000F20
_WPUE                                           (abs)        000F2D
__HRAM                                          (abs)        000000
__Habs1                                         abs1         000000
__Hbank0                                        bank0        000000
__Hbank1                                        bank1        000000
__Hbank10                                       bank10       000000
__Hbank11                                       bank11       000000
__Hbank12                                       bank12       000000
__Hbank13                                       bank13       000000
__Hbank14                                       bank14       000000
__Hbank2                                        bank2        000000
__Hbank3                                        bank3        000000
__Hbank4                                        bank4        000000
__Hbank5                                        bank5        000000
__Hbank6                                        bank6        000000
__Hbank7                                        bank7        000000
__Hbank8                                        bank8        000000
__Hbank9                                        bank9        000000
__Hbigbss                                       bigbss       000000
__Hbigdata                                      bigdata      000000
__Hbigram                                       bigram       000000
__Hbigsfr                                       bigsfr       000000
__Hbss                                          bss          000000
__HbssBANK0                                     bssBANK0     000000
__HbssBANK1                                     bssBANK1     000000
__HbssBANK2                                     bssBANK2     000000
__HbssBANK4                                     bssBANK4     000000
__HbssCOMRAM                                    bssCOMRAM    000000
__Hcinit                                        cinit        000000
__Hclrtext                                      clrtext      000000
__Hcomram                                       comram       000000
__Hconfig                                       config       30000C
__Hconst                                        const        000000
__HcstackBANK0                                  cstackBANK0  000000
__HcstackBANK1                                  cstackBANK1  000000
__HcstackBANK2                                  cstackBANK2  000000
__HcstackBANK3                                  cstackBANK3  000000
__HcstackCOMRAM                                 cstackCOMRAM 000000
__Hdata                                         data         000000
__Heeprom_data                                  eeprom_data  000000
__Hfarbss                                       farbss       000000
__Hfardata                                      fardata      000000
__Hheap                                         heap         000000
__Hibigdata                                     ibigdata     000000
__Hidata                                        idata        000000
__Hidloc                                        idloc        200010
__Hifardata                                     ifardata     000000
__Hinit                                         init         0001AC
__Hintcode                                      intcode      0001A8
__Hintcode_body                                 intcode_body 000000
__Hintcodelo                                    intcodelo    0001A8
__Hintentry                                     intentry     000000
__Hintret                                       intret       000000
__Hintsave_regs                                 intsave_regs 000000
__Hirdata                                       irdata       000000
__Hmediumconst                                  mediumconst  010000
__HnvBANK0                                      nvBANK0      000000
__HnvBANK1                                      nvBANK1      000000
__HnvBANK2                                      nvBANK2      000000
__HnvBANK3                                      nvBANK3      000000
__HnvFARRAM                                     nvFARRAM     000000
__Hnvbit                                        nvbit        000000
__Hnvrram                                       nvrram       000000
__Hparam                                        rparam       000000
__Hpowerup                                      powerup      0001A8
__Hram                                          ram          000000
__Hramtop                                       ramtop       000F00
__Hrbit                                         rbit         000000
__Hrbss                                         rbss         000000
__Hrdata                                        rdata        000000
__Hreset_vec                                    reset_vec    000004
__Hrparam                                       rparam       000000
__Hsfr                                          sfr          000000
__Hsmallconst                                   smallconst   000000
__Hspace_0                                      (abs)        010000
__Hspace_1                                      (abs)        000450
__Hspace_2                                      (abs)        000000
__Hspace_4                                      (abs)        60000C
__Hstack                                        stack        000000
__Hstruct                                       struct       000000
__Htemp                                         temp         000060
__Htext                                         text         000000
__Htext0                                        text0        000000
__Htext1                                        text1        000000
__Htext10                                       text10       000000
__Htext100                                      text100      000000
__Htext101                                      text101      000000
__Htext102                                      text102      000000
__Htext103                                      text103      000000
__Htext104                                      text104      000000
__Htext105                                      text105      000000
__Htext106                                      text106      000000
__Htext107                                      text107      000000
__Htext108                                      text108      000000
__Htext109                                      text109      000000
__Htext11                                       text11       000000
__Htext110                                      text110      000000
__Htext111                                      text111      000000
__Htext112                                      text112      000000
__Htext113                                      text113      000000
__Htext114                                      text114      000000
__Htext115                                      text115      000000
__Htext116                                      text116      000000
__Htext117                                      text117      000000
__Htext118                                      text118      000000
__Htext119                                      text119      000000
__Htext12                                       text12       000000
__Htext120                                      text120      000000
__Htext121                                      text121      000000
__Htext122                                      text122      000000
__Htext123                                      text123      000000
__Htext124                                      text124      000000
__Htext125                                      text125      000000
__Htext126                                      text126      000000
__Htext127                                      text127      000000
__Htext128                                      text128      000000
__Htext129                                      text129      000000
__Htext13                                       text13       000000
__Htext130                                      text130      000000
__Htext131                                      text131      000000
__Htext132                                      text132      000000
__Htext133                                      text133      000000
__Htext134                                      text134      000000
__Htext135                                      text135      000000
__Htext136                                      text136      000000
__Htext137                                      text137      000000
__Htext138                                      text138      000000
__Htext139                                      text139      000000
__Htext14                                       text14       000000
__Htext140                                      text140      000000
__Htext141                                      text141      000000
__Htext142                                      text142      000000
__Htext143                                      text143      000000
__Htext144                                      text144      000000
__Htext145                                      text145      000000
__Htext146                                      text146      000000
__Htext147                                      text147      000000
__Htext148                                      text148      000000
__Htext149                                      text149      000000
__Htext15                                       text15       000000
__Htext150                                      text150      000000
__Htext151                                      text151      000000
__Htext152                                      text152      000000
__Htext153                                      text153      000000
__Htext154                                      text154      000000
__Htext155                                      text155      000000
__Htext156                                      text156      000000
__Htext157                                      text157      000000
__Htext158                                      text158      000000
__Htext159                                      text159      000000
__Htext16                                       text16       000000
__Htext160                                      text160      000000
__Htext161                                      text161      000000
__Htext162                                      text162      000000
__Htext163                                      text163      000000
__Htext164                                      text164      000000
__Htext165                                      text165      000000
__Htext166                                      text166      000000
__Htext167                                      text167      000000
__Htext168                                      text168      000000
__Htext169                                      text169      000000
__Htext17                                       text17       000000
__Htext170                                      text170      000000
__Htext171                                      text171      000000
__Htext172                                      text172      000000
__Htext173                                      text173      000000
__Htext174                                      text174      000000
__Htext175                                      text175      000000
__Htext176                                      text176      000000
__Htext177                                      text177      000000
__Htext178                                      text178      000000
__Htext179                                      text179      000000
__Htext18                                       text18       000000
__Htext180                                      text180      000000
__Htext181                                      text181      000000
__Htext182                                      text182      000000
__Htext183                                      text183      000000
__Htext184                                      text184      000000
__Htext185                                      text185      000000
__Htext186                                      text186      000000
__Htext187                                      text187      000000
__Htext188                                      text188      000000
__Htext189                                      text189      000000
__Htext19                                       text19       000000
__Htext190                                      text190      000000
__Htext191                                      text191      000000
__Htext192                                      text192      000000
__Htext2                                        text2        000000
__Htext20                                       text20       000000
__Htext21                                       text21       000000
__Htext22                                       text22       000000
__Htext23                                       text23       000000
__Htext24                                       text24       000000
__Htext25                                       text25       000000
__Htext26                                       text26       000000
__Htext27                                       text27       000000
__Htext28                                       text28       000000
__Htext29                                       text29       000000
__Htext3                                        text3        000000
__Htext30                                       text30       000000
__Htext31                                       text31       000000
__Htext32                                       text32       000000
__Htext33                                       text33       000000
__Htext34                                       text34       000000
__Htext35                                       text35       000000
__Htext36                                       text36       000000
__Htext37                                       text37       000000
__Htext38                                       text38       000000
__Htext39                                       text39       000000
__Htext4                                        text4        000000
__Htext40                                       text40       000000
__Htext41                                       text41       000000
__Htext42                                       text42       000000
__Htext43                                       text43       000000
__Htext44                                       text44       000000
__Htext45                                       text45       000000
__Htext46                                       text46       000000
__Htext47                                       text47       000000
__Htext48                                       text48       000000
__Htext49                                       text49       000000
__Htext5                                        text5        000000
__Htext50                                       text50       000000
__Htext51                                       text51       000000
__Htext52                                       text52       000000
__Htext53                                       text53       000000
__Htext54                                       text54       000000
__Htext55                                       text55       000000
__Htext56                                       text56       000000
__Htext57                                       text57       000000
__Htext58                                       text58       000000
__Htext59                                       text59       000000
__Htext6                                        text6        000000
__Htext60                                       text60       000000
__Htext61                                       text61       000000
__Htext62                                       text62       000000
__Htext63                                       text63       000000
__Htext64                                       text64       000000
__Htext65                                       text65       000000
__Htext66                                       text66       000000
__Htext67                                       text67       000000
__Htext68                                       text68       000000
__Htext69                                       text69       000000
__Htext7                                        text7        000000
__Htext70                                       text70       000000
__Htext71                                       text71       000000
__Htext72                                       text72       000000
__Htext73                                       text73       000000
__Htext74                                       text74       000000
__Htext75                                       text75       000000
__Htext76                                       text76       000000
__Htext77                                       text77       000000
__Htext78                                       text78       000000
__Htext79                                       text79       000000
__Htext8                                        text8        000000
__Htext80                                       text80       000000
__Htext81                                       text81       000000
__Htext82                                       text82       000000
__Htext83                                       text83       000000
__Htext84                                       text84       000000
__Htext85                                       text85       000000
__Htext86                                       text86       000000
__Htext87                                       text87       000000
__Htext88                                       text88       000000
__Htext89                                       text89       000000
__Htext9                                        text9        000000
__Htext90                                       text90       000000
__Htext91                                       text91       000000
__Htext92                                       text92       000000
__Htext94                                       text94       000000
__Htext95                                       text95       000000
__Htext96                                       text96       000000
__Htext97                                       text97       000000
[...]
sqrtf@x                                         cstackBANK2  000252
sqrtf@z                                         cstackBANK2  00026F
stackhi                                         (abs)        000000
stacklo                                         (abs)        000000
start                                           init         0001A8
start_initialization                            cinit        00BC34
strcpy@d                                        cstackBANK2  000206
strcpy@dest                                     cstackBANK2  000200
strcpy@s                                        cstackBANK2  000204
strcpy@src                                      cstackBANK2  000202
ttemp5                                          temp         000060
ttemp6                                          temp         000063
ttemp7                                          temp         000067
utoa@d                                          cstackBANK2  00021F
utoa@fp                                         cstackBANK2  00021D
utoa@i                                          cstackBANK2  00023B
utoa@n                                          cstackBANK2  000233
utoa@p                                          cstackBANK2  000231
utoa@w                                          cstackBANK2  00022F
vfpfcnvrt@ap                                    cstackBANK2  0002AC
vfpfcnvrt@c                                     cstackBANK2  0002B2
vfpfcnvrt@convarg                               cstackBANK2  0002B3
vfpfcnvrt@cp                                    cstackBANK2  0002BB
vfpfcnvrt@fmt                                   cstackBANK2  0002AA
vfpfcnvrt@fp                                    cstackBANK2  0002A8
vfprintf@ap                                     cstackBANK2  0002C1
vfprintf@cfmt                                   cstackBANK2  0002C3
vfprintf@fmt                                    cstackBANK2  0002BF
vfprintf@fp                                     cstackBANK2  0002BD
windSpeedCalc@dw_dt                             cstackBANK2  000298
windSpeedCalc@linearVel                         cstackBANK2  00029C
windSpeedCalc@power                             cstackBANK2  000294
windSpeedCalc@time                              cstackBANK2  000290
wr1RegCompleteHandler@ptr                       cstackCOMRAM 00000A
wr2RegCompleteHandler@ptr                       cstackCOMRAM 00000A
wtemp8                                          temp         000060


MODULE INFORMATION

Module		Function		Class		Link	Load	Size
C:\Program Files\Microchip\xc8\v2.40\pic\sources\c99\common\sprcmul.c
		___flmul       		CODE           	7972	0000	1068

C:\Program Files\Microchip\xc8\v2.40\pic\sources\c99\common\sprcmul.c estimated size: 1068

C:\Program Files\Microchip\xc8\v2.40\pic\sources\c99\common\nf_fputc.c
		_fputc         		CODE           	AD10	0000	152

C:\Program Files\Microchip\xc8\v2.40\pic\sources\c99\common\nf_fputc.c estimated size: 152

C:\Program Files\Microchip\xc8\v2.40\pic\sources\c99\common\sprcdiv.c
		___fldiv       		CODE           	81C8	0000	924

C:\Program Files\Microchip\xc8\v2.40\pic\sources\c99\common\sprcdiv.c estimated size: 924

mcc_generated_files/examples/i2c1_master_example.c
		_wr1RegCompleteHandler		CODE           	BFDE	0000	44
		_wr2RegCompleteHandler		CODE           	C062	0000	44
		_I2C1_Write1ByteRegister		CODE           	B1A8	0000	120
		_rdBlkRegCompleteHandler		CODE           	BCB4	0000	64
		_rd1RegCompleteHandler		CODE           	C036	0000	44
		_rd2RegCompleteHandler		CODE           	C00A	0000	44
		_I2C1_Read1ByteRegister		CODE           	AF34	0000	130

mcc_generated_files/examples/i2c1_master_example.c estimated size: 490

C:\Program Files\Microchip\xc8\v2.40\pic\sources\c99\common\sqrtf.c
		_sqrtf         		CODE           	6B32	0000	1216

C:\Program Files\Microchip\xc8\v2.40\pic\sources\c99\common\sqrtf.c estimated size: 1216

C:\Program Files\Microchip\xc8\v2.40\pic\sources\c99\common\lwdiv.c
		___lwdiv       		CODE           	B220	0000	118

C:\Program Files\Microchip\xc8\v2.40\pic\sources\c99\common\lwdiv.c estimated size: 118

C:\Program Files\Microchip\xc8\v2.40\pic\sources\c99\common\memcpy.c
		_memcpy        		CODE           	B73C	0000	82

C:\Program Files\Microchip\xc8\v2.40\pic\sources\c99\common\memcpy.c estimated size: 82

C:\Program Files\Microchip\xc8\v2.40\pic\sources\c99\common\fltol.c
		___fltol       		CODE           	A162	0000	264

C:\Program Files\Microchip\xc8\v2.40\pic\sources\c99\common\fltol.c estimated size: 264

C:\Program Files\Microchip\xc8\v2.40\pic\sources\c99\common\scalbnf.c
		_scalbnf       		CODE           	8E64	0000	574

C:\Program Files\Microchip\xc8\v2.40\pic\sources\c99\common\scalbnf.c estimated size: 574

C:\Program Files\Microchip\xc8\v2.40\pic\sources\c99\common\isspace.c
		_isspace       		CODE           	B908	0000	72

C:\Program Files\Microchip\xc8\v2.40\pic\sources\c99\common\isspace.c estimated size: 72

C:\Program Files\Microchip\xc8\v2.40\pic\sources\c99\common\atoi.c
		_atoi          		CODE           	A00A	0000	344

C:\Program Files\Microchip\xc8\v2.40\pic\sources\c99\common\atoi.c estimated size: 344

mcc_generated_files/i2c1_master.c
		_I2C1_DO_SEND_RESTART		CODE           	C54E	0000	8
		_I2C1_DO_TX_EMPTY		CODE           	B0B2	0000	124
		_I2C1_DO_SEND_RESTART_READ		CODE           	C55E	0000	8
		_I2C1_CallbackReturnStop		CODE           	C5DA	0000	4
		_I2C1_DO_RX    		CODE           	ABCC	0000	166
		_I2C1_DO_TX    		CODE           	A904	0000	196
		_I2C1_SetAddressNackCallback		CODE           	C31C	0000	24
		_I2C1_DO_IDLE  		CODE           	C4AE	0000	12
		_I2C1_MasterOpen		CODE           	C1E8	0000	34
		_I2C1_DO_RCEN  		CODE           	C4A2	0000	12
		_I2C1_MasterSendTxData		CODE           	C566	0000	8
		_I2C1_MasterStop		CODE           	C5DE	0000	4
		_I2C1_CallbackReturnReset		CODE           	C5D6	0000	4
		_I2C1_DO_RESET 		CODE           	C496	0000	12
		_I2C1_MasterStartRx		CODE           	C5D2	0000	4
		_I2C1_DO_RX_ACK		CODE           	C53E	0000	8
		_I2C1_MasterSendNack		CODE           	C5B0	0000	6
		_I2C1_DO_RX_NACK_RESTART		CODE           	C52E	0000	8
		_I2C1_MasterDisableIrq		CODE           	C574	0000	6
		_I2C1_MasterOperation		CODE           	B82C	0000	76
		_I2C1_SetCallback		CODE           	AFB6	0000	126
		_I2C1_MasterEnableRestart		CODE           	C5E2	0000	4
		_I2C1_Open     		CODE           	AB24	0000	168
		_I2C1_DO_ADDRESS_NACK		CODE           	B4C4	0000	102
		_I2C1_SetBuffer		CODE           	C17E	0000	36
		_I2C1_DO_SEND_RESTART_WRITE		CODE           	C556	0000	8
		_I2C1_MasterClose		CODE           	C5BA	0000	4
		_I2C1_MasterWrite		CODE           	C51E	0000	8
		_I2C1_Initialize		CODE           	C3C0	0000	20
		_I2C1_Close    		CODE           	BEA2	0000	48
		_I2C1_MasterIsNack		CODE           	C3D4	0000	20
		_I2C1_MasterStart		CODE           	C5B6	0000	4
		_I2C1_DO_SEND_ADR_WRITE		CODE           	C44E	0000	16
		_I2C1_MasterClearIrq		CODE           	C57A	0000	6
		_I2C1_SetDataCompleteCallback		CODE           	C304	0000	24
		_I2C1_DO_SEND_STOP		CODE           	C546	0000	8
		_I2C1_MasterSendAck		CODE           	C5AA	0000	6
		_I2C1_MasterFsm		CODE           	B37E	0000	112
		_I2C1_MasterIsr		CODE           	C598	0000	6
		_I2C1_MasterGetRxData		CODE           	C5CE	0000	4
		_I2C1_SetInterruptHandler		CODE           	C4BA	0000	10
		_I2C1_MasterSetIrq		CODE           	C5A4	0000	6
		_I2C1_DO_SEND_ADR_READ		CODE           	C45E	0000	16
		_I2C1_MasterEnableIrq		CODE           	C56E	0000	6
		_I2C1_DO_RX_NACK_STOP		CODE           	C536	0000	8

mcc_generated_files/i2c1_master.c estimated size: 1500

C:\Program Files\Microchip\xc8\v2.40\pic\sources\c99\common\Umul16.c
		___wmul        		CODE           	C10A	0000	40

C:\Program Files\Microchip\xc8\v2.40\pic\sources\c99\common\Umul16.c estimated size: 40

C:\Program Files\Microchip\xc8\v2.40\pic\sources\c99\common\fleq.c
		___fleq        		CODE           	AA78	0000	172

C:\Program Files\Microchip\xc8\v2.40\pic\sources\c99\common\fleq.c estimated size: 172

mcc_generated_files/tmr2.c
		_TMR2_ISR      		CODE           	BE0E	0000	50
		_TMR2_Initialize		CODE           	BF00	0000	46
		_TMR2_SetInterruptHandler		CODE           	C4F6	0000	10
		_TMR2_DefaultInterruptHandler		CODE           	C5E8	0000	2

mcc_generated_files/tmr2.c estimated size: 108

mcc_generated_files/interrupt_manager.c
		_INTERRUPT_Initialize		CODE           	C5BE	0000	4
		_INTERRUPT_InterruptManager		CODE           	0008	0000	416

mcc_generated_files/interrupt_manager.c estimated size: 420

C:\Program Files\Microchip\xc8\v2.40\pic\sources\c99\common\abs.c
		_abs           		CODE           	BAA8	0000	66

C:\Program Files\Microchip\xc8\v2.40\pic\sources\c99\common\abs.c estimated size: 66

C:\Program Files\Microchip\xc8\v2.40\pic\sources\c99\common\printf.c
		_printf        		CODE           	C0E2	0000	40

C:\Program Files\Microchip\xc8\v2.40\pic\sources\c99\common\printf.c estimated size: 40

C:\Program Files\Microchip\xc8\v2.40\pic\sources\c99\common\__fpclassifyf.c
		___fpclassifyf 		CODE           	A57A	0000	256

C:\Program Files\Microchip\xc8\v2.40\pic\sources\c99\common\__fpclassifyf.c estimated size: 256

mcc_generated_files/pin_manager.c
		_PIN_MANAGER_Initialize		CODE           	AE2E	0000	132
		_IOCAF0_SetInterruptHandler		CODE           	C500	0000	10
		_PIN_MANAGER_IOC		CODE           	C3AA	0000	22
		_IOCAF0_DefaultInterruptHandler		CODE           	C5EC	0000	2
		_IOCAF0_ISR    		CODE           	BE40	0000	50

mcc_generated_files/pin_manager.c estimated size: 216

C:\Program Files\Microchip\xc8\v2.40\pic\sources\c99\common\isdigit.c
		_isdigit       		CODE           	BED2	0000	46

C:\Program Files\Microchip\xc8\v2.40\pic\sources\c99\common\isdigit.c estimated size: 46

interrupt_handler.c
		_Rx1_ISR       		CODE           	B950	0000	72
		_t_update      		CODE           	AEB2	0000	130
		_button_override		CODE           	C290	0000	30
		_Interrupt_Handler_Initialize		CODE           	B5E4	0000	90
		_Read_EUSART1_Buffer		CODE           	C5C2	0000	4
		_internal_clock		CODE           	C0B8	0000	42
		_sensor_read   		CODE           	B58A	0000	90

interrupt_handler.c estimated size: 458

C:\Program Files\Microchip\xc8\v2.40\pic\sources\c99\common\sprcadd.c
		___flsub       		CODE           	B878	0000	72
		___fladd       		CODE           	6670	0000	1218

C:\Program Files\Microchip\xc8\v2.40\pic\sources\c99\common\sprcadd.c estimated size: 1290

C:\Program Files\Microchip\xc8\v2.40\pic\sources\c99\common\floorf.c
		_floorf        		CODE           	92D6	0000	534

C:\Program Files\Microchip\xc8\v2.40\pic\sources\c99\common\floorf.c estimated size: 534

C:\Program Files\Microchip\xc8\v2.40\pic\sources\c99\common\powf.c
		_powf          		CODE           	01AC	0000	10912

C:\Program Files\Microchip\xc8\v2.40\pic\sources\c99\common\powf.c estimated size: 10912

C:\Program Files\Microchip\xc8\v2.40\pic\sources\c99\common\flneg.c
		___flneg       		CODE           	BD32	0000	58

C:\Program Files\Microchip\xc8\v2.40\pic\sources\c99\common\flneg.c estimated size: 58

C:\Program Files\Microchip\xc8\v2.40\pic\sources\c99\common\fabsf.c
		_fabsf         		CODE           	BDA4	0000	54

C:\Program Files\Microchip\xc8\v2.40\pic\sources\c99\common\fabsf.c estimated size: 54

C:\Program Files\Microchip\xc8\v2.40\pic\sources\c99\common\labs.c
		_labs          		CODE           	B45C	0000	104

C:\Program Files\Microchip\xc8\v2.40\pic\sources\c99\common\labs.c estimated size: 104

C:\Program Files\Microchip\xc8\v2.40\pic\sources\c99\common\xxtofl.c
		___xxtofl      		CODE           	96B2	0000	440

C:\Program Files\Microchip\xc8\v2.40\pic\sources\c99\common\xxtofl.c estimated size: 440

C:\Program Files\Microchip\xc8\v2.40\pic\sources\c99\common\nf_fputs.c
		_fputs         		CODE           	B8C0	0000	72

C:\Program Files\Microchip\xc8\v2.40\pic\sources\c99\common\nf_fputs.c estimated size: 72

C:\Program Files\Microchip\xc8\v2.40\pic\sources\c99\common\lomod.c
		___lomod       		CODE           	A76C	0000	210

C:\Program Files\Microchip\xc8\v2.40\pic\sources\c99\common\lomod.c estimated size: 210

C:\Program Files\Microchip\xc8\v2.40\pic\sources\c99\common\aomod.c
		___aomod       		CODE           	9EA4	0000	358

C:\Program Files\Microchip\xc8\v2.40\pic\sources\c99\common\aomod.c estimated size: 358

shared
		i2_I2C1_MasterDisableIrq		CODE           	C592	0000	6
		i2_fabsf       		CODE           	BDDA	0000	52
		_L5            		MEDIUMCONST    	0000	0000	0
		_P3            		MEDIUMCONST    	0000	0000	0
		i2_I2C1_SetBuffer		CODE           	C1A2	0000	36
		_L6            		MEDIUMCONST    	0000	0000	0
		_P4            		MEDIUMCONST    	0000	0000	0
		i2_sqrtf       		CODE           	6FF2	0000	1216
		_P5            		MEDIUMCONST    	0000	0000	0
		i2_tempRead    		CODE           	C48A	0000	12
		i2_I2C1_MasterOpen		CODE           	C24E	0000	34
		i2_solTrigger  		CODE           	C2AE	0000	30
		i2_I2C1_MasterOperation		CODE           	BC74	0000	64
		i2_I2C1_SetInterruptHandler		CODE           	C514	0000	10
		i2___lwdiv     		CODE           	B296	0000	116
		i2_I2C1_SetCallback		CODE           	B12E	0000	122
		i2_sensor_read 		CODE           	B78E	0000	80
		i2_t_update    		CODE           	B034	0000	126
		i2_umbStow     		CODE           	BBB0	0000	66
		i2___flneg     		CODE           	BD6C	0000	56
		_lg2_l         		MEDIUMCONST    	0000	0000	0
		i2___fladd     		CODE           	74B2	0000	1216
		i2_actionTrigger		CODE           	BF86	0000	44
		i2_I2C1_MasterEnableIrq		CODE           	C58C	0000	6
		i2_I2C1_MasterClose		CODE           	C5CA	0000	4
		_ivln2_l       		MEDIUMCONST    	0000	0000	0
		i2_scalbnf     		CODE           	90A2	0000	564
		i2_I2C1_MasterWrite		CODE           	C526	0000	8
		_ivln2         		MEDIUMCONST    	0000	0000	0
		i2___fldiv     		CODE           	8564	0000	924
		i2___fltol     		CODE           	A370	0000	262
		i2_I2C1_Write1ByteRegister		CODE           	B3EE	0000	110
		__initialization		CODE           	BC34	0000	54
		i2_motorOFF    		CODE           	C42E	0000	16
		i2_motorFWD    		CODE           	C43E	0000	16
		i2_motorRVR    		CODE           	C41E	0000	16
		i2___flge      		CODE           	A476	0000	260
		_bp            		MEDIUMCONST    	FF15	0000	8
		_cp            		MEDIUMCONST    	0000	0000	0
		_cp_h          		MEDIUMCONST    	0000	0000	0
		_dp_h          		MEDIUMCONST    	FEB5	0000	8
		_lg2           		MEDIUMCONST    	0000	0000	0
		_tiny@sqrtf$F3458		MEDIUMCONST    	0000	0000	0
		i2_powf        		CODE           	2C4C	0000	10820
		i2___flmul     		CODE           	7D9E	0000	1066
		_lg2_h         		MEDIUMCONST    	0000	0000	0
		_i2c1_fsmStateTable		MEDIUMCONST    	FE8D	0000	32
		_ivln2_h       		MEDIUMCONST    	0000	0000	0
		i2_I2C1_Read1ByteRegister		CODE           	B30A	0000	116
		i2_hallRead    		CODE           	C08E	0000	42
		i2_I2C1_MasterStart		CODE           	C5C6	0000	4
		i2___xxtofl    		CODE           	986A	0000	436
		_tiny          		MEDIUMCONST    	0000	0000	0
		i2_hallRecord  		CODE           	BB6E	0000	66
		i2___flsub     		CODE           	B998	0000	70
		i2_nanf        		CODE           	C22C	0000	34
		_ovt           		MEDIUMCONST    	0000	0000	0
		i2_windSpeedCalc		CODE           	9D2C	0000	376
		_huge          		MEDIUMCONST    	0000	0000	0
		i2_I2C1_MasterClearIrq		CODE           	C59E	0000	6
		i2_motorController		CODE           	C2E8	0000	28
		i2_umbDeploy   		CODE           	BBF2	0000	66
		_two24         		MEDIUMCONST    	0000	0000	0
		i2_I2C1_SetDataCompleteCallback		CODE           	C37C	0000	24
		i2_I2C1_Open   		CODE           	AC72	0000	158
		_cp_l          		MEDIUMCONST    	0000	0000	0
		_dp_l          		MEDIUMCONST    	FEAD	0000	8
		_L1            		MEDIUMCONST    	0000	0000	0
		i2_I2C1_Close  		CODE           	BFB2	0000	44
		_L2            		MEDIUMCONST    	0000	0000	0
		i2_I2C1_SetAddressNackCallback		CODE           	C364	0000	24
		_L3            		MEDIUMCONST    	0000	0000	0
		_P1            		MEDIUMCONST    	0000	0000	0
		_L4            		MEDIUMCONST    	0000	0000	0
		_P2            		MEDIUMCONST    	0000	0000	0

shared estimated size: 18962

mcc_generated_files/eusart1.c
		_EUSART1_SetRxInterruptHandler		CODE           	C50A	0000	10
		_EUSART1_SetTxInterruptHandler		CODE           	C4C4	0000	10
		_EUSART1_is_rx_ready		CODE           	C394	0000	22
		_EUSART1_is_tx_ready		CODE           	C34C	0000	24
		_EUSART1_Initialize		CODE           	ADA8	0000	134
		_putch         		CODE           	C47C	0000	14
		_EUSART1_DefaultErrorHandler		CODE           	C586	0000	6
		_EUSART1_SetFramingErrorHandler		CODE           	C4D8	0000	10
		_EUSART1_Read  		CODE           	B6E8	0000	84
		_EUSART1_SetOverrunErrorHandler		CODE           	C4CE	0000	10
		_EUSART1_SetErrorHandler		CODE           	C4E2	0000	10
		_EUSART1_Write 		CODE           	B52A	0000	96
		_EUSART1_Receive_ISR		CODE           	A83E	0000	198
		_EUSART1_RxDataHandler		CODE           	BF5A	0000	44
		_EUSART1_DefaultOverrunErrorHandler		CODE           	C580	0000	6
		_EUSART1_Transmit_ISR		CODE           	BA22	0000	68
		_EUSART1_DefaultFramingErrorHandler		CODE           	C5EA	0000	2

mcc_generated_files/eusart1.c estimated size: 748

C:\Program Files\Microchip\xc8\v2.40\pic\sources\c99\common\strcpy.c
		_strcpy        		CODE           	B9DE	0000	68

C:\Program Files\Microchip\xc8\v2.40\pic\sources\c99\common\strcpy.c estimated size: 68

mcc_generated_files/mcc.c
		_PMD_Initialize		CODE           	C2CC	0000	28
		_OSCILLATOR_Initialize		CODE           	C334	0000	24
		_SYSTEM_Initialize		CODE           	C20A	0000	34

mcc_generated_files/mcc.c estimated size: 86

C:\Program Files\Microchip\xc8\v2.40\pic\sources\c99\common\flge.c
		___flge        		CODE           	A26A	0000	262

C:\Program Files\Microchip\xc8\v2.40\pic\sources\c99\common\flge.c estimated size: 262

mcc_generated_files/tmr3.c
		_TMR3_ISR      		CODE           	BCF4	0000	62
		_TMR3_Initialize		CODE           	B7DE	0000	78
		_TMR3_SetInterruptHandler		CODE           	C4EC	0000	10
		_TMR3_DefaultInterruptHandler		CODE           	C5E6	0000	2
		_TMR3_WriteTimer		CODE           	C132	0000	40

mcc_generated_files/tmr3.c estimated size: 192

hall_effect.c
		_hallRecord    		CODE           	BA66	0000	66
		_windSpeedCalc 		CODE           	9BA8	0000	388
		_hallRead      		CODE           	BE72	0000	48

hall_effect.c estimated size: 502

C:\Program Files\Microchip\xc8\v2.40\pic\sources\c99\common\doprnt.c
		_vfpfcnvrt     		CODE           	60B8	0000	1464
		_efgtoa        		CODE           	5690	0000	2600
		_pad           		CODE           	A9C8	0000	176
		_dtoa          		CODE           	8BE2	0000	642
		_vfprintf      		CODE           	B694	0000	84
		_utoa          		CODE           	94EC	0000	454

C:\Program Files\Microchip\xc8\v2.40\pic\sources\c99\common\doprnt.c estimated size: 5420

motor_control.c
		_umbStow       		CODE           	BAEA	0000	66
		_motorOFF      		CODE           	C3FA	0000	18
		_actionTrigger 		CODE           	BF2E	0000	44
		_motorRVR      		CODE           	C3E8	0000	18
		_solTrigger    		CODE           	C1C6	0000	34
		_motorFWD      		CODE           	C40C	0000	18
		_motorController		CODE           	C270	0000	32
		_motorFaultRead		CODE           	B63E	0000	86
		_umbDeploy     		CODE           	BB2C	0000	66

motor_control.c estimated size: 382

main.c
		_main          		CODE           	8900	0000	738

main.c estimated size: 738

temp_sensor.c
		_tempRead      		CODE           	C46E	0000	14

temp_sensor.c estimated size: 14

C:\Program Files\Microchip\xc8\v2.40\pic\sources\c99\common\lodiv.c
		___lodiv       		CODE           	A67A	0000	242

C:\Program Files\Microchip\xc8\v2.40\pic\sources\c99\common\lodiv.c estimated size: 242

C:\Program Files\Microchip\xc8\v2.40\pic\sources\c99\common\aodiv.c
		___aodiv       		CODE           	9A1E	0000	394

C:\Program Files\Microchip\xc8\v2.40\pic\sources\c99\common\aodiv.c estimated size: 394

C:\Program Files\Microchip\xc8\v2.40\pic\sources\c99\common\nanf.c
		_nanf          		CODE           	C15A	0000	36

C:\Program Files\Microchip\xc8\v2.40\pic\sources\c99\common\nanf.c estimated size: 36

