Microchip MPLAB XC8 Compiler V2.40

Linker command line:

-W-3 \
  --edf=C:/Users/DJMik/.mchp_packs/Microchip/PIC18F-K_DFP/1.8.249/xc8\pic\dat\20230209213641_en.msgs \
  -cn -h+dist/default/production\Team205_FinalBoard.X.production.sym \
  --cmf=dist/default/production\Team205_FinalBoard.X.production.cmf -z \
  -Q18LF26K40 -oC:\Users\DJMik\AppData\Local\Temp\xcAsf5s.4 \
  --defsym=__MPLAB_BUILD=1 --fixupoverflow=error \
  -Mdist/default/production/Team205_FinalBoard.X.production.map \
  --md=C:\Users\DJMik\AppData\Local\Temp\xcAsf5s.dat -E1 -ver=XC8 Compiler \
  --acfsm=1493 -ACODE=00h-0FFFFh -ACONST=00h-0FFFFh \
  -ASMALLCONST=0F00h-0FFFhx241 -AMEDIUMCONST=0F00h-0FFFFh -ACOMRAM=01h-05Fh \
  -AABS1=00h-0E87h -ABIGRAM=01h-0E87h \
  -ARAM=060h-0FFh,0100h-01FFhx13,0E00h-0E87h -ABANK0=060h-0FFh \
  -ABANK1=0100h-01FFh -ABANK2=0200h-02FFh -ABANK3=0300h-03FFh \
  -ABANK4=0400h-04FFh -ABANK5=0500h-05FFh -ABANK6=0600h-06FFh \
  -ABANK7=0700h-07FFh -ABANK8=0800h-08FFh -ABANK9=0900h-09FFh \
  -ABANK10=0A00h-0AFFh -ABANK11=0B00h-0BFFh -ABANK12=0C00h-0CFFh \
  -ABANK13=0D00h-0DFFh -ABANK14=0E00h-0E87h \
  -ASFR=0E8Dh-0EFFh,0F00h-0F5Fh,0F60h-0FFFh -ABIGSFR=0E8Dh-0FFFh \
  -ACONFIG=0300000h-030000Bh -AIDLOC=0200000h-020000Fh \
  -AEEDATA=0310000h-03103FFh -peeprom_data=EEDATA \
  -preset_vec=00h,intcode=08h,intcodelo,powerup,init -pramtop=0F00h \
  -psmallconst=SMALLCONST -pmediumconst=MEDIUMCONST -pconst=CONST \
  -AFARRAM=00h-00h \
  -prdata=COMRAM,nvrram=COMRAM,nvbit=COMRAM,rbss=COMRAM,rbit=COMRAM \
  -pfarbss=FARRAM,fardata=FARRAM,nvFARRAM=FARRAM \
  -pintsave_regs=BIGRAM,bigbss=BIGRAM,bigdata=BIGRAM -pbss=RAM \
  -pidata=CODE,irdata=CODE,ibigdata=CODE,ifardata=CODE -prparam=COMRAM \
  C:\Users\DJMik\AppData\Local\Temp\xcAsf5s.o \
  dist/default/production\Team205_FinalBoard.X.production.o 

Object code version is 3.11

Machine type is 18LF26K40



                Name                               Link     Load   Length Selector   Space Scale
C:\Users\DJMik\AppData\Local\Temp\xcAsf5s.o
                idloc                            200000   200000       10        0       5
                config                           300000   300000        C        0       4
                init                                182      182        4        4       0
                reset_vec                             0        0        4        0       0
dist/default/production\Team205_FinalBoard.X.production.o
                intcode                               8        8      17A        4       0
                idloc                            200000   200000       10        0       5
                config                           300000   300000        C        0       4
                temp                                 4E       4E        1        1       1
                smallconst                          F00      F00       B2      780       0
                text137                            8228     8228       42      7D9       0
                text136                            8928     8928        4      7D9       0
                text135                            8924     8924        4      7D9       0
                text134                            866E     866E       24      7D9       0
                text133                            7CFE     7CFE       7A      7D9       0
                text132                            8758     8758       18      7D9       0
                text131                            8556     8556       2C      7D9       0
                text130                            852A     852A       2C      7D9       0
                text129                            84FE     84FE       2C      7D9       0
                text128                            84D2     84D2       2C      7D9       0
                text127                            826A     826A       40      7D9       0
                text126                            8920     8920        4      7D9       0
                text125                            891C     891C        4      7D9       0
                text124                            8918     8918        4      7D9       0
                text123                            88FA     88FA        6      7D9       0
                text122                            8914     8914        4      7D9       0
                text121                            88F4     88F4        6      7D9       0
                text120                            88B0     88B0        8      7D9       0
                text119                            87B0     87B0       14      7D9       0
                text118                            88EE     88EE        6      7D9       0
                text117                            7C08     7C08       7C      7D9       0
                text116                            880A     880A        C      7D9       0
                text115                            87D4     87D4       10      7D9       0
                text114                            87C4     87C4       10      7D9       0
                text113                            739C     739C       C4      7D9       0
                text112                            7724     7724       A6      7D9       0
                text111                            87FE     87FE        C      7D9       0
                text110                            88A8     88A8        8      7D9       0
                text109                            88A0     88A0        8      7D9       0
                text108                            8898     8898        8      7D9       0
                text107                            8890     8890        8      7D9       0
                text106                            8888     8888        8      7D9       0
                text105                            8880     8880        8      7D9       0
                text104                            8878     8878        8      7D9       0
                text103                            87F2     87F2        C      7D9       0
                text102                            7EC6     7EC6       66      7D9       0
                text101                            88E8     88E8        6      7D9       0
                text100                            7DEE     7DEE       70      7D9       0
                text99                             88E2     88E2        6      7D9       0
                text98                             802C     802C       52      7D9       0
                text97                             85AC     85AC       2A      7D9       0
                text96                             88DC     88DC        6      7D9       0
                text95                             8930     8930        2      7D9       0
                text94                             88D6     88D6        6      7D9       0
                text93                             8786     8786       16      7D9       0
                text92                             49B8     49B8      4C0      7D9       0
                text91                             5760     5760      42A      7D9       0
                text90                             6D00     6D00      14C      7D9       0
                text89                             7460     7460       BC      7D9       0
                text88                             85FE     85FE       28      7D9       0
                text87                             892E     892E        2      7D9       0
                text86                             8388     8388       32      7D9       0
                text85                             892C     892C        2      7D9       0
                text84                             8356     8356       32      7D9       0
                text82                             86D6     86D6       1E      7D9       0
                text81                             8866     8866        A      7D9       0
                text80                             885C     885C        A      7D9       0
                text79                             8852     8852        A      7D9       0
                text78                             8848     8848        A      7D9       0
                text77                             883E     883E        A      7D9       0
                text76                             7902     7902       84      7D9       0
                text75                             879C     879C       14      7D9       0
                text74                             8910     8910        4      7D9       0
                text73                             8740     8740       18      7D9       0
                text72                             8834     8834        A      7D9       0
                text71                             7A8A     7A8A       82      7D9       0
                text70                             86F4     86F4       1C      7D9       0
                text69                             882A     882A        A      7D9       0
                text68                             84A4     84A4       2E      7D9       0
                text67                             8820     8820        A      7D9       0
                text66                             8476     8476       2E      7D9       0
                text65                             86B4     86B4       22      7D9       0
                text64                             890C     890C        4      7D9       0
                text63                             88D0     88D0        6      7D9       0
                text62                             8908     8908        4      7D9       0
                text61                             88CA     88CA        6      7D9       0
                text60                             88C4     88C4        6      7D9       0
                text59                             8904     8904        4      7D9       0
                text58                             88BE     88BE        6      7D9       0
                text57                             83EA     83EA       30      7D9       0
                text56                             8900     8900        4      7D9       0
                text55                             807E     807E       4C      7D9       0
                text54                             8870     8870        8      7D9       0
                text53                             88B8     88B8        6      7D9       0
                text52                             8692     8692       22      7D9       0
                text51                             8816     8816        A      7D9       0
                text50                             767C     767C       A8      7D9       0
                text49                             7B8A     7B8A       7E      7D9       0
                text48                             8728     8728       18      7D9       0
                text47                             864A     864A       24      7D9       0
                text46                             8710     8710       18      7D9       0
                text45                             7A08     7A08       82      7D9       0
                text44                             83BA     83BA       30      7D9       0
                text43                             8770     8770       16      7D9       0
                text42                             85D6     85D6       28      7D9       0
                text41                             8448     8448       2E      7D9       0
                text40                             815A     815A       48      7D9       0
                text39                             6BA8     6BA8      158      7D9       0
                text38                             7F2C     7F2C       5A      7D9       0
                text37                             87E4     87E4        E      7D9       0
                text36                             786A     786A       98      7D9       0
                text35                             77CA     77CA       A0      7D9       0
                text34                             5B8A     5B8A      39C      7D9       0
                text33                             75D0     75D0       AC      7D9       0
                text32                             7196     7196      106      7D9       0
                text31                             5334     5334      42C      7D9       0
                text30                             82E6     82E6       3A      7D9       0
                text29                             44F6     44F6      4C2      7D9       0
                text28                             8112     8112       48      7D9       0
                text27                             6F88     6F88      108      7D9       0
                text26                             729C     729C      100      7D9       0
                text25                             64FE     64FE      216      7D9       0
                text24                             7E5E     7E5E       68      7D9       0
                text23                             7FDA     7FDA       52      7D9       0
                text22                             80CA     80CA       48      7D9       0
                text21                             7B0C     7B0C       7E      7D9       0
                text20                             81A2     81A2       44      7D9       0
                text19                             3A4E     3A4E      AA8      7D9       0
                text18                             5F26     5F26      39A      7D9       0
                text17                             7F86     7F86       54      7D9       0
                text16                             8582     8582       2A      7D9       0
                text15                             6714     6714      1B8      7D9       0
                text14                             7986     7986       82      7D9       0
                text13                             6A50     6A50      158      7D9       0
                text12                             751C     751C       B4      7D9       0
                text11                             6E4C     6E4C      13C      7D9       0
                text10                             7D78     7D78       76      7D9       0
                text9                              81E6     81E6       42      7D9       0
                text8                              8320     8320       36      7D9       0
                text7                              62C0     62C0      23E      7D9       0
                text6                              8626     8626       24      7D9       0
                text5                              4E78     4E78      4BC      7D9       0
                text4                               FB2      FB2     2A9C      7D9       0
                text3                              68CC     68CC      184      7D9       0
                text2                              7C84     7C84       7A      7D9       0
                text1                              82AA     82AA       3C      7D9       0
                text0                              7090     7090      106      7D9       0
                cstackCOMRAM                          1        1       29        1       1
                cstackBANK0                          60       60       9A       60       1
                cstackBANK1                         100      100       BC      100       1
                cstackBANK2                         284      284       14      200       1
                bssBANK2                            200      200       84      200       1
                bssBANK1                            1BC      1BC       36      100       1
                bssCOMRAM                            2A       2A       23        1       1
                cinit                              841A     841A       2E      7D9       0
                nvBANK2                             298      298        A      200       1
                nvBANK1                             1F2      1F2        D      100       1
                nvCOMRAM                             4D       4D        1        1       1

TOTAL           Name                               Link     Load   Length     Space
        CLASS   CODE           
                intcode                               8        8      17A         0
                init                                182      182        4         0
                reset_vec                             0        0        4         0
                text137                            8228     8228       42         0
                text136                            8928     8928        4         0
                text135                            8924     8924        4         0
                text134                            866E     866E       24         0
                text133                            7CFE     7CFE       7A         0
                text132                            8758     8758       18         0
                text131                            8556     8556       2C         0
                text130                            852A     852A       2C         0
                text129                            84FE     84FE       2C         0
                text128                            84D2     84D2       2C         0
                text127                            826A     826A       40         0
                text126                            8920     8920        4         0
                text125                            891C     891C        4         0
                text124                            8918     8918        4         0
                text123                            88FA     88FA        6         0
                text122                            8914     8914        4         0
                text121                            88F4     88F4        6         0
                text120                            88B0     88B0        8         0
                text119                            87B0     87B0       14         0
                text118                            88EE     88EE        6         0
                text117                            7C08     7C08       7C         0
                text116                            880A     880A        C         0
                text115                            87D4     87D4       10         0
                text114                            87C4     87C4       10         0
                text113                            739C     739C       C4         0
                text112                            7724     7724       A6         0
                text111                            87FE     87FE        C         0
                text110                            88A8     88A8        8         0
                text109                            88A0     88A0        8         0
                text108                            8898     8898        8         0
                text107                            8890     8890        8         0
                text106                            8888     8888        8         0
                text105                            8880     8880        8         0
                text104                            8878     8878        8         0
                text103                            87F2     87F2        C         0
                text102                            7EC6     7EC6       66         0
                text101                            88E8     88E8        6         0
                text100                            7DEE     7DEE       70         0
                text99                             88E2     88E2        6         0
                text98                             802C     802C       52         0
                text97                             85AC     85AC       2A         0
                text96                             88DC     88DC        6         0
                text95                             8930     8930        2         0
                text94                             88D6     88D6        6         0
                text93                             8786     8786       16         0
                text92                             49B8     49B8      4C0         0
                text91                             5760     5760      42A         0
                text90                             6D00     6D00      14C         0
                text89                             7460     7460       BC         0
                text88                             85FE     85FE       28         0
                text87                             892E     892E        2         0
                text86                             8388     8388       32         0
                text85                             892C     892C        2         0
                text84                             8356     8356       32         0
                text82                             86D6     86D6       1E         0
                text81                             8866     8866        A         0
                text80                             885C     885C        A         0
                text79                             8852     8852        A         0
                text78                             8848     8848        A         0
                text77                             883E     883E        A         0
                text76                             7902     7902       84         0
                text75                             879C     879C       14         0
                text74                             8910     8910        4         0
                text73                             8740     8740       18         0
                text72                             8834     8834        A         0
                text71                             7A8A     7A8A       82         0
                text70                             86F4     86F4       1C         0
                text69                             882A     882A        A         0
                text68                             84A4     84A4       2E         0
                text67                             8820     8820        A         0
                text66                             8476     8476       2E         0
                text65                             86B4     86B4       22         0
                text64                             890C     890C        4         0
                text63                             88D0     88D0        6         0
                text62                             8908     8908        4         0
                text61                             88CA     88CA        6         0
                text60                             88C4     88C4        6         0
                text59                             8904     8904        4         0
                text58                             88BE     88BE        6         0
                text57                             83EA     83EA       30         0
                text56                             8900     8900        4         0
                text55                             807E     807E       4C         0
                text54                             8870     8870        8         0
                text53                             88B8     88B8        6         0
                text52                             8692     8692       22         0
                text51                             8816     8816        A         0
                text50                             767C     767C       A8         0
                text49                             7B8A     7B8A       7E         0
                text48                             8728     8728       18         0
                text47                             864A     864A       24         0
                text46                             8710     8710       18         0
                text45                             7A08     7A08       82         0
                text44                             83BA     83BA       30         0
                text43                             8770     8770       16         0
                text42                             85D6     85D6       28         0
                text41                             8448     8448       2E         0
                text40                             815A     815A       48         0
                text39                             6BA8     6BA8      158         0
                text38                             7F2C     7F2C       5A         0
                text37                             87E4     87E4        E         0
                text36                             786A     786A       98         0
                text35                             77CA     77CA       A0         0
                text34                             5B8A     5B8A      39C         0
                text33                             75D0     75D0       AC         0
                text32                             7196     7196      106         0
                text31                             5334     5334      42C         0
                text30                             82E6     82E6       3A         0
                text29                             44F6     44F6      4C2         0
                text28                             8112     8112       48         0
                text27                             6F88     6F88      108         0
                text26                             729C     729C      100         0
                text25                             64FE     64FE      216         0
                text24                             7E5E     7E5E       68         0
                text23                             7FDA     7FDA       52         0
                text22                             80CA     80CA       48         0
                text21                             7B0C     7B0C       7E         0
                text20                             81A2     81A2       44         0
                text19                             3A4E     3A4E      AA8         0
                text18                             5F26     5F26      39A         0
                text17                             7F86     7F86       54         0
                text16                             8582     8582       2A         0
                text15                             6714     6714      1B8         0
                text14                             7986     7986       82         0
                text13                             6A50     6A50      158         0
                text12                             751C     751C       B4         0
                text11                             6E4C     6E4C      13C         0
                text10                             7D78     7D78       76         0
                text9                              81E6     81E6       42         0
                text8                              8320     8320       36         0
                text7                              62C0     62C0      23E         0
                text6                              8626     8626       24         0
                text5                              4E78     4E78      4BC         0
                text4                               FB2      FB2     2A9C         0
                text3                              68CC     68CC      184         0
                text2                              7C84     7C84       7A         0
                text1                              82AA     82AA       3C         0
                text0                              7090     7090      106         0
                cinit                              841A     841A       2E         0

        CLASS   CONST          

        CLASS   SMALLCONST     
                smallconst                          F00      F00       B2         0

        CLASS   MEDIUMCONST    

        CLASS   COMRAM         
                temp                                 4E       4E        1         1
                cstackCOMRAM                          1        1       29         1
                bssCOMRAM                            2A       2A       23         1
                nvCOMRAM                             4D       4D        1         1

        CLASS   ABS1           

        CLASS   BIGRAM         

        CLASS   RAM            

        CLASS   BANK0          
                cstackBANK0                          60       60       9A         1

        CLASS   BANK1          
                cstackBANK1                         100      100       BC         1
                bssBANK1                            1BC      1BC       36         1
                nvBANK1                             1F2      1F2        D         1

        CLASS   BANK2          
                cstackBANK2                         284      284       14         1
                bssBANK2                            200      200       84         1
                nvBANK2                             298      298        A         1

        CLASS   BANK3          

        CLASS   BANK4          

        CLASS   BANK5          

        CLASS   BANK6          

        CLASS   BANK7          

        CLASS   BANK8          

        CLASS   BANK9          

        CLASS   BANK10         

        CLASS   BANK11         

        CLASS   BANK12         

        CLASS   BANK13         

        CLASS   BANK14         

        CLASS   SFR            

        CLASS   BIGSFR         

        CLASS   CONFIG         
                config                           300000   300000        C         4

        CLASS   IDLOC          
                idloc                            200000   200000       10         5

        CLASS   EEDATA         

        CLASS   FARRAM         

        CLASS   HEAP           

        CLASS   STACK          



SEGMENTS        Name                           Load    Length   Top    Selector   Space  Class

                reset_vec                      000000  000004  000004         0       0  CODE    
                cstackCOMRAM                   000001  00004E  00004F         1       1  COMRAM  
                intcode                        000008  00017E  000186         4       0  CODE    
                cstackBANK0                    000060  00009A  0000FA        60       1  BANK0   
                cstackBANK1                    000100  0000FF  0001FF       100       1  BANK1   
                bssBANK2                       000200  0000A2  0002A2       200       1  BANK2   
                smallconst                     000F00  0000B2  000FB2       780       0  SMALLCON
                text4                          000FB2  007980  008932       7D9       0  CODE    


UNUSED ADDRESS RANGES

        Name                Unused          Largest block    Delta
        BANK0            0000FA-0000FF                6
        BANK1            0001FF-0001FF                1
        BANK10           000A00-000AFF              100
        BANK11           000B00-000BFF              100
        BANK12           000C00-000CFF              100
        BANK13           000D00-000DFF              100
        BANK14           000E00-000E87               88
        BANK2            0002A2-0002FF               5E
        BANK3            000300-0003FF              100
        BANK4            000400-0004FF              100
        BANK5            000500-0005FF              100
        BANK6            000600-0006FF              100
        BANK7            000700-0007FF              100
        BANK8            000800-0008FF              100
        BANK9            000900-0009FF              100
        BIGRAM           00004F-00005F               11
                         0000FA-0000FF                6
                         0001FF-0001FF                1
                         0002A2-000E87              BE6
        BIGSFR           000E8D-000FFF              173
        CODE             000004-000007                4
                         000186-000EFF              D7A
                         008932-00FFFF             76CE
        COMRAM           00004F-00005F               11
        CONST            000004-000007                4
                         000186-000EFF              D7A
                         008932-00FFFF             76CE
        EEDATA           310000-3103FF              400
        MEDIUMCONST      008932-00FFFF             76CE
        RAM              0000FA-0000FF                6
                         0001FF-0001FF                1
                         0002A2-000E87              100
        SFR              000E8D-000FFF               73
        SMALLCONST       008932-00FFFF              100

                                  Symbol Table

?___fladd                                       cstackBANK0  000075
?___fldiv                                       cstackBANK0  0000A6
?___flmul                                       cstackBANK0  000085
?___flneg                                       cstackBANK0  000060
?___flsub                                       cstackBANK0  00009E
?___fltol                                       cstackBANK0  0000A4
?___fpclassifyf                                 cstackBANK0  000060
?___lwdiv                                       cstackBANK0  000060
?___wmul                                        cstackBANK0  000060
?___xxtofl                                      cstackBANK0  000067
?_atoi                                          cstackBANK0  000066
?_fabsf                                         cstackBANK0  000060
?_floorf                                        cstackBANK0  0000BF
?_hallRead                                      cstackBANK0  00006C
?_isdigit                                       cstackBANK0  000060
?_isspace                                       cstackBANK0  000060
?_labs                                          cstackBANK0  000060
?_nanf                                          cstackBANK0  000060
?_powf                                          cstackBANK0  0000DF
?_printf                                        cstackBANK1  000132
?_scalbnf                                       cstackBANK0  00009E
?_sqrtf                                         cstackBANK0  0000B2
?_t_update                                      cstackBANK0  0000BF
?_tempRead                                      cstackBANK0  00009E
?_vfprintf                                      cstackBANK1  00012C
?_windSpeedCalc                                 cstackBANK0  0000F0
?i2___fladd                                     cstackCOMRAM 00001A
?i2___flmul                                     cstackCOMRAM 000001
EUSART1_Read@readValue                          cstackCOMRAM 000001
EUSART1_SetErrorHandler@interruptHandler        cstackBANK0  000060
EUSART1_SetFramingErrorHandler@interruptHandler cstackBANK0  000060
EUSART1_SetOverrunErrorHandler@interruptHandler cstackBANK0  000060
EUSART1_SetRxInterruptHandler@interruptHandler  cstackBANK0  000060
EUSART1_SetTxInterruptHandler@interruptHandler  cstackBANK0  000060
EUSART1_Write@txData                            cstackBANK0  000060
I2C1_CallbackReturnReset@funPtr                 cstackCOMRAM 00000A
I2C1_Close@returnValue                          cstackBANK0  000060
I2C1_MasterOperation@read                       cstackBANK0  000060
I2C1_MasterOperation@returnValue                cstackBANK0  000061
I2C1_MasterSendTxData@data                      cstackCOMRAM 000001
I2C1_Open@address                               cstackBANK0  000062
I2C1_Open@returnValue                           cstackBANK0  000063
I2C1_Read1ByteRegister@address                  cstackBANK0  00006A
I2C1_Read1ByteRegister@reg                      cstackBANK0  000069
I2C1_Read1ByteRegister@returnValue              cstackBANK0  00006B
I2C1_SetAddressNackCallback@cb                  cstackBANK0  000065
I2C1_SetAddressNackCallback@ptr                 cstackBANK0  000067
I2C1_SetBuffer@buffer                           cstackBANK0  000060
I2C1_SetBuffer@bufferSize                       cstackBANK0  000062
I2C1_SetCallback@cb                             cstackBANK0  000060
I2C1_SetCallback@idx                            cstackBANK0  000064
I2C1_SetCallback@ptr                            cstackBANK0  000062
I2C1_SetDataCompleteCallback@cb                 cstackBANK0  000065
I2C1_SetDataCompleteCallback@ptr                cstackBANK0  000067
I2C1_SetInterruptHandler@InterruptHandler       cstackBANK0  000060
IOCAF0_SetInterruptHandler@InterruptHandler     cstackBANK0  000060
TMR2_SetInterruptHandler@InterruptHandler       cstackBANK0  000060
TMR4_SetInterruptHandler@InterruptHandler       cstackBANK0  000060
_ANSELA                                         (abs)        000F11
_ANSELB                                         (abs)        000F19
_ANSELC                                         (abs)        000F21
_BAUD1CON                                       (abs)        000F9F
_EUSART1_DefaultErrorHandler                    text96       0088DC
_EUSART1_DefaultFramingErrorHandler             text95       008930
_EUSART1_DefaultOverrunErrorHandler             text94       0088D6
_EUSART1_ErrorHandler                           nvBANK2      00029A
_EUSART1_FramingErrorHandler                    nvBANK2      00029E
_EUSART1_Initialize                             text76       007902
_EUSART1_OverrunErrorHandler                    nvBANK2      00029C
_EUSART1_Read                                   text98       00802C
_EUSART1_Receive_ISR                            text89       007460
_EUSART1_RxDataHandler                          text97       0085AC
_EUSART1_RxDefaultInterruptHandler              nvBANK2      0002A0
_EUSART1_SetErrorHandler                        text81       008866
_EUSART1_SetFramingErrorHandler                 text80       00885C
_EUSART1_SetOverrunErrorHandler                 text79       008852
_EUSART1_SetRxInterruptHandler                  text78       008848
_EUSART1_SetTxInterruptHandler                  text77       00883E
_EUSART1_Transmit_ISR                           text137      008228
_EUSART1_TxDefaultInterruptHandler              nvBANK1      0001FA
_EUSART1_Write                                  text38       007F2C
_EUSART1_is_rx_ready                            text93       008786
_I2C1_CallbackReturnReset                       text125      00891C
_I2C1_CallbackReturnStop                        text126      008920
_I2C1_Close                                     text57       0083EA
_I2C1_DO_ADDRESS_NACK                           text102      007EC6
_I2C1_DO_IDLE                                   text116      00880A
_I2C1_DO_RCEN                                   text111      0087FE
_I2C1_DO_RESET                                  text103      0087F2
_I2C1_DO_RX                                     text112      007724
_I2C1_DO_RX_ACK                                 text106      008888
_I2C1_DO_RX_NACK_RESTART                        text104      008878
_I2C1_DO_RX_NACK_STOP                           text105      008880
_I2C1_DO_SEND_ADR_READ                          text115      0087D4
_I2C1_DO_SEND_ADR_WRITE                         text114      0087C4
_I2C1_DO_SEND_RESTART                           text108      008898
_I2C1_DO_SEND_RESTART_READ                      text110      0088A8
_I2C1_DO_SEND_RESTART_WRITE                     text109      0088A0
_I2C1_DO_SEND_STOP                              text107      008890
_I2C1_DO_TX                                     text113      00739C
_I2C1_DO_TX_EMPTY                               text117      007C08
_I2C1_Initialize                                text75       00879C
_I2C1_MasterClearIrq                            text60       0088C4
_I2C1_MasterClose                               text59       008904
_I2C1_MasterDisableIrq                          text58       0088BE
_I2C1_MasterEnableIrq                           text53       0088B8
_I2C1_MasterEnableRestart                       text136      008928
_I2C1_MasterFsm                                 text100      007DEE
_I2C1_MasterGetRxData                           text122      008914
_I2C1_MasterIsNack                              text119      0087B0
_I2C1_MasterIsr                                 text99       0088E2
_I2C1_MasterOpen                                text52       008692
_I2C1_MasterOperation                           text55       00807E
_I2C1_MasterSendAck                             text121      0088F4
_I2C1_MasterSendNack                            text123      0088FA
_I2C1_MasterSendTxData                          text120      0088B0
_I2C1_MasterSetIrq                              text118      0088EE
_I2C1_MasterStart                               text56       008900
_I2C1_MasterStartRx                             text124      008918
_I2C1_MasterStop                                text135      008924
_I2C1_MasterWrite                               text54       008870
_I2C1_Open                                      text50       00767C
_I2C1_Read1ByteRegister                         text45       007A08
_I2C1_SetAddressNackCallback                    text48       008728
_I2C1_SetBuffer                                 text47       00864A
_I2C1_SetCallback                               text49       007B8A
_I2C1_SetDataCompleteCallback                   text46       008710
_I2C1_SetInterruptHandler                       text51       008816
_I2C1_Status                                    bssBANK1     0001BC
_INLVLA                                         (abs)        000F0D
_INLVLB                                         (abs)        000F15
_INLVLC                                         (abs)        000F1D
_INLVLE                                         (abs)        000F2A
_INTCONbits                                     (abs)        000FF2
_INTERRUPT_Initialize                           text74       008910
_INTERRUPT_InterruptManager                     intcode      000008
_IOCAF0_DefaultInterruptHandler                 (abs)        000000
_IOCAF0_InterruptHandler                        nvBANK1      0001FC
_IOCAF0_SetInterruptHandler                     text72       008834
_IOCAFbits                                      (abs)        000F0A
_IOCANbits                                      (abs)        000F0B
_IOCAPbits                                      (abs)        000F0C
_Interrupt_Handler_Initialize                   text82       0086D6
_LATA                                           (abs)        000F83
_LATAbits                                       (abs)        000F83
_LATB                                           (abs)        000F84
_LATBbits                                       (abs)        000F84
_LATC                                           (abs)        000F85
_LATCbits                                       (abs)        000F85
_MSSP1_InterruptHandler                         bssCOMRAM    000042
_ODCONA                                         (abs)        000F0F
_ODCONB                                         (abs)        000F17
_ODCONBbits                                     (abs)        000F17
_ODCONC                                         (abs)        000F1F
_OSCCON1                                        (abs)        000ED8
_OSCCON3                                        (abs)        000EDA
_OSCEN                                          (abs)        000EDC
_OSCFRQ                                         (abs)        000EDE
_OSCILLATOR_Initialize                          text73       008740
_OSCTUNE                                        (abs)        000EDD
_PIE3bits                                       (abs)        000EC5
_PIE4bits                                       (abs)        000EC6
_PIN_MANAGER_Initialize                         text71       007A8A
_PIR3bits                                       (abs)        000ECD
_PIR4bits                                       (abs)        000ECE
_PMD0                                           (abs)        000EE1
_PMD1                                           (abs)        000EE2
_PMD2                                           (abs)        000EE3
_PMD3                                           (abs)        000EE4
_PMD4                                           (abs)        000EE5
_PMD5                                           (abs)        000EE6
_PMD_Initialize                                 text70       0086F4
_PORTAbits                                      (abs)        000F8D
_PR2                                            (abs)        000FBC
_PR4                                            (abs)        000FB6
_RC1REG                                         (abs)        000F99
_RC1STA                                         (abs)        000F9D
_RC1STAbits                                     (abs)        000F9D
_RC3PPS                                         (abs)        000EFA
_RC4PPS                                         (abs)        000EFB
_RC6PPS                                         (abs)        000EFD
_RX1PPS                                         (abs)        000EB5
_Rx1_ISR                                        text90       006D00
_SLRCONA                                        (abs)        000F0E
_SLRCONB                                        (abs)        000F16
_SLRCONC                                        (abs)        000F1E
_SP1BRGH                                        (abs)        000F9C
_SP1BRGL                                        (abs)        000F9B
_SSP1ADD                                        (abs)        000F93
_SSP1BUF                                        (abs)        000F92
_SSP1CLKPPS                                     (abs)        000EB7
_SSP1CON1                                       (abs)        000F96
_SSP1CON1bits                                   (abs)        000F96
_SSP1CON2                                       (abs)        000F97
_SSP1CON2bits                                   (abs)        000F97
_SSP1DATPPS                                     (abs)        000EB8
_SSP1STAT                                       (abs)        000F95
_SSP1STATbits                                   (abs)        000F95
_SYSTEM_Initialize                              text65       0086B4
_T2CLKCON                                       (abs)        000FBF
_T2CON                                          (abs)        000FBD
_T2CONbits                                      (abs)        000FBD
_T2HLT                                          (abs)        000FBE
_T2HLTbits                                      (abs)        000FBE
_T2PR                                           (abs)        000FBC
_T2RST                                          (abs)        000FC0
_T2RSTbits                                      (abs)        000FC0
_T2TMR                                          (abs)        000FBB
_T4CLKCON                                       (abs)        000FB9
_T4CON                                          (abs)        000FB7
_T4CONbits                                      (abs)        000FB7
_T4HLT                                          (abs)        000FB8
_T4HLTbits                                      (abs)        000FB8
_T4PR                                           (abs)        000FB6
_T4RST                                          (abs)        000FBA
_T4RSTbits                                      (abs)        000FBA
_T4TMR                                          (abs)        000FB5
_TMR2                                           (abs)        000FBB
_TMR2_DefaultInterruptHandler                   text87       00892E
_TMR2_ISR                                       text86       008388
_TMR2_Initialize                                text68       0084A4
_TMR2_InterruptHandler                          nvBANK1      0001F8
_TMR2_SetInterruptHandler                       text69       00882A
_TMR2_Start                                     text64       00890C
_TMR2_StartTimer                                text63       0088D0
_TMR4                                           (abs)        000FB5
_TMR4_DefaultInterruptHandler                   text85       00892C
_TMR4_ISR                                       text84       008356
_TMR4_Initialize                                text66       008476
_TMR4_InterruptHandler                          nvBANK1      0001F6
_TMR4_SetInterruptHandler                       text67       008820
_TMR4_Start                                     text62       008908
_TMR4_StartTimer                                text61       0088CA
_TRISA                                          (abs)        000F88
_TRISB                                          (abs)        000F89
_TRISC                                          (abs)        000F8A
_TX1REG                                         (abs)        000F9A
_TX1STA                                         (abs)        000F9E
_TX1STAbits                                     (abs)        000F9E
_WPUA                                           (abs)        000F10
_WPUB                                           (abs)        000F18
_WPUC                                           (abs)        000F20
_WPUE                                           (abs)        000F2D
__HRAM                                          (abs)        000000
__Habs1                                         abs1         000000
__Hbank0                                        bank0        000000
__Hbank1                                        bank1        000000
__Hbank10                                       bank10       000000
__Hbank11                                       bank11       000000
__Hbank12                                       bank12       000000
__Hbank13                                       bank13       000000
__Hbank14                                       bank14       000000
__Hbank2                                        bank2        000000
__Hbank3                                        bank3        000000
__Hbank4                                        bank4        000000
__Hbank5                                        bank5        000000
__Hbank6                                        bank6        000000
__Hbank7                                        bank7        000000
__Hbank8                                        bank8        000000
__Hbank9                                        bank9        000000
__Hbigbss                                       bigbss       000000
__Hbigdata                                      bigdata      000000
__Hbigram                                       bigram       000000
__Hbigsfr                                       bigsfr       000000
__Hbss                                          bss          000000
__HbssBANK1                                     bssBANK1     000000
__HbssBANK2                                     bssBANK2     000000
__HbssCOMRAM                                    bssCOMRAM    000000
__Hcinit                                        cinit        000000
__Hclrtext                                      clrtext      000000
__Hcomram                                       comram       000000
__Hconfig                                       config       30000C
__Hconst                                        const        000000
__HcstackBANK0                                  cstackBANK0  000000
__HcstackBANK1                                  cstackBANK1  000000
__HcstackBANK2                                  cstackBANK2  000000
__HcstackCOMRAM                                 cstackCOMRAM 000000
__Hdata                                         data         000000
__Heeprom_data                                  eeprom_data  000000
__Hfarbss                                       farbss       000000
__Hfardata                                      fardata      000000
__Hheap                                         heap         000000
__Hibigdata                                     ibigdata     000000
__Hidata                                        idata        000000
__Hidloc                                        idloc        200010
__Hifardata                                     ifardata     000000
__Hinit                                         init         000186
__Hintcode                                      intcode      000182
__Hintcode_body                                 intcode_body 000000
__Hintcodelo                                    intcodelo    000182
__Hintentry                                     intentry     000000
__Hintret                                       intret       000000
__Hintsave_regs                                 intsave_regs 000000
__Hirdata                                       irdata       000000
__Hmediumconst                                  mediumconst  000000
__HnvBANK1                                      nvBANK1      000000
__HnvBANK2                                      nvBANK2      000000
__HnvCOMRAM                                     nvCOMRAM     000000
__HnvFARRAM                                     nvFARRAM     000000
__Hnvbit                                        nvbit        000000
__Hnvrram                                       nvrram       000000
__Hparam                                        rparam       000000
__Hpowerup                                      powerup      000182
__Hram                                          ram          000000
__Hramtop                                       ramtop       000F00
__Hrbit                                         rbit         000000
__Hrbss                                         rbss         000000
__Hrdata                                        rdata        000000
__Hreset_vec                                    reset_vec    000004
__Hrparam                                       rparam       000000
__Hsfr                                          sfr          000000
__Hsmallconst                                   smallconst   000FB2
__Hspace_0                                      (abs)        008932
__Hspace_1                                      (abs)        0002A2
__Hspace_2                                      (abs)        000000
__Hspace_4                                      (abs)        60000C
__Hstack                                        stack        000000
__Hstruct                                       struct       000000
__Htemp                                         temp         00004F
__Htext                                         text         000000
__Htext0                                        text0        000000
__Htext1                                        text1        000000
__Htext10                                       text10       000000
__Htext100                                      text100      000000
__Htext101                                      text101      000000
__Htext102                                      text102      000000
__Htext103                                      text103      000000
__Htext104                                      text104      000000
__Htext105                                      text105      000000
__Htext106                                      text106      000000
__Htext107                                      text107      000000
__Htext108                                      text108      000000
__Htext109                                      text109      000000
__Htext11                                       text11       000000
__Htext110                                      text110      000000
__Htext111                                      text111      000000
__Htext112                                      text112      000000
__Htext113                                      text113      000000
__Htext114                                      text114      000000
__Htext115                                      text115      000000
__Htext116                                      text116      000000
__Htext117                                      text117      000000
__Htext118                                      text118      000000
__Htext119                                      text119      000000
__Htext12                                       text12       000000
__Htext120                                      text120      000000
__Htext121                                      text121      000000
__Htext122                                      text122      000000
__Htext123                                      text123      000000
__Htext124                                      text124      000000
__Htext125                                      text125      000000
__Htext126                                      text126      000000
__Htext127                                      text127      000000
__Htext128                                      text128      000000
__Htext129                                      text129      000000
__Htext13                                       text13       000000
__Htext130                                      text130      000000
__Htext131                                      text131      000000
__Htext132                                      text132      000000
__Htext133                                      text133      000000
__Htext134                                      text134      000000
__Htext135                                      text135      000000
__Htext136                                      text136      000000
__Htext137                                      text137      000000
__Htext138                                      text138      000000
__Htext14                                       text14       000000
__Htext15                                       text15       000000
__Htext16                                       text16       000000
__Htext17                                       text17       000000
__Htext18                                       text18       000000
__Htext19                                       text19       000000
__Htext2                                        text2        000000
__Htext20                                       text20       000000
__Htext21                                       text21       000000
__Htext22                                       text22       000000
__Htext23                                       text23       000000
__Htext24                                       text24       000000
__Htext25                                       text25       000000
__Htext26                                       text26       000000
__Htext27                                       text27       000000
__Htext28                                       text28       000000
__Htext29                                       text29       000000
__Htext3                                        text3        000000
__Htext30                                       text30       000000
__Htext31                                       text31       000000
__Htext32                                       text32       000000
__Htext33                                       text33       000000
__Htext34                                       text34       000000
__Htext35                                       text35       000000
__Htext36                                       text36       000000
__Htext37                                       text37       000000
__Htext38                                       text38       000000
__Htext39                                       text39       000000
__Htext4                                        text4        000000
__Htext40                                       text40       000000
__Htext41                                       text41       000000
__Htext42                                       text42       000000
__Htext43                                       text43       000000
__Htext44                                       text44       000000
__Htext45                                       text45       000000
__Htext46                                       text46       000000
__Htext47                                       text47       000000
__Htext48                                       text48       000000
__Htext49                                       text49       000000
__Htext5                                        text5        000000
__Htext50                                       text50       000000
__Htext51                                       text51       000000
__Htext52                                       text52       000000
__Htext53                                       text53       000000
__Htext54                                       text54       000000
__Htext55                                       text55       000000
__Htext56                                       text56       000000
__Htext57                                       text57       000000
__Htext58                                       text58       000000
__Htext59                                       text59       000000
__Htext6                                        text6        000000
__Htext60                                       text60       000000
__Htext61                                       text61       000000
__Htext62                                       text62       000000
__Htext63                                       text63       000000
__Htext64                                       text64       000000
__Htext65                                       text65       000000
__Htext66                                       text66       000000
__Htext67                                       text67       000000
__Htext68                                       text68       000000
__Htext69                                       text69       000000
__Htext7                                        text7        000000
__Htext70                                       text70       000000
__Htext71                                       text71       000000
__Htext72                                       text72       000000
__Htext73                                       text73       000000
__Htext74                                       text74       000000
__Htext75                                       text75       000000
__Htext76                                       text76       000000
__Htext77                                       text77       000000
__Htext78                                       text78       000000
__Htext79                                       text79       000000
__Htext8                                        text8        000000
__Htext80                                       text80       000000
__Htext81                                       text81       000000
__Htext82                                       text82       000000
__Htext84                                       text84       000000
__Htext85                                       text85       000000
__Htext86                                       text86       000000
__Htext87                                       text87       000000
__Htext88                                       text88       000000
__Htext89                                       text89       000000
__Htext9                                        text9        000000
__Htext90                                       text90       000000
__Htext91                                       text91       000000
__Htext92                                       text92       000000
__Htext93                                       text93       000000
__Htext94                                       text94       000000
__Htext95                                       text95       000000
__Htext96                                       text96       000000
__Htext97                                       text97       000000
__Htext98                                       text98       000000
__Htext99                                       text99       000000
__LRAM                                          (abs)        000001
__Labs1                                         abs1         000000
__Lbank0                                        bank0        000000
__Lbank1                                        bank1        000000
__Lbank10                                       bank10       000000
__Lbank11                                       bank11       000000
__Lbank12                                       bank12       000000
__Lbank13                                       bank13       000000
__Lbank14                                       bank14       000000
__Lbank2                                        bank2        000000
__Lbank3                                        bank3        000000
__Lbank4                                        bank4        000000
__Lbank5                                        bank5        000000
__Lbank6                                        bank6        000000
__Lbank7                                        bank7        000000
__Lbank8                                        bank8        000000
__Lbank9                                        bank9        000000
__Lbigbss                                       bigbss       000000
__Lbigdata                                      bigdata      000000
__Lbigram                                       bigram       000000
__Lbigsfr                                       bigsfr       000000
__Lbss                                          bss          000000
__LbssBANK1                                     bssBANK1     000000
__LbssBANK2                                     bssBANK2     000000
__LbssCOMRAM                                    bssCOMRAM    000000
__Lcinit                                        cinit        000000
__Lclrtext                                      clrtext      000000
__Lcomram                                       comram       000000
__Lconfig                                       config       000000
__Lconst                                        const        000000
__LcstackBANK0                                  cstackBANK0  000000
__LcstackBANK1                                  cstackBANK1  000000
__LcstackBANK2                                  cstackBANK2  000000
__LcstackCOMRAM                                 cstackCOMRAM 000000
__Ldata                                         data         000000
__Leeprom_data                                  eeprom_data  000000
__Lfarbss                                       farbss       000000
__Lfardata                                      fardata      000000
__Lheap                                         heap         000000
__Libigdata                                     ibigdata     000000
__Lidata                                        idata        000000
__Lidloc                                        idloc        000000
__Lifardata                                     ifardata     000000
__Linit                                         init         000182
__Lintcode                                      intcode      000008
__Lintcode_body                                 intcode_body 000000
__Lintcodelo                                    intcodelo    000182
__Lintentry                                     intentry     000000
__Lintret                                       intret       000000
__Lintsave_regs                                 intsave_regs 000000
__Lirdata                                       irdata       000000
__Lmediumconst                                  mediumconst  000000
__LnvBANK1                                      nvBANK1      000000
__LnvBANK2                                      nvBANK2      000000
__LnvCOMRAM                                     nvCOMRAM     000000
__LnvFARRAM                                     nvFARRAM     000000
__Lnvbit                                        nvbit        000000
__Lnvrram                                       nvrram       000000
__Lparam                                        rparam       000000
__Lpowerup                                      powerup      000182
__Lram                                          ram          000000
__Lramtop                                       ramtop       000F00
__Lrbit                                         rbit         000000
__Lrbss                                         rbss         000000
__Lrdata                                        rdata        000000
__Lreset_vec                                    reset_vec    000000
__Lrparam                                       rparam       000000
__Lsfr                                          sfr          000000
__Lsmallconst                                   smallconst   000F00
__Lspace_0                                      (abs)        000000
__Lspace_1                                      (abs)        000000
__Lspace_2                                      (abs)        000000
__Lspace_4                                      (abs)        000000
__Lstack                                        stack        000000
__Lstruct                                       struct       000000
__Ltemp                                         temp         00004E
__Ltext                                         text         000000
__Ltext0                                        text0        000000
__Ltext1                                        text1        000000
__Ltext10                                       text10       000000
__Ltext100                                      text100      000000
__Ltext101                                      text101      000000
__Ltext102                                      text102      000000
__Ltext103                                      text103      000000
__Ltext104                                      text104      000000
__Ltext105                                      text105      000000
__Ltext106                                      text106      000000
__Ltext107                                      text107      000000
__Ltext108                                      text108      000000
__Ltext109                                      text109      000000
__Ltext11                                       text11       000000
__Ltext110                                      text110      000000
__Ltext111                                      text111      000000
__Ltext112                                      text112      000000
__Ltext113                                      text113      000000
__Ltext114                                      text114      000000
__Ltext115                                      text115      000000
__Ltext116                                      text116      000000
__Ltext117                                      text117      000000
__Ltext118                                      text118      000000
__Ltext119                                      text119      000000
__Ltext12                                       text12       000000
__Ltext120                                      text120      000000
__Ltext121                                      text121      000000
__Ltext122                                      text122      000000
__Ltext123                                      text123      000000
__Ltext124                                      text124      000000
__Ltext125                                      text125      000000
__Ltext126                                      text126      000000
__Ltext127                                      text127      000000
__Ltext128                                      text128      000000
__Ltext129                                      text129      000000
__Ltext13                                       text13       000000
__Ltext130                                      text130      000000
__Ltext131                                      text131      000000
__Ltext132                                      text132      000000
__Ltext133                                      text133      000000
__Ltext134                                      text134      000000
__Ltext135                                      text135      000000
__Ltext136                                      text136      000000
__Ltext137                                      text137      000000
__Ltext138                                      text138      000000
__Ltext14                                       text14       000000
__Ltext15                                       text15       000000
__Ltext16                                       text16       000000
__Ltext17                                       text17       000000
__Ltext18                                       text18       000000
__Ltext19                                       text19       000000
__Ltext2                                        text2        000000
__Ltext20                                       text20       000000
__Ltext21                                       text21       000000
__Ltext22                                       text22       000000
__Ltext23                                       text23       000000
__Ltext24                                       text24       000000
__Ltext25                                       text25       000000
__Ltext26                                       text26       000000
__Ltext27                                       text27       000000
__Ltext28                                       text28       000000
__Ltext29                                       text29       000000
__Ltext3                                        text3        000000
__Ltext30                                       text30       000000
__Ltext31                                       text31       000000
__Ltext32                                       text32       000000
__Ltext33                                       text33       000000
__Ltext34                                       text34       000000
__Ltext35                                       text35       000000
__Ltext36                                       text36       000000
__Ltext37                                       text37       000000
__Ltext38                                       text38       000000
__Ltext39                                       text39       000000
__Ltext4                                        text4        000000
__Ltext40                                       text40       000000
__Ltext41                                       text41       000000
__Ltext42                                       text42       000000
__Ltext43                                       text43       000000
__Ltext44                                       text44       000000
__Ltext45                                       text45       000000
__Ltext46                                       text46       000000
__Ltext47                                       text47       000000
__Ltext48                                       text48       000000
__Ltext49                                       text49       000000
__Ltext5                                        text5        000000
__Ltext50                                       text50       000000
__Ltext51                                       text51       000000
__Ltext52                                       text52       000000
__Ltext53                                       text53       000000
__Ltext54                                       text54       000000
__Ltext55                                       text55       000000
__Ltext56                                       text56       000000
__Ltext57                                       text57       000000
__Ltext58                                       text58       000000
__Ltext59                                       text59       000000
__Ltext6                                        text6        000000
__Ltext60                                       text60       000000
__Ltext61                                       text61       000000
__Ltext62                                       text62       000000
__Ltext63                                       text63       000000
__Ltext64                                       text64       000000
__Ltext65                                       text65       000000
__Ltext66                                       text66       000000
__Ltext67                                       text67       000000
__Ltext68                                       text68       000000
__Ltext69                                       text69       000000
__Ltext7                                        text7        000000
__Ltext70                                       text70       000000
__Ltext71                                       text71       000000
__Ltext72                                       text72       000000
__Ltext73                                       text73       000000
__Ltext74                                       text74       000000
__Ltext75                                       text75       000000
__Ltext76                                       text76       000000
__Ltext77                                       text77       000000
__Ltext78                                       text78       000000
__Ltext79                                       text79       000000
__Ltext8                                        text8        000000
__Ltext80                                       text80       000000
__Ltext81                                       text81       000000
__Ltext82                                       text82       000000
__Ltext84                                       text84       000000
__Ltext85                                       text85       000000
__Ltext86                                       text86       000000
__Ltext87                                       text87       000000
__Ltext88                                       text88       000000
__Ltext89                                       text89       000000
__Ltext9                                        text9        000000
__Ltext90                                       text90       000000
__Ltext91                                       text91       000000
__Ltext92                                       text92       000000
__Ltext93                                       text93       000000
__Ltext94                                       text94       000000
__Ltext95                                       text95       000000
__Ltext96                                       text96       000000
__Ltext97                                       text97       000000
__Ltext98                                       text98       000000
__Ltext99                                       text99       000000
__S0                                            (abs)        008932
__S1                                            (abs)        0002A2
__S4                                            (abs)        000000
__S5                                            (abs)        000000
___fladd                                        text29       0044F6
___fladd@a                                      cstackBANK0  000079
___fladd@aexp                                   cstackBANK0  000082
___fladd@b                                      cstackBANK0  000075
___fladd@bexp                                   cstackBANK0  000083
___fladd@grs                                    cstackBANK0  000084
___fladd@signs                                  cstackBANK0  000081
___fldiv                                        text34       005B8A
[...]
powf@ax                                         cstackBANK1  000170
powf@hx                                         cstackBANK1  000160
powf@hy                                         cstackBANK1  00017C
powf@i                                          cstackBANK1  00012C
powf@is                                         cstackBANK1  000194
powf@ix                                         cstackBANK1  0001A8
powf@iy                                         cstackBANK1  000190
powf@j                                          cstackBANK1  0001AC
powf@k                                          cstackBANK1  0001A0
powf@n                                          cstackBANK1  000180
powf@p_h                                        cstackBANK1  00019C
powf@p_l                                        cstackBANK1  000164
powf@r                                          cstackBANK1  00014C
powf@s                                          cstackBANK1  00015C
powf@s2                                         cstackBANK1  00018C
powf@s_h                                        cstackBANK1  00016C
powf@s_l                                        cstackBANK1  000130
powf@sn                                         cstackBANK1  000188
powf@t                                          cstackBANK1  0001B0
powf@t1                                         cstackBANK1  000184
powf@t2                                         cstackBANK1  00011C
powf@t_h                                        cstackBANK1  000168
powf@t_l                                        cstackBANK1  000134
powf@u                                          cstackBANK1  000174
powf@v                                          cstackBANK1  000178
powf@w                                          cstackBANK1  000144
powf@x                                          cstackBANK0  0000DF
powf@y                                          cstackBANK0  0000E3
powf@y1                                         cstackBANK1  000128
powf@yisint                                     cstackBANK1  000150
powf@z                                          cstackBANK1  0001B4
powf@z_h                                        cstackBANK1  000120
powf@z_l                                        cstackBANK1  000124
printf@ap                                       cstackBANK0  0000F2
printf@fmt                                      cstackBANK1  000132
putch@txData                                    cstackBANK0  000061
rd1RegCompleteHandler@ptr                       cstackCOMRAM 00000A
rd2RegCompleteHandler@ptr                       cstackCOMRAM 00000A
rdBlkRegCompleteHandler@ptr                     cstackCOMRAM 00000A
scalbnf@n                                       cstackBANK0  0000A2
scalbnf@u                                       cstackBANK0  0000A8
scalbnf@x                                       cstackBANK0  00009E
scalbnf@y                                       cstackBANK0  0000AC
sensor_read@conv                                cstackBANK0  0000F8
set_thresh@temp                                 cstackBANK0  000075
set_thresh@windSpeed                            cstackBANK0  000077
sqrtf@__xc8_float_word                          cstackBANK0  0000C3
sqrtf@i                                         cstackBANK0  0000BF
sqrtf@ix                                        cstackBANK0  0000DB
sqrtf@m                                         cstackBANK0  0000D3
sqrtf@q                                         cstackBANK0  0000C7
sqrtf@r                                         cstackBANK0  0000D7
sqrtf@s                                         cstackBANK0  0000BB
sqrtf@t                                         cstackBANK0  0000CB
sqrtf@x                                         cstackBANK0  0000B2
sqrtf@z                                         cstackBANK0  0000CF
stackhi                                         (abs)        000000
stacklo                                         (abs)        000000
start                                           init         000182
start_initialization                            cinit        00841A
strcpy@d                                        cstackBANK0  000066
strcpy@dest                                     cstackBANK0  000060
strcpy@s                                        cstackBANK0  000064
strcpy@src                                      cstackBANK0  000062
tempRead@convert                                cstackBANK0  0000A2
tempRead@data                                   cstackBANK0  0000A3
thresh_counter@triggerAdd                       cstackBANK0  0000B2
thresh_counter@triggerReduce                    cstackBANK0  0000B3
ttemp5                                          temp         00004F
ttemp6                                          temp         000052
ttemp7                                          temp         000056
vfpfcnvrt@ap                                    cstackBANK0  0000E0
vfpfcnvrt@c                                     cstackBANK0  0000ED
vfpfcnvrt@convarg                               cstackBANK0  0000E5
vfpfcnvrt@cp                                    cstackBANK0  0000EE
vfpfcnvrt@fmt                                   cstackBANK0  0000DE
vfpfcnvrt@fp                                    cstackBANK0  0000DC
vfprintf@ap                                     cstackBANK1  000130
vfprintf@cfmt                                   cstackBANK0  0000F0
vfprintf@fmt                                    cstackBANK1  00012E
vfprintf@fp                                     cstackBANK1  00012C
windSpeedCalc@dw_dt                             cstackBANK2  000284
windSpeedCalc@linearVel                         cstackBANK2  000288
windSpeedCalc@power                             cstackBANK0  0000F4
windSpeedCalc@time                              cstackBANK0  0000F0
wr1RegCompleteHandler@ptr                       cstackCOMRAM 00000A
wr2RegCompleteHandler@ptr                       cstackCOMRAM 00000A
wtemp8                                          temp         00004F


MODULE INFORMATION

Module		Function		Class		Link	Load	Size
C:\Program Files\Microchip\xc8\v2.40\pic\sources\c99\common\sprcmul.c
		___flmul       		CODE           	5334	0000	1068

C:\Program Files\Microchip\xc8\v2.40\pic\sources\c99\common\sprcmul.c estimated size: 1068

C:\Program Files\Microchip\xc8\v2.40\pic\sources\c99\common\nf_fputc.c
		_fputc         		CODE           	786A	0000	152

C:\Program Files\Microchip\xc8\v2.40\pic\sources\c99\common\nf_fputc.c estimated size: 152

C:\Program Files\Microchip\xc8\v2.40\pic\sources\c99\common\sprcdiv.c
		___fldiv       		CODE           	5B8A	0000	924

C:\Program Files\Microchip\xc8\v2.40\pic\sources\c99\common\sprcdiv.c estimated size: 924

mcc_generated_files/examples/i2c1_master_example.c
		_wr1RegCompleteHandler		CODE           	84D2	0000	44
		_wr2RegCompleteHandler		CODE           	8556	0000	44
		_rdBlkRegCompleteHandler		CODE           	826A	0000	64
		_rd1RegCompleteHandler		CODE           	852A	0000	44
		_rd2RegCompleteHandler		CODE           	84FE	0000	44
		_I2C1_Read1ByteRegister		CODE           	7A08	0000	130

mcc_generated_files/examples/i2c1_master_example.c estimated size: 370

C:\Program Files\Microchip\xc8\v2.40\pic\sources\c99\common\sqrtf.c
		_sqrtf         		CODE           	4E78	0000	1212

C:\Program Files\Microchip\xc8\v2.40\pic\sources\c99\common\sqrtf.c estimated size: 1212

C:\Program Files\Microchip\xc8\v2.40\pic\sources\c99\common\lwdiv.c
		___lwdiv       		CODE           	7D78	0000	118

C:\Program Files\Microchip\xc8\v2.40\pic\sources\c99\common\lwdiv.c estimated size: 118

C:\Program Files\Microchip\xc8\v2.40\pic\sources\c99\common\memcpy.c
		_memcpy        		CODE           	7FDA	0000	82

C:\Program Files\Microchip\xc8\v2.40\pic\sources\c99\common\memcpy.c estimated size: 82

C:\Program Files\Microchip\xc8\v2.40\pic\sources\c99\common\fltol.c
		___fltol       		CODE           	6F88	0000	264

C:\Program Files\Microchip\xc8\v2.40\pic\sources\c99\common\fltol.c estimated size: 264

C:\Program Files\Microchip\xc8\v2.40\pic\sources\c99\common\scalbnf.c
		_scalbnf       		CODE           	62C0	0000	574

C:\Program Files\Microchip\xc8\v2.40\pic\sources\c99\common\scalbnf.c estimated size: 574

C:\Program Files\Microchip\xc8\v2.40\pic\sources\c99\common\isspace.c
		_isspace       		CODE           	815A	0000	72

C:\Program Files\Microchip\xc8\v2.40\pic\sources\c99\common\isspace.c estimated size: 72

mcc_generated_files/tmr4.c
		_TMR4_ISR      		CODE           	8356	0000	50
		_TMR4_Initialize		CODE           	8476	0000	46
		_TMR4_Start    		CODE           	8908	0000	4
		_TMR4_SetInterruptHandler		CODE           	8820	0000	10
		_TMR4_DefaultInterruptHandler		CODE           	892C	0000	2
		_TMR4_StartTimer		CODE           	88CA	0000	6

mcc_generated_files/tmr4.c estimated size: 118

C:\Program Files\Microchip\xc8\v2.40\pic\sources\c99\common\atoi.c
		_atoi          		CODE           	6BA8	0000	344

C:\Program Files\Microchip\xc8\v2.40\pic\sources\c99\common\atoi.c estimated size: 344

mcc_generated_files/i2c1_master.c
		_I2C1_DO_SEND_RESTART		CODE           	8898	0000	8
		_I2C1_DO_TX_EMPTY		CODE           	7C08	0000	124
		_I2C1_DO_SEND_RESTART_READ		CODE           	88A8	0000	8
		_I2C1_CallbackReturnStop		CODE           	8920	0000	4
		_I2C1_DO_RX    		CODE           	7724	0000	166
		_I2C1_DO_TX    		CODE           	739C	0000	196
		_I2C1_SetAddressNackCallback		CODE           	8728	0000	24
		_I2C1_DO_IDLE  		CODE           	880A	0000	12
		_I2C1_MasterOpen		CODE           	8692	0000	34
		_I2C1_DO_RCEN  		CODE           	87FE	0000	12
		_I2C1_MasterSendTxData		CODE           	88B0	0000	8
		_I2C1_MasterStop		CODE           	8924	0000	4
		_I2C1_CallbackReturnReset		CODE           	891C	0000	4
		_I2C1_DO_RESET 		CODE           	87F2	0000	12
		_I2C1_MasterStartRx		CODE           	8918	0000	4
		_I2C1_DO_RX_ACK		CODE           	8888	0000	8
		_I2C1_MasterSendNack		CODE           	88FA	0000	6
		_I2C1_DO_RX_NACK_RESTART		CODE           	8878	0000	8
		_I2C1_MasterDisableIrq		CODE           	88BE	0000	6
		_I2C1_MasterOperation		CODE           	807E	0000	76
		_I2C1_SetCallback		CODE           	7B8A	0000	126
		_I2C1_MasterEnableRestart		CODE           	8928	0000	4
		_I2C1_Open     		CODE           	767C	0000	168
		_I2C1_DO_ADDRESS_NACK		CODE           	7EC6	0000	102
		_I2C1_SetBuffer		CODE           	864A	0000	36
		_I2C1_DO_SEND_RESTART_WRITE		CODE           	88A0	0000	8
		_I2C1_MasterClose		CODE           	8904	0000	4
		_I2C1_MasterWrite		CODE           	8870	0000	8
		_I2C1_Initialize		CODE           	879C	0000	20
		_I2C1_Close    		CODE           	83EA	0000	48
		_I2C1_MasterIsNack		CODE           	87B0	0000	20
		_I2C1_MasterStart		CODE           	8900	0000	4
		_I2C1_DO_SEND_ADR_WRITE		CODE           	87C4	0000	16
		_I2C1_MasterClearIrq		CODE           	88C4	0000	6
		_I2C1_SetDataCompleteCallback		CODE           	8710	0000	24
		_I2C1_DO_SEND_STOP		CODE           	8890	0000	8
		_I2C1_MasterSendAck		CODE           	88F4	0000	6
		_I2C1_MasterFsm		CODE           	7DEE	0000	112
		_I2C1_MasterIsr		CODE           	88E2	0000	6
		_I2C1_MasterGetRxData		CODE           	8914	0000	4
		_I2C1_SetInterruptHandler		CODE           	8816	0000	10
		_I2C1_MasterSetIrq		CODE           	88EE	0000	6
		_I2C1_DO_SEND_ADR_READ		CODE           	87D4	0000	16
		_I2C1_MasterEnableIrq		CODE           	88B8	0000	6
		_I2C1_DO_RX_NACK_STOP		CODE           	8880	0000	8

mcc_generated_files/i2c1_master.c estimated size: 1500

C:\Program Files\Microchip\xc8\v2.40\pic\sources\c99\common\Umul16.c
		___wmul        		CODE           	85D6	0000	40

C:\Program Files\Microchip\xc8\v2.40\pic\sources\c99\common\Umul16.c estimated size: 40

C:\Program Files\Microchip\xc8\v2.40\pic\sources\c99\common\fleq.c
		___fleq        		CODE           	75D0	0000	172

C:\Program Files\Microchip\xc8\v2.40\pic\sources\c99\common\fleq.c estimated size: 172

mcc_generated_files/tmr2.c
		_TMR2_ISR      		CODE           	8388	0000	50
		_TMR2_Initialize		CODE           	84A4	0000	46
		_TMR2_Start    		CODE           	890C	0000	4
		_TMR2_SetInterruptHandler		CODE           	882A	0000	10
		_TMR2_DefaultInterruptHandler		CODE           	892E	0000	2
		_TMR2_StartTimer		CODE           	88D0	0000	6

mcc_generated_files/tmr2.c estimated size: 118

mcc_generated_files/interrupt_manager.c
		_INTERRUPT_Initialize		CODE           	8910	0000	4
		_INTERRUPT_InterruptManager		CODE           	0008	0000	378

mcc_generated_files/interrupt_manager.c estimated size: 382

sensor_controller.c
		_thresh_counter		CODE           	6E4C	0000	316
		_data_transmit 		CODE           	6A50	0000	344
		_sensor_read   		CODE           	7C84	0000	122
		_set_thresh    		CODE           	82AA	0000	60

sensor_controller.c estimated size: 842

C:\Program Files\Microchip\xc8\v2.40\pic\sources\c99\common\printf.c
		_printf        		CODE           	8582	0000	42

C:\Program Files\Microchip\xc8\v2.40\pic\sources\c99\common\printf.c estimated size: 42

C:\Program Files\Microchip\xc8\v2.40\pic\sources\c99\common\__fpclassifyf.c
		___fpclassifyf 		CODE           	729C	0000	256

C:\Program Files\Microchip\xc8\v2.40\pic\sources\c99\common\__fpclassifyf.c estimated size: 256

mcc_generated_files/pin_manager.c
		_PIN_MANAGER_Initialize		CODE           	7A8A	0000	130
		_IOCAF0_SetInterruptHandler		CODE           	8834	0000	10

mcc_generated_files/pin_manager.c estimated size: 140

C:\Program Files\Microchip\xc8\v2.40\pic\sources\c99\common\isdigit.c
		_isdigit       		CODE           	8448	0000	46

C:\Program Files\Microchip\xc8\v2.40\pic\sources\c99\common\isdigit.c estimated size: 46

interrupt_handler.c
		_Rx1_ISR       		CODE           	6D00	0000	332
		_t_update      		CODE           	7986	0000	130
		_Interrupt_Handler_Initialize		CODE           	86D6	0000	30
		_internal_clock		CODE           	85FE	0000	40

interrupt_handler.c estimated size: 532

C:\Program Files\Microchip\xc8\v2.40\pic\sources\c99\common\sprcadd.c
		___flsub       		CODE           	8112	0000	72
		___fladd       		CODE           	44F6	0000	1218

C:\Program Files\Microchip\xc8\v2.40\pic\sources\c99\common\sprcadd.c estimated size: 1290

C:\Program Files\Microchip\xc8\v2.40\pic\sources\c99\common\floorf.c
		_floorf        		CODE           	64FE	0000	534

C:\Program Files\Microchip\xc8\v2.40\pic\sources\c99\common\floorf.c estimated size: 534

C:\Program Files\Microchip\xc8\v2.40\pic\sources\c99\common\powf.c
		_powf          		CODE           	0FB2	0000	10908

C:\Program Files\Microchip\xc8\v2.40\pic\sources\c99\common\powf.c estimated size: 10908

C:\Program Files\Microchip\xc8\v2.40\pic\sources\c99\common\flneg.c
		___flneg       		CODE           	82E6	0000	58

C:\Program Files\Microchip\xc8\v2.40\pic\sources\c99\common\flneg.c estimated size: 58

C:\Program Files\Microchip\xc8\v2.40\pic\sources\c99\common\fabsf.c
		_fabsf         		CODE           	8320	0000	54

C:\Program Files\Microchip\xc8\v2.40\pic\sources\c99\common\fabsf.c estimated size: 54

C:\Program Files\Microchip\xc8\v2.40\pic\sources\c99\common\labs.c
		_labs          		CODE           	7E5E	0000	104

C:\Program Files\Microchip\xc8\v2.40\pic\sources\c99\common\labs.c estimated size: 104

C:\Program Files\Microchip\xc8\v2.40\pic\sources\c99\common\xxtofl.c
		___xxtofl      		CODE           	6714	0000	440

C:\Program Files\Microchip\xc8\v2.40\pic\sources\c99\common\xxtofl.c estimated size: 440

C:\Program Files\Microchip\xc8\v2.40\pic\sources\c99\common\nf_fputs.c
		_fputs         		CODE           	80CA	0000	72

C:\Program Files\Microchip\xc8\v2.40\pic\sources\c99\common\nf_fputs.c estimated size: 72

shared
		_L5            		SMALLCONST     	0000	0000	0
		_P3            		SMALLCONST     	0000	0000	0
		i2_I2C1_SetBuffer		CODE           	866E	0000	36
		_L6            		SMALLCONST     	0000	0000	0
		_P4            		SMALLCONST     	0000	0000	0
		_P5            		SMALLCONST     	0000	0000	0
		i2_I2C1_SetCallback		CODE           	7CFE	0000	122
		_lg2_l         		SMALLCONST     	0000	0000	0
		i2___fladd     		CODE           	49B8	0000	1216
		_ivln2_l       		SMALLCONST     	0000	0000	0
		_ivln2         		SMALLCONST     	0000	0000	0
		__initialization		CODE           	841A	0000	36
		_bp            		SMALLCONST     	0F89	0000	8
		_cp            		SMALLCONST     	0000	0000	0
		_cp_h          		SMALLCONST     	0000	0000	0
		_dp_h          		SMALLCONST     	0F29	0000	8
		_tiny@sqrtf$F3535		SMALLCONST     	0000	0000	0
		_lg2           		SMALLCONST     	0000	0000	0
		i2___flmul     		CODE           	5760	0000	1066
		_lg2_h         		SMALLCONST     	0000	0000	0
		_i2c1_fsmStateTable		SMALLCONST     	0F01	0000	32
		_ivln2_h       		SMALLCONST     	0000	0000	0
		_tiny          		SMALLCONST     	0000	0000	0
		_ovt           		SMALLCONST     	0000	0000	0
		_huge          		SMALLCONST     	0000	0000	0
		i2_I2C1_MasterClearIrq		CODE           	88E8	0000	6
		_two24         		SMALLCONST     	0000	0000	0
		i2_I2C1_SetDataCompleteCallback		CODE           	8758	0000	24
		_cp_l          		SMALLCONST     	0000	0000	0
		_dp_l          		SMALLCONST     	0F21	0000	8
		_L1            		SMALLCONST     	0000	0000	0
		_L2            		SMALLCONST     	0000	0000	0
		_L3            		SMALLCONST     	0000	0000	0
		_P1            		SMALLCONST     	0000	0000	0
		_L4            		SMALLCONST     	0000	0000	0
		_P2            		SMALLCONST     	0000	0000	0

shared estimated size: 2562

mcc_generated_files/eusart1.c
		_EUSART1_SetRxInterruptHandler		CODE           	8848	0000	10
		_EUSART1_SetTxInterruptHandler		CODE           	883E	0000	10
		_EUSART1_is_rx_ready		CODE           	8786	0000	22
		_EUSART1_Initialize		CODE           	7902	0000	132
		_putch         		CODE           	87E4	0000	14
		_EUSART1_DefaultErrorHandler		CODE           	88DC	0000	6
		_EUSART1_SetFramingErrorHandler		CODE           	885C	0000	10
		_EUSART1_Read  		CODE           	802C	0000	82
		_EUSART1_SetOverrunErrorHandler		CODE           	8852	0000	10
		_EUSART1_SetErrorHandler		CODE           	8866	0000	10
		_EUSART1_Write 		CODE           	7F2C	0000	90
		_EUSART1_Receive_ISR		CODE           	7460	0000	188
		_EUSART1_RxDataHandler		CODE           	85AC	0000	42
		_EUSART1_DefaultOverrunErrorHandler		CODE           	88D6	0000	6
		_EUSART1_Transmit_ISR		CODE           	8228	0000	66
		_EUSART1_DefaultFramingErrorHandler		CODE           	8930	0000	2

mcc_generated_files/eusart1.c estimated size: 700

C:\Program Files\Microchip\xc8\v2.40\pic\sources\c99\common\strcpy.c
		_strcpy        		CODE           	81A2	0000	68

C:\Program Files\Microchip\xc8\v2.40\pic\sources\c99\common\strcpy.c estimated size: 68

mcc_generated_files/mcc.c
		_PMD_Initialize		CODE           	86F4	0000	28
		_OSCILLATOR_Initialize		CODE           	8740	0000	24
		_SYSTEM_Initialize		CODE           	86B4	0000	34

mcc_generated_files/mcc.c estimated size: 86

C:\Program Files\Microchip\xc8\v2.40\pic\sources\c99\common\flge.c
		___flge        		CODE           	7196	0000	262

C:\Program Files\Microchip\xc8\v2.40\pic\sources\c99\common\flge.c estimated size: 262

hall_effect.c
		_hallRecord    		CODE           	81E6	0000	66
		_windSpeedCalc 		CODE           	68CC	0000	388
		_hallRead      		CODE           	83BA	0000	48
		_hallInit      		CODE           	8770	0000	22

hall_effect.c estimated size: 524

C:\Program Files\Microchip\xc8\v2.40\pic\sources\c99\common\doprnt.c
		_vfpfcnvrt     		CODE           	5F26	0000	922
		_efgtoa        		CODE           	3A4E	0000	2728
		_pad           		CODE           	7B0C	0000	126
		_ctoa          		CODE           	77CA	0000	160
		_vfprintf      		CODE           	7F86	0000	84

C:\Program Files\Microchip\xc8\v2.40\pic\sources\c99\common\doprnt.c estimated size: 4020

main.c
		_main          		CODE           	7090	0000	262

main.c estimated size: 262

temp_sensor.c
		_tempRead      		CODE           	751C	0000	180

temp_sensor.c estimated size: 180

C:\Program Files\Microchip\xc8\v2.40\pic\sources\c99\common\nanf.c
		_nanf          		CODE           	8626	0000	36

C:\Program Files\Microchip\xc8\v2.40\pic\sources\c99\common\nanf.c estimated size: 36

