Microchip MPLAB XC8 Compiler V2.40

Linker command line:

-W-3 \
  --edf=C:/Users/DJMik/.mchp_packs/Microchip/PIC18F-K_DFP/1.8.249/xc8\pic\dat\20230209213641_en.msgs \
  -cn -h+dist/default/production\Team205_FinalBoard.X.production.sym \
  --cmf=dist/default/production\Team205_FinalBoard.X.production.cmf -z \
  -Q18LF26K40 -oC:\Users\DJMik\AppData\Local\Temp\xcAs8jk.4 \
  --defsym=__MPLAB_BUILD=1 --fixupoverflow=error \
  -Mdist/default/production/Team205_FinalBoard.X.production.map \
  --md=C:\Users\DJMik\AppData\Local\Temp\xcAs8jk.dat -E1 -ver=XC8 Compiler \
  --acfsm=1493 -ACODE=00h-0FFFFh -ACONST=00h-0FFFFh \
  -ASMALLCONST=0F00h-0FFFhx241 -AMEDIUMCONST=0F00h-0FFFFh -ACOMRAM=01h-05Fh \
  -AABS1=00h-0E87h -ABIGRAM=01h-0E87h \
  -ARAM=060h-0FFh,0100h-01FFhx13,0E00h-0E87h -ABANK0=060h-0FFh \
  -ABANK1=0100h-01FFh -ABANK2=0200h-02FFh -ABANK3=0300h-03FFh \
  -ABANK4=0400h-04FFh -ABANK5=0500h-05FFh -ABANK6=0600h-06FFh \
  -ABANK7=0700h-07FFh -ABANK8=0800h-08FFh -ABANK9=0900h-09FFh \
  -ABANK10=0A00h-0AFFh -ABANK11=0B00h-0BFFh -ABANK12=0C00h-0CFFh \
  -ABANK13=0D00h-0DFFh -ABANK14=0E00h-0E87h \
  -ASFR=0E8Dh-0EFFh,0F00h-0F5Fh,0F60h-0FFFh -ABIGSFR=0E8Dh-0FFFh \
  -ACONFIG=0300000h-030000Bh -AIDLOC=0200000h-020000Fh \
  -AEEDATA=0310000h-03103FFh -peeprom_data=EEDATA \
  -preset_vec=00h,intcode=08h,intcodelo,powerup,init -pramtop=0F00h \
  -psmallconst=SMALLCONST -pmediumconst=MEDIUMCONST -pconst=CONST \
  -AFARRAM=00h-00h \
  -prdata=COMRAM,nvrram=COMRAM,nvbit=COMRAM,rbss=COMRAM,rbit=COMRAM \
  -pfarbss=FARRAM,fardata=FARRAM,nvFARRAM=FARRAM \
  -pintsave_regs=BIGRAM,bigbss=BIGRAM,bigdata=BIGRAM -pbss=RAM \
  -pidata=CODE,irdata=CODE,ibigdata=CODE,ifardata=CODE -prparam=COMRAM \
  C:\Users\DJMik\AppData\Local\Temp\xcAs8jk.o \
  dist/default/production\Team205_FinalBoard.X.production.o 

Object code version is 3.11

Machine type is 18LF26K40



                Name                               Link     Load   Length Selector   Space Scale
C:\Users\DJMik\AppData\Local\Temp\xcAs8jk.o
                idloc                            200000   200000       10        0       5
                config                           300000   300000        C        0       4
                init                                180      180        4        4       0
                reset_vec                             0        0        4        0       0
dist/default/production\Team205_FinalBoard.X.production.o
                intcode                               8        8      178        4       0
                idloc                            200000   200000       10        0       5
                config                           300000   300000        C        0       4
                temp                                 5E       5E        1        1       1
                smallconst                          F00      F00       B2      780       0
                text138                            84E2     84E2       42      7D9       0
                text137                            8BD0     8BD0        4      7D9       0
                text136                            8BCC     8BCC        4      7D9       0
                text135                            8932     8932       24      7D9       0
                text134                            7F1A     7F1A       7A      7D9       0
                text133                            8A16     8A16       18      7D9       0
                text132                            886E     886E       2C      7D9       0
                text131                            8842     8842       2C      7D9       0
                text130                            8816     8816       2C      7D9       0
                text129                            87EA     87EA       2C      7D9       0
                text128                            8524     8524       40      7D9       0
                text127                            8BC8     8BC8        4      7D9       0
                text126                            8BC4     8BC4        4      7D9       0
                text125                            8BC0     8BC0        4      7D9       0
                text124                            8BA2     8BA2        6      7D9       0
                text123                            8BBC     8BBC        4      7D9       0
                text122                            8B9C     8B9C        6      7D9       0
                text121                            8B58     8B58        8      7D9       0
                text120                            8A58     8A58       14      7D9       0
                text119                            8B96     8B96        6      7D9       0
                text118                            7E9E     7E9E       7C      7D9       0
                text117                            8AB2     8AB2        C      7D9       0
                text116                            8A7C     8A7C       10      7D9       0
                text115                            8A6C     8A6C       10      7D9       0
                text114                            775A     775A       C4      7D9       0
                text113                            7ADA     7ADA       A6      7D9       0
                text112                            8AA6     8AA6        C      7D9       0
                text111                            8B50     8B50        8      7D9       0
                text110                            8B48     8B48        8      7D9       0
                text109                            8B40     8B40        8      7D9       0
                text108                            8B38     8B38        8      7D9       0
                text107                            8B30     8B30        8      7D9       0
                text106                            8B28     8B28        8      7D9       0
                text105                            8B20     8B20        8      7D9       0
                text104                            8A9A     8A9A        C      7D9       0
                text103                            80DA     80DA       66      7D9       0
                text102                            8B90     8B90        6      7D9       0
                text101                            7F94     7F94       70      7D9       0
                text100                            8B8A     8B8A        6      7D9       0
                text99                             82A0     82A0       52      7D9       0
                text98                             87BE     87BE       2C      7D9       0
                text97                             8B84     8B84        6      7D9       0
                text96                             8BD8     8BD8        2      7D9       0
                text95                             8B7E     8B7E        6      7D9       0
                text94                             8A2E     8A2E       16      7D9       0
                text93                             4E78     4E78      4C0      7D9       0
                text92                             5764     5764      42A      7D9       0
                text91                             6CD8     6CD8      150      7D9       0
                text90                             781E     781E       C2      7D9       0
                text89                             73C2     73C2      104      7D9       0
                text88                             8416     8416       46      7D9       0
                text87                             75C6     75C6       D0      7D9       0
                text86                             8BD6     8BD6        2      7D9       0
                text85                             8704     8704       30      7D9       0
                text84                             8BD4     8BD4        2      7D9       0
                text83                             86D4     86D4       30      7D9       0
                text81                             86A4     86A4       30      7D9       0
                text80                             8B0E     8B0E        A      7D9       0
                text79                             8B04     8B04        A      7D9       0
                text78                             8AFA     8AFA        A      7D9       0
                text77                             8AF0     8AF0        A      7D9       0
                text76                             8AE6     8AE6        A      7D9       0
                text75                             7C18     7C18       86      7D9       0
                text74                             8A44     8A44       14      7D9       0
                text73                             8BB8     8BB8        4      7D9       0
                text72                             89FE     89FE       18      7D9       0
                text71                             8ADC     8ADC        A      7D9       0
                text70                             7D20     7D20       82      7D9       0
                text69                             899A     899A       1C      7D9       0
                text68                             8AD2     8AD2        A      7D9       0
                text67                             8790     8790       2E      7D9       0
                text66                             8AC8     8AC8        A      7D9       0
                text65                             8762     8762       2E      7D9       0
                text64                             8978     8978       22      7D9       0
                text63                             8BB4     8BB4        4      7D9       0
                text62                             8B78     8B78        6      7D9       0
                text61                             8BB0     8BB0        4      7D9       0
                text60                             8B72     8B72        6      7D9       0
                text59                             8B6C     8B6C        6      7D9       0
                text58                             8BAC     8BAC        4      7D9       0
                text57                             8B66     8B66        6      7D9       0
                text56                             8674     8674       30      7D9       0
                text55                             8BA8     8BA8        4      7D9       0
                text54                             82F2     82F2       4C      7D9       0
                text53                             8B18     8B18        8      7D9       0
                text52                             8B60     8B60        6      7D9       0
                text51                             8956     8956       22      7D9       0
                text50                             8ABE     8ABE        A      7D9       0
                text49                             798C     798C       A8      7D9       0
                text48                             7E20     7E20       7E      7D9       0
                text47                             89E6     89E6       18      7D9       0
                text46                             890E     890E       24      7D9       0
                text45                             89CE     89CE       18      7D9       0
                text44                             7C9E     7C9E       82      7D9       0
                text43                             8644     8644       30      7D9       0
                text42                             89B6     89B6       18      7D9       0
                text41                             69C8     69C8      1B8      7D9       0
                text40                             88C2     88C2       28      7D9       0
                text39                             8734     8734       2E      7D9       0
                text38                             83CE     83CE       48      7D9       0
                text37                             6B80     6B80      158      7D9       0
                text36                             8140     8140       5E      7D9       0
                text35                             8A8C     8A8C        E      7D9       0
                text34                             7B80     7B80       98      7D9       0
                text33                             7A34     7A34       A6      7D9       0
                text32                             5F2A     5F2A      39C      7D9       0
                text31                             78E0     78E0       AC      7D9       0
                text30                             72BC     72BC      106      7D9       0
                text29                             5338     5338      42C      7D9       0
                text28                             85A0     85A0       3A      7D9       0
                text27                             44F6     44F6      4C2      7D9       0
                text26                             8386     8386       48      7D9       0
                text25                             71B4     71B4      108      7D9       0
                text24                             74C6     74C6      100      7D9       0
                text23                             67B2     67B2      216      7D9       0
                text22                             8072     8072       68      7D9       0
                text21                             824E     824E       52      7D9       0
                text20                             833E     833E       48      7D9       0
                text19                             7DA2     7DA2       7E      7D9       0
                text18                             845C     845C       44      7D9       0
                text17                             3A50     3A50      AA6      7D9       0
                text16                             5B8E     5B8E      39C      7D9       0
                text15                             81FA     81FA       54      7D9       0
                text14                             889A     889A       28      7D9       0
                text13                             819E     819E       5C      7D9       0
                text12                             6E28     6E28      148      7D9       0
                text11                             7696     7696       C4      7D9       0
                text10                             6F70     6F70      12E      7D9       0
                text9                              84A0     84A0       42      7D9       0
                text8                              85DA     85DA       36      7D9       0
                text7                              6574     6574      23E      7D9       0
                text6                              88EA     88EA       24      7D9       0
                text5                              49B8     49B8      4C0      7D9       0
                text4                               FB2      FB2     2A9E      7D9       0
                text3                              62C6     62C6      2AE      7D9       0
                text2                              8004     8004       6E      7D9       0
                text1                              8564     8564       3C      7D9       0
                text0                              709E     709E      116      7D9       0
                cstackCOMRAM                          1        1       3B        1       1
                cstackBANK0                          60       60       9E       60       1
                cstackBANK1                         100      100       D8      100       1
                bssBANK2                            200      200       A8      200       1
                bssBANK1                            1D8      1D8       1A      100       1
                bssBANK0                             FE       FE        2       60       1
                bssCOMRAM                            3C       3C       15        1       1
                cinit                              8610     8610       34      7D9       0
                nvBANK2                             2A8      2A8        8      200       1
                nvBANK1                             1F2      1F2        E      100       1
                nvCOMRAM                             51       51        D        1       1

TOTAL           Name                               Link     Load   Length     Space
        CLASS   CODE           
                intcode                               8        8      178         0
                init                                180      180        4         0
                reset_vec                             0        0        4         0
                text138                            84E2     84E2       42         0
                text137                            8BD0     8BD0        4         0
                text136                            8BCC     8BCC        4         0
                text135                            8932     8932       24         0
                text134                            7F1A     7F1A       7A         0
                text133                            8A16     8A16       18         0
                text132                            886E     886E       2C         0
                text131                            8842     8842       2C         0
                text130                            8816     8816       2C         0
                text129                            87EA     87EA       2C         0
                text128                            8524     8524       40         0
                text127                            8BC8     8BC8        4         0
                text126                            8BC4     8BC4        4         0
                text125                            8BC0     8BC0        4         0
                text124                            8BA2     8BA2        6         0
                text123                            8BBC     8BBC        4         0
                text122                            8B9C     8B9C        6         0
                text121                            8B58     8B58        8         0
                text120                            8A58     8A58       14         0
                text119                            8B96     8B96        6         0
                text118                            7E9E     7E9E       7C         0
                text117                            8AB2     8AB2        C         0
                text116                            8A7C     8A7C       10         0
                text115                            8A6C     8A6C       10         0
                text114                            775A     775A       C4         0
                text113                            7ADA     7ADA       A6         0
                text112                            8AA6     8AA6        C         0
                text111                            8B50     8B50        8         0
                text110                            8B48     8B48        8         0
                text109                            8B40     8B40        8         0
                text108                            8B38     8B38        8         0
                text107                            8B30     8B30        8         0
                text106                            8B28     8B28        8         0
                text105                            8B20     8B20        8         0
                text104                            8A9A     8A9A        C         0
                text103                            80DA     80DA       66         0
                text102                            8B90     8B90        6         0
                text101                            7F94     7F94       70         0
                text100                            8B8A     8B8A        6         0
                text99                             82A0     82A0       52         0
                text98                             87BE     87BE       2C         0
                text97                             8B84     8B84        6         0
                text96                             8BD8     8BD8        2         0
                text95                             8B7E     8B7E        6         0
                text94                             8A2E     8A2E       16         0
                text93                             4E78     4E78      4C0         0
                text92                             5764     5764      42A         0
                text91                             6CD8     6CD8      150         0
                text90                             781E     781E       C2         0
                text89                             73C2     73C2      104         0
                text88                             8416     8416       46         0
                text87                             75C6     75C6       D0         0
                text86                             8BD6     8BD6        2         0
                text85                             8704     8704       30         0
                text84                             8BD4     8BD4        2         0
                text83                             86D4     86D4       30         0
                text81                             86A4     86A4       30         0
                text80                             8B0E     8B0E        A         0
                text79                             8B04     8B04        A         0
                text78                             8AFA     8AFA        A         0
                text77                             8AF0     8AF0        A         0
                text76                             8AE6     8AE6        A         0
                text75                             7C18     7C18       86         0
                text74                             8A44     8A44       14         0
                text73                             8BB8     8BB8        4         0
                text72                             89FE     89FE       18         0
                text71                             8ADC     8ADC        A         0
                text70                             7D20     7D20       82         0
                text69                             899A     899A       1C         0
                text68                             8AD2     8AD2        A         0
                text67                             8790     8790       2E         0
                text66                             8AC8     8AC8        A         0
                text65                             8762     8762       2E         0
                text64                             8978     8978       22         0
                text63                             8BB4     8BB4        4         0
                text62                             8B78     8B78        6         0
                text61                             8BB0     8BB0        4         0
                text60                             8B72     8B72        6         0
                text59                             8B6C     8B6C        6         0
                text58                             8BAC     8BAC        4         0
                text57                             8B66     8B66        6         0
                text56                             8674     8674       30         0
                text55                             8BA8     8BA8        4         0
                text54                             82F2     82F2       4C         0
                text53                             8B18     8B18        8         0
                text52                             8B60     8B60        6         0
                text51                             8956     8956       22         0
                text50                             8ABE     8ABE        A         0
                text49                             798C     798C       A8         0
                text48                             7E20     7E20       7E         0
                text47                             89E6     89E6       18         0
                text46                             890E     890E       24         0
                text45                             89CE     89CE       18         0
                text44                             7C9E     7C9E       82         0
                text43                             8644     8644       30         0
                text42                             89B6     89B6       18         0
                text41                             69C8     69C8      1B8         0
                text40                             88C2     88C2       28         0
                text39                             8734     8734       2E         0
                text38                             83CE     83CE       48         0
                text37                             6B80     6B80      158         0
                text36                             8140     8140       5E         0
                text35                             8A8C     8A8C        E         0
                text34                             7B80     7B80       98         0
                text33                             7A34     7A34       A6         0
                text32                             5F2A     5F2A      39C         0
                text31                             78E0     78E0       AC         0
                text30                             72BC     72BC      106         0
                text29                             5338     5338      42C         0
                text28                             85A0     85A0       3A         0
                text27                             44F6     44F6      4C2         0
                text26                             8386     8386       48         0
                text25                             71B4     71B4      108         0
                text24                             74C6     74C6      100         0
                text23                             67B2     67B2      216         0
                text22                             8072     8072       68         0
                text21                             824E     824E       52         0
                text20                             833E     833E       48         0
                text19                             7DA2     7DA2       7E         0
                text18                             845C     845C       44         0
                text17                             3A50     3A50      AA6         0
                text16                             5B8E     5B8E      39C         0
                text15                             81FA     81FA       54         0
                text14                             889A     889A       28         0
                text13                             819E     819E       5C         0
                text12                             6E28     6E28      148         0
                text11                             7696     7696       C4         0
                text10                             6F70     6F70      12E         0
                text9                              84A0     84A0       42         0
                text8                              85DA     85DA       36         0
                text7                              6574     6574      23E         0
                text6                              88EA     88EA       24         0
                text5                              49B8     49B8      4C0         0
                text4                               FB2      FB2     2A9E         0
                text3                              62C6     62C6      2AE         0
                text2                              8004     8004       6E         0
                text1                              8564     8564       3C         0
                text0                              709E     709E      116         0
                cinit                              8610     8610       34         0

        CLASS   CONST          

        CLASS   SMALLCONST     
                smallconst                          F00      F00       B2         0

        CLASS   MEDIUMCONST    

        CLASS   COMRAM         
                temp                                 5E       5E        1         1
                cstackCOMRAM                          1        1       3B         1
                bssCOMRAM                            3C       3C       15         1
                nvCOMRAM                             51       51        D         1

        CLASS   ABS1           

        CLASS   BIGRAM         

        CLASS   RAM            

        CLASS   BANK0          
                cstackBANK0                          60       60       9E         1
                bssBANK0                             FE       FE        2         1

        CLASS   BANK1          
                cstackBANK1                         100      100       D8         1
                bssBANK1                            1D8      1D8       1A         1
                nvBANK1                             1F2      1F2        E         1

        CLASS   BANK2          
                bssBANK2                            200      200       A8         1
                nvBANK2                             2A8      2A8        8         1

        CLASS   BANK3          

        CLASS   BANK4          

        CLASS   BANK5          

        CLASS   BANK6          

        CLASS   BANK7          

        CLASS   BANK8          

        CLASS   BANK9          

        CLASS   BANK10         

        CLASS   BANK11         

        CLASS   BANK12         

        CLASS   BANK13         

        CLASS   BANK14         

        CLASS   SFR            

        CLASS   BIGSFR         

        CLASS   CONFIG         
                config                           300000   300000        C         4

        CLASS   IDLOC          
                idloc                            200000   200000       10         5

        CLASS   EEDATA         

        CLASS   FARRAM         

        CLASS   HEAP           

        CLASS   STACK          



SEGMENTS        Name                           Load    Length   Top    Selector   Space  Class

                reset_vec                      000000  000004  000004         0       0  CODE    
                cstackCOMRAM                   000001  00005E  00005F         1       1  COMRAM  
                intcode                        000008  00017C  000184         4       0  CODE    
                cstackBANK0                    000060  0000A0  000100        60       1  BANK0   
                cstackBANK1                    000100  000100  000200       100       1  BANK1   
                bssBANK2                       000200  0000B0  0002B0       200       1  BANK2   
                smallconst                     000F00  0000B2  000FB2       780       0  SMALLCON
                text4                          000FB2  007C28  008BDA       7D9       0  CODE    


UNUSED ADDRESS RANGES

        Name                Unused          Largest block    Delta
        BANK10           000A00-000AFF              100
        BANK11           000B00-000BFF              100
        BANK12           000C00-000CFF              100
        BANK13           000D00-000DFF              100
        BANK14           000E00-000E87               88
        BANK2            0002B0-0002FF               50
        BANK3            000300-0003FF              100
        BANK4            000400-0004FF              100
        BANK5            000500-0005FF              100
        BANK6            000600-0006FF              100
        BANK7            000700-0007FF              100
        BANK8            000800-0008FF              100
        BANK9            000900-0009FF              100
        BIGRAM           00005F-00005F                1
                         0002B0-000E87              BD8
        BIGSFR           000E8D-000FFF              173
        CODE             000004-000007                4
                         000184-000EFF              D7C
                         008BDA-00FFFF             7426
        COMRAM           00005F-00005F                1
        CONST            000004-000007                4
                         000184-000EFF              D7C
                         008BDA-00FFFF             7426
        EEDATA           310000-3103FF              400
        MEDIUMCONST      008BDA-00FFFF             7426
        RAM              0002B0-000E87              100
        SFR              000E8D-000FFF               73
        SMALLCONST       008BDA-00FFFF              100

                                  Symbol Table

?___fladd                                       cstackBANK0  00006E
?___fldiv                                       cstackBANK0  00009F
?___flmul                                       cstackBANK0  00007E
?___flneg                                       cstackBANK0  000060
?___flsub                                       cstackBANK0  000097
?___fltol                                       cstackBANK0  000060
?___fpclassifyf                                 cstackBANK0  000060
?___wmul                                        cstackBANK0  000060
?___xxtofl                                      cstackBANK0  000060
?_atoi                                          cstackBANK0  000066
?_fabsf                                         cstackBANK0  000060
?_floorf                                        cstackBANK0  0000B8
?_hallRead                                      cstackBANK0  00006C
?_isdigit                                       cstackBANK0  000060
?_isspace                                       cstackBANK0  000060
?_labs                                          cstackBANK0  000060
?_nanf                                          cstackBANK0  000060
?_powf                                          cstackBANK0  0000D8
?_printf                                        cstackBANK0  0000F1
?_scalbnf                                       cstackBANK0  000097
?_sqrtf                                         cstackBANK0  0000AB
?_t_update                                      cstackBANK0  0000B8
?_tempRead                                      cstackBANK0  000097
?_vfprintf                                      cstackBANK0  0000E9
?_windSpeedCalc                                 cstackBANK0  0000E9
?i2___fladd                                     cstackCOMRAM 00001A
?i2___flmul                                     cstackCOMRAM 000001
?i2___flsub                                     cstackCOMRAM 00002A
EUSART1_Read@readValue                          cstackCOMRAM 000001
EUSART1_SetErrorHandler@interruptHandler        cstackBANK0  000060
EUSART1_SetFramingErrorHandler@interruptHandler cstackBANK0  000060
EUSART1_SetOverrunErrorHandler@interruptHandler cstackBANK0  000060
EUSART1_SetRxInterruptHandler@interruptHandler  cstackBANK0  000060
EUSART1_SetTxInterruptHandler@interruptHandler  cstackBANK0  000060
EUSART1_Write@txData                            cstackBANK0  000060
I2C1_CallbackReturnReset@funPtr                 cstackCOMRAM 00000A
I2C1_Close@returnValue                          cstackBANK0  000060
I2C1_MasterOperation@read                       cstackBANK0  000060
I2C1_MasterOperation@returnValue                cstackBANK0  000061
I2C1_MasterSendTxData@data                      cstackCOMRAM 000001
I2C1_Open@address                               cstackBANK0  000062
I2C1_Open@returnValue                           cstackBANK0  000063
I2C1_Read1ByteRegister@address                  cstackBANK0  00006A
I2C1_Read1ByteRegister@reg                      cstackBANK0  000069
I2C1_Read1ByteRegister@returnValue              cstackBANK0  00006B
I2C1_SetAddressNackCallback@cb                  cstackBANK0  000065
I2C1_SetAddressNackCallback@ptr                 cstackBANK0  000067
I2C1_SetBuffer@buffer                           cstackBANK0  000060
I2C1_SetBuffer@bufferSize                       cstackBANK0  000062
I2C1_SetCallback@cb                             cstackBANK0  000060
I2C1_SetCallback@idx                            cstackBANK0  000064
I2C1_SetCallback@ptr                            cstackBANK0  000062
I2C1_SetDataCompleteCallback@cb                 cstackBANK0  000065
I2C1_SetDataCompleteCallback@ptr                cstackBANK0  000067
I2C1_SetInterruptHandler@InterruptHandler       cstackBANK0  000060
IOCAF0_SetInterruptHandler@InterruptHandler     cstackBANK0  000060
TMR2_SetInterruptHandler@InterruptHandler       cstackBANK0  000060
TMR4_SetInterruptHandler@InterruptHandler       cstackBANK0  000060
_ANSELA                                         (abs)        000F11
_ANSELB                                         (abs)        000F19
_ANSELC                                         (abs)        000F21
_BAUD1CON                                       (abs)        000F9F
_EUSART1_DefaultErrorHandler                    text97       008B84
_EUSART1_DefaultFramingErrorHandler             text96       008BD8
_EUSART1_DefaultOverrunErrorHandler             text95       008B7E
_EUSART1_ErrorHandler                           nvBANK2      0002AA
_EUSART1_FramingErrorHandler                    nvBANK2      0002AE
_EUSART1_Initialize                             text75       007C18
_EUSART1_OverrunErrorHandler                    nvBANK2      0002AC
_EUSART1_Read                                   text99       0082A0
_EUSART1_Receive_ISR                            text90       00781E
_EUSART1_RxDataHandler                          text98       0087BE
_EUSART1_RxDefaultInterruptHandler              nvBANK1      0001FE
_EUSART1_SetErrorHandler                        text80       008B0E
_EUSART1_SetFramingErrorHandler                 text79       008B04
_EUSART1_SetOverrunErrorHandler                 text78       008AFA
_EUSART1_SetRxInterruptHandler                  text77       008AF0
_EUSART1_SetTxInterruptHandler                  text76       008AE6
_EUSART1_Transmit_ISR                           text138      0084E2
_EUSART1_TxDefaultInterruptHandler              nvCOMRAM     000059
_EUSART1_Write                                  text36       008140
_EUSART1_is_rx_ready                            text94       008A2E
_I2C1_CallbackReturnReset                       text126      008BC4
_I2C1_CallbackReturnStop                        text127      008BC8
_I2C1_Close                                     text56       008674
_I2C1_DO_ADDRESS_NACK                           text103      0080DA
_I2C1_DO_IDLE                                   text117      008AB2
_I2C1_DO_RCEN                                   text112      008AA6
_I2C1_DO_RESET                                  text104      008A9A
_I2C1_DO_RX                                     text113      007ADA
_I2C1_DO_RX_ACK                                 text107      008B30
_I2C1_DO_RX_NACK_RESTART                        text105      008B20
_I2C1_DO_RX_NACK_STOP                           text106      008B28
_I2C1_DO_SEND_ADR_READ                          text116      008A7C
_I2C1_DO_SEND_ADR_WRITE                         text115      008A6C
_I2C1_DO_SEND_RESTART                           text109      008B40
_I2C1_DO_SEND_RESTART_READ                      text111      008B50
_I2C1_DO_SEND_RESTART_WRITE                     text110      008B48
_I2C1_DO_SEND_STOP                              text108      008B38
_I2C1_DO_TX                                     text114      00775A
_I2C1_DO_TX_EMPTY                               text118      007E9E
_I2C1_Initialize                                text74       008A44
_I2C1_MasterClearIrq                            text59       008B6C
_I2C1_MasterClose                               text58       008BAC
_I2C1_MasterDisableIrq                          text57       008B66
_I2C1_MasterEnableIrq                           text52       008B60
_I2C1_MasterEnableRestart                       text137      008BD0
_I2C1_MasterFsm                                 text101      007F94
_I2C1_MasterGetRxData                           text123      008BBC
_I2C1_MasterIsNack                              text120      008A58
_I2C1_MasterIsr                                 text100      008B8A
_I2C1_MasterOpen                                text51       008956
_I2C1_MasterOperation                           text54       0082F2
_I2C1_MasterSendAck                             text122      008B9C
_I2C1_MasterSendNack                            text124      008BA2
_I2C1_MasterSendTxData                          text121      008B58
_I2C1_MasterSetIrq                              text119      008B96
_I2C1_MasterStart                               text55       008BA8
_I2C1_MasterStartRx                             text125      008BC0
_I2C1_MasterStop                                text136      008BCC
_I2C1_MasterWrite                               text53       008B18
_I2C1_Open                                      text49       00798C
_I2C1_Read1ByteRegister                         text44       007C9E
_I2C1_SetAddressNackCallback                    text47       0089E6
_I2C1_SetBuffer                                 text46       00890E
_I2C1_SetCallback                               text48       007E20
_I2C1_SetDataCompleteCallback                   text45       0089CE
_I2C1_SetInterruptHandler                       text50       008ABE
_I2C1_Status                                    bssBANK2     000200
_INLVLA                                         (abs)        000F0D
_INLVLB                                         (abs)        000F15
_INLVLC                                         (abs)        000F1D
_INLVLE                                         (abs)        000F2A
_INTCONbits                                     (abs)        000FF2
_INTERRUPT_Initialize                           text73       008BB8
_INTERRUPT_InterruptManager                     intcode      000008
_IOCAF0_DefaultInterruptHandler                 (abs)        000000
_IOCAF0_InterruptHandler                        nvCOMRAM     00005B
_IOCAF0_SetInterruptHandler                     text71       008ADC
_IOCAFbits                                      (abs)        000F0A
_IOCANbits                                      (abs)        000F0B
_IOCAPbits                                      (abs)        000F0C
_Interrupt_Handler_Initialize                   text81       0086A4
_LATA                                           (abs)        000F83
_LATAbits                                       (abs)        000F83
_LATB                                           (abs)        000F84
_LATBbits                                       (abs)        000F84
_LATC                                           (abs)        000F85
_LATCbits                                       (abs)        000F85
_MSSP1_InterruptHandler                         bssCOMRAM    000048
_ODCONA                                         (abs)        000F0F
_ODCONB                                         (abs)        000F17
_ODCONBbits                                     (abs)        000F17
_ODCONC                                         (abs)        000F1F
_OSCCON1                                        (abs)        000ED8
_OSCCON3                                        (abs)        000EDA
_OSCEN                                          (abs)        000EDC
_OSCFRQ                                         (abs)        000EDE
_OSCILLATOR_Initialize                          text72       0089FE
_OSCTUNE                                        (abs)        000EDD
_PIE3bits                                       (abs)        000EC5
_PIE4bits                                       (abs)        000EC6
_PIN_MANAGER_Initialize                         text70       007D20
_PIR3bits                                       (abs)        000ECD
_PIR4bits                                       (abs)        000ECE
_PMD0                                           (abs)        000EE1
_PMD1                                           (abs)        000EE2
_PMD2                                           (abs)        000EE3
_PMD3                                           (abs)        000EE4
_PMD4                                           (abs)        000EE5
_PMD5                                           (abs)        000EE6
_PMD_Initialize                                 text69       00899A
_PORTAbits                                      (abs)        000F8D
_PR2                                            (abs)        000FBC
_PR4                                            (abs)        000FB6
_RC1REG                                         (abs)        000F99
_RC1STA                                         (abs)        000F9D
_RC1STAbits                                     (abs)        000F9D
_RC3PPS                                         (abs)        000EFA
_RC4PPS                                         (abs)        000EFB
_RC6PPS                                         (abs)        000EFD
_RX1PPS                                         (abs)        000EB5
_Rx1_ISR                                        text91       006CD8
_SLRCONA                                        (abs)        000F0E
_SLRCONB                                        (abs)        000F16
_SLRCONC                                        (abs)        000F1E
_SP1BRGH                                        (abs)        000F9C
_SP1BRGL                                        (abs)        000F9B
_SSP1ADD                                        (abs)        000F93
_SSP1BUF                                        (abs)        000F92
_SSP1CLKPPS                                     (abs)        000EB7
_SSP1CON1                                       (abs)        000F96
_SSP1CON1bits                                   (abs)        000F96
_SSP1CON2                                       (abs)        000F97
_SSP1CON2bits                                   (abs)        000F97
_SSP1DATPPS                                     (abs)        000EB8
_SSP1STAT                                       (abs)        000F95
_SSP1STATbits                                   (abs)        000F95
_SYSTEM_Initialize                              text64       008978
_T2CLKCON                                       (abs)        000FBF
_T2CON                                          (abs)        000FBD
_T2CONbits                                      (abs)        000FBD
_T2HLT                                          (abs)        000FBE
_T2HLTbits                                      (abs)        000FBE
_T2PR                                           (abs)        000FBC
_T2RST                                          (abs)        000FC0
_T2RSTbits                                      (abs)        000FC0
_T2TMR                                          (abs)        000FBB
_T4CLKCON                                       (abs)        000FB9
_T4CON                                          (abs)        000FB7
_T4CONbits                                      (abs)        000FB7
_T4HLT                                          (abs)        000FB8
_T4HLTbits                                      (abs)        000FB8
_T4PR                                           (abs)        000FB6
_T4RST                                          (abs)        000FBA
_T4RSTbits                                      (abs)        000FBA
_T4TMR                                          (abs)        000FB5
_TMR2                                           (abs)        000FBB
_TMR2_DefaultInterruptHandler                   text86       008BD6
_TMR2_ISR                                       text85       008704
_TMR2_Initialize                                text67       008790
_TMR2_InterruptHandler                          nvCOMRAM     000057
_TMR2_SetInterruptHandler                       text68       008AD2
_TMR2_Start                                     text63       008BB4
_TMR2_StartTimer                                text62       008B78
_TMR4                                           (abs)        000FB5
_TMR4_DefaultInterruptHandler                   text84       008BD4
_TMR4_ISR                                       text83       0086D4
_TMR4_Initialize                                text65       008762
_TMR4_InterruptHandler                          nvCOMRAM     000055
_TMR4_SetInterruptHandler                       text66       008AC8
_TMR4_Start                                     text61       008BB0
_TMR4_StartTimer                                text60       008B72
_TRISA                                          (abs)        000F88
_TRISB                                          (abs)        000F89
_TRISC                                          (abs)        000F8A
_TX1REG                                         (abs)        000F9A
_TX1STA                                         (abs)        000F9E
_TX1STAbits                                     (abs)        000F9E
_WPUA                                           (abs)        000F10
_WPUB                                           (abs)        000F18
_WPUC                                           (abs)        000F20
_WPUE                                           (abs)        000F2D
__HRAM                                          (abs)        000000
__Habs1                                         abs1         000000
__Hbank0                                        bank0        000000
__Hbank1                                        bank1        000000
__Hbank10                                       bank10       000000
__Hbank11                                       bank11       000000
__Hbank12                                       bank12       000000
__Hbank13                                       bank13       000000
__Hbank14                                       bank14       000000
__Hbank2                                        bank2        000000
__Hbank3                                        bank3        000000
__Hbank4                                        bank4        000000
__Hbank5                                        bank5        000000
__Hbank6                                        bank6        000000
__Hbank7                                        bank7        000000
__Hbank8                                        bank8        000000
__Hbank9                                        bank9        000000
__Hbigbss                                       bigbss       000000
__Hbigdata                                      bigdata      000000
__Hbigram                                       bigram       000000
__Hbigsfr                                       bigsfr       000000
__Hbss                                          bss          000000
__HbssBANK0                                     bssBANK0     000000
__HbssBANK1                                     bssBANK1     000000
__HbssBANK2                                     bssBANK2     000000
__HbssCOMRAM                                    bssCOMRAM    000000
__Hcinit                                        cinit        000000
__Hclrtext                                      clrtext      000000
__Hcomram                                       comram       000000
__Hconfig                                       config       30000C
__Hconst                                        const        000000
__HcstackBANK0                                  cstackBANK0  000000
__HcstackBANK1                                  cstackBANK1  000000
__HcstackCOMRAM                                 cstackCOMRAM 000000
__Hdata                                         data         000000
__Heeprom_data                                  eeprom_data  000000
__Hfarbss                                       farbss       000000
__Hfardata                                      fardata      000000
__Hheap                                         heap         000000
__Hibigdata                                     ibigdata     000000
__Hidata                                        idata        000000
__Hidloc                                        idloc        200010
__Hifardata                                     ifardata     000000
__Hinit                                         init         000184
__Hintcode                                      intcode      000180
__Hintcode_body                                 intcode_body 000000
__Hintcodelo                                    intcodelo    000180
__Hintentry                                     intentry     000000
__Hintret                                       intret       000000
__Hintsave_regs                                 intsave_regs 000000
__Hirdata                                       irdata       000000
__Hmediumconst                                  mediumconst  000000
__HnvBANK1                                      nvBANK1      000000
__HnvBANK2                                      nvBANK2      000000
__HnvCOMRAM                                     nvCOMRAM     000000
__HnvFARRAM                                     nvFARRAM     000000
__Hnvbit                                        nvbit        000000
__Hnvrram                                       nvrram       000000
__Hparam                                        rparam       000000
__Hpowerup                                      powerup      000180
__Hram                                          ram          000000
__Hramtop                                       ramtop       000F00
__Hrbit                                         rbit         000000
__Hrbss                                         rbss         000000
__Hrdata                                        rdata        000000
__Hreset_vec                                    reset_vec    000004
__Hrparam                                       rparam       000000
__Hsfr                                          sfr          000000
__Hsmallconst                                   smallconst   000FB2
__Hspace_0                                      (abs)        008BDA
__Hspace_1                                      (abs)        0002B0
__Hspace_2                                      (abs)        000000
__Hspace_4                                      (abs)        60000C
__Hstack                                        stack        000000
__Hstruct                                       struct       000000
__Htemp                                         temp         00005F
__Htext                                         text         000000
__Htext0                                        text0        000000
__Htext1                                        text1        000000
__Htext10                                       text10       000000
__Htext100                                      text100      000000
__Htext101                                      text101      000000
__Htext102                                      text102      000000
__Htext103                                      text103      000000
__Htext104                                      text104      000000
__Htext105                                      text105      000000
__Htext106                                      text106      000000
__Htext107                                      text107      000000
__Htext108                                      text108      000000
__Htext109                                      text109      000000
__Htext11                                       text11       000000
__Htext110                                      text110      000000
__Htext111                                      text111      000000
__Htext112                                      text112      000000
__Htext113                                      text113      000000
__Htext114                                      text114      000000
__Htext115                                      text115      000000
__Htext116                                      text116      000000
__Htext117                                      text117      000000
__Htext118                                      text118      000000
__Htext119                                      text119      000000
__Htext12                                       text12       000000
__Htext120                                      text120      000000
__Htext121                                      text121      000000
__Htext122                                      text122      000000
__Htext123                                      text123      000000
__Htext124                                      text124      000000
__Htext125                                      text125      000000
__Htext126                                      text126      000000
__Htext127                                      text127      000000
__Htext128                                      text128      000000
__Htext129                                      text129      000000
__Htext13                                       text13       000000
__Htext130                                      text130      000000
__Htext131                                      text131      000000
__Htext132                                      text132      000000
__Htext133                                      text133      000000
__Htext134                                      text134      000000
__Htext135                                      text135      000000
__Htext136                                      text136      000000
__Htext137                                      text137      000000
__Htext138                                      text138      000000
__Htext139                                      text139      000000
__Htext14                                       text14       000000
__Htext15                                       text15       000000
__Htext16                                       text16       000000
__Htext17                                       text17       000000
__Htext18                                       text18       000000
__Htext19                                       text19       000000
__Htext2                                        text2        000000
__Htext20                                       text20       000000
__Htext21                                       text21       000000
__Htext22                                       text22       000000
__Htext23                                       text23       000000
__Htext24                                       text24       000000
__Htext25                                       text25       000000
__Htext26                                       text26       000000
__Htext27                                       text27       000000
__Htext28                                       text28       000000
__Htext29                                       text29       000000
__Htext3                                        text3        000000
__Htext30                                       text30       000000
__Htext31                                       text31       000000
__Htext32                                       text32       000000
__Htext33                                       text33       000000
__Htext34                                       text34       000000
__Htext35                                       text35       000000
__Htext36                                       text36       000000
__Htext37                                       text37       000000
__Htext38                                       text38       000000
__Htext39                                       text39       000000
__Htext4                                        text4        000000
__Htext40                                       text40       000000
__Htext41                                       text41       000000
__Htext42                                       text42       000000
__Htext43                                       text43       000000
__Htext44                                       text44       000000
__Htext45                                       text45       000000
__Htext46                                       text46       000000
__Htext47                                       text47       000000
__Htext48                                       text48       000000
__Htext49                                       text49       000000
__Htext5                                        text5        000000
__Htext50                                       text50       000000
__Htext51                                       text51       000000
__Htext52                                       text52       000000
__Htext53                                       text53       000000
__Htext54                                       text54       000000
__Htext55                                       text55       000000
__Htext56                                       text56       000000
__Htext57                                       text57       000000
__Htext58                                       text58       000000
__Htext59                                       text59       000000
__Htext6                                        text6        000000
__Htext60                                       text60       000000
__Htext61                                       text61       000000
__Htext62                                       text62       000000
__Htext63                                       text63       000000
__Htext64                                       text64       000000
__Htext65                                       text65       000000
__Htext66                                       text66       000000
__Htext67                                       text67       000000
__Htext68                                       text68       000000
__Htext69                                       text69       000000
__Htext7                                        text7        000000
__Htext70                                       text70       000000
__Htext71                                       text71       000000
__Htext72                                       text72       000000
__Htext73                                       text73       000000
__Htext74                                       text74       000000
__Htext75                                       text75       000000
__Htext76                                       text76       000000
__Htext77                                       text77       000000
__Htext78                                       text78       000000
__Htext79                                       text79       000000
__Htext8                                        text8        000000
__Htext80                                       text80       000000
__Htext81                                       text81       000000
__Htext83                                       text83       000000
__Htext84                                       text84       000000
__Htext85                                       text85       000000
__Htext86                                       text86       000000
__Htext87                                       text87       000000
__Htext88                                       text88       000000
__Htext89                                       text89       000000
__Htext9                                        text9        000000
__Htext90                                       text90       000000
__Htext91                                       text91       000000
__Htext92                                       text92       000000
__Htext93                                       text93       000000
__Htext94                                       text94       000000
__Htext95                                       text95       000000
__Htext96                                       text96       000000
__Htext97                                       text97       000000
__Htext98                                       text98       000000
__Htext99                                       text99       000000
__LRAM                                          (abs)        000001
__Labs1                                         abs1         000000
__Lbank0                                        bank0        000000
__Lbank1                                        bank1        000000
__Lbank10                                       bank10       000000
__Lbank11                                       bank11       000000
__Lbank12                                       bank12       000000
__Lbank13                                       bank13       000000
__Lbank14                                       bank14       000000
__Lbank2                                        bank2        000000
__Lbank3                                        bank3        000000
__Lbank4                                        bank4        000000
__Lbank5                                        bank5        000000
__Lbank6                                        bank6        000000
__Lbank7                                        bank7        000000
__Lbank8                                        bank8        000000
__Lbank9                                        bank9        000000
__Lbigbss                                       bigbss       000000
__Lbigdata                                      bigdata      000000
__Lbigram                                       bigram       000000
__Lbigsfr                                       bigsfr       000000
__Lbss                                          bss          000000
__LbssBANK0                                     bssBANK0     000000
__LbssBANK1                                     bssBANK1     000000
__LbssBANK2                                     bssBANK2     000000
__LbssCOMRAM                                    bssCOMRAM    000000
__Lcinit                                        cinit        000000
__Lclrtext                                      clrtext      000000
__Lcomram                                       comram       000000
__Lconfig                                       config       000000
__Lconst                                        const        000000
__LcstackBANK0                                  cstackBANK0  000000
__LcstackBANK1                                  cstackBANK1  000000
__LcstackCOMRAM                                 cstackCOMRAM 000000
__Ldata                                         data         000000
__Leeprom_data                                  eeprom_data  000000
__Lfarbss                                       farbss       000000
__Lfardata                                      fardata      000000
__Lheap                                         heap         000000
__Libigdata                                     ibigdata     000000
__Lidata                                        idata        000000
__Lidloc                                        idloc        000000
__Lifardata                                     ifardata     000000
__Linit                                         init         000180
__Lintcode                                      intcode      000008
__Lintcode_body                                 intcode_body 000000
__Lintcodelo                                    intcodelo    000180
__Lintentry                                     intentry     000000
__Lintret                                       intret       000000
__Lintsave_regs                                 intsave_regs 000000
__Lirdata                                       irdata       000000
__Lmediumconst                                  mediumconst  000000
__LnvBANK1                                      nvBANK1      000000
__LnvBANK2                                      nvBANK2      000000
__LnvCOMRAM                                     nvCOMRAM     000000
__LnvFARRAM                                     nvFARRAM     000000
__Lnvbit                                        nvbit        000000
__Lnvrram                                       nvrram       000000
__Lparam                                        rparam       000000
__Lpowerup                                      powerup      000180
__Lram                                          ram          000000
__Lramtop                                       ramtop       000F00
__Lrbit                                         rbit         000000
__Lrbss                                         rbss         000000
__Lrdata                                        rdata        000000
__Lreset_vec                                    reset_vec    000000
__Lrparam                                       rparam       000000
__Lsfr                                          sfr          000000
__Lsmallconst                                   smallconst   000F00
__Lspace_0                                      (abs)        000000
__Lspace_1                                      (abs)        000000
__Lspace_2                                      (abs)        000000
__Lspace_4                                      (abs)        000000
__Lstack                                        stack        000000
__Lstruct                                       struct       000000
__Ltemp                                         temp         00005E
__Ltext                                         text         000000
__Ltext0                                        text0        000000
__Ltext1                                        text1        000000
__Ltext10                                       text10       000000
__Ltext100                                      text100      000000
__Ltext101                                      text101      000000
__Ltext102                                      text102      000000
__Ltext103                                      text103      000000
__Ltext104                                      text104      000000
__Ltext105                                      text105      000000
__Ltext106                                      text106      000000
__Ltext107                                      text107      000000
__Ltext108                                      text108      000000
__Ltext109                                      text109      000000
__Ltext11                                       text11       000000
__Ltext110                                      text110      000000
__Ltext111                                      text111      000000
__Ltext112                                      text112      000000
__Ltext113                                      text113      000000
__Ltext114                                      text114      000000
__Ltext115                                      text115      000000
__Ltext116                                      text116      000000
__Ltext117                                      text117      000000
__Ltext118                                      text118      000000
__Ltext119                                      text119      000000
__Ltext12                                       text12       000000
__Ltext120                                      text120      000000
__Ltext121                                      text121      000000
__Ltext122                                      text122      000000
__Ltext123                                      text123      000000
__Ltext124                                      text124      000000
__Ltext125                                      text125      000000
__Ltext126                                      text126      000000
__Ltext127                                      text127      000000
__Ltext128                                      text128      000000
__Ltext129                                      text129      000000
__Ltext13                                       text13       000000
__Ltext130                                      text130      000000
__Ltext131                                      text131      000000
__Ltext132                                      text132      000000
__Ltext133                                      text133      000000
__Ltext134                                      text134      000000
__Ltext135                                      text135      000000
__Ltext136                                      text136      000000
__Ltext137                                      text137      000000
__Ltext138                                      text138      000000
__Ltext139                                      text139      000000
__Ltext14                                       text14       000000
__Ltext15                                       text15       000000
__Ltext16                                       text16       000000
__Ltext17                                       text17       000000
__Ltext18                                       text18       000000
__Ltext19                                       text19       000000
__Ltext2                                        text2        000000
__Ltext20                                       text20       000000
__Ltext21                                       text21       000000
__Ltext22                                       text22       000000
__Ltext23                                       text23       000000
__Ltext24                                       text24       000000
__Ltext25                                       text25       000000
__Ltext26                                       text26       000000
__Ltext27                                       text27       000000
__Ltext28                                       text28       000000
__Ltext29                                       text29       000000
__Ltext3                                        text3        000000
__Ltext30                                       text30       000000
__Ltext31                                       text31       000000
__Ltext32                                       text32       000000
__Ltext33                                       text33       000000
__Ltext34                                       text34       000000
__Ltext35                                       text35       000000
__Ltext36                                       text36       000000
__Ltext37                                       text37       000000
__Ltext38                                       text38       000000
__Ltext39                                       text39       000000
__Ltext4                                        text4        000000
__Ltext40                                       text40       000000
__Ltext41                                       text41       000000
__Ltext42                                       text42       000000
__Ltext43                                       text43       000000
__Ltext44                                       text44       000000
__Ltext45                                       text45       000000
__Ltext46                                       text46       000000
__Ltext47                                       text47       000000
__Ltext48                                       text48       000000
__Ltext49                                       text49       000000
__Ltext5                                        text5        000000
__Ltext50                                       text50       000000
__Ltext51                                       text51       000000
__Ltext52                                       text52       000000
__Ltext53                                       text53       000000
__Ltext54                                       text54       000000
__Ltext55                                       text55       000000
__Ltext56                                       text56       000000
__Ltext57                                       text57       000000
__Ltext58                                       text58       000000
__Ltext59                                       text59       000000
__Ltext6                                        text6        000000
__Ltext60                                       text60       000000
__Ltext61                                       text61       000000
__Ltext62                                       text62       000000
__Ltext63                                       text63       000000
__Ltext64                                       text64       000000
__Ltext65                                       text65       000000
__Ltext66                                       text66       000000
__Ltext67                                       text67       000000
__Ltext68                                       text68       000000
__Ltext69                                       text69       000000
__Ltext7                                        text7        000000
__Ltext70                                       text70       000000
__Ltext71                                       text71       000000
__Ltext72                                       text72       000000
__Ltext73                                       text73       000000
__Ltext74                                       text74       000000
__Ltext75                                       text75       000000
__Ltext76                                       text76       000000
__Ltext77                                       text77       000000
__Ltext78                                       text78       000000
__Ltext79                                       text79       000000
__Ltext8                                        text8        000000
__Ltext80                                       text80       000000
__Ltext81                                       text81       000000
__Ltext83                                       text83       000000
__Ltext84                                       text84       000000
__Ltext85                                       text85       000000
__Ltext86                                       text86       000000
__Ltext87                                       text87       000000
__Ltext88                                       text88       000000
__Ltext89                                       text89       000000
__Ltext9                                        text9        000000
__Ltext90                                       text90       000000
__Ltext91                                       text91       000000
__Ltext92                                       text92       000000
__Ltext93                                       text93       000000
__Ltext94                                       text94       000000
__Ltext95                                       text95       000000
__Ltext96                                       text96       000000
__Ltext97                                       text97       000000
__Ltext98                                       text98       000000
__Ltext99                                       text99       000000
__S0                                            (abs)        008BDA
__S1                                            (abs)        0002B0
__S4                                            (abs)        000000
__S5                                            (abs)        000000
___fladd                                        text27       0044F6
___fladd@a                                      cstackBANK0  000072
___fladd@aexp                                   cstackBANK0  00007B
___fladd@b                                      cstackBANK0  00006E
___fladd@bexp                                   cstackBANK0  00007C
___fladd@grs                                    cstackBANK0  00007D
___fladd@signs                                  cstackBANK0  00007A
___fldiv                                        text32       005F2A
[...]
powf@hx                                         cstackBANK1  000160
powf@hy                                         cstackBANK1  000184
powf@i                                          cstackBANK1  00012C
powf@is                                         cstackBANK1  000190
powf@ix                                         cstackBANK1  0001A8
powf@iy                                         cstackBANK1  000198
powf@j                                          cstackBANK1  0001AC
powf@k                                          cstackBANK1  0001A0
powf@n                                          cstackBANK1  00017C
powf@p_h                                        cstackBANK1  00019C
powf@p_l                                        cstackBANK1  000164
powf@r                                          cstackBANK1  00014C
powf@s                                          cstackBANK1  00015C
powf@s2                                         cstackBANK1  00018C
powf@s_h                                        cstackBANK1  00016C
powf@s_l                                        cstackBANK1  000130
powf@sn                                         cstackBANK1  000188
powf@t                                          cstackBANK1  0001B0
powf@t1                                         cstackBANK1  000180
powf@t2                                         cstackBANK1  00011C
powf@t_h                                        cstackBANK1  000168
powf@t_l                                        cstackBANK1  000134
powf@u                                          cstackBANK1  000174
powf@v                                          cstackBANK1  000178
powf@w                                          cstackBANK1  000144
powf@x                                          cstackBANK0  0000D8
powf@y                                          cstackBANK0  0000DC
powf@y1                                         cstackBANK1  000128
powf@yisint                                     cstackBANK1  000150
powf@z                                          cstackBANK1  0001B4
powf@z_h                                        cstackBANK1  000120
powf@z_l                                        cstackBANK1  000124
printf@ap                                       cstackBANK0  0000F7
printf@fmt                                      cstackBANK0  0000F1
putch@txData                                    cstackBANK0  000061
rd1RegCompleteHandler@ptr                       cstackCOMRAM 00000A
rd2RegCompleteHandler@ptr                       cstackCOMRAM 00000A
rdBlkRegCompleteHandler@ptr                     cstackCOMRAM 00000A
scalbnf@n                                       cstackBANK0  00009B
scalbnf@u                                       cstackBANK0  0000A1
scalbnf@x                                       cstackBANK0  000097
scalbnf@y                                       cstackBANK0  0000A5
sensor_read@conv                                cstackBANK0  0000FB
set_thresh@temp                                 cstackBANK0  00006E
set_thresh@windSpeed                            cstackBANK0  000070
sqrtf@__xc8_float_word                          cstackBANK0  0000BC
sqrtf@i                                         cstackBANK0  0000B8
sqrtf@ix                                        cstackBANK0  0000D4
sqrtf@m                                         cstackBANK0  0000CC
sqrtf@q                                         cstackBANK0  0000C0
sqrtf@r                                         cstackBANK0  0000D0
sqrtf@s                                         cstackBANK0  0000B4
sqrtf@t                                         cstackBANK0  0000C4
sqrtf@x                                         cstackBANK0  0000AB
sqrtf@z                                         cstackBANK0  0000C8
stackhi                                         (abs)        000000
stacklo                                         (abs)        000000
start                                           init         000180
start_initialization                            cinit        008610
strcpy@d                                        cstackBANK0  000066
strcpy@dest                                     cstackBANK0  000060
strcpy@s                                        cstackBANK0  000064
strcpy@src                                      cstackBANK0  000062
tempRead@convert                                cstackBANK0  00009B
tempRead@data                                   cstackBANK0  0000A0
thresh_counter@triggerAdd                       cstackBANK0  0000AB
thresh_counter@triggerReduce                    cstackBANK0  0000AC
ttemp5                                          temp         00005F
ttemp6                                          temp         000062
ttemp7                                          temp         000066
vfpfcnvrt@ap                                    cstackBANK0  0000D9
vfpfcnvrt@c                                     cstackBANK0  0000E6
vfpfcnvrt@convarg                               cstackBANK0  0000DE
vfpfcnvrt@cp                                    cstackBANK0  0000E7
vfpfcnvrt@fmt                                   cstackBANK0  0000D7
vfpfcnvrt@fp                                    cstackBANK0  0000D5
vfprintf@ap                                     cstackBANK0  0000ED
vfprintf@cfmt                                   cstackBANK0  0000EF
vfprintf@fmt                                    cstackBANK0  0000EB
vfprintf@fp                                     cstackBANK0  0000E9
windSpeedCalc@dt                                cstackBANK1  0001D4
windSpeedCalc@dw                                cstackBANK1  0001D0
windSpeedCalc@dw_dt                             cstackBANK1  0001CC
windSpeedCalc@linearVel                         cstackBANK1  0001BC
windSpeedCalc@power                             cstackBANK0  0000ED
windSpeedCalc@time                              cstackBANK0  0000E9
wr1RegCompleteHandler@ptr                       cstackCOMRAM 00000A
wr2RegCompleteHandler@ptr                       cstackCOMRAM 00000A
wtemp8                                          temp         00005F


MODULE INFORMATION

Module		Function		Class		Link	Load	Size
C:\Program Files\Microchip\xc8\v2.40\pic\sources\c99\common\sprcmul.c
		___flmul       		CODE           	5338	0000	1068

C:\Program Files\Microchip\xc8\v2.40\pic\sources\c99\common\sprcmul.c estimated size: 1068

C:\Program Files\Microchip\xc8\v2.40\pic\sources\c99\common\nf_fputc.c
		_fputc         		CODE           	7B80	0000	152

C:\Program Files\Microchip\xc8\v2.40\pic\sources\c99\common\nf_fputc.c estimated size: 152

C:\Program Files\Microchip\xc8\v2.40\pic\sources\c99\common\sprcdiv.c
		___fldiv       		CODE           	5F2A	0000	924

C:\Program Files\Microchip\xc8\v2.40\pic\sources\c99\common\sprcdiv.c estimated size: 924

mcc_generated_files/examples/i2c1_master_example.c
		_wr1RegCompleteHandler		CODE           	87EA	0000	44
		_wr2RegCompleteHandler		CODE           	886E	0000	44
		_rdBlkRegCompleteHandler		CODE           	8524	0000	64
		_rd1RegCompleteHandler		CODE           	8842	0000	44
		_rd2RegCompleteHandler		CODE           	8816	0000	44
		_I2C1_Read1ByteRegister		CODE           	7C9E	0000	130

mcc_generated_files/examples/i2c1_master_example.c estimated size: 370

C:\Program Files\Microchip\xc8\v2.40\pic\sources\c99\common\sqrtf.c
		_sqrtf         		CODE           	49B8	0000	1216

C:\Program Files\Microchip\xc8\v2.40\pic\sources\c99\common\sqrtf.c estimated size: 1216

C:\Program Files\Microchip\xc8\v2.40\pic\sources\c99\common\memcpy.c
		_memcpy        		CODE           	824E	0000	82

C:\Program Files\Microchip\xc8\v2.40\pic\sources\c99\common\memcpy.c estimated size: 82

C:\Program Files\Microchip\xc8\v2.40\pic\sources\c99\common\fltol.c
		___fltol       		CODE           	71B4	0000	264

C:\Program Files\Microchip\xc8\v2.40\pic\sources\c99\common\fltol.c estimated size: 264

C:\Program Files\Microchip\xc8\v2.40\pic\sources\c99\common\scalbnf.c
		_scalbnf       		CODE           	6574	0000	574

C:\Program Files\Microchip\xc8\v2.40\pic\sources\c99\common\scalbnf.c estimated size: 574

C:\Program Files\Microchip\xc8\v2.40\pic\sources\c99\common\isspace.c
		_isspace       		CODE           	83CE	0000	72

C:\Program Files\Microchip\xc8\v2.40\pic\sources\c99\common\isspace.c estimated size: 72

mcc_generated_files/tmr4.c
		_TMR4_ISR      		CODE           	86D4	0000	48
		_TMR4_Initialize		CODE           	8762	0000	46
		_TMR4_Start    		CODE           	8BB0	0000	4
		_TMR4_SetInterruptHandler		CODE           	8AC8	0000	10
		_TMR4_DefaultInterruptHandler		CODE           	8BD4	0000	2
		_TMR4_StartTimer		CODE           	8B72	0000	6

mcc_generated_files/tmr4.c estimated size: 116

C:\Program Files\Microchip\xc8\v2.40\pic\sources\c99\common\atoi.c
		_atoi          		CODE           	6B80	0000	344

C:\Program Files\Microchip\xc8\v2.40\pic\sources\c99\common\atoi.c estimated size: 344

mcc_generated_files/i2c1_master.c
		_I2C1_DO_SEND_RESTART		CODE           	8B40	0000	8
		_I2C1_DO_TX_EMPTY		CODE           	7E9E	0000	124
		_I2C1_DO_SEND_RESTART_READ		CODE           	8B50	0000	8
		_I2C1_CallbackReturnStop		CODE           	8BC8	0000	4
		_I2C1_DO_RX    		CODE           	7ADA	0000	166
		_I2C1_DO_TX    		CODE           	775A	0000	196
		_I2C1_SetAddressNackCallback		CODE           	89E6	0000	24
		_I2C1_DO_IDLE  		CODE           	8AB2	0000	12
		_I2C1_MasterOpen		CODE           	8956	0000	34
		_I2C1_DO_RCEN  		CODE           	8AA6	0000	12
		_I2C1_MasterSendTxData		CODE           	8B58	0000	8
		_I2C1_MasterStop		CODE           	8BCC	0000	4
		_I2C1_CallbackReturnReset		CODE           	8BC4	0000	4
		_I2C1_DO_RESET 		CODE           	8A9A	0000	12
		_I2C1_MasterStartRx		CODE           	8BC0	0000	4
		_I2C1_DO_RX_ACK		CODE           	8B30	0000	8
		_I2C1_MasterSendNack		CODE           	8BA2	0000	6
		_I2C1_DO_RX_NACK_RESTART		CODE           	8B20	0000	8
		_I2C1_MasterDisableIrq		CODE           	8B66	0000	6
		_I2C1_MasterOperation		CODE           	82F2	0000	76
		_I2C1_SetCallback		CODE           	7E20	0000	126
		_I2C1_MasterEnableRestart		CODE           	8BD0	0000	4
		_I2C1_Open     		CODE           	798C	0000	168
		_I2C1_DO_ADDRESS_NACK		CODE           	80DA	0000	102
		_I2C1_SetBuffer		CODE           	890E	0000	36
		_I2C1_DO_SEND_RESTART_WRITE		CODE           	8B48	0000	8
		_I2C1_MasterClose		CODE           	8BAC	0000	4
		_I2C1_MasterWrite		CODE           	8B18	0000	8
		_I2C1_Initialize		CODE           	8A44	0000	20
		_I2C1_Close    		CODE           	8674	0000	48
		_I2C1_MasterIsNack		CODE           	8A58	0000	20
		_I2C1_MasterStart		CODE           	8BA8	0000	4
		_I2C1_DO_SEND_ADR_WRITE		CODE           	8A6C	0000	16
		_I2C1_MasterClearIrq		CODE           	8B6C	0000	6
		_I2C1_SetDataCompleteCallback		CODE           	89CE	0000	24
		_I2C1_DO_SEND_STOP		CODE           	8B38	0000	8
		_I2C1_MasterSendAck		CODE           	8B9C	0000	6
		_I2C1_MasterFsm		CODE           	7F94	0000	112
		_I2C1_MasterIsr		CODE           	8B8A	0000	6
		_I2C1_MasterGetRxData		CODE           	8BBC	0000	4
		_I2C1_SetInterruptHandler		CODE           	8ABE	0000	10
		_I2C1_MasterSetIrq		CODE           	8B96	0000	6
		_I2C1_DO_SEND_ADR_READ		CODE           	8A7C	0000	16
		_I2C1_MasterEnableIrq		CODE           	8B60	0000	6
		_I2C1_DO_RX_NACK_STOP		CODE           	8B28	0000	8

mcc_generated_files/i2c1_master.c estimated size: 1500

C:\Program Files\Microchip\xc8\v2.40\pic\sources\c99\common\Umul16.c
		___wmul        		CODE           	88C2	0000	40

C:\Program Files\Microchip\xc8\v2.40\pic\sources\c99\common\Umul16.c estimated size: 40

C:\Program Files\Microchip\xc8\v2.40\pic\sources\c99\common\fleq.c
		___fleq        		CODE           	78E0	0000	172

C:\Program Files\Microchip\xc8\v2.40\pic\sources\c99\common\fleq.c estimated size: 172

mcc_generated_files/tmr2.c
		_TMR2_ISR      		CODE           	8704	0000	48
		_TMR2_Initialize		CODE           	8790	0000	46
		_TMR2_Start    		CODE           	8BB4	0000	4
		_TMR2_SetInterruptHandler		CODE           	8AD2	0000	10
		_TMR2_DefaultInterruptHandler		CODE           	8BD6	0000	2
		_TMR2_StartTimer		CODE           	8B78	0000	6

mcc_generated_files/tmr2.c estimated size: 116

mcc_generated_files/interrupt_manager.c
		_INTERRUPT_Initialize		CODE           	8BB8	0000	4
		_INTERRUPT_InterruptManager		CODE           	0008	0000	376

mcc_generated_files/interrupt_manager.c estimated size: 380

sensor_controller.c
		_thresh_counter		CODE           	6F70	0000	302
		_data_transmit 		CODE           	6E28	0000	328
		_sensor_read   		CODE           	8004	0000	110
		_set_thresh    		CODE           	8564	0000	60

sensor_controller.c estimated size: 800

C:\Program Files\Microchip\xc8\v2.40\pic\sources\c99\common\printf.c
		_printf        		CODE           	889A	0000	40

C:\Program Files\Microchip\xc8\v2.40\pic\sources\c99\common\printf.c estimated size: 40

C:\Program Files\Microchip\xc8\v2.40\pic\sources\c99\common\__fpclassifyf.c
		___fpclassifyf 		CODE           	74C6	0000	256

C:\Program Files\Microchip\xc8\v2.40\pic\sources\c99\common\__fpclassifyf.c estimated size: 256

mcc_generated_files/pin_manager.c
		_PIN_MANAGER_Initialize		CODE           	7D20	0000	130
		_IOCAF0_SetInterruptHandler		CODE           	8ADC	0000	10

mcc_generated_files/pin_manager.c estimated size: 140

C:\Program Files\Microchip\xc8\v2.40\pic\sources\c99\common\isdigit.c
		_isdigit       		CODE           	8734	0000	46

C:\Program Files\Microchip\xc8\v2.40\pic\sources\c99\common\isdigit.c estimated size: 46

interrupt_handler.c
		_Rx1_ISR       		CODE           	6CD8	0000	336
		_t_update      		CODE           	819E	0000	92
		_Interrupt_Handler_Initialize		CODE           	86A4	0000	48
		_internal_clock		CODE           	75C6	0000	208

interrupt_handler.c estimated size: 684

C:\Program Files\Microchip\xc8\v2.40\pic\sources\c99\common\sprcadd.c
		___flsub       		CODE           	8386	0000	72
		___fladd       		CODE           	44F6	0000	1218

C:\Program Files\Microchip\xc8\v2.40\pic\sources\c99\common\sprcadd.c estimated size: 1290

C:\Program Files\Microchip\xc8\v2.40\pic\sources\c99\common\floorf.c
		_floorf        		CODE           	67B2	0000	534

C:\Program Files\Microchip\xc8\v2.40\pic\sources\c99\common\floorf.c estimated size: 534

C:\Program Files\Microchip\xc8\v2.40\pic\sources\c99\common\powf.c
		_powf          		CODE           	0FB2	0000	10910

C:\Program Files\Microchip\xc8\v2.40\pic\sources\c99\common\powf.c estimated size: 10910

C:\Program Files\Microchip\xc8\v2.40\pic\sources\c99\common\flneg.c
		___flneg       		CODE           	85A0	0000	58

C:\Program Files\Microchip\xc8\v2.40\pic\sources\c99\common\flneg.c estimated size: 58

C:\Program Files\Microchip\xc8\v2.40\pic\sources\c99\common\fabsf.c
		_fabsf         		CODE           	85DA	0000	54

C:\Program Files\Microchip\xc8\v2.40\pic\sources\c99\common\fabsf.c estimated size: 54

C:\Program Files\Microchip\xc8\v2.40\pic\sources\c99\common\labs.c
		_labs          		CODE           	8072	0000	104

C:\Program Files\Microchip\xc8\v2.40\pic\sources\c99\common\labs.c estimated size: 104

C:\Program Files\Microchip\xc8\v2.40\pic\sources\c99\common\xxtofl.c
		___xxtofl      		CODE           	69C8	0000	440

C:\Program Files\Microchip\xc8\v2.40\pic\sources\c99\common\xxtofl.c estimated size: 440

C:\Program Files\Microchip\xc8\v2.40\pic\sources\c99\common\nf_fputs.c
		_fputs         		CODE           	833E	0000	72

C:\Program Files\Microchip\xc8\v2.40\pic\sources\c99\common\nf_fputs.c estimated size: 72

shared
		_L5            		SMALLCONST     	0000	0000	0
		_P3            		SMALLCONST     	0000	0000	0
		i2_I2C1_SetBuffer		CODE           	8932	0000	36
		_L6            		SMALLCONST     	0000	0000	0
		_P4            		SMALLCONST     	0000	0000	0
		_P5            		SMALLCONST     	0000	0000	0
		i2_I2C1_SetCallback		CODE           	7F1A	0000	122
		_lg2_l         		SMALLCONST     	0000	0000	0
		i2___fladd     		CODE           	4E78	0000	1216
		_ivln2_l       		SMALLCONST     	0000	0000	0
		_ivln2         		SMALLCONST     	0000	0000	0
		__initialization		CODE           	8610	0000	42
		i2___flge      		CODE           	73C2	0000	260
		_bp            		SMALLCONST     	0F89	0000	8
		_cp            		SMALLCONST     	0000	0000	0
		_cp_h          		SMALLCONST     	0000	0000	0
		_dp_h          		SMALLCONST     	0F29	0000	8
		_lg2           		SMALLCONST     	0000	0000	0
		_tiny@sqrtf$F3574		SMALLCONST     	0000	0000	0
		i2___flmul     		CODE           	5764	0000	1066
		_lg2_h         		SMALLCONST     	0000	0000	0
		_i2c1_fsmStateTable		SMALLCONST     	0F01	0000	32
		_ivln2_h       		SMALLCONST     	0000	0000	0
		_tiny          		SMALLCONST     	0000	0000	0
		i2___flsub     		CODE           	8416	0000	70
		_ovt           		SMALLCONST     	0000	0000	0
		_huge          		SMALLCONST     	0000	0000	0
		i2_I2C1_MasterClearIrq		CODE           	8B90	0000	6
		_two24         		SMALLCONST     	0000	0000	0
		i2_I2C1_SetDataCompleteCallback		CODE           	8A16	0000	24
		_cp_l          		SMALLCONST     	0000	0000	0
		_dp_l          		SMALLCONST     	0F21	0000	8
		_L1            		SMALLCONST     	0000	0000	0
		_L2            		SMALLCONST     	0000	0000	0
		_L3            		SMALLCONST     	0000	0000	0
		_P1            		SMALLCONST     	0000	0000	0
		_L4            		SMALLCONST     	0000	0000	0
		_P2            		SMALLCONST     	0000	0000	0

shared estimated size: 2898

mcc_generated_files/eusart1.c
		_EUSART1_SetRxInterruptHandler		CODE           	8AF0	0000	10
		_EUSART1_SetTxInterruptHandler		CODE           	8AE6	0000	10
		_EUSART1_is_rx_ready		CODE           	8A2E	0000	22
		_EUSART1_Initialize		CODE           	7C18	0000	134
		_putch         		CODE           	8A8C	0000	14
		_EUSART1_DefaultErrorHandler		CODE           	8B84	0000	6
		_EUSART1_SetFramingErrorHandler		CODE           	8B04	0000	10
		_EUSART1_Read  		CODE           	82A0	0000	82
		_EUSART1_SetOverrunErrorHandler		CODE           	8AFA	0000	10
		_EUSART1_SetErrorHandler		CODE           	8B0E	0000	10
		_EUSART1_Write 		CODE           	8140	0000	94
		_EUSART1_Receive_ISR		CODE           	781E	0000	194
		_EUSART1_RxDataHandler		CODE           	87BE	0000	44
		_EUSART1_DefaultOverrunErrorHandler		CODE           	8B7E	0000	6
		_EUSART1_Transmit_ISR		CODE           	84E2	0000	66
		_EUSART1_DefaultFramingErrorHandler		CODE           	8BD8	0000	2

mcc_generated_files/eusart1.c estimated size: 714

C:\Program Files\Microchip\xc8\v2.40\pic\sources\c99\common\strcpy.c
		_strcpy        		CODE           	845C	0000	68

C:\Program Files\Microchip\xc8\v2.40\pic\sources\c99\common\strcpy.c estimated size: 68

mcc_generated_files/mcc.c
		_PMD_Initialize		CODE           	899A	0000	28
		_OSCILLATOR_Initialize		CODE           	89FE	0000	24
		_SYSTEM_Initialize		CODE           	8978	0000	34

mcc_generated_files/mcc.c estimated size: 86

C:\Program Files\Microchip\xc8\v2.40\pic\sources\c99\common\flge.c
		___flge        		CODE           	72BC	0000	262

C:\Program Files\Microchip\xc8\v2.40\pic\sources\c99\common\flge.c estimated size: 262

hall_effect.c
		_hallRecord    		CODE           	84A0	0000	66
		_windSpeedCalc 		CODE           	62C6	0000	686
		_hallRead      		CODE           	8644	0000	48
		_hallInit      		CODE           	89B6	0000	24

hall_effect.c estimated size: 824

C:\Program Files\Microchip\xc8\v2.40\pic\sources\c99\common\doprnt.c
		_vfpfcnvrt     		CODE           	5B8E	0000	924
		_efgtoa        		CODE           	3A50	0000	2726
		_pad           		CODE           	7DA2	0000	126
		_ctoa          		CODE           	7A34	0000	166
		_vfprintf      		CODE           	81FA	0000	84

C:\Program Files\Microchip\xc8\v2.40\pic\sources\c99\common\doprnt.c estimated size: 4026

main.c
		_main          		CODE           	709E	0000	278

main.c estimated size: 278

temp_sensor.c
		_tempRead      		CODE           	7696	0000	196

temp_sensor.c estimated size: 196

C:\Program Files\Microchip\xc8\v2.40\pic\sources\c99\common\nanf.c
		_nanf          		CODE           	88EA	0000	36

C:\Program Files\Microchip\xc8\v2.40\pic\sources\c99\common\nanf.c estimated size: 36

