Microchip MPLAB XC8 Compiler V2.40

Linker command line:

-W-3 \
  --edf=C:/Users/DJMik/.mchp_packs/Microchip/PIC18F-K_DFP/1.8.249/xc8\pic\dat\20230209213641_en.msgs \
  -cn -h+.ca/dist/Config_1/production\Team205_FinalBoard.X.production.sym \
  --cmf=.ca/dist/Config_1/production\Team205_FinalBoard.X.production.cmf -z \
  -Q18LF26K40 -oC:\Users\DJMik\AppData\Local\Temp\xcAse0s.4 \
  --defsym=__MPLAB_BUILD=1 --fixupoverflow=error \
  -M.ca/dist/Config_1/production/Team205_FinalBoard.X.production.map \
  --md=C:\Users\DJMik\AppData\Local\Temp\xcAse0s.dat -E1 -ver=XC8 Compiler \
  --acfsm=1493 -ACODE=00h-0FFFFh -ACONST=00h-0FFFFh \
  -ASMALLCONST=0F00h-0FFFhx241 -AMEDIUMCONST=0F00h-0FFFFh -ACOMRAM=01h-05Fh \
  -AABS1=00h-0E87h -ABIGRAM=01h-0E87h \
  -ARAM=060h-0FFh,0100h-01FFhx13,0E00h-0E87h -ABANK0=060h-0FFh \
  -ABANK1=0100h-01FFh -ABANK2=0200h-02FFh -ABANK3=0300h-03FFh \
  -ABANK4=0400h-04FFh -ABANK5=0500h-05FFh -ABANK6=0600h-06FFh \
  -ABANK7=0700h-07FFh -ABANK8=0800h-08FFh -ABANK9=0900h-09FFh \
  -ABANK10=0A00h-0AFFh -ABANK11=0B00h-0BFFh -ABANK12=0C00h-0CFFh \
  -ABANK13=0D00h-0DFFh -ABANK14=0E00h-0E87h \
  -ASFR=0E8Dh-0EFFh,0F00h-0F5Fh,0F60h-0FFFh -ABIGSFR=0E8Dh-0FFFh \
  -ACONFIG=0300000h-030000Bh -AIDLOC=0200000h-020000Fh \
  -AEEDATA=0310000h-03103FFh -peeprom_data=EEDATA \
  -preset_vec=00h,intcode=08h,intcodelo,powerup,init -pramtop=0F00h \
  -psmallconst=SMALLCONST -pmediumconst=MEDIUMCONST -pconst=CONST \
  -AFARRAM=00h-00h \
  -prdata=COMRAM,nvrram=COMRAM,nvbit=COMRAM,rbss=COMRAM,rbit=COMRAM \
  -pfarbss=FARRAM,fardata=FARRAM,nvFARRAM=FARRAM \
  -pintsave_regs=BIGRAM,bigbss=BIGRAM,bigdata=BIGRAM -pbss=RAM \
  -pidata=CODE,irdata=CODE,ibigdata=CODE,ifardata=CODE -prparam=COMRAM \
  C:\Users\DJMik\AppData\Local\Temp\xcAse0s.o \
  .ca/dist/Config_1/production\Team205_FinalBoard.X.production.o 

Object code version is 3.11

Machine type is 18LF26K40



                Name                               Link     Load   Length Selector   Space Scale
C:\Users\DJMik\AppData\Local\Temp\xcAse0s.o
                idloc                            200000   200000       10        0       5
                config                           300000   300000        C        0       4
                init                                 E2       E2        4        4       0
                reset_vec                             0        0        4        0       0
.ca/dist/Config_1/production\Team205_FinalBoard.X.production.o
                intcode                               8        8       DA        4       0
                idloc                            200000   200000       10        0       5
                config                           300000   300000        C        0       4
                temp                                 5F       5F        1        1       1
                mediumconst                        FE82     FE82      17E     7F41       0
                text206                            C24C     C24C       32        4       0
                text205                            C9E4     C9E4        4        4       0
                text204                            C9E0     C9E0        4        4       0
                text203                            C6FE     C6FE       1A        4       0
                text202                            B724     B724       6E        4       0
                text201                            C7C0     C7C0       18        4       0
                text200                            C3EE     C3EE       2C        4       0
                text199                            C3C2     C3C2       2C        4       0
                text198                            C396     C396       2C        4       0
                text197                            C36A     C36A       2C        4       0
                text196                            BFB8     BFB8       40        4       0
                text195                            C9DC     C9DC        4        4       0
                text194                            C9D8     C9D8        4        4       0
                text193                            C9D4     C9D4        4        4       0
                text192                            C9B6     C9B6        6        4       0
                text191                            C9D0     C9D0        4        4       0
                text190                            C9B0     C9B0        6        4       0
                text189                            C966     C966        8        4       0
                text188                            C8AE     C8AE        C        4       0
                text187                            C9AA     C9AA        6        4       0
                text186                            B8C2     B8C2       60        4       0
                text185                            C8A2     C8A2        C        4       0
                text184                            C852     C852       10        4       0
                text183                            C842     C842       10        4       0
                text182                            B0A0     B0A0       90        4       0
                text181                            B55A     B55A       7C        4       0
                text180                            C896     C896        C        4       0
                text179                            C95E     C95E        8        4       0
                text178                            C956     C956        8        4       0
                text177                            C94E     C94E        8        4       0
                text176                            C946     C946        8        4       0
                text175                            C93E     C93E        8        4       0
                text174                            C936     C936        8        4       0
                text173                            C92E     C92E        8        4       0
                text172                            C88A     C88A        C        4       0
                text171                            BBDC     BBDC       50        4       0
                text170                            C9A4     C9A4        6        4       0
                text169                            B9DA     B9DA       5A        4       0
                text168                            C99E     C99E        6        4       0
                text167                            BD52     BD52       48        4       0
                text166                            C62A     C62A       22        4       0
                text165                            C998     C998        6        4       0
                text164                            C9F2     C9F2        2        4       0
                text163                            C992     C992        6        4       0
                text162                            C832     C832       10        4       0
                text161                            C0DE     C0DE       38        4       0
                text160                            AE4C     AE4C       9A        4       0
                text159                            C68C     C68C       20        4       0
                text158                            C9F0     C9F0        2        4       0
                text157                            C5A0     C5A0       24        4       0
                text156                            C6C8     C6C8       1C        4       0
                text155                            9E94     9E94      140        4       0
                text154                            C556     C556       26        4       0
                text153                            C9EE     C9EE        2        4       0
                text152                            C530     C530       26        4       0
                text151                            A338     A338      116        4       0
                text150                            C9EC     C9EC        2        4       0
                text149                            B792     B792       6C        4       0
                text148                            B00E     B00E       92        4       0
                text147                            9C08     9C08      148        4       0
                text146                            A0FA     A0FA      124        4       0
                text145                            C21A     C21A       32        4       0
                text144                            C0A6     C0A6       38        4       0
                text143                            B45A     B45A       82        4       0
                text142                            8B2A     8B2A      218        4       0
                text141                            8438     8438      28A        4       0
                text140                            B248     B248       8A        4       0
                text139                            A7A2     A7A2       D0        4       0
                text138                            7842     7842      352        4       0
                text137                            C33C     C33C       2E        4       0
                text136                            7EA2     7EA2      30C        4       0
                text135                            BE26     BE26       46        4       0
                text134                            AB96     AB96       BA        4       0
                text133                            AA0E     AA0E       CC        4       0
                text132                            92D2     92D2      1BA        4       0
                text131                            BA34     BA34       58        4       0
                text130                            BE6C     BE6C       44        4       0
                text129                            C06E     C06E       38        4       0
                text128                            50DA     50DA      8BA        4       0
                text127                            A940     A940       CE        4       0
                text126                            AD00     AD00       AE        4       0
                text125                            97B4     97B4      192        4       0
                text124                            624C     624C      524        4       0
                text123                            BD0A     BD0A       48        4       0
                text122                            C4BC     C4BC       28        4       0
                text121                            A528     A528       D8        4       0
                text120                            B4DC     B4DC       7E        4       0
                text119                            C9CC     C9CC        4        4       0
                text118                            C98C     C98C        6        4       0
                text117                            C608     C608       22        4       0
                text116                            C9C8     C9C8        4        4       0
                text115                            C494     C494       28        4       0
                text114                            C926     C926        8        4       0
                text113                            C986     C986        6        4       0
                text112                            C7A8     C7A8       18        4       0
                text111                            C914     C914        A        4       0
                text110                            AF7A     AF7A       94        4       0
                text109                            C790     C790       18        4       0
                text108                            B862     B862       60        4       0
                text107                            C87E     C87E        C        4       0
                text106                            BB8A     BB8A       52        4       0
                text105                            C41A     C41A       2A        4       0
                text104                            BF76     BF76       42        4       0
                text103                            C1B4     C1B4       34        4       0
                text102                            8F32     8F32      1E6        4       0
                text101                            C5E6     C5E6       22        4       0
                text100                            6C8C     6C8C      432        4       0
                text99                             290E     290E     27CC        4       0
                text98                             9946     9946      178        4       0
                text97                             BA8C     BA8C       56        4       0
                text96                             C9EA     C9EA        2        4       0
                text95                             C2DE     C2DE       30        4       0
                text93                             C822     C822       10        4       0
                text92                             C90A     C90A        A        4       0
                text91                             C900     C900        A        4       0
                text90                             C8F6     C8F6        A        4       0
                text89                             C8EC     C8EC        A        4       0
                text88                             BB36     BB36       54        4       0
                text87                             C980     C980        6        4       0
                text86                             C8E2     C8E2        A        4       0
                text85                             C8D8     C8D8        A        4       0
                text84                             C8CE     C8CE        A        4       0
                text83                             C8C4     C8C4        A        4       0
                text82                             B1BC     B1BC       8C        4       0
                text81                             C7D8     C7D8       14        4       0
                text80                             C9C4     C9C4        4        4       0
                text79                             C778     C778       18        4       0
                text78                             B3D8     B3D8       82        4       0
                text77                             C6AC     C6AC       1C        4       0
                text76                             C30E     C30E       2E        4       0
                text75                             BC2C     BC2C       4E        4       0
                text74                             C5C4     C5C4       22        4       0
                text73                             C97A     C97A        6        4       0
                text72                             C9C0     C9C0        4        4       0
                text71                             C974     C974        6        4       0
                text70                             C50A     C50A       26        4       0
                text69                             C9BC     C9BC        4        4       0
                text68                             C1E8     C1E8       32        4       0
                text67                             C91E     C91E        8        4       0
                text66                             C96E     C96E        6        4       0
                text65                             C760     C760       18        4       0
                text64                             C8BA     C8BA        A        4       0
                text63                             ADAE     ADAE       9E        4       0
                text62                             B5D6     B5D6       72        4       0
                text61                             C748     C748       18        4       0
                text60                             C6E4     C6E4       1A        4       0
                text59                             C730     C730       18        4       0
                text58                             B7FE     B7FE       64        4       0
                text57                             C66C     C66C       20        4       0
                text56                             C810     C810       12        4       0
                text55                             C7FE     C7FE       12        4       0
                text54                             C7EC     C7EC       12        4       0
                text53                             C718     C718       18        4       0
                text52                             BF34     BF34       42        4       0
                text51                             BEF2     BEF2       42        4       0
                text50                             C64C     C64C       20        4       0
                text49                             B6B6     B6B6       6E        4       0
                text48                             C870     C870        E        4       0
                text47                             9D50     9D50      144        4       0
                text46                             C46C     C46C       28        4       0
                text45                             C4E4     C4E4       26        4       0
                text44                             C180     C180       34        4       0
                text43                             A21E     A21E      11A        4       0
                text42                             C9E8     C9E8        2        4       0
                text41                             B648     B648       6E        4       0
                text40                             AEE6     AEE6       94        4       0
                text39                             9ABE     9ABE      14A        4       0
                text38                             9FD4     9FD4      126        4       0
                text37                             C14C     C14C       34        4       0
                text36                             BFF8     BFF8       3C        4       0
                text35                             B2D2     B2D2       84        4       0
                text34                             890E     890E      21C        4       0
                text33                             81AE     81AE      28A        4       0
                text32                             B130     B130       8C        4       0
                text31                             A600     A600       D2        4       0
                text30                             74EE     74EE      354        4       0
                text29                             C2AE     C2AE       30        4       0
                text28                             7B94     7B94      30E        4       0
                text27                             BCC2     BCC2       48        4       0
                text26                             AADA     AADA       BC        4       0
                text25                             A872     A872       CE        4       0
                text24                             9118     9118      1BA        4       0
                text23                             B980     B980       5A        4       0
                text22                             BDE0     BDE0       46        4       0
                text21                             C034     C034       3A        4       0
                text20                             5994     5994      8B8        4       0
                text19                             A6D2     A6D2       D0        4       0
                text18                             AC50     AC50       B0        4       0
                text17                             948C     948C      196        4       0
                text16                             6770     6770      51C        4       0
                text15                             BC7A     BC7A       48        4       0
                text14                             C444     C444       28        4       0
                text13                             A44E     A44E       DA        4       0
                text12                             B356     B356       82        4       0
                text11                             C862     C862        E        4       0
                text10                             BAE2     BAE2       54        4       0
                text9                              C27E     C27E       30        4       0
                text8                              BEB0     BEB0       42        4       0
                text7                              C116     C116       36        4       0
                text6                              8D42     8D42      1F0        4       0
                text5                              C57C     C57C       24        4       0
                text4                              70BE     70BE      430        4       0
                text3                                E6       E6     2828        4       0
                text2                              9622     9622      192        4       0
                text1                              B922     B922       5E        4       0
                text0                              86C2     86C2      24C        4       0
                cstackCOMRAM                          1        1       5E        1       1
                cstackBANK0                          60       60       92       60       1
                cstackBANK1                         100      100       BC      100       1
                cstackBANK2                         200      200       F5      200       1
                cstackBANK3                         300      300       BC      300       1
                bssBANK4                            400      400       50      400       1
                bssBANK3                            3BC      3BC       31      300       1
                bssBANK2                            2F5      2F5        B      200       1
                bssBANK1                            1BC      1BC       3A      100       1
                bssBANK0                             F2       F2        8       60       1
                cinit                              BD9A     BD9A       46        4       0
                nvBANK3                             3ED      3ED        D      300       1
                nvBANK1                             1F6      1F6        A      100       1
                nvBANK0                              FA       FA        3       60       1

TOTAL           Name                               Link     Load   Length     Space
        CLASS   CODE           
                intcode                               8        8       DA         0
                init                                 E2       E2        4         0
                reset_vec                             0        0        4         0
                text206                            C24C     C24C       32         0
                text205                            C9E4     C9E4        4         0
                text204                            C9E0     C9E0        4         0
                text203                            C6FE     C6FE       1A         0
                text202                            B724     B724       6E         0
                text201                            C7C0     C7C0       18         0
                text200                            C3EE     C3EE       2C         0
                text199                            C3C2     C3C2       2C         0
                text198                            C396     C396       2C         0
                text197                            C36A     C36A       2C         0
                text196                            BFB8     BFB8       40         0
                text195                            C9DC     C9DC        4         0
                text194                            C9D8     C9D8        4         0
                text193                            C9D4     C9D4        4         0
                text192                            C9B6     C9B6        6         0
                text191                            C9D0     C9D0        4         0
                text190                            C9B0     C9B0        6         0
                text189                            C966     C966        8         0
                text188                            C8AE     C8AE        C         0
                text187                            C9AA     C9AA        6         0
                text186                            B8C2     B8C2       60         0
                text185                            C8A2     C8A2        C         0
                text184                            C852     C852       10         0
                text183                            C842     C842       10         0
                text182                            B0A0     B0A0       90         0
                text181                            B55A     B55A       7C         0
                text180                            C896     C896        C         0
                text179                            C95E     C95E        8         0
                text178                            C956     C956        8         0
                text177                            C94E     C94E        8         0
                text176                            C946     C946        8         0
                text175                            C93E     C93E        8         0
                text174                            C936     C936        8         0
                text173                            C92E     C92E        8         0
                text172                            C88A     C88A        C         0
                text171                            BBDC     BBDC       50         0
                text170                            C9A4     C9A4        6         0
                text169                            B9DA     B9DA       5A         0
                text168                            C99E     C99E        6         0
                text167                            BD52     BD52       48         0
                text166                            C62A     C62A       22         0
                text165                            C998     C998        6         0
                text164                            C9F2     C9F2        2         0
                text163                            C992     C992        6         0
                text162                            C832     C832       10         0
                text161                            C0DE     C0DE       38         0
                text160                            AE4C     AE4C       9A         0
                text159                            C68C     C68C       20         0
                text158                            C9F0     C9F0        2         0
                text157                            C5A0     C5A0       24         0
                text156                            C6C8     C6C8       1C         0
                text155                            9E94     9E94      140         0
                text154                            C556     C556       26         0
                text153                            C9EE     C9EE        2         0
                text152                            C530     C530       26         0
                text151                            A338     A338      116         0
                text150                            C9EC     C9EC        2         0
                text149                            B792     B792       6C         0
                text148                            B00E     B00E       92         0
                text147                            9C08     9C08      148         0
                text146                            A0FA     A0FA      124         0
                text145                            C21A     C21A       32         0
                text144                            C0A6     C0A6       38         0
                text143                            B45A     B45A       82         0
                text142                            8B2A     8B2A      218         0
                text141                            8438     8438      28A         0
                text140                            B248     B248       8A         0
                text139                            A7A2     A7A2       D0         0
                text138                            7842     7842      352         0
                text137                            C33C     C33C       2E         0
                text136                            7EA2     7EA2      30C         0
                text135                            BE26     BE26       46         0
                text134                            AB96     AB96       BA         0
                text133                            AA0E     AA0E       CC         0
                text132                            92D2     92D2      1BA         0
                text131                            BA34     BA34       58         0
                text130                            BE6C     BE6C       44         0
                text129                            C06E     C06E       38         0
                text128                            50DA     50DA      8BA         0
                text127                            A940     A940       CE         0
                text126                            AD00     AD00       AE         0
                text125                            97B4     97B4      192         0
                text124                            624C     624C      524         0
                text123                            BD0A     BD0A       48         0
                text122                            C4BC     C4BC       28         0
                text121                            A528     A528       D8         0
                text120                            B4DC     B4DC       7E         0
                text119                            C9CC     C9CC        4         0
                text118                            C98C     C98C        6         0
                text117                            C608     C608       22         0
                text116                            C9C8     C9C8        4         0
                text115                            C494     C494       28         0
                text114                            C926     C926        8         0
                text113                            C986     C986        6         0
                text112                            C7A8     C7A8       18         0
                text111                            C914     C914        A         0
                text110                            AF7A     AF7A       94         0
                text109                            C790     C790       18         0
                text108                            B862     B862       60         0
                text107                            C87E     C87E        C         0
                text106                            BB8A     BB8A       52         0
                text105                            C41A     C41A       2A         0
                text104                            BF76     BF76       42         0
                text103                            C1B4     C1B4       34         0
                text102                            8F32     8F32      1E6         0
                text101                            C5E6     C5E6       22         0
                text100                            6C8C     6C8C      432         0
                text99                             290E     290E     27CC         0
                text98                             9946     9946      178         0
                text97                             BA8C     BA8C       56         0
                text96                             C9EA     C9EA        2         0
                text95                             C2DE     C2DE       30         0
                text93                             C822     C822       10         0
                text92                             C90A     C90A        A         0
                text91                             C900     C900        A         0
                text90                             C8F6     C8F6        A         0
                text89                             C8EC     C8EC        A         0
                text88                             BB36     BB36       54         0
                text87                             C980     C980        6         0
                text86                             C8E2     C8E2        A         0
                text85                             C8D8     C8D8        A         0
                text84                             C8CE     C8CE        A         0
                text83                             C8C4     C8C4        A         0
                text82                             B1BC     B1BC       8C         0
                text81                             C7D8     C7D8       14         0
                text80                             C9C4     C9C4        4         0
                text79                             C778     C778       18         0
                text78                             B3D8     B3D8       82         0
                text77                             C6AC     C6AC       1C         0
                text76                             C30E     C30E       2E         0
                text75                             BC2C     BC2C       4E         0
                text74                             C5C4     C5C4       22         0
                text73                             C97A     C97A        6         0
                text72                             C9C0     C9C0        4         0
                text71                             C974     C974        6         0
                text70                             C50A     C50A       26         0
                text69                             C9BC     C9BC        4         0
                text68                             C1E8     C1E8       32         0
                text67                             C91E     C91E        8         0
                text66                             C96E     C96E        6         0
                text65                             C760     C760       18         0
                text64                             C8BA     C8BA        A         0
                text63                             ADAE     ADAE       9E         0
                text62                             B5D6     B5D6       72         0
                text61                             C748     C748       18         0
                text60                             C6E4     C6E4       1A         0
                text59                             C730     C730       18         0
                text58                             B7FE     B7FE       64         0
                text57                             C66C     C66C       20         0
                text56                             C810     C810       12         0
                text55                             C7FE     C7FE       12         0
                text54                             C7EC     C7EC       12         0
                text53                             C718     C718       18         0
                text52                             BF34     BF34       42         0
                text51                             BEF2     BEF2       42         0
                text50                             C64C     C64C       20         0
                text49                             B6B6     B6B6       6E         0
                text48                             C870     C870        E         0
                text47                             9D50     9D50      144         0
                text46                             C46C     C46C       28         0
                text45                             C4E4     C4E4       26         0
                text44                             C180     C180       34         0
                text43                             A21E     A21E      11A         0
                text42                             C9E8     C9E8        2         0
                text41                             B648     B648       6E         0
                text40                             AEE6     AEE6       94         0
                text39                             9ABE     9ABE      14A         0
                text38                             9FD4     9FD4      126         0
                text37                             C14C     C14C       34         0
                text36                             BFF8     BFF8       3C         0
                text35                             B2D2     B2D2       84         0
                text34                             890E     890E      21C         0
                text33                             81AE     81AE      28A         0
                text32                             B130     B130       8C         0
                text31                             A600     A600       D2         0
                text30                             74EE     74EE      354         0
                text29                             C2AE     C2AE       30         0
                text28                             7B94     7B94      30E         0
                text27                             BCC2     BCC2       48         0
                text26                             AADA     AADA       BC         0
                text25                             A872     A872       CE         0
                text24                             9118     9118      1BA         0
                text23                             B980     B980       5A         0
                text22                             BDE0     BDE0       46         0
                text21                             C034     C034       3A         0
                text20                             5994     5994      8B8         0
                text19                             A6D2     A6D2       D0         0
                text18                             AC50     AC50       B0         0
                text17                             948C     948C      196         0
                text16                             6770     6770      51C         0
                text15                             BC7A     BC7A       48         0
                text14                             C444     C444       28         0
                text13                             A44E     A44E       DA         0
                text12                             B356     B356       82         0
                text11                             C862     C862        E         0
                text10                             BAE2     BAE2       54         0
                text9                              C27E     C27E       30         0
                text8                              BEB0     BEB0       42         0
                text7                              C116     C116       36         0
                text6                              8D42     8D42      1F0         0
                text5                              C57C     C57C       24         0
                text4                              70BE     70BE      430         0
                text3                                E6       E6     2828         0
                text2                              9622     9622      192         0
                text1                              B922     B922       5E         0
                text0                              86C2     86C2      24C         0
                cinit                              BD9A     BD9A       46         0

        CLASS   CONST          

        CLASS   SMALLCONST     

        CLASS   MEDIUMCONST    
                mediumconst                        FE82     FE82      17E         0

        CLASS   COMRAM         
                temp                                 5F       5F        1         1
                cstackCOMRAM                          1        1       5E         1

        CLASS   ABS1           

        CLASS   BIGRAM         

        CLASS   RAM            

        CLASS   BANK0          
                cstackBANK0                          60       60       92         1
                bssBANK0                             F2       F2        8         1
                nvBANK0                              FA       FA        3         1

        CLASS   BANK1          
                cstackBANK1                         100      100       BC         1
                bssBANK1                            1BC      1BC       3A         1
                nvBANK1                             1F6      1F6        A         1

        CLASS   BANK2          
                cstackBANK2                         200      200       F5         1
                bssBANK2                            2F5      2F5        B         1

        CLASS   BANK3          
                cstackBANK3                         300      300       BC         1
                bssBANK3                            3BC      3BC       31         1
                nvBANK3                             3ED      3ED        D         1

        CLASS   BANK4          
                bssBANK4                            400      400       50         1

        CLASS   BANK5          

        CLASS   BANK6          

        CLASS   BANK7          

        CLASS   BANK8          

        CLASS   BANK9          

        CLASS   BANK10         

        CLASS   BANK11         

        CLASS   BANK12         

        CLASS   BANK13         

        CLASS   BANK14         

        CLASS   SFR            

        CLASS   BIGSFR         

        CLASS   CONFIG         
                config                           300000   300000        C         4

        CLASS   IDLOC          
                idloc                            200000   200000       10         5

        CLASS   EEDATA         

        CLASS   FARRAM         

        CLASS   HEAP           

        CLASS   STACK          



SEGMENTS        Name                           Load    Length   Top    Selector   Space  Class

                reset_vec                      000000  000004  000004         0       0  CODE    
                cstackCOMRAM                   000001  00005F  000060         1       1  COMRAM  
                intcode                        000008  00C9EC  00C9F4         4       0  CODE    
                cstackBANK0                    000060  00009D  0000FD        60       1  BANK0   
                cstackBANK1                    000100  000100  000200       100       1  BANK1   
                cstackBANK2                    000200  000100  000300       200       1  BANK2   
                cstackBANK3                    000300  0000FA  0003FA       300       1  BANK3   
                bssBANK4                       000400  000050  000450       400       1  BANK4   
                mediumconst                    00FE82  00017E  010000      7F41       0  MEDIUMCO


UNUSED ADDRESS RANGES

        Name                Unused          Largest block    Delta
        BANK0            0000FD-0000FF                3
        BANK10           000A00-000AFF              100
        BANK11           000B00-000BFF              100
        BANK12           000C00-000CFF              100
        BANK13           000D00-000DFF              100
        BANK14           000E00-000E87               88
        BANK3            0003FA-0003FF                6
        BANK4            000450-0004FF               B0
        BANK5            000500-0005FF              100
        BANK6            000600-0006FF              100
        BANK7            000700-0007FF              100
        BANK8            000800-0008FF              100
        BANK9            000900-0009FF              100
        BIGRAM           0000FD-0000FF                3
                         0003FA-0003FF                6
                         000450-000E87              A38
        BIGSFR           000E8D-000FFF              173
        CODE             000004-000007                4
                         00C9F4-00FE81             348E
        CONST            000004-000007                4
                         00C9F4-00FE81             348E
        EEDATA           310000-3103FF              400
        MEDIUMCONST      00C9F4-00FE81             348E
        RAM              0000FD-0000FF                3
                         0003FA-0003FF                6
                         000450-000E87              100
        SFR              000E8D-000FFF               73
        SMALLCONST       00C9F4-00FE81              100

                                  Symbol Table

?___aodiv                                       cstackBANK2  000200
?___aomod                                       cstackBANK2  000200
?___fladd                                       cstackBANK2  000215
?___fldiv                                       cstackBANK2  000246
?___flmul                                       cstackBANK2  000225
?___flneg                                       cstackBANK2  000200
?___flsub                                       cstackBANK2  00023E
?___fltol                                       cstackBANK2  000200
?___fpclassifyf                                 cstackBANK2  000200
?___lodiv                                       cstackBANK2  000200
?___lomod                                       cstackBANK2  000200
?___lwdiv                                       cstackBANK2  000200
?___wmul                                        cstackBANK2  000200
?___xxtofl                                      cstackBANK2  000207
?_abs                                           cstackBANK2  000212
?_atoi                                          cstackBANK2  000206
?_fabsf                                         cstackBANK2  000200
?_floorf                                        cstackBANK2  00025F
?_hallRead                                      cstackBANK2  00020C
?_isdigit                                       cstackBANK2  000200
?_isspace                                       cstackBANK2  000200
?_labs                                          cstackBANK2  000200
?_nanf                                          cstackBANK2  000200
?_powf                                          cstackBANK2  00027F
?_printf                                        cstackBANK2  0002C5
?_scalbnf                                       cstackBANK2  00023E
?_sqrtf                                         cstackBANK2  000252
?_t_update                                      cstackBANK2  00025F
?_vfprintf                                      cstackBANK2  0002BD
?_windSpeedCalc                                 cstackBANK2  000290
?i2___aodiv                                     cstackCOMRAM 000001
?i2___aomod                                     cstackCOMRAM 000001
?i2___fladd                                     cstackCOMRAM 000016
?i2___fldiv                                     cstackCOMRAM 000047
?i2___flmul                                     cstackCOMRAM 000026
?i2___flneg                                     cstackCOMRAM 000001
?i2___flsub                                     cstackCOMRAM 00003F
?i2___fltol                                     cstackCOMRAM 000001
?i2___fpclassifyf                               cstackCOMRAM 000001
?i2___lodiv                                     cstackCOMRAM 000001
?i2___lomod                                     cstackCOMRAM 000001
?i2___lwdiv                                     cstackCOMRAM 000001
?i2___wmul                                      cstackCOMRAM 000001
?i2___xxtofl                                    cstackCOMRAM 000008
?i2_abs                                         cstackCOMRAM 000013
?i2_atoi                                        cstackCOMRAM 000007
?i2_fabsf                                       cstackCOMRAM 000001
?i2_floorf                                      cstackCOMRAM 000053
?i2_hallRead                                    cstackCOMRAM 00000D
?i2_labs                                        cstackCOMRAM 000001
?i2_nanf                                        cstackCOMRAM 000001
?i2_powf                                        cstackBANK0  000084
?i2_printf                                      cstackBANK0  0000C7
?i2_scalbnf                                     cstackCOMRAM 00003F
?i2_sqrtf                                       cstackCOMRAM 000053
?i2_t_update                                    cstackCOMRAM 000053
?i2_vfprintf                                    cstackBANK0  0000BF
?i2_windSpeedCalc                               cstackBANK0  000095
EUSART1_Read@readValue                          cstackCOMRAM 000001
EUSART1_SetErrorHandler@interruptHandler        cstackBANK2  000200
EUSART1_SetFramingErrorHandler@interruptHandler cstackBANK2  000200
EUSART1_SetOverrunErrorHandler@interruptHandler cstackBANK2  000200
EUSART1_SetRxInterruptHandler@interruptHandler  cstackBANK2  000200
EUSART1_SetTxInterruptHandler@interruptHandler  cstackBANK2  000200
I2C1_CallbackReturnReset@funPtr                 cstackCOMRAM 00000A
I2C1_Close@returnValue                          cstackBANK2  000200
I2C1_MasterOperation@read                       cstackBANK2  000200
I2C1_MasterOperation@returnValue                cstackBANK2  000201
I2C1_MasterSendTxData@data                      cstackCOMRAM 000001
I2C1_Open@address                               cstackBANK2  000202
I2C1_Open@returnValue                           cstackBANK2  000203
I2C1_Read1ByteRegister@address                  cstackBANK2  00020A
I2C1_Read1ByteRegister@reg                      cstackBANK2  000209
I2C1_Read1ByteRegister@returnValue              cstackBANK2  00020B
I2C1_SetAddressNackCallback@cb                  cstackBANK2  000205
I2C1_SetAddressNackCallback@ptr                 cstackBANK2  000207
I2C1_SetBuffer@buffer                           cstackBANK2  000200
I2C1_SetBuffer@bufferSize                       cstackBANK2  000202
I2C1_SetCallback@cb                             cstackBANK2  000200
I2C1_SetCallback@idx                            cstackBANK2  000204
I2C1_SetCallback@ptr                            cstackBANK2  000202
I2C1_SetDataCompleteCallback@cb                 cstackBANK2  000205
I2C1_SetDataCompleteCallback@ptr                cstackBANK2  000207
I2C1_SetInterruptHandler@InterruptHandler       cstackBANK2  000200
I2C1_Write1ByteRegister@address                 cstackBANK2  00020B
I2C1_Write1ByteRegister@data                    cstackBANK2  00020A
I2C1_Write1ByteRegister@reg                     cstackBANK2  000209
IOCAF0_SetInterruptHandler@InterruptHandler     cstackBANK2  000200
TMR2_SetInterruptHandler@InterruptHandler       cstackBANK2  000200
TMR3_SetInterruptHandler@InterruptHandler       cstackBANK2  000200
TMR3_WriteTimer@timerVal                        cstackCOMRAM 000001
_ANSELA                                         (abs)        000F11
_ANSELB                                         (abs)        000F19
_ANSELC                                         (abs)        000F21
_BAUD1CON                                       (abs)        000F9F
_EUSART1_DefaultErrorHandler                    text165      00C998
_EUSART1_DefaultFramingErrorHandler             text164      00C9F2
_EUSART1_DefaultOverrunErrorHandler             text163      00C992
_EUSART1_ErrorHandler                           nvBANK3      0003F3
_EUSART1_FramingErrorHandler                    nvBANK3      0003F7
_EUSART1_Initialize                             text82       00B1BC
_EUSART1_OverrunErrorHandler                    nvBANK3      0003F5
_EUSART1_Read                                   text167      00BD52
_EUSART1_Receive_ISR                            text160      00AE4C
_EUSART1_RxDataHandler                          text166      00C62A
_EUSART1_RxDefaultInterruptHandler              nvBANK1      0001FA
_EUSART1_SetErrorHandler                        text86       00C8E2
_EUSART1_SetFramingErrorHandler                 text85       00C8D8
_EUSART1_SetOverrunErrorHandler                 text84       00C8CE
_EUSART1_SetRxInterruptHandler                  text92       00C90A
_EUSART1_SetTxInterruptHandler                  text83       00C8C4
_EUSART1_Transmit_ISR                           text206      00C24C
_EUSART1_TxDefaultInterruptHandler              nvBANK1      0001FC
_EUSART1_is_rx_ready                            text162      00C832
_EUSART1_is_tx_ready                            text93       00C822
_I2C1_CallbackReturnReset                       text194      00C9D8
_I2C1_CallbackReturnStop                        text195      00C9DC
_I2C1_Close                                     text70       00C50A
_I2C1_DO_ADDRESS_NACK                           text171      00BBDC
_I2C1_DO_IDLE                                   text185      00C8A2
_I2C1_DO_RCEN                                   text180      00C896
_I2C1_DO_RESET                                  text172      00C88A
_I2C1_DO_RX                                     text181      00B55A
_I2C1_DO_RX_ACK                                 text175      00C93E
_I2C1_DO_RX_NACK_RESTART                        text173      00C92E
_I2C1_DO_RX_NACK_STOP                           text174      00C936
_I2C1_DO_SEND_ADR_READ                          text184      00C852
_I2C1_DO_SEND_ADR_WRITE                         text183      00C842
_I2C1_DO_SEND_RESTART                           text177      00C94E
_I2C1_DO_SEND_RESTART_READ                      text179      00C95E
_I2C1_DO_SEND_RESTART_WRITE                     text178      00C956
_I2C1_DO_SEND_STOP                              text176      00C946
_I2C1_DO_TX                                     text182      00B0A0
_I2C1_DO_TX_EMPTY                               text186      00B8C2
_I2C1_Initialize                                text81       00C7D8
_I2C1_MasterClearIrq                            text73       00C97A
_I2C1_MasterClose                               text72       00C9C0
_I2C1_MasterDisableIrq                          text71       00C974
_I2C1_MasterEnableIrq                           text66       00C96E
_I2C1_MasterEnableRestart                       text205      00C9E4
_I2C1_MasterFsm                                 text169      00B9DA
_I2C1_MasterGetRxData                           text191      00C9D0
_I2C1_MasterIsNack                              text188      00C8AE
_I2C1_MasterIsr                                 text168      00C99E
_I2C1_MasterOpen                                text65       00C760
_I2C1_MasterOperation                           text68       00C1E8
_I2C1_MasterSendAck                             text190      00C9B0
_I2C1_MasterSendNack                            text192      00C9B6
_I2C1_MasterSendTxData                          text189      00C966
_I2C1_MasterSetIrq                              text187      00C9AA
_I2C1_MasterStart                               text69       00C9BC
_I2C1_MasterStartRx                             text193      00C9D4
_I2C1_MasterStop                                text204      00C9E0
_I2C1_MasterWrite                               text67       00C91E
_I2C1_Open                                      text63       00ADAE
_I2C1_Read1ByteRegister                         text49       00B6B6
_I2C1_SetAddressNackCallback                    text61       00C748
_I2C1_SetBuffer                                 text60       00C6E4
_I2C1_SetCallback                               text62       00B5D6
_I2C1_SetDataCompleteCallback                   text59       00C730
_I2C1_SetInterruptHandler                       text64       00C8BA
_I2C1_Status                                    bssBANK1     0001BC
_I2C1_Write1ByteRegister                        text58       00B7FE
_INLVLA                                         (abs)        000F0D
_INLVLB                                         (abs)        000F15
_INLVLC                                         (abs)        000F1D
_INLVLE                                         (abs)        000F2A
_INTCONbits                                     (abs)        000FF2
_INTERRUPT_Initialize                           text80       00C9C4
_INTERRUPT_InterruptManager                     intcode      000008
_IOCAF0_DefaultInterruptHandler                 (abs)        000000
_IOCAF0_InterruptHandler                        nvBANK1      0001FE
_IOCAF0_SetInterruptHandler                     text91       00C900
_IOCAFbits                                      (abs)        000F0A
_IOCANbits                                      (abs)        000F0B
_IOCAPbits                                      (abs)        000F0C
_Interrupt_Handler_Initialize                   text88       00BB36
_LATA                                           (abs)        000F83
_LATAbits                                       (abs)        000F83
_LATB                                           (abs)        000F84
_LATBbits                                       (abs)        000F84
_LATC                                           (abs)        000F85
_LATCbits                                       (abs)        000F85
_MSSP1_InterruptHandler                         bssBANK0     0000F6
_ODCONA                                         (abs)        000F0F
_ODCONB                                         (abs)        000F17
_ODCONBbits                                     (abs)        000F17
_ODCONC                                         (abs)        000F1F
_OSCCON1                                        (abs)        000ED8
_OSCCON3                                        (abs)        000EDA
_OSCEN                                          (abs)        000EDC
_OSCFRQ                                         (abs)        000EDE
_OSCILLATOR_Initialize                          text79       00C778
_OSCTUNE                                        (abs)        000EDD
_PIE3bits                                       (abs)        000EC5
_PIE4bits                                       (abs)        000EC6
_PIN_MANAGER_Initialize                         text78       00B3D8
_PIR3bits                                       (abs)        000ECD
_PIR4bits                                       (abs)        000ECE
_PMD0                                           (abs)        000EE1
_PMD1                                           (abs)        000EE2
_PMD2                                           (abs)        000EE3
_PMD3                                           (abs)        000EE4
_PMD4                                           (abs)        000EE5
_PMD5                                           (abs)        000EE6
_PMD_Initialize                                 text77       00C6AC
_PORTAbits                                      (abs)        000F8D
_PR2                                            (abs)        000FBC
_RC1REG                                         (abs)        000F99
_RC1STA                                         (abs)        000F9D
_RC1STAbits                                     (abs)        000F9D
_RC3PPS                                         (abs)        000EFA
_RC4PPS                                         (abs)        000EFB
_RC6PPS                                         (abs)        000EFD
_RX1PPS                                         (abs)        000EB5
_Read_EUSART1_Buffer                            text87       00C980
_Rx1_ISR                                        text161      00C0DE
_SLRCONA                                        (abs)        000F0E
_SLRCONB                                        (abs)        000F16
_SLRCONC                                        (abs)        000F1E
_SP1BRGH                                        (abs)        000F9C
_SP1BRGL                                        (abs)        000F9B
_SSP1ADD                                        (abs)        000F93
_SSP1BUF                                        (abs)        000F92
_SSP1CLKPPS                                     (abs)        000EB7
_SSP1CON1                                       (abs)        000F96
_SSP1CON1bits                                   (abs)        000F96
_SSP1CON2                                       (abs)        000F97
_SSP1CON2bits                                   (abs)        000F97
_SSP1DATPPS                                     (abs)        000EB8
_SSP1STAT                                       (abs)        000F95
_SSP1STATbits                                   (abs)        000F95
_SYSTEM_Initialize                              text74       00C5C4
_T2CLKCON                                       (abs)        000FBF
_T2CON                                          (abs)        000FBD
_T2CONbits                                      (abs)        000FBD
_T2HLT                                          (abs)        000FBE
_T2HLTbits                                      (abs)        000FBE
_T2PR                                           (abs)        000FBC
_T2RST                                          (abs)        000FC0
_T2RSTbits                                      (abs)        000FC0
_T2TMR                                          (abs)        000FBB
_T3CLK                                          (abs)        000FCC
_T3CON                                          (abs)        000FC9
_T3CONbits                                      (abs)        000FC9
_T3GATE                                         (abs)        000FCB
_T3GCON                                         (abs)        000FCA
_T3GCONbits                                     (abs)        000FCA
_TMR2                                           (abs)        000FBB
_TMR2_DefaultInterruptHandler                   text158      00C9F0
_TMR2_ISR                                       text157      00C5A0
_TMR2_Initialize                                text76       00C30E
_TMR2_InterruptHandler                          nvBANK1      0001F8
_TMR2_SetInterruptHandler                       text90       00C8F6
_TMR3H                                          (abs)        000FC8
_TMR3L                                          (abs)        000FC7
_TMR3_DefaultInterruptHandler                   text96       00C9EA
_TMR3_ISR                                       text95       00C2DE
_TMR3_Initialize                                text75       00BC2C
_TMR3_InterruptHandler                          nvBANK1      0001F6
_TMR3_SetInterruptHandler                       text89       00C8EC
_TMR3_WriteTimer                                text156      00C6C8
_TRISA                                          (abs)        000F88
_TRISB                                          (abs)        000F89
_TRISC                                          (abs)        000F8A
_TX1REG                                         (abs)        000F9A
_TX1STA                                         (abs)        000F9E
_TX1STAbits                                     (abs)        000F9E
_WPUA                                           (abs)        000F10
_WPUB                                           (abs)        000F18
_WPUC                                           (abs)        000F20
_WPUE                                           (abs)        000F2D
__HRAM                                          (abs)        000000
__Habs1                                         abs1         000000
__Hbank0                                        bank0        000000
__Hbank1                                        bank1        000000
__Hbank10                                       bank10       000000
__Hbank11                                       bank11       000000
__Hbank12                                       bank12       000000
__Hbank13                                       bank13       000000
__Hbank14                                       bank14       000000
__Hbank2                                        bank2        000000
__Hbank3                                        bank3        000000
__Hbank4                                        bank4        000000
__Hbank5                                        bank5        000000
__Hbank6                                        bank6        000000
__Hbank7                                        bank7        000000
__Hbank8                                        bank8        000000
__Hbank9                                        bank9        000000
__Hbigbss                                       bigbss       000000
__Hbigdata                                      bigdata      000000
__Hbigram                                       bigram       000000
__Hbigsfr                                       bigsfr       000000
__Hbss                                          bss          000000
__HbssBANK0                                     bssBANK0     000000
__HbssBANK1                                     bssBANK1     000000
__HbssBANK2                                     bssBANK2     000000
__HbssBANK3                                     bssBANK3     000000
__HbssBANK4                                     bssBANK4     000000
__Hcinit                                        cinit        000000
__Hclrtext                                      clrtext      000000
__Hcomram                                       comram       000000
__Hconfig                                       config       30000C
__Hconst                                        const        000000
__HcstackBANK0                                  cstackBANK0  000000
__HcstackBANK1                                  cstackBANK1  000000
__HcstackBANK2                                  cstackBANK2  000000
__HcstackBANK3                                  cstackBANK3  000000
__HcstackCOMRAM                                 cstackCOMRAM 000000
__Hdata                                         data         000000
__Heeprom_data                                  eeprom_data  000000
__Hfarbss                                       farbss       000000
__Hfardata                                      fardata      000000
__Hheap                                         heap         000000
__Hibigdata                                     ibigdata     000000
__Hidata                                        idata        000000
__Hidloc                                        idloc        200010
__Hifardata                                     ifardata     000000
__Hinit                                         init         0000E6
__Hintcode                                      intcode      0000E2
__Hintcode_body                                 intcode_body 000000
__Hintcodelo                                    intcodelo    0000E2
__Hintentry                                     intentry     000000
__Hintret                                       intret       000000
__Hintsave_regs                                 intsave_regs 000000
__Hirdata                                       irdata       000000
__Hmediumconst                                  mediumconst  010000
__HnvBANK0                                      nvBANK0      000000
__HnvBANK1                                      nvBANK1      000000
__HnvBANK3                                      nvBANK3      000000
__HnvFARRAM                                     nvFARRAM     000000
__Hnvbit                                        nvbit        000000
__Hnvrram                                       nvrram       000000
__Hparam                                        rparam       000000
__Hpowerup                                      powerup      0000E2
__Hram                                          ram          000000
__Hramtop                                       ramtop       000F00
__Hrbit                                         rbit         000000
__Hrbss                                         rbss         000000
__Hrdata                                        rdata        000000
__Hreset_vec                                    reset_vec    000004
__Hrparam                                       rparam       000000
__Hsfr                                          sfr          000000
__Hsmallconst                                   smallconst   000000
__Hspace_0                                      (abs)        010000
__Hspace_1                                      (abs)        000450
__Hspace_2                                      (abs)        000000
__Hspace_4                                      (abs)        60000C
__Hstack                                        stack        000000
__Hstruct                                       struct       000000
__Htemp                                         temp         000060
__Htext                                         text         000000
__Htext0                                        text0        000000
__Htext1                                        text1        000000
__Htext10                                       text10       000000
__Htext100                                      text100      000000
__Htext101                                      text101      000000
__Htext102                                      text102      000000
__Htext103                                      text103      000000
__Htext104                                      text104      000000
__Htext105                                      text105      000000
__Htext106                                      text106      000000
__Htext107                                      text107      000000
__Htext108                                      text108      000000
__Htext109                                      text109      000000
__Htext11                                       text11       000000
__Htext110                                      text110      000000
__Htext111                                      text111      000000
__Htext112                                      text112      000000
__Htext113                                      text113      000000
__Htext114                                      text114      000000
__Htext115                                      text115      000000
__Htext116                                      text116      000000
__Htext117                                      text117      000000
__Htext118                                      text118      000000
__Htext119                                      text119      000000
__Htext12                                       text12       000000
__Htext120                                      text120      000000
__Htext121                                      text121      000000
__Htext122                                      text122      000000
__Htext123                                      text123      000000
__Htext124                                      text124      000000
__Htext125                                      text125      000000
__Htext126                                      text126      000000
__Htext127                                      text127      000000
__Htext128                                      text128      000000
__Htext129                                      text129      000000
__Htext13                                       text13       000000
__Htext130                                      text130      000000
__Htext131                                      text131      000000
__Htext132                                      text132      000000
__Htext133                                      text133      000000
__Htext134                                      text134      000000
__Htext135                                      text135      000000
__Htext136                                      text136      000000
__Htext137                                      text137      000000
__Htext138                                      text138      000000
__Htext139                                      text139      000000
__Htext14                                       text14       000000
__Htext140                                      text140      000000
__Htext141                                      text141      000000
__Htext142                                      text142      000000
__Htext143                                      text143      000000
__Htext144                                      text144      000000
__Htext145                                      text145      000000
__Htext146                                      text146      000000
__Htext147                                      text147      000000
__Htext148                                      text148      000000
__Htext149                                      text149      000000
__Htext15                                       text15       000000
__Htext150                                      text150      000000
__Htext151                                      text151      000000
__Htext152                                      text152      000000
__Htext153                                      text153      000000
__Htext154                                      text154      000000
__Htext155                                      text155      000000
__Htext156                                      text156      000000
__Htext157                                      text157      000000
__Htext158                                      text158      000000
__Htext159                                      text159      000000
__Htext16                                       text16       000000
__Htext160                                      text160      000000
__Htext161                                      text161      000000
__Htext162                                      text162      000000
__Htext163                                      text163      000000
__Htext164                                      text164      000000
__Htext165                                      text165      000000
__Htext166                                      text166      000000
__Htext167                                      text167      000000
__Htext168                                      text168      000000
__Htext169                                      text169      000000
__Htext17                                       text17       000000
__Htext170                                      text170      000000
__Htext171                                      text171      000000
__Htext172                                      text172      000000
__Htext173                                      text173      000000
__Htext174                                      text174      000000
__Htext175                                      text175      000000
__Htext176                                      text176      000000
__Htext177                                      text177      000000
__Htext178                                      text178      000000
__Htext179                                      text179      000000
__Htext18                                       text18       000000
__Htext180                                      text180      000000
__Htext181                                      text181      000000
__Htext182                                      text182      000000
__Htext183                                      text183      000000
__Htext184                                      text184      000000
__Htext185                                      text185      000000
__Htext186                                      text186      000000
__Htext187                                      text187      000000
__Htext188                                      text188      000000
__Htext189                                      text189      000000
__Htext19                                       text19       000000
__Htext190                                      text190      000000
__Htext191                                      text191      000000
__Htext192                                      text192      000000
__Htext193                                      text193      000000
__Htext194                                      text194      000000
__Htext195                                      text195      000000
__Htext196                                      text196      000000
__Htext197                                      text197      000000
__Htext198                                      text198      000000
__Htext199                                      text199      000000
__Htext2                                        text2        000000
__Htext20                                       text20       000000
__Htext200                                      text200      000000
__Htext201                                      text201      000000
__Htext202                                      text202      000000
__Htext203                                      text203      000000
__Htext204                                      text204      000000
__Htext205                                      text205      000000
__Htext206                                      text206      000000
__Htext207                                      text207      000000
__Htext21                                       text21       000000
__Htext22                                       text22       000000
__Htext23                                       text23       000000
__Htext24                                       text24       000000
__Htext25                                       text25       000000
__Htext26                                       text26       000000
__Htext27                                       text27       000000
__Htext28                                       text28       000000
__Htext29                                       text29       000000
__Htext3                                        text3        000000
__Htext30                                       text30       000000
__Htext31                                       text31       000000
__Htext32                                       text32       000000
__Htext33                                       text33       000000
__Htext34                                       text34       000000
__Htext35                                       text35       000000
__Htext36                                       text36       000000
__Htext37                                       text37       000000
__Htext38                                       text38       000000
__Htext39                                       text39       000000
__Htext4                                        text4        000000
__Htext40                                       text40       000000
__Htext41                                       text41       000000
__Htext42                                       text42       000000
__Htext43                                       text43       000000
__Htext44                                       text44       000000
__Htext45                                       text45       000000
__Htext46                                       text46       000000
[...]
utoa@fp                                         cstackBANK2  00021B
utoa@i                                          cstackBANK2  000239
utoa@n                                          cstackBANK2  000231
utoa@p                                          cstackBANK2  00022F
utoa@w                                          cstackBANK2  00022D
vfpfcnvrt@ap                                    cstackBANK2  0002AC
vfpfcnvrt@c                                     cstackBANK2  0002BA
vfpfcnvrt@convarg                               cstackBANK2  0002B2
vfpfcnvrt@cp                                    cstackBANK2  0002BB
vfpfcnvrt@fmt                                   cstackBANK2  0002AA
vfpfcnvrt@fp                                    cstackBANK2  0002A8
vfprintf@ap                                     cstackBANK2  0002C1
vfprintf@cfmt                                   cstackBANK2  0002C3
vfprintf@fmt                                    cstackBANK2  0002BF
vfprintf@fp                                     cstackBANK2  0002BD
windSpeedCalc@dw_dt                             cstackBANK2  000298
windSpeedCalc@linearVel                         cstackBANK2  00029C
windSpeedCalc@power                             cstackBANK2  000294
windSpeedCalc@time                              cstackBANK2  000290
wr1RegCompleteHandler@ptr                       cstackCOMRAM 00000A
wr2RegCompleteHandler@ptr                       cstackCOMRAM 00000A
wtemp8                                          temp         000060


MODULE INFORMATION

Module		Function		Class		Link	Load	Size
C:\Program Files\Microchip\xc8\v2.40\pic\sources\c99\common\sprcmul.c
		___flmul       		CODE           	74EE	0000	852

C:\Program Files\Microchip\xc8\v2.40\pic\sources\c99\common\sprcmul.c estimated size: 852

C:\Program Files\Microchip\xc8\v2.40\pic\sources\c99\common\nf_fputc.c
		_fputc         		CODE           	B648	0000	110

C:\Program Files\Microchip\xc8\v2.40\pic\sources\c99\common\nf_fputc.c estimated size: 110

C:\Program Files\Microchip\xc8\v2.40\pic\sources\c99\common\sprcdiv.c
		___fldiv       		CODE           	81AE	0000	650

C:\Program Files\Microchip\xc8\v2.40\pic\sources\c99\common\sprcdiv.c estimated size: 650

mcc_generated_files/examples/i2c1_master_example.c
		_wr1RegCompleteHandler		CODE           	C36A	0000	44
		_wr2RegCompleteHandler		CODE           	C3EE	0000	44
		_I2C1_Write1ByteRegister		CODE           	B7FE	0000	100
		_rdBlkRegCompleteHandler		CODE           	BFB8	0000	64
		_rd1RegCompleteHandler		CODE           	C3C2	0000	44
		_rd2RegCompleteHandler		CODE           	C396	0000	44
		_I2C1_Read1ByteRegister		CODE           	B6B6	0000	110

mcc_generated_files/examples/i2c1_master_example.c estimated size: 450

C:\Program Files\Microchip\xc8\v2.40\pic\sources\c99\common\sqrtf.c
		_sqrtf         		CODE           	70BE	0000	1072

C:\Program Files\Microchip\xc8\v2.40\pic\sources\c99\common\sqrtf.c estimated size: 1072

C:\Program Files\Microchip\xc8\v2.40\pic\sources\c99\common\lwdiv.c
		___lwdiv       		CODE           	BAE2	0000	84

C:\Program Files\Microchip\xc8\v2.40\pic\sources\c99\common\lwdiv.c estimated size: 84

C:\Program Files\Microchip\xc8\v2.40\pic\sources\c99\common\memcpy.c
		_memcpy        		CODE           	BDE0	0000	70

C:\Program Files\Microchip\xc8\v2.40\pic\sources\c99\common\memcpy.c estimated size: 70

C:\Program Files\Microchip\xc8\v2.40\pic\sources\c99\common\fltol.c
		___fltol       		CODE           	AADA	0000	188

C:\Program Files\Microchip\xc8\v2.40\pic\sources\c99\common\fltol.c estimated size: 188

C:\Program Files\Microchip\xc8\v2.40\pic\sources\c99\common\scalbnf.c
		_scalbnf       		CODE           	8D42	0000	496

C:\Program Files\Microchip\xc8\v2.40\pic\sources\c99\common\scalbnf.c estimated size: 496

C:\Program Files\Microchip\xc8\v2.40\pic\sources\c99\common\isspace.c
		_isspace       		CODE           	C180	0000	52

C:\Program Files\Microchip\xc8\v2.40\pic\sources\c99\common\isspace.c estimated size: 52

C:\Program Files\Microchip\xc8\v2.40\pic\sources\c99\common\atoi.c
		_atoi          		CODE           	A21E	0000	282

C:\Program Files\Microchip\xc8\v2.40\pic\sources\c99\common\atoi.c estimated size: 282

mcc_generated_files/i2c1_master.c
		_I2C1_DO_SEND_RESTART		CODE           	C94E	0000	8
		_I2C1_DO_TX_EMPTY		CODE           	B8C2	0000	96
		_I2C1_DO_SEND_RESTART_READ		CODE           	C95E	0000	8
		_I2C1_CallbackReturnStop		CODE           	C9DC	0000	4
		_I2C1_DO_RX    		CODE           	B55A	0000	124
		_I2C1_DO_TX    		CODE           	B0A0	0000	144
		_I2C1_SetAddressNackCallback		CODE           	C748	0000	24
		_I2C1_DO_IDLE  		CODE           	C8A2	0000	12
		_I2C1_MasterOpen		CODE           	C760	0000	24
		_I2C1_DO_RCEN  		CODE           	C896	0000	12
		_I2C1_MasterSendTxData		CODE           	C966	0000	8
		_I2C1_MasterStop		CODE           	C9E0	0000	4
		_I2C1_CallbackReturnReset		CODE           	C9D8	0000	4
		_I2C1_DO_RESET 		CODE           	C88A	0000	12
		_I2C1_MasterStartRx		CODE           	C9D4	0000	4
		_I2C1_DO_RX_ACK		CODE           	C93E	0000	8
		_I2C1_MasterSendNack		CODE           	C9B6	0000	6
		_I2C1_DO_RX_NACK_RESTART		CODE           	C92E	0000	8
		_I2C1_MasterDisableIrq		CODE           	C974	0000	6
		_I2C1_MasterOperation		CODE           	C1E8	0000	50
		_I2C1_SetCallback		CODE           	B5D6	0000	114
		_I2C1_MasterEnableRestart		CODE           	C9E4	0000	4
		_I2C1_Open     		CODE           	ADAE	0000	158
		_I2C1_DO_ADDRESS_NACK		CODE           	BBDC	0000	80
		_I2C1_SetBuffer		CODE           	C6E4	0000	26
		_I2C1_DO_SEND_RESTART_WRITE		CODE           	C956	0000	8
		_I2C1_MasterClose		CODE           	C9C0	0000	4
		_I2C1_MasterWrite		CODE           	C91E	0000	8
		_I2C1_Initialize		CODE           	C7D8	0000	20
		_I2C1_Close    		CODE           	C50A	0000	38
		_I2C1_MasterIsNack		CODE           	C8AE	0000	12
		_I2C1_MasterStart		CODE           	C9BC	0000	4
		_I2C1_DO_SEND_ADR_WRITE		CODE           	C842	0000	16
		_I2C1_MasterClearIrq		CODE           	C97A	0000	6
		_I2C1_SetDataCompleteCallback		CODE           	C730	0000	24
		_I2C1_DO_SEND_STOP		CODE           	C946	0000	8
		_I2C1_MasterSendAck		CODE           	C9B0	0000	6
		_I2C1_MasterFsm		CODE           	B9DA	0000	90
		_I2C1_MasterIsr		CODE           	C99E	0000	6
		_I2C1_MasterGetRxData		CODE           	C9D0	0000	4
		_I2C1_SetInterruptHandler		CODE           	C8BA	0000	10
		_I2C1_MasterSetIrq		CODE           	C9AA	0000	6
		_I2C1_DO_SEND_ADR_READ		CODE           	C852	0000	16
		_I2C1_MasterEnableIrq		CODE           	C96E	0000	6
		_I2C1_DO_RX_NACK_STOP		CODE           	C936	0000	8

mcc_generated_files/i2c1_master.c estimated size: 1248

C:\Program Files\Microchip\xc8\v2.40\pic\sources\c99\common\Umul16.c
		___wmul        		CODE           	C46C	0000	40

C:\Program Files\Microchip\xc8\v2.40\pic\sources\c99\common\Umul16.c estimated size: 40

C:\Program Files\Microchip\xc8\v2.40\pic\sources\c99\common\fleq.c
		___fleq        		CODE           	B130	0000	140

C:\Program Files\Microchip\xc8\v2.40\pic\sources\c99\common\fleq.c estimated size: 140

mcc_generated_files/tmr2.c
		_TMR2_ISR      		CODE           	C5A0	0000	36
		_TMR2_Initialize		CODE           	C30E	0000	46
		_TMR2_SetInterruptHandler		CODE           	C8F6	0000	10
		_TMR2_DefaultInterruptHandler		CODE           	C9F0	0000	2

mcc_generated_files/tmr2.c estimated size: 94

mcc_generated_files/interrupt_manager.c
		_INTERRUPT_Initialize		CODE           	C9C4	0000	4
		_INTERRUPT_InterruptManager		CODE           	0008	0000	218

mcc_generated_files/interrupt_manager.c estimated size: 222

C:\Program Files\Microchip\xc8\v2.40\pic\sources\c99\common\abs.c
		_abs           		CODE           	C14C	0000	52

C:\Program Files\Microchip\xc8\v2.40\pic\sources\c99\common\abs.c estimated size: 52

sensor_controller.c
		_data_transmit 		CODE           	A44E	0000	218
		_sensor_read   		CODE           	B922	0000	94

sensor_controller.c estimated size: 312

C:\Program Files\Microchip\xc8\v2.40\pic\sources\c99\common\printf.c
		_printf        		CODE           	C444	0000	40

C:\Program Files\Microchip\xc8\v2.40\pic\sources\c99\common\printf.c estimated size: 40

C:\Program Files\Microchip\xc8\v2.40\pic\sources\c99\common\__fpclassifyf.c
		___fpclassifyf 		CODE           	A872	0000	206

C:\Program Files\Microchip\xc8\v2.40\pic\sources\c99\common\__fpclassifyf.c estimated size: 206

mcc_generated_files/pin_manager.c
		_PIN_MANAGER_Initialize		CODE           	B3D8	0000	130
		_IOCAF0_SetInterruptHandler		CODE           	C900	0000	10

mcc_generated_files/pin_manager.c estimated size: 140

C:\Program Files\Microchip\xc8\v2.40\pic\sources\c99\common\isdigit.c
		_isdigit       		CODE           	C4E4	0000	38

C:\Program Files\Microchip\xc8\v2.40\pic\sources\c99\common\isdigit.c estimated size: 38

interrupt_handler.c
		_Rx1_ISR       		CODE           	C0DE	0000	56
		_t_update      		CODE           	B356	0000	130
		_Interrupt_Handler_Initialize		CODE           	BB36	0000	84
		_Read_EUSART1_Buffer		CODE           	C980	0000	6
		_internal_clock		CODE           	C68C	0000	32

interrupt_handler.c estimated size: 308

C:\Program Files\Microchip\xc8\v2.40\pic\sources\c99\common\sprcadd.c
		___flsub       		CODE           	BCC2	0000	72
		___fladd       		CODE           	7B94	0000	782

C:\Program Files\Microchip\xc8\v2.40\pic\sources\c99\common\sprcadd.c estimated size: 854

C:\Program Files\Microchip\xc8\v2.40\pic\sources\c99\common\floorf.c
		_floorf        		CODE           	9118	0000	442

C:\Program Files\Microchip\xc8\v2.40\pic\sources\c99\common\floorf.c estimated size: 442

C:\Program Files\Microchip\xc8\v2.40\pic\sources\c99\common\powf.c
		_powf          		CODE           	00E6	0000	10280

C:\Program Files\Microchip\xc8\v2.40\pic\sources\c99\common\powf.c estimated size: 10280

C:\Program Files\Microchip\xc8\v2.40\pic\sources\c99\common\flneg.c
		___flneg       		CODE           	C2AE	0000	48

C:\Program Files\Microchip\xc8\v2.40\pic\sources\c99\common\flneg.c estimated size: 48

C:\Program Files\Microchip\xc8\v2.40\pic\sources\c99\common\fabsf.c
		_fabsf         		CODE           	C116	0000	54

C:\Program Files\Microchip\xc8\v2.40\pic\sources\c99\common\fabsf.c estimated size: 54

C:\Program Files\Microchip\xc8\v2.40\pic\sources\c99\common\labs.c
		_labs          		CODE           	B980	0000	90

C:\Program Files\Microchip\xc8\v2.40\pic\sources\c99\common\labs.c estimated size: 90

C:\Program Files\Microchip\xc8\v2.40\pic\sources\c99\common\xxtofl.c
		___xxtofl      		CODE           	9D50	0000	324

C:\Program Files\Microchip\xc8\v2.40\pic\sources\c99\common\xxtofl.c estimated size: 324

C:\Program Files\Microchip\xc8\v2.40\pic\sources\c99\common\nf_fputs.c
		_fputs         		CODE           	BFF8	0000	60

C:\Program Files\Microchip\xc8\v2.40\pic\sources\c99\common\nf_fputs.c estimated size: 60

C:\Program Files\Microchip\xc8\v2.40\pic\sources\c99\common\lomod.c
		___lomod       		CODE           	AC50	0000	176

C:\Program Files\Microchip\xc8\v2.40\pic\sources\c99\common\lomod.c estimated size: 176

C:\Program Files\Microchip\xc8\v2.40\pic\sources\c99\common\aomod.c
		___aomod       		CODE           	9FD4	0000	294

C:\Program Files\Microchip\xc8\v2.40\pic\sources\c99\common\aomod.c estimated size: 294

shared
		i2_I2C1_MasterDisableIrq		CODE           	C98C	0000	6
		i2_fabsf       		CODE           	C1B4	0000	52
		_L5            		MEDIUMCONST    	0000	0000	0
		_P3            		MEDIUMCONST    	0000	0000	0
		i2_printf      		CODE           	C4BC	0000	40
		i2_I2C1_SetBuffer		CODE           	C6FE	0000	26
		i2_vfpfcnvrt   		CODE           	624C	0000	1316
		_L6            		MEDIUMCONST    	0000	0000	0
		_P4            		MEDIUMCONST    	0000	0000	0
		i2_sqrtf       		CODE           	6C8C	0000	1074
		i2_pad         		CODE           	B45A	0000	130
		i2_atoi        		CODE           	A338	0000	278
		_P5            		MEDIUMCONST    	0000	0000	0
		i2_tempRead    		CODE           	C87E	0000	12
		i2_abs         		CODE           	C21A	0000	50
		i2_floorf      		CODE           	92D2	0000	442
		i2_labs        		CODE           	BA34	0000	88
		i2_putch       		CODE           	C9EC	0000	2
		i2___fleq      		CODE           	B248	0000	138
		i2_isspace     		CODE           	C530	0000	38
		i2_I2C1_MasterOpen		CODE           	C7A8	0000	24
		i2_utoa        		CODE           	97B4	0000	402
		i2_I2C1_MasterOperation		CODE           	C494	0000	40
		i2_I2C1_SetInterruptHandler		CODE           	C914	0000	10
		i2___lwdiv     		CODE           	BB8A	0000	82
		i2_vfprintf    		CODE           	BD0A	0000	72
		i2_isdigit     		CODE           	C9EE	0000	2
		i2_I2C1_SetCallback		CODE           	B724	0000	110
		i2_sensor_read 		CODE           	BA8C	0000	86
		i2_t_update    		CODE           	B4DC	0000	126
		i2___flneg     		CODE           	C33C	0000	46
		_lg2_l         		MEDIUMCONST    	0000	0000	0
		i2_strcpy      		CODE           	C06E	0000	56
		i2___fladd     		CODE           	7EA2	0000	780
		i2_ctoa        		CODE           	B00E	0000	146
		i2_I2C1_MasterEnableIrq		CODE           	C986	0000	6
		i2_I2C1_MasterClose		CODE           	C9CC	0000	4
		i2___wmul      		CODE           	C556	0000	38
		_ivln2_l       		MEDIUMCONST    	0000	0000	0
		i2_scalbnf     		CODE           	8F32	0000	486
		i2_I2C1_MasterWrite		CODE           	C926	0000	8
		i2_dtoa        		CODE           	8B2A	0000	536
		_ivln2         		MEDIUMCONST    	0000	0000	0
		i2___fldiv     		CODE           	8438	0000	650
		i2___fltol     		CODE           	AB96	0000	186
		__initialization		CODE           	BD9A	0000	60
		i2___flge      		CODE           	A7A2	0000	208
		i2___lodiv     		CODE           	A940	0000	206
		_bp            		MEDIUMCONST    	FF13	0000	8
		_cp            		MEDIUMCONST    	0000	0000	0
		_cp_h          		MEDIUMCONST    	0000	0000	0
		_dp_h          		MEDIUMCONST    	FEAB	0000	8
		_tiny@sqrtf$F3506		MEDIUMCONST    	0000	0000	0
		_lg2           		MEDIUMCONST    	0000	0000	0
		main@F10836    		MEDIUMCONST    	FEB3	0000	8
		i2_powf        		CODE           	290E	0000	10188
		i2_data_transmit		CODE           	A528	0000	216
		i2___aodiv     		CODE           	9C08	0000	328
		i2___flmul     		CODE           	7842	0000	850
		_lg2_h         		MEDIUMCONST    	0000	0000	0
		_i2c1_fsmStateTable		MEDIUMCONST    	FE83	0000	32
		_ivln2_h       		MEDIUMCONST    	0000	0000	0
		i2_I2C1_Read1ByteRegister		CODE           	B862	0000	96
		i2_hallRead    		CODE           	C41A	0000	42
		i2_I2C1_MasterStart		CODE           	C9C8	0000	4
		i2___xxtofl    		CODE           	9E94	0000	320
		_tiny          		MEDIUMCONST    	0000	0000	0
		i2___lomod     		CODE           	AD00	0000	174
		i2___fpclassifyf		CODE           	AA0E	0000	204
		i2_hallRecord  		CODE           	BF76	0000	66
		i2___flsub     		CODE           	BE26	0000	70
		i2_nanf        		CODE           	C5E6	0000	34
		_ovt           		MEDIUMCONST    	0000	0000	0
		i2_windSpeedCalc		CODE           	9946	0000	376
		i2_efgtoa      		CODE           	50DA	0000	2234
		_huge          		MEDIUMCONST    	0000	0000	0
		i2_I2C1_MasterClearIrq		CODE           	C9A4	0000	6
		i2___aomod     		CODE           	A0FA	0000	292
		i2_fputc       		CODE           	B792	0000	108
		i2_fputs       		CODE           	C0A6	0000	56
		_two24         		MEDIUMCONST    	0000	0000	0
		i2_I2C1_SetDataCompleteCallback		CODE           	C7C0	0000	24
		i2_I2C1_Open   		CODE           	AF7A	0000	148
		_cp_l          		MEDIUMCONST    	0000	0000	0
		_dp_l          		MEDIUMCONST    	FEA3	0000	8
		i2_memcpy      		CODE           	BE6C	0000	68
		_L1            		MEDIUMCONST    	0000	0000	0
		i2_I2C1_Close  		CODE           	C608	0000	34
		_L2            		MEDIUMCONST    	0000	0000	0
		i2_I2C1_SetAddressNackCallback		CODE           	C790	0000	24
		_L3            		MEDIUMCONST    	0000	0000	0
		_P1            		MEDIUMCONST    	0000	0000	0
		_L4            		MEDIUMCONST    	0000	0000	0
		_P2            		MEDIUMCONST    	0000	0000	0

shared estimated size: 24088

mcc_generated_files/eusart1.c
		_EUSART1_SetRxInterruptHandler		CODE           	C90A	0000	10
		_EUSART1_SetTxInterruptHandler		CODE           	C8C4	0000	10
		_EUSART1_is_rx_ready		CODE           	C832	0000	16
		_EUSART1_is_tx_ready		CODE           	C822	0000	16
		_EUSART1_Initialize		CODE           	B1BC	0000	140
		_EUSART1_DefaultErrorHandler		CODE           	C998	0000	6
		_EUSART1_SetFramingErrorHandler		CODE           	C8D8	0000	10
		_EUSART1_Read  		CODE           	BD52	0000	72
		_EUSART1_SetOverrunErrorHandler		CODE           	C8CE	0000	10
		_EUSART1_SetErrorHandler		CODE           	C8E2	0000	10
		_EUSART1_Receive_ISR		CODE           	AE4C	0000	154
		_EUSART1_RxDataHandler		CODE           	C62A	0000	34
		_EUSART1_DefaultOverrunErrorHandler		CODE           	C992	0000	6
		_EUSART1_Transmit_ISR		CODE           	C24C	0000	50
		_EUSART1_DefaultFramingErrorHandler		CODE           	C9F2	0000	2

mcc_generated_files/eusart1.c estimated size: 546

C:\Program Files\Microchip\xc8\v2.40\pic\sources\c99\common\strcpy.c
		_strcpy        		CODE           	C034	0000	58

C:\Program Files\Microchip\xc8\v2.40\pic\sources\c99\common\strcpy.c estimated size: 58

mcc_generated_files/mcc.c
		_PMD_Initialize		CODE           	C6AC	0000	28
		_OSCILLATOR_Initialize		CODE           	C778	0000	24
		_SYSTEM_Initialize		CODE           	C5C4	0000	34

mcc_generated_files/mcc.c estimated size: 86

C:\Program Files\Microchip\xc8\v2.40\pic\sources\c99\common\flge.c
		___flge        		CODE           	A600	0000	210

C:\Program Files\Microchip\xc8\v2.40\pic\sources\c99\common\flge.c estimated size: 210

mcc_generated_files/tmr3.c
		_TMR3_ISR      		CODE           	C2DE	0000	48
		_TMR3_Initialize		CODE           	BC2C	0000	78
		_TMR3_SetInterruptHandler		CODE           	C8EC	0000	10
		_TMR3_DefaultInterruptHandler		CODE           	C9EA	0000	2
		_TMR3_WriteTimer		CODE           	C6C8	0000	28

mcc_generated_files/tmr3.c estimated size: 166

C:\Program Files\Microchip\xc8\v2.40\pic\sources\c99\common\putch.c
		_putch         		CODE           	C9E8	0000	2

C:\Program Files\Microchip\xc8\v2.40\pic\sources\c99\common\putch.c estimated size: 2

hall_effect.c
		_hallRecord    		CODE           	BEB0	0000	66
		_windSpeedCalc 		CODE           	9622	0000	402
		_hallRead      		CODE           	C27E	0000	48

hall_effect.c estimated size: 516

C:\Program Files\Microchip\xc8\v2.40\pic\sources\c99\common\doprnt.c
		_vfpfcnvrt     		CODE           	6770	0000	1308
		_efgtoa        		CODE           	5994	0000	2232
		_pad           		CODE           	B2D2	0000	132
		_ctoa          		CODE           	AEE6	0000	148
		_dtoa          		CODE           	890E	0000	540
		_vfprintf      		CODE           	BC7A	0000	72
		_utoa          		CODE           	948C	0000	406

C:\Program Files\Microchip\xc8\v2.40\pic\sources\c99\common\doprnt.c estimated size: 4838

motor_control.c
		_umbStow       		CODE           	BEF2	0000	66
		_motorOFF      		CODE           	C7FE	0000	18
		_actionTrigger 		CODE           	C64C	0000	32
		_motorRVR      		CODE           	C7EC	0000	18
		_solTrigger    		CODE           	C718	0000	24
		_motorFWD      		CODE           	C810	0000	18
		_motorController		CODE           	C66C	0000	32
		_motorFaultRead		CODE           	C870	0000	14
		_umbDeploy     		CODE           	BF34	0000	66

motor_control.c estimated size: 288

main.c
		_main          		CODE           	86C2	0000	588

main.c estimated size: 588

temp_sensor.c
		_tempRead      		CODE           	C862	0000	14

temp_sensor.c estimated size: 14

C:\Program Files\Microchip\xc8\v2.40\pic\sources\c99\common\lodiv.c
		___lodiv       		CODE           	A6D2	0000	208

C:\Program Files\Microchip\xc8\v2.40\pic\sources\c99\common\lodiv.c estimated size: 208

C:\Program Files\Microchip\xc8\v2.40\pic\sources\c99\common\aodiv.c
		___aodiv       		CODE           	9ABE	0000	330

C:\Program Files\Microchip\xc8\v2.40\pic\sources\c99\common\aodiv.c estimated size: 330

C:\Program Files\Microchip\xc8\v2.40\pic\sources\c99\common\nanf.c
		_nanf          		CODE           	C57C	0000	36

C:\Program Files\Microchip\xc8\v2.40\pic\sources\c99\common\nanf.c estimated size: 36

